ASxxxx Linker V03.00/V05.40 + sdld,  page 1.
Hexadecimal  [32-Bits]

Area                                    Addr        Size        Decimal Bytes (Attributes)
--------------------------------        ----        ----        ------- ----- ------------
.  .ABS.                            00000000    00000000 =           0. bytes (ABS,CON)

      Value  Global                              Global Defined In Module
      -----  --------------------------------   ------------------------
     00000000  .__.ABS.                           SMSlib_textrenderer
     00000000  _DrawUtils_spritesDrawn         
     00000000  l__BSEG                         
     00000000  l__BSS                          
     00000000  l__CABS                         
     00000000  l__DABS                         
     00000000  l__HEADER                       
     00000000  l__HEAP                         
     00000000  l__HOME                         
     00000000  s__CABS                         
     00000000  s__CABS0                        
     00000000  s__CABS1                        
     00000000  s__CABS2                        
     00000000  s__CABS3                        
     00000000  s__CABS4                        
     00000000  s__DABS                         
     00000000  s__HEADER                       
     00000000  s__HEADER0                      
     00000000  s__HEADER1                      
     00000000  s__HEADER2                      
     00000000  s__HEADER3                      
     00000000  s__HEADER4                      
     00000001  l__GSFINAL                      
     00000003  l__CABS1                        
     00000008  l__HEADER0                      
     00000009  l__HEADER1                      
     0000000F  l__GSINIT                       
     00000010  l__CABS0                        
     00000010  l__CABS2                        
     00000010  l__CABS4                        
     0000001F  l__HEADER2                      
     0000002B  l__CABS3                        
     0000002B  l__HEADER3                      
     000000AA  l__INITIALIZED                  
     000000AA  l__INITIALIZER                  
     00000104  l__HEADER4                      
     00000200  s__CODE                         
     00000478  l__BANK4                        
     000015C4  l__DATA                         
     000021CC  l__BANK3                        
     00003F9C  l__BANK2                        
     000045E6  l__CODE                         
     000047E6  s__HOME                         
     000047E6  s__INITIALIZER                  
     00004890  s__GSINIT                       
     0000489F  s__GSFINAL                      
     00008000  _SMS_SRAM                          SMSlib_textrenderer
     00008000  s__BANK2                        
     00008000  s__BANK3                        
     00008000  s__BANK4                        
ASxxxx Linker V03.00/V05.40 + sdld,  page 2.
Hexadecimal  [32-Bits]

Area                                    Addr        Size        Decimal Bytes (Attributes)
--------------------------------        ----        ----        ------- ----- ------------
.  .ABS.                            00000000    00000000 =           0. bytes (ABS,CON)

      Value  Global                              Global Defined In Module
      -----  --------------------------------   ------------------------
     0000C000  s__DATA                         
     0000D5C4  s__INITIALIZED                  
     0000D66E  s__BSEG                         
     0000D66E  s__BSS                          
     0000D66E  s__HEAP                         
     0000FFFC  _SRAM_bank_to_be_mapped_on_slot2   SMSlib_textrenderer
     0000FFFD  _ROM_bank_to_be_mapped_on_slot0    SMSlib_textrenderer
     0000FFFE  _ROM_bank_to_be_mapped_on_slot1    SMSlib_textrenderer
     0000FFFF  _ROM_bank_to_be_mapped_on_slot2    SMSlib_textrenderer

ASxxxx Linker V03.00/V05.40 + sdld,  page 3.
Hexadecimal  [32-Bits]

Area                                    Addr        Size        Decimal Bytes (Attributes)
--------------------------------        ----        ----        ------- ----- ------------
_CODE                               00000200    000045E6 =       17894. bytes (REL,CON)

      Value  Global                              Global Defined In Module
      -----  --------------------------------   ------------------------
     00000200  _PSGStop                           PSGlib
     00000227  _PSGResume                         PSGlib
     00000273  _PSGPlay                           PSGlib
     0000029E  _PSGPlayLoops                      PSGlib
     000002B5  _PSGCancelLoop                     PSGlib
     000002C0  _PSGPlayNoRepeat                   PSGlib
     000002CE  _PSGGetStatus                      PSGlib
     000002D2  _PSGSilenceChannels                PSGlib
     000002E3  _PSGRestoreVolumes                 PSGlib
     000003BC  _PSGSetMusicVolumeAttenuation      PSGlib
     00000496  _PSGSFXStop                        PSGlib
     00000559  _PSGSFXPlay                        PSGlib
     000005A9  _PSGSFXCancelLoop                  PSGlib
     000005AF  _PSGSFXGetStatus                   PSGlib
     000005B3  _PSGSFXPlayLoop                    PSGlib
     000005CE  _PSGFrame                          PSGlib
     000006F2  _PSGSFXFrame                       PSGlib
     00000778  _commandrunner_rightscroll_templ   commandrunner_rightscroll_te
     00000783  _explosion_template                explosion_template
     0000078E  _impact_template                   impact_template
     00000799  _kunai_template                    kunai_template
     000007A4  _ninja_girl_template               ninja_girl_template
     000007AF  _robotrunner_template              robotrunner_template
     000007BA  _robotspring_template              robotspring_template
     000007C5  _rock_particle_template            rock_particle_template
     000007D0  _walker_big_template               walker_big_template
     000007DB  _walker_small_template             walker_small_template
     000007E6  _walker_template                   walker_template
     000007F1  _PSGUpdate                         main
     000007F7  _main                              main
     000008C1  _breakable_rock_tileset_TilesetF   tileset_functions
     00000994  _scene001_createInfo003            scene001
     0000099A  _scene001_createInfo004            scene001
     000009A0  _scene001_createInfo005            scene001
     000009A6  _scene001_createInfo006            scene001
     000009AC  _scene001_createInfo007            scene001
     000009B2  _scene001_createInfo008            scene001
     000009B8  _setTilesetPropertiesParams        scene001
     000009BD  _scene001                          scene001
     000009BF  _scene002_createInfo0              scene002
     000009C5  _scene002_createInfo1              scene002
     000009CB  _scene002_createInfo2              scene002
     000009D1  _scene002_createInfo3              scene002
     000009D7  _scene002_createInfo4              scene002
     000009DD  _scene002_createInfo5              scene002
     000009E3  _scene002_createInfo6              scene002
     000009E9  _scene002_createInfo7              scene002
     000009EF  _scene002_createInfo8              scene002
     000009F5  _scene002_createInfo9              scene002
     000009FB  _scene002_createInfo10             scene002
ASxxxx Linker V03.00/V05.40 + sdld,  page 4.
Hexadecimal  [32-Bits]

Area                                    Addr        Size        Decimal Bytes (Attributes)
--------------------------------        ----        ----        ------- ----- ------------
_CODE                               00000200    000045E6 =       17894. bytes (REL,CON)

      Value  Global                              Global Defined In Module
      -----  --------------------------------   ------------------------
     00000A01  _scene002_createInfo11             scene002
     00000A07  _scene002_commands                 scene002
     00000A79  _scene002                          scene002
     00000A7B  _explosion_psg                     bank2
     00000A96  _throw_psg                         bank2
     00000AAC  _hit_psg                           bank2
     00000ABD  _background3_tilesetResourceInfo   resource_infos
     00000AC0  _breakable_rock_tilesetResourceI   resource_infos
     00000AC3  _waterfall_tilesetResourceInfo     resource_infos
     00000AC6  _explosionResourceInfo             resource_infos
     00000AC9  _impactResourceInfo                resource_infos
     00000ACC  _kunaiResourceInfo                 resource_infos
     00000ACF  _ninja_girlResourceInfo            resource_infos
     00000AD2  _robotrunnerResourceInfo           resource_infos
     00000AD5  _robotspringResourceInfo           resource_infos
     00000AD8  _rock_particleResourceInfo         resource_infos
     00000ADB  _walkerResourceInfo                resource_infos
     00000ADE  _walker_bigResourceInfo            resource_infos
     00000AE1  _walker_smallResourceInfo          resource_infos
     00000AE4  _waterfallResourceInfo             resource_infos
     00000AE7  _background3_mapResourceInfo       resource_infos
     00000AEA  _waterfall_mapResourceInfo         resource_infos
     00000AED  _BasicEffect_Init                  basic_effect
     00000B0F  _BasicEffect_Update                basic_effect
     00000BC2  _BasicEffect_Draw                  basic_effect
     00000C19  _Bird_Init                         bird
     00000C50  _Bird_Update                       bird
     00000C92  _Bird_Draw                         bird
     00000C94  _CommandRunner_RightScroll_Init    commandrunner_rightscroll
     00000CDF  _CommandRunner_RightScroll_Updat   commandrunner_rightscroll
     00000D28  _CommandRunner_RunAll_Init         commandrunner_runall
     00000D5D  _Enemy_Init                        enemy
     00000D77  _Enemy_Update                      enemy
     00000DA7  _Enemy_Draw                        enemy
     00000DFE  _Enemy_HandleCollision             enemy
     00000E8C  _Kunai_Init                        kunai
     00000EB2  _EraseTiles                        kunai
     00000F58  _Kunai_Update                      kunai
     000012E2  _Kunai_Draw                        kunai
     00001339  _Kunai_HandleCollision             kunai
     000013FA  _OnResourceLoaded                  on_resource_loaded_callback
     0000140D  _ParticleEffect_Init               particle_effect
     00001444  _ParticleEffect_Update             particle_effect
     00001545  _ParticleEffect_Draw               particle_effect
     000015CD  _setPlayerAnimation                player
     000016A5  _setPlayerState                    player
     000016C3  _Player_Init                       player
     00001707  _Player_FireWeapon                 player
     000017C7  _Player_UpdateX                    player
     00001A3F  _Player_UpdateY                    player
     00001C5A  _Player_Update                     player
ASxxxx Linker V03.00/V05.40 + sdld,  page 5.
Hexadecimal  [32-Bits]

Area                                    Addr        Size        Decimal Bytes (Attributes)
--------------------------------        ----        ----        ------- ----- ------------
_CODE                               00000200    000045E6 =       17894. bytes (REL,CON)

      Value  Global                              Global Defined In Module
      -----  --------------------------------   ------------------------
     00001E29  _Player_Draw                       player
     00001E80  _RightScroller_Init                right_scroller
     00001ECB  _RightScroll_Update                right_scroller
     00001FEE  _RightScroll_UpdateVDP             right_scroller
     0000201C  _TileAnimator_Init                 tile_animator
     00002045  _UpdateTiles                       tile_animator
     000020A8  _TileAnimator_Update               tile_animator
     000020C5  _AnimationUtils_updateBatchedAni   animation_utils
     00002112  _AnimationUtils_updateBatchedAni   animation_utils
     0000218C  _AnimationUtils_updateStreamedBa   animation_utils
     000021D9  _AnimationUtils_updatePlaneAnima   animation_utils
     0000221A  _AnimationUtils_updateTileAnimat   animation_utils
     00002259  _AnimationUtils_setBatchedAnimat   animation_utils
     0000229C  _Load_BatchedAnimationResource     animation_utils
     000022C4  _Load_StreamedBatchedAnimationRe   animation_utils
     000022DD  _Load_PlaneAnimationResource       animation_utils
     00002303  _Load_TileAnimationResource        animation_utils
     00002329  _Setup_BatchedAnimationResource    animation_utils
     000023AC  _Setup_PlaneAnimationResource      animation_utils
     00002432  _Setup_TileAnimationResource       animation_utils
     0000247D  _AnimationUtils_UpdateStreamedBa   animation_utils
     000025AE  _DrawUtils_addSprite               draw_utils
     000025D0  _DrawUtils_addTwoAdjoiningSprite   draw_utils
     00002606  _DrawUtils_addThreeAdjoiningSpri   draw_utils
     00002657  _DrawUtils_addFourAdjoiningSprit   draw_utils
     000026BE  _DrawUtils_DrawBatched             draw_utils
     00002741  _DrawUtils_DrawStreamedBatched     draw_utils
     000027D4  _drawToPlane                       draw_utils
     00002A95  _DrawUtils_DrawPlaneAnimationFra   draw_utils
     00002B1F  _Load_MapResource                  map_load
     00002BB5  _Load_TilesetResource              map_load
     00002CA4  _Load_AnimatedTilesetResource      map_load
     00002D5B  _MapManager_SetTilesetProperties   map_manager
     00002DAF  _ObjectManager_Init                object_manager
     00002E28  _ObjectManager_Update              object_manager
     0000307D  _ObjectManager_CreateObject        object_manager
     000030E4  _ApplyGameObjectTemplate           object_manager
     0000315D  _ObjectManager_CreateObjectByTem   object_manager
     0000321C  _FindFreeGameObject                object_manager
     00003291  _ObjectManager_CreateObjectByCre   object_manager
     0000332D  _ObjectManager_DestroyObject       object_manager
     00003344  _ObjectManagerUtils_doProjectCol   object_manager
     000034DF  _ObjectManager_QueueVDPDraw        object_manager
     0000350F  _ObjectManager_VDPDraw             object_manager
     0000355E  _ObjectUtils_gameObjectDoNothing   object_utils
     0000355F  _ObjectUtils_doNothing             object_utils
     00003560  _ObjectUtils_twoGameObjectsDoNot   object_utils
     00003561  _ObjectUtils_drawNothing           object_utils
     00003563  _printResourceTypeName             resource_manager
     00003640  _ResourceManager_Init              resource_manager
     000036A3  _ResourceManager_LoadResource      resource_manager
ASxxxx Linker V03.00/V05.40 + sdld,  page 6.
Hexadecimal  [32-Bits]

Area                                    Addr        Size        Decimal Bytes (Attributes)
--------------------------------        ----        ----        ------- ----- ------------
_CODE                               00000200    000045E6 =       17894. bytes (REL,CON)

      Value  Global                              Global Defined In Module
      -----  --------------------------------   ------------------------
     000037DA  _ResourceManager_SetupResource     resource_manager
     000038E0  _ResourceManager_SetOnResourceLo   resource_manager
     000038E4  _SceneManager_Init                 scene_manager
     000038FF  _ScrollUtils_buildColumn           scroll_utils
     00003F40  _ScrollUtils_InitTilemap           scroll_utils
     00003FAA  _TerrainManager_Init               terrain_manager
     00003FD6  _TerrainManager_UpdateTerrain      terrain_manager
     00004025  _VDPTileManager_Init               vdptile_manager
     00004030  _VDPTileManager_LoadSpriteTiles    vdptile_manager
     00004092  _VDPTileManager_ReserveSpriteTil   vdptile_manager
     000040B6  _VDPTileManager_LoadBackgroundTi   vdptile_manager
     00004101  _SMS_VRAMmemset_f                  SMSlib_VRAMmemset
     0000411D  _SMS_VRAMmemsetW                   SMSlib_VRAMmemset
     00004130  _SMS_init                          SMSlib
     0000415C  _VDPReg_init                       SMSlib
     00004167  _SMS_VDPturnOnFeature              SMSlib
     0000417C  _SMS_VDPturnOffFeature             SMSlib
     00004194  _SMS_setBGScrollX                  SMSlib
     0000419E  _SMS_setBGScrollY                  SMSlib
     000041A8  _SMS_setBackdropColor              SMSlib
     000041B2  _SMS_useFirstHalfTilesforSprites   SMSlib
     000041C8  _SMS_setSpriteMode                 SMSlib
     00004215  _SMS_setBGPaletteColor             SMSlib
     00004222  _SMS_setSpritePaletteColor         SMSlib
     0000422F  _SMS_loadBGPalette                 SMSlib
     00004243  _SMS_loadSpritePalette             SMSlib
     00004257  _SMS_setColor                      SMSlib
     0000425B  _SMS_waitForVBlank                 SMSlib
     00004268  _SMS_getKeysStatus                 SMSlib
     0000426D  _SMS_getKeysPressed                SMSlib
     00004282  _SMS_getKeysHeld                   SMSlib
     00004295  _SMS_getKeysReleased               SMSlib
     000042AE  _SMS_queryPauseRequested           SMSlib
     000042B2  _SMS_resetPauseRequest             SMSlib
     000042B8  _SMS_setFrameInterruptHandler      SMSlib
     000042BC  _SMS_setLineInterruptHandler       SMSlib
     000042C0  _SMS_setLineCounter                SMSlib
     000042CA  _SMS_getVCount                     SMSlib
     000042CD  _SMS_getHCount                     SMSlib
     000042D0  _SMS_isr                           SMSlib
     00004318  _SMS_nmi_isr                       SMSlib
     00004321  _SMS_initSprites                   SMSlib_sprite
     00004327  _SMS_addSprite_f                   SMSlib_sprite
     00004352  _SMS_copySpritestoSAT              SMSlib_sprite
     00004386  __mulint                           
     00004388  __mul16                            
     0000439D  ___sdcc_call_hl                    
     0000439E  _SMS_debugPrintf                   SMSlib_debug
     000043AE  _UNSAFE_SMS_copySpritestoSAT       SMSlib_UNSAFE
     000043F5  _UNSAFE_SMS_VRAMmemcpy32           SMSlib_UNSAFE
     000043FE  _UNSAFE_SMS_VRAMmemcpy64           SMSlib_UNSAFE
ASxxxx Linker V03.00/V05.40 + sdld,  page 7.
Hexadecimal  [32-Bits]

Area                                    Addr        Size        Decimal Bytes (Attributes)
--------------------------------        ----        ----        ------- ----- ------------
_CODE                               00000200    000045E6 =       17894. bytes (REL,CON)

      Value  Global                              Global Defined In Module
      -----  --------------------------------   ------------------------
     00004407  _UNSAFE_SMS_VRAMmemcpy128          SMSlib_UNSAFE
     00004410  _SMS_VRAMmemcpy                    SMSlib_VRAMmemcpy
     00004427  ___sdcc_call_iy                    
     00004429  _SMS_autoSetUpTextRenderer         SMSlib_autotext
     00004458  _devkitSMS_font__tiles__1bpp       SMSlib_autotext
     00004758  _SMS_loadTileMapColumnatAddr       SMSlib_loadTileMapColumn
     00004778  _SMS_load1bppTiles                 SMSlib_load1bppTiles
     000047DA  _SMS_configureTextRenderer         SMSlib_textrenderer
     000047DE  _putchar                           SMSlib_textrenderer

ASxxxx Linker V03.00/V05.40 + sdld,  page 8.
Hexadecimal  [32-Bits]

Area                                    Addr        Size        Decimal Bytes (Attributes)
--------------------------------        ----        ----        ------- ----- ------------
_HEADER0                            00000000    00000008 =           8. bytes (ABS,CON)

      Value  Global                              Global Defined In Module
      -----  --------------------------------   ------------------------
ASxxxx Linker V03.00/V05.40 + sdld,  page 9.
Hexadecimal  [32-Bits]

Area                                    Addr        Size        Decimal Bytes (Attributes)
--------------------------------        ----        ----        ------- ----- ------------
_HEADER1                            00000000    00000009 =           9. bytes (ABS,CON)

      Value  Global                              Global Defined In Module
      -----  --------------------------------   ------------------------
     00000008  _SMS_crt0_RST08                    crt0

ASxxxx Linker V03.00/V05.40 + sdld,  page 10.
Hexadecimal  [32-Bits]

Area                                    Addr        Size        Decimal Bytes (Attributes)
--------------------------------        ----        ----        ------- ----- ------------
_HEADER2                            00000000    0000001F =          31. bytes (ABS,CON)

      Value  Global                              Global Defined In Module
      -----  --------------------------------   ------------------------
     00000018  _SMS_crt0_RST18                    crt0
     0000002F  get_bank                           crt0
     00000033  set_bank                           crt0
ASxxxx Linker V03.00/V05.40 + sdld,  page 11.
Hexadecimal  [32-Bits]

Area                                    Addr        Size        Decimal Bytes (Attributes)
--------------------------------        ----        ----        ------- ----- ------------
_HEADER3                            00000000    0000002B =          43. bytes (ABS,CON)

      Value  Global                              Global Defined In Module
      -----  --------------------------------   ------------------------
ASxxxx Linker V03.00/V05.40 + sdld,  page 12.
Hexadecimal  [32-Bits]

Area                                    Addr        Size        Decimal Bytes (Attributes)
--------------------------------        ----        ----        ------- ----- ------------
_HEADER4                            00000000    00000104 =         260. bytes (ABS,CON)

      Value  Global                              Global Defined In Module
      -----  --------------------------------   ------------------------
     00000069  _OUTI128                           crt0
     000000E9  _OUTI64                            crt0
     00000129  _OUTI32                            crt0
     00000169  _outi_block                        crt0

ASxxxx Linker V03.00/V05.40 + sdld,  page 13.
Hexadecimal  [32-Bits]

Area                                    Addr        Size        Decimal Bytes (Attributes)
--------------------------------        ----        ----        ------- ----- ------------
_INITIALIZER                        000047E6    000000AA =         170. bytes (REL,CON)

      Value  Global                              Global Defined In Module
      -----  --------------------------------   ------------------------
ASxxxx Linker V03.00/V05.40 + sdld,  page 14.
Hexadecimal  [32-Bits]

Area                                    Addr        Size        Decimal Bytes (Attributes)
--------------------------------        ----        ----        ------- ----- ------------
_GSINIT                             00004890    0000000F =          15. bytes (REL,CON)

      Value  Global                              Global Defined In Module
      -----  --------------------------------   ------------------------
     00004890  gsinit                             crt0

ASxxxx Linker V03.00/V05.40 + sdld,  page 15.
Hexadecimal  [32-Bits]

Area                                    Addr        Size        Decimal Bytes (Attributes)
--------------------------------        ----        ----        ------- ----- ------------
_GSFINAL                            0000489F    00000001 =           1. bytes (REL,CON)

      Value  Global                              Global Defined In Module
      -----  --------------------------------   ------------------------
ASxxxx Linker V03.00/V05.40 + sdld,  page 16.
Hexadecimal  [32-Bits]

Area                                    Addr        Size        Decimal Bytes (Attributes)
--------------------------------        ----        ----        ------- ----- ------------
_DATA                               0000C000    000015C4 =        5572. bytes (REL,CON)

      Value  Global                              Global Defined In Module
      -----  --------------------------------   ------------------------
     0000C000  _PSGMusicStatus                    PSGlib
     0000C001  _PSGMusicStart                     PSGlib
     0000C003  _PSGMusicPointer                   PSGlib
     0000C005  _PSGMusicLoopPoint                 PSGlib
     0000C007  _PSGMusicSkipFrames                PSGlib
     0000C008  _PSGLoopFlag                       PSGlib
     0000C009  _PSGLoopCounter                    PSGlib
     0000C00A  _PSGMusicLastLatch                 PSGlib
     0000C00B  _PSGMusicVolumeAttenuation         PSGlib
     0000C00C  _PSGMusicSubstringLen              PSGlib
     0000C00D  _PSGMusicSubstringRetAddr          PSGlib
     0000C00F  _PSGChan0Volume                    PSGlib
     0000C010  _PSGChan1Volume                    PSGlib
     0000C011  _PSGChan2Volume                    PSGlib
     0000C012  _PSGChan3Volume                    PSGlib
     0000C013  _PSGChan2LowTone                   PSGlib
     0000C014  _PSGChan2HighTone                  PSGlib
     0000C015  _PSGChan3LowTone                   PSGlib
     0000C016  _PSGChannel2SFX                    PSGlib
     0000C017  _PSGChannel3SFX                    PSGlib
     0000C018  _PSGSFXChan2Volume                 PSGlib
     0000C019  _PSGSFXChan3Volume                 PSGlib
     0000C01A  _PSGSFXStatus                      PSGlib
     0000C01B  _PSGSFXStart                       PSGlib
     0000C01D  _PSGSFXPointer                     PSGlib
     0000C01F  _PSGSFXLoopPoint                   PSGlib
     0000C021  _PSGSFXSkipFrames                  PSGlib
     0000C022  _PSGSFXLoopFlag                    PSGlib
     0000C023  _PSGSFXSubstringLen                PSGlib
     0000C024  _PSGSFXSubstringRetAddr            PSGlib
     0000C026  _CommandRunner_scrollX             commandrunner_rightscroll
     0000C028  _CommandRunner_currentCommand      commandrunner_rightscroll
     0000C02A  _CommandRunner_counter             commandrunner_rightscroll
     0000C02C  _playerX                           player
     0000C02E  _playerY                           player
     0000C030  _playerSpeedX                      player
     0000C032  _playerSpeedY                      player
     0000C034  _playerState                       player
     0000C035  _isPlayerOnGround                  player
     0000C036  _isPlayerMoving                    player
     0000C037  _isPlayerShooting                  player
     0000C038  _stateChanged                      player
     0000C039  _animationChanged                  player
     0000C03A  _buttonState                       player
     0000C03C  _buttonsPressed                    player
     0000C03E  _buttonsReleased                   player
     0000C040  _columnToUpdate                    right_scroller
     0000C042  _terrainColumnToUpdate             right_scroller
     0000C043  _DrawUtils_spriteCounter           draw_utils
     0000C044  _DrawUtils_currentSpriteStrips     draw_utils
ASxxxx Linker V03.00/V05.40 + sdld,  page 17.
Hexadecimal  [32-Bits]

Area                                    Addr        Size        Decimal Bytes (Attributes)
--------------------------------        ----        ----        ------- ----- ------------
_DATA                               0000C000    000015C4 =        5572. bytes (REL,CON)

      Value  Global                              Global Defined In Module
      -----  --------------------------------   ------------------------
     0000C046  _DrawUtils_vdpTileIndex            draw_utils
     0000C047  _DrawUtils_screenX                 draw_utils
     0000C049  _DrawUtils_screenY                 draw_utils
     0000C04B  _x                                 draw_utils
     0000C04C  _y                                 draw_utils
     0000C04D  _buffer                            draw_utils
     0000C04F  _bufferWidth                       draw_utils
     0000C050  _bufferHeight                      draw_utils
     0000C051  _vdpOffset                         draw_utils
     0000C053  _MapManager_numTilesets            map_manager
     0000C054  _MapManager_metatileLuts           map_manager
     0000C064  _MapManager_metatileLutsData       map_manager
     0000D064  _MapManager_metatileLutsDataSize   map_manager
     0000D066  _MapManager_tilesets               map_manager
     0000D0C6  _MapManager_tilesetVdpLocations    map_manager
     0000D0D6  _MapManager_tilesetFunctions       map_manager
     0000D0E6  _MapManager_tilesetGameObjectTem   map_manager
     0000D0F6  _MapManager_mapWidth               map_manager
     0000D0F8  _MapManager_mapHeight              map_manager
     0000D0FA  _MapManager_mapData                map_manager
     0000D0FC  _MapManager_mapResourceInfo        map_manager
     0000D0FE  _ObjectManager_player              object_manager
     0000D120  _ObjectManager_projectileSlots     object_manager
     0000D186  _ObjectManager_enemySlots          object_manager
     0000D296  _ObjectManager_effectSlots         object_manager
     0000D3A6  _ObjectManager_numEffects          object_manager
     0000D3A7  _ObjectManager_activeProjectiles   object_manager
     0000D3AD  _ObjectManager_activeProjectiles   object_manager
     0000D3AE  _ObjectManager_currentEnemyIndex   object_manager
     0000D3AF  _ObjectManager_vdpDrawGameObject   object_manager
     0000D3BF  _ObjectManager_vdpDrawFunctions    object_manager
     0000D3CF  _ObjectManager_numVdpDrawItems     object_manager
     0000D3D0  _ResourceManager_loadFunctions     resource_manager
     0000D3DE  _ResourceManager_setupFunctions    resource_manager
     0000D3EC  _ScrollManager_horizontalScrollL   scroll_manager
     0000D3EE  _ScrollManager_columnBuffer        scroll_manager
     0000D41E  _ScrollUtils_mapColumnToBuild      scroll_utils
     0000D420  _TerrainManager_terrain            terrain_manager
     0000D4E0  _VDPTileManager_spriteTileLocati   vdptile_manager
     0000D4E2  _VDPTileManager_backgroundTileLo   vdptile_manager
     0000D4E4  _explosionVdpLocation              explosion
     0000D4E5  _impactVdpLocation                 impact
     0000D4E6  _kunaiVdpLocation                  kunai
     0000D4E7  _ninja_girlVdpLocation             ninja_girl
     0000D4E8  _robotrunnerVdpLocation            robotrunner
     0000D4E9  _robotspringVdpLocation            robotspring
     0000D4EA  _rock_particleVdpLocation          rock_particle
     0000D4EB  _walkerVdpLocation                 walker
     0000D4EC  _walker_bigVdpLocation             walker_big
     0000D4ED  _walker_smallVdpLocation           walker_small
     0000D4EE  _waterfallVdpLocation              waterfall
ASxxxx Linker V03.00/V05.40 + sdld,  page 18.
Hexadecimal  [32-Bits]

Area                                    Addr        Size        Decimal Bytes (Attributes)
--------------------------------        ----        ----        ------- ----- ------------
_DATA                               0000C000    000015C4 =        5572. bytes (REL,CON)

      Value  Global                              Global Defined In Module
      -----  --------------------------------   ------------------------
     0000D4EF  _background3_tilesetVdpLocation    background3_tileset
     0000D4F1  _breakable_rock_tilesetVdpLocati   breakable_rock_tileset
     0000D4F3  _waterfall_tilesetVdpLocation      waterfall_tileset
     0000D4F5  _VDPBlank                          SMSlib
     0000D4F6  _SMS_VDPFlags                      SMSlib
     0000D4F7  _PauseRequested                    SMSlib
     0000D4F8  _SMS_Port3EBIOSvalue               SMSlib
     0000D4F9  _SMS_theFrameInterruptHandler      SMSlib
     0000D4FB  _KeysStatus                        SMSlib
     0000D4FD  _PreviousKeysStatus                SMSlib
     0000D4FF  _SMS_theLineInterruptHandler       SMSlib
     0000D501  _SpriteTableY                      SMSlib_sprite
     0000D541  _SpriteTableXN                     SMSlib_sprite
     0000D5C1  _SpriteNextFree                    SMSlib_sprite
     0000D5C2  _SMS_TextRenderer_offset           SMSlib_textrenderer

ASxxxx Linker V03.00/V05.40 + sdld,  page 19.
Hexadecimal  [32-Bits]

Area                                    Addr        Size        Decimal Bytes (Attributes)
--------------------------------        ----        ----        ------- ----- ------------
_INITIALIZED                        0000D5C4    000000AA =         170. bytes (REL,CON)

      Value  Global                              Global Defined In Module
      -----  --------------------------------   ------------------------
     0000D5C4  _globalPalette                     global_palette
     0000D5D4  _scene001_commands                 scene001
     0000D64C  _CommandManager_Update             command_manager
     0000D64E  _drawSprite                        draw_utils
     0000D658  _projectileFlicker                 object_manager
     0000D659  _ResourceManager_onResourceLoade   resource_manager
     0000D65B  _ScrollManager_Update              scroll_manager
     0000D65D  _ScrollManager_UpdateVDP           scroll_manager
     0000D65F  _ScrollManager_speedX              scroll_manager
     0000D660  _ScrollManager_speedY              scroll_manager
     0000D661  _ScrollManager_horizontalScroll    scroll_manager
     0000D663  _ScrollManager_vdpHorizontalScro   scroll_manager
     0000D664  _ScrollManager_updateMapVDP        scroll_manager
     0000D665  _background3_tilesetResourceInfo   background3
     0000D667  _waterfall_tilesetResourceInfos    waterfall
     0000D669  _VDPReg                            SMSlib
     0000D66B  _spritesHeight                     SMSlib
     0000D66C  _spritesWidth                      SMSlib
     0000D66D  _spritesTileOffset                 SMSlib

ASxxxx Linker V03.00/V05.40 + sdld,  page 20.
Hexadecimal  [32-Bits]

Area                                    Addr        Size        Decimal Bytes (Attributes)
--------------------------------        ----        ----        ------- ----- ------------
_CABS0                              00000000    00000010 =          16. bytes (ABS,CON)

      Value  Global                              Global Defined In Module
      -----  --------------------------------   ------------------------
     00007FF0  ___SMS__SEGA_signature             main

ASxxxx Linker V03.00/V05.40 + sdld,  page 21.
Hexadecimal  [32-Bits]

Area                                    Addr        Size        Decimal Bytes (Attributes)
--------------------------------        ----        ----        ------- ----- ------------
_CABS1                              00000000    00000003 =           3. bytes (ABS,CON)

      Value  Global                              Global Defined In Module
      -----  --------------------------------   ------------------------
     00007FDD  ___SMS__SDSC_author                main

ASxxxx Linker V03.00/V05.40 + sdld,  page 22.
Hexadecimal  [32-Bits]

Area                                    Addr        Size        Decimal Bytes (Attributes)
--------------------------------        ----        ----        ------- ----- ------------
_CABS2                              00000000    00000010 =          16. bytes (ABS,CON)

      Value  Global                              Global Defined In Module
      -----  --------------------------------   ------------------------
     00007FCD  ___SMS__SDSC_name                  main

ASxxxx Linker V03.00/V05.40 + sdld,  page 23.
Hexadecimal  [32-Bits]

Area                                    Addr        Size        Decimal Bytes (Attributes)
--------------------------------        ----        ----        ------- ----- ------------
_CABS3                              00000000    0000002B =          43. bytes (ABS,CON)

      Value  Global                              Global Defined In Module
      -----  --------------------------------   ------------------------
     00007FA2  ___SMS__SDSC_descr                 main

ASxxxx Linker V03.00/V05.40 + sdld,  page 24.
Hexadecimal  [32-Bits]

Area                                    Addr        Size        Decimal Bytes (Attributes)
--------------------------------        ----        ----        ------- ----- ------------
_CABS4                              00000000    00000010 =          16. bytes (ABS,CON)

      Value  Global                              Global Defined In Module
      -----  --------------------------------   ------------------------
     00007FE0  ___SMS__SDSC_signature             main

ASxxxx Linker V03.00/V05.40 + sdld,  page 25.
Hexadecimal  [32-Bits]

Area                                    Addr        Size        Decimal Bytes (Attributes)
--------------------------------        ----        ----        ------- ----- ------------
_BANK2                              00008000    00003F9C =       16284. bytes (REL,CON)

      Value  Global                              Global Defined In Module
      -----  --------------------------------   ------------------------
     00008000  _explosionTileData                 explosion
     00008480  _explosionFrame0SpriteStrips       explosion
     00008488  _explosionFrame1SpriteStrips       explosion
     00008494  _explosionFrame2SpriteStrips       explosion
     000084A0  _explosionFrame0                   explosion
     000084A5  _explosionFrame1                   explosion
     000084AA  _explosionFrame2                   explosion
     000084AF  _explosionFrames                   explosion
     000084B5  _explosion                         explosion
     000084C1  _impactTileData                    impact
     000085C1  _impactFrame0SpriteStrips          impact
     000085C9  _impactFrame1SpriteStrips          impact
     000085D1  _impactFrame0                      impact
     000085D6  _impactFrame1                      impact
     000085DB  _impactFrames                      impact
     000085DF  _impact                            impact
     000085EB  _kunaiTileData                     kunai
     0000886B  _kunaiFrame0SpriteStrips           kunai
     00008873  _kunaiFrame1SpriteStrips           kunai
     0000887B  _kunaiFrame2SpriteStrips           kunai
     00008883  _kunaiFrame3SpriteStrips           kunai
     0000888B  _kunaiFrame4SpriteStrips           kunai
     00008893  _kunaiFrame5SpriteStrips           kunai
     0000889B  _kunaiFrame6SpriteStrips           kunai
     000088A3  _kunaiFrame7SpriteStrips           kunai
     000088AB  _kunaiFrame0                       kunai
     000088B0  _kunaiFrame1                       kunai
     000088B5  _kunaiFrame2                       kunai
     000088BA  _kunaiFrame3                       kunai
     000088BF  _kunaiFrame4                       kunai
     000088C4  _kunaiFrame5                       kunai
     000088C9  _kunaiFrame6                       kunai
     000088CE  _kunaiFrame7                       kunai
     000088D3  _kunaiFrames                       kunai
     000088E3  _kunai                             kunai
     000088EF  _ninja_girlTileData                ninja_girl
     0000A96F  _ninja_girlFrame0SpriteStrips      ninja_girl
     0000A97B  _ninja_girlFrame1SpriteStrips      ninja_girl
     0000A987  _ninja_girlFrame2SpriteStrips      ninja_girl
     0000A993  _ninja_girlFrame3SpriteStrips      ninja_girl
     0000A99F  _ninja_girlFrame4SpriteStrips      ninja_girl
     0000A9AB  _ninja_girlFrame5SpriteStrips      ninja_girl
     0000A9B7  _ninja_girlFrame6SpriteStrips      ninja_girl
     0000A9C3  _ninja_girlFrame7SpriteStrips      ninja_girl
     0000A9CF  _ninja_girlFrame8SpriteStrips      ninja_girl
     0000A9DB  _ninja_girlFrame9SpriteStrips      ninja_girl
     0000A9E7  _ninja_girlFrame10SpriteStrips     ninja_girl
     0000A9F3  _ninja_girlFrame11SpriteStrips     ninja_girl
     0000A9FF  _ninja_girlFrame12SpriteStrips     ninja_girl
     0000AA0B  _ninja_girlFrame13SpriteStrips     ninja_girl
ASxxxx Linker V03.00/V05.40 + sdld,  page 26.
Hexadecimal  [32-Bits]

Area                                    Addr        Size        Decimal Bytes (Attributes)
--------------------------------        ----        ----        ------- ----- ------------
_BANK2                              00008000    00003F9C =       16284. bytes (REL,CON)

      Value  Global                              Global Defined In Module
      -----  --------------------------------   ------------------------
     0000AA17  _ninja_girlFrame14SpriteStrips     ninja_girl
     0000AA23  _ninja_girlFrame15SpriteStrips     ninja_girl
     0000AA2F  _ninja_girlFrame16SpriteStrips     ninja_girl
     0000AA3B  _ninja_girlFrame17SpriteStrips     ninja_girl
     0000AA47  _ninja_girlFrame18SpriteStrips     ninja_girl
     0000AA53  _ninja_girlFrame19SpriteStrips     ninja_girl
     0000AA5F  _ninja_girlFrame20SpriteStrips     ninja_girl
     0000AA6B  _ninja_girlFrame21SpriteStrips     ninja_girl
     0000AA77  _ninja_girlFrame0                  ninja_girl
     0000AA7C  _ninja_girlFrame1                  ninja_girl
     0000AA81  _ninja_girlFrame2                  ninja_girl
     0000AA86  _ninja_girlFrame3                  ninja_girl
     0000AA8B  _ninja_girlFrame4                  ninja_girl
     0000AA90  _ninja_girlFrame5                  ninja_girl
     0000AA95  _ninja_girlFrame6                  ninja_girl
     0000AA9A  _ninja_girlFrame7                  ninja_girl
     0000AA9F  _ninja_girlFrame8                  ninja_girl
     0000AAA4  _ninja_girlFrame9                  ninja_girl
     0000AAA9  _ninja_girlFrame10                 ninja_girl
     0000AAAE  _ninja_girlFrame11                 ninja_girl
     0000AAB3  _ninja_girlFrame12                 ninja_girl
     0000AAB8  _ninja_girlFrame13                 ninja_girl
     0000AABD  _ninja_girlFrame14                 ninja_girl
     0000AAC2  _ninja_girlFrame15                 ninja_girl
     0000AAC7  _ninja_girlFrame16                 ninja_girl
     0000AACC  _ninja_girlFrame17                 ninja_girl
     0000AAD1  _ninja_girlFrame18                 ninja_girl
     0000AAD6  _ninja_girlFrame19                 ninja_girl
     0000AADB  _ninja_girlFrame20                 ninja_girl
     0000AAE0  _ninja_girlFrame21                 ninja_girl
     0000AAE5  _ninja_girlFrames                  ninja_girl
     0000AB11  _ninja_girl                        ninja_girl
     0000AB1D  _robotrunnerTileData               robotrunner
     0000AF1D  _robotrunnerFrame0SpriteStrips     robotrunner
     0000AF29  _robotrunnerFrame1SpriteStrips     robotrunner
     0000AF35  _robotrunnerFrame2SpriteStrips     robotrunner
     0000AF41  _robotrunnerFrame3SpriteStrips     robotrunner
     0000AF4D  _robotrunnerFrame0                 robotrunner
     0000AF52  _robotrunnerFrame1                 robotrunner
     0000AF57  _robotrunnerFrame2                 robotrunner
     0000AF5C  _robotrunnerFrame3                 robotrunner
     0000AF61  _robotrunnerFrames                 robotrunner
     0000AF69  _robotrunner                       robotrunner
     0000AF75  _robotspringTileData               robotspring
     0000B175  _robotspringFrame0SpriteStrips     robotspring
     0000B181  _robotspringFrame1SpriteStrips     robotspring
     0000B18D  _robotspringFrame2SpriteStrips     robotspring
     0000B199  _robotspringFrame0                 robotspring
     0000B19E  _robotspringFrame1                 robotspring
     0000B1A3  _robotspringFrame2                 robotspring
     0000B1A8  _robotspringFrames                 robotspring
ASxxxx Linker V03.00/V05.40 + sdld,  page 27.
Hexadecimal  [32-Bits]

Area                                    Addr        Size        Decimal Bytes (Attributes)
--------------------------------        ----        ----        ------- ----- ------------
_BANK2                              00008000    00003F9C =       16284. bytes (REL,CON)

      Value  Global                              Global Defined In Module
      -----  --------------------------------   ------------------------
     0000B1AE  _robotspring                       robotspring
     0000B1BA  _rock_particleTileData             rock_particle
     0000B2BA  _rock_particleFrame0SpriteStrips   rock_particle
     0000B2C2  _rock_particleFrame1SpriteStrips   rock_particle
     0000B2CA  _rock_particleFrame2SpriteStrips   rock_particle
     0000B2D2  _rock_particleFrame3SpriteStrips   rock_particle
     0000B2DA  _rock_particleFrame0               rock_particle
     0000B2DF  _rock_particleFrame1               rock_particle
     0000B2E4  _rock_particleFrame2               rock_particle
     0000B2E9  _rock_particleFrame3               rock_particle
     0000B2EE  _rock_particleFrames               rock_particle
     0000B2F6  _rock_particle                     rock_particle
     0000B302  _walkerTileData                    walker
     0000B402  _walkerFrame0SpriteStrips          walker
     0000B40A  _walkerFrame1SpriteStrips          walker
     0000B412  _walkerFrame0                      walker
     0000B417  _walkerFrame1                      walker
     0000B41C  _walkerFrames                      walker
     0000B420  _walker                            walker
     0000B42C  _walker_bigTileData                walker_big
     0000BC2C  _walker_bigFrame0SpriteStrips      walker_big
     0000BC38  _walker_bigFrame1SpriteStrips      walker_big
     0000BC44  _walker_bigFrame2SpriteStrips      walker_big
     0000BC50  _walker_bigFrame3SpriteStrips      walker_big
     0000BC5C  _walker_bigFrame4SpriteStrips      walker_big
     0000BC68  _walker_bigFrame5SpriteStrips      walker_big
     0000BC74  _walker_bigFrame6SpriteStrips      walker_big
     0000BC80  _walker_bigFrame7SpriteStrips      walker_big
     0000BC8C  _walker_bigFrame0                  walker_big
     0000BC91  _walker_bigFrame1                  walker_big
     0000BC96  _walker_bigFrame2                  walker_big
     0000BC9B  _walker_bigFrame3                  walker_big
     0000BCA0  _walker_bigFrame4                  walker_big
     0000BCA5  _walker_bigFrame5                  walker_big
     0000BCAA  _walker_bigFrame6                  walker_big
     0000BCAF  _walker_bigFrame7                  walker_big
     0000BCB4  _walker_bigFrames                  walker_big
     0000BCC4  _walker_big                        walker_big
     0000BCD0  _walker_smallTileData              walker_small
     0000BD50  _walker_smallFrame0SpriteStrips    walker_small
     0000BD58  _walker_smallFrame1SpriteStrips    walker_small
     0000BD60  _walker_smallFrame0                walker_small
     0000BD65  _walker_smallFrame1                walker_small
     0000BD6A  _walker_smallFrames                walker_small
     0000BD6E  _walker_small                      walker_small
     0000BD7A  _waterfallTileData                 waterfall
     0000BF7A  _waterfallFrame0                   waterfall
     0000BF7E  _waterfallFrame1                   waterfall
     0000BF82  _waterfallFrame2                   waterfall
     0000BF86  _waterfallFrame3                   waterfall
     0000BF8A  _waterfallFrames                   waterfall
ASxxxx Linker V03.00/V05.40 + sdld,  page 28.
Hexadecimal  [32-Bits]

Area                                    Addr        Size        Decimal Bytes (Attributes)
--------------------------------        ----        ----        ------- ----- ------------
_BANK2                              00008000    00003F9C =       16284. bytes (REL,CON)

      Value  Global                              Global Defined In Module
      -----  --------------------------------   ------------------------
     0000BF92  _waterfall                         waterfall
ASxxxx Linker V03.00/V05.40 + sdld,  page 29.
Hexadecimal  [32-Bits]

Area                                    Addr        Size        Decimal Bytes (Attributes)
--------------------------------        ----        ----        ------- ----- ------------
_BANK3                              00008000    000021CC =        8652. bytes (REL,CON)

      Value  Global                              Global Defined In Module
      -----  --------------------------------   ------------------------
     00008000  _background3_tileset_metatiles     background3_tileset
     00008410  _background3_tileset_tiles         background3_tileset
     0000A090  _background3_tileset               background3_tileset
     0000A09C  _breakable_rock_tileset_metatile   breakable_rock_tileset
     0000A0A4  _breakable_rock_tileset_tiles      breakable_rock_tileset
     0000A124  _breakable_rock_tileset            breakable_rock_tileset
     0000A130  _waterfall_tileset_metatiles       waterfall_tileset
     0000A140  _waterfall_tileset_tiles           waterfall_tileset
     0000A1C0  _waterfall_tileset                 waterfall_tileset
ASxxxx Linker V03.00/V05.40 + sdld,  page 30.
Hexadecimal  [32-Bits]

Area                                    Addr        Size        Decimal Bytes (Attributes)
--------------------------------        ----        ----        ------- ----- ------------
_BANK4                              00008000    00000478 =        1144. bytes (REL,CON)

      Value  Global                              Global Defined In Module
      -----  --------------------------------   ------------------------
     00008000  _background3_metatile_map          background3
     00008460  _background3_map                   background3
     0000846A  _waterfall_metatile_map            waterfall
     0000846E  _waterfall_map                     waterfall

ASxxxx Linker V03.00/V05.40 + sdld,  page 31.

Files Linked                              [ module(s) ]

..\..\..\devkitSMS-master\/crt0/crt0_sms.rel
                                          [ crt0 ]
..\..\..\devkitSMS-master\/PSGlib//PSGlib.rel
                                          [ PSGlib ]
out\source\client\generated\gameobjecttemplates\commandrunner_rightscroll_template.rel
                                          [ commandrunner_rightscroll_templa ]
out\source\client\generated\gameobjecttemplates\explosion_template.rel
                                          [ explosion_template ]
out\source\client\generated\gameobjecttemplates\impact_template.rel
                                          [ impact_template ]
out\source\client\generated\gameobjecttemplates\kunai_template.rel
                                          [ kunai_template ]
out\source\client\generated\gameobjecttemplates\ninja_girl_template.rel
                                          [ ninja_girl_template ]
out\source\client\generated\gameobjecttemplates\robotrunner_template.rel
                                          [ robotrunner_template ]
out\source\client\generated\gameobjecttemplates\robotspring_template.rel
                                          [ robotspring_template ]
out\source\client\generated\gameobjecttemplates\rock_particle_template.rel
                                          [ rock_particle_template ]
out\source\client\generated\gameobjecttemplates\walker_big_template.rel
                                          [ walker_big_template ]
out\source\client\generated\gameobjecttemplates\walker_small_template.rel
                                          [ walker_small_template ]
out\source\client\generated\gameobjecttemplates\walker_template.rel
                                          [ walker_template ]
out\source\client\main.rel                [ main ]
out\source\client\tileset_functions.rel   [ tileset_functions ]
out\source\client\exported\global_palette.rel
                                          [ global_palette ]
out\source\client\exported\scene001.rel   [ scene001 ]
out\source\client\exported\scene002.rel   [ scene002 ]
out\source\client\generated\bank2.rel     [ bank2 ]
out\source\client\generated\resource_infos.rel
                                          [ resource_infos ]
out\source\client\objects\basic_effect.rel
                                          [ basic_effect ]
out\source\client\objects\bird.rel        [ bird ]
out\source\client\objects\commandrunner_rightscroll.rel
                                          [ commandrunner_rightscroll ]
out\source\client\objects\commandrunner_runall.rel
                                          [ commandrunner_runall ]
out\source\client\objects\enemy.rel       [ enemy ]
out\source\client\objects\kunai.rel       [ kunai ]
out\source\client\objects\on_resource_loaded_callback.rel
                                          [ on_resource_loaded_callback ]
out\source\client\objects\particle_effect.rel
                                          [ particle_effect ]
out\source\client\objects\player.rel      [ player ]
out\source\client\objects\right_scroller.rel
                                          [ right_scroller ]
out\source\client\objects\tile_animator.rel
                                          [ tile_animator ]
out\source\engine\animation_utils.rel     [ animation_utils ]
out\source\engine\command_manager.rel     [ command_manager ]
out\source\engine\command_types.rel       [ command_types ]
out\source\engine\draw_utils.rel          [ draw_utils ]
out\source\engine\map_load.rel            [ map_load ]
out\source\engine\map_manager.rel         [ map_manager ]
out\source\engine\map_types.rel           [ map_types ]
out\source\engine\object_manager.rel      [ object_manager ]
out\source\engine\object_utils.rel        [ object_utils ]
out\source\engine\resource_manager.rel    [ resource_manager ]
out\source\engine\scene_manager.rel       [ scene_manager ]
out\source\engine\scroll_manager.rel      [ scroll_manager ]
out\source\engine\scroll_utils.rel        [ scroll_utils ]
out\source\engine\terrain_manager.rel     [ terrain_manager ]
out\source\engine\vdptile_manager.rel     [ vdptile_manager ]
out\source\client\exported\animations\explosion.rel
                                          [ explosion ]
out\source\client\exported\animations\impact.rel
                                          [ impact ]
out\source\client\exported\animations\kunai.rel
                                          [ kunai ]
out\source\client\exported\animations\ninja_girl.rel
                                          [ ninja_girl ]
out\source\client\exported\animations\robotrunner.rel
                                          [ robotrunner ]
out\source\client\exported\animations\robotspring.rel
                                          [ robotspring ]
out\source\client\exported\animations\rock_particle.rel
                                          [ rock_particle ]
out\source\client\exported\animations\walker.rel
                                          [ walker ]
out\source\client\exported\animations\walker_big.rel
                                          [ walker_big ]
out\source\client\exported\animations\walker_small.rel
                                          [ walker_small ]
out\source\client\exported\animations\waterfall.rel
                                          [ waterfall ]
out\source\client\generated\tilesets\background3_tileset.rel
                                          [ background3_tileset ]
out\source\client\generated\tilesets\breakable_rock_tileset.rel
                                          [ breakable_rock_tileset ]
out\source\client\generated\tilesets\waterfall_tileset.rel
                                          [ waterfall_tileset ]
out\source\client\exported\maps\background3.rel
                                          [ background3 ]
out\source\client\exported\maps\waterfall.rel
                                          [ waterfall ]


Libraries Linked                          [ object file ]

..\..\..\devkitSMS-master\/SMSlib/SMSlib.lib
                                          [ SMSlib_VRAMmemset.rel ]
..\..\..\devkitSMS-master\/SMSlib/SMSlib.lib
                                          [ SMSlib.rel ]
..\..\..\devkitSMS-master\/SMSlib/SMSlib.lib
                                          [ SMSlib_sprite.rel ]
C:\Program Files\SDCC\bin\..\lib\z80/z80.lib
                                          [ mul.rel ]
C:\Program Files\SDCC\bin\..\lib\z80/z80.lib
                                          [ __sdcc_call_hl.rel ]
..\..\..\devkitSMS-master\/SMSlib/SMSlib.lib
                                          [ SMSlib_debug.rel ]
..\..\..\devkitSMS-master\/SMSlib/SMSlib.lib
                                          [ SMSlib_UNSAFE.rel ]
..\..\..\devkitSMS-master\/SMSlib/SMSlib.lib
                                          [ SMSlib_VRAMmemcpy.rel ]
C:\Program Files\SDCC\bin\..\lib\z80/z80.lib
                                          [ __sdcc_call_iy.rel ]
..\..\..\devkitSMS-master\/SMSlib/SMSlib.lib
                                          [ SMSlib_autotext.rel ]
..\..\..\devkitSMS-master\/SMSlib/SMSlib.lib
                                          [ SMSlib_loadTileMapColumn.rel ]
..\..\..\devkitSMS-master\/SMSlib/SMSlib.lib
                                          [ SMSlib_load1bppTiles.rel ]
..\..\..\devkitSMS-master\/SMSlib/SMSlib.lib
                                          [ SMSlib_textrenderer.rel ]

ASxxxx Linker V03.00/V05.40 + sdld,  page 32.

User Base Address Definitions

_CODE = 0x0200
_DATA = 0xc000
_BANK3=0x8000
_BANK2=0x8000
_BANK4=0x8000


?ASlink-Warning-Undefined Global '_DrawUtils_spritesDrawn' referenced by module 'object_manager'
