ASxxxx Linker V03.00/V05.40 + sdld,  page 1.
Hexadecimal  [32-Bits]

Area                                    Addr        Size        Decimal Bytes (Attributes)
--------------------------------        ----        ----        ------- ----- ------------
.  .ABS.                            00000000    00000000 =           0. bytes (ABS,CON)

      Value  Global                              Global Defined In Module
      -----  --------------------------------   ------------------------
     00000000  .__.ABS.                           SMSlib_textrenderer
     00000000  l__BSEG                         
     00000000  l__BSS                          
     00000000  l__CABS                         
     00000000  l__DABS                         
     00000000  l__HEADER                       
     00000000  l__HEAP                         
     00000000  l__HOME                         
     00000000  s__CABS                         
     00000000  s__CABS0                        
     00000000  s__CABS1                        
     00000000  s__CABS2                        
     00000000  s__CABS3                        
     00000000  s__CABS4                        
     00000000  s__DABS                         
     00000000  s__HEADER                       
     00000000  s__HEADER0                      
     00000000  s__HEADER1                      
     00000000  s__HEADER2                      
     00000000  s__HEADER3                      
     00000000  s__HEADER4                      
     00000001  l__GSFINAL                      
     00000003  l__CABS1                        
     00000008  l__HEADER0                      
     00000009  l__HEADER1                      
     0000000F  l__GSINIT                       
     00000010  l__CABS0                        
     00000010  l__CABS2                        
     00000010  l__CABS4                        
     0000001F  l__HEADER2                      
     0000002B  l__CABS3                        
     0000002B  l__HEADER3                      
     00000032  l__INITIALIZED                  
     00000032  l__INITIALIZER                  
     00000104  l__HEADER4                      
     00000200  s__CODE                         
     00000FB4  l__BANK4                        
     00001731  l__DATA                         
     0000362A  l__BANK2                        
     00003CD8  l__BANK3                        
     0000596C  l__CODE                         
     00005B6C  s__HOME                         
     00005B6C  s__INITIALIZER                  
     00005B9E  s__GSINIT                       
     00005BAD  s__GSFINAL                      
     00008000  _SMS_SRAM                          SMSlib_textrenderer
     00008000  s__BANK2                        
     00008000  s__BANK3                        
     00008000  s__BANK4                        
     0000C000  s__DATA                         
ASxxxx Linker V03.00/V05.40 + sdld,  page 2.
Hexadecimal  [32-Bits]

Area                                    Addr        Size        Decimal Bytes (Attributes)
--------------------------------        ----        ----        ------- ----- ------------
.  .ABS.                            00000000    00000000 =           0. bytes (ABS,CON)

      Value  Global                              Global Defined In Module
      -----  --------------------------------   ------------------------
     0000D731  s__INITIALIZED                  
     0000D763  s__BSEG                         
     0000D763  s__BSS                          
     0000D763  s__HEAP                         
     0000FFFC  _SRAM_bank_to_be_mapped_on_slot2   SMSlib_textrenderer
     0000FFFD  _ROM_bank_to_be_mapped_on_slot0    SMSlib_textrenderer
     0000FFFE  _ROM_bank_to_be_mapped_on_slot1    SMSlib_textrenderer
     0000FFFF  _ROM_bank_to_be_mapped_on_slot2    SMSlib_textrenderer

ASxxxx Linker V03.00/V05.40 + sdld,  page 3.
Hexadecimal  [32-Bits]

Area                                    Addr        Size        Decimal Bytes (Attributes)
--------------------------------        ----        ----        ------- ----- ------------
_CODE                               00000200    0000596C =       22892. bytes (REL,CON)

      Value  Global                              Global Defined In Module
      -----  --------------------------------   ------------------------
     00000200  _PSGStop                           PSGlib
     00000227  _PSGResume                         PSGlib
     00000273  _PSGPlay                           PSGlib
     0000029E  _PSGPlayLoops                      PSGlib
     000002B5  _PSGCancelLoop                     PSGlib
     000002C0  _PSGPlayNoRepeat                   PSGlib
     000002CE  _PSGGetStatus                      PSGlib
     000002D2  _PSGSilenceChannels                PSGlib
     000002E3  _PSGRestoreVolumes                 PSGlib
     000003BC  _PSGSetMusicVolumeAttenuation      PSGlib
     00000496  _PSGSFXStop                        PSGlib
     00000559  _PSGSFXPlay                        PSGlib
     000005A9  _PSGSFXCancelLoop                  PSGlib
     000005AF  _PSGSFXGetStatus                   PSGlib
     000005B3  _PSGSFXPlayLoop                    PSGlib
     000005CE  _PSGFrame                          PSGlib
     000006F2  _PSGSFXFrame                       PSGlib
     00000778  _bullet_template                   bullet_template
     00000785  _colortweaker_template             colortweaker_template
     00000792  _commandrunner_rightscroll_templ   commandrunner_rightscroll_te
     0000079F  _explosion_template                explosion_template
     000007AC  _gun_girl_template                 gun_girl_template
     000007B9  _impact_template                   impact_template
     000007C6  _kunai_template                    kunai_template
     000007D3  _robotrunner_template              robotrunner_template
     000007E0  _robotspring_template              robotspring_template
     000007ED  _rock_particle_template            rock_particle_template
     000007FA  _test_block_template               test_block_template
     00000807  _walker_big_template               walker_big_template
     00000814  _walker_small_template             walker_small_template
     00000821  _walker_template                   walker_template
     0000082E  _scene003_createInfoBootstrapper   scene003
     00000836  _scene003_createInfo3              scene003
     0000083E  _scene003_createInfo6              scene003
     00000844  _scene003_createInfo7              scene003
     0000084A  _scene003_createInfo8              scene003
     00000850  _scene003_createInfo9              scene003
     00000856  _scene003_createInfo10             scene003
     0000085C  _scene003_createInfo11             scene003
     00000862  _scene003_createInfo12             scene003
     00000868  _scene003_createInfo13             scene003
     0000086E  _scene003_createInfo14             scene003
     00000879  _scene003_commands                 scene003
     00000915  _scene003                          scene003
     00000917  _globalPaletteValues               globalPalette
     00000927  _globalPalette                     globalPalette
     0000092A  _PSGUpdate                         main
     00000930  _main                              main
     000009EE  _breakable_rock_tileset_TilesetF   tileset_functions
     00000AC1  _sceneMasterTemp_createInfoBoots   sceneMasterTemp
ASxxxx Linker V03.00/V05.40 + sdld,  page 4.
Hexadecimal  [32-Bits]

Area                                    Addr        Size        Decimal Bytes (Attributes)
--------------------------------        ----        ----        ------- ----- ------------
_CODE                               00000200    0000596C =       22892. bytes (REL,CON)

      Value  Global                              Global Defined In Module
      -----  --------------------------------   ------------------------
     00000AC9  _sceneMasterTemp_createInfo3       sceneMasterTemp
     00000AD1  _sceneMasterTemp_createInfo6       sceneMasterTemp
     00000AD7  _sceneMasterTemp_createInfo7       sceneMasterTemp
     00000ADD  _sceneMasterTemp_createInfo8       sceneMasterTemp
     00000AE3  _sceneMasterTemp_createInfo9       sceneMasterTemp
     00000AE9  _sceneMasterTemp_createInfo10      sceneMasterTemp
     00000AEF  _sceneMasterTemp_createInfo11      sceneMasterTemp
     00000AF5  _sceneMasterTemp_createInfo12      sceneMasterTemp
     00000AFB  _sceneMasterTemp_createInfo13      sceneMasterTemp
     00000B01  _sceneMasterTemp_createInfo14      sceneMasterTemp
     00000B07  _setTilesetPropertiesParams        sceneMasterTemp
     00000B0C  _sceneMasterTemp_commands          sceneMasterTemp
     00000BA8  _sceneMasterTemp                   sceneMasterTemp
     00000BAA  _explosion_psg                     bank2
     00000BC5  _throw_psg                         bank2
     00000BDB  _hit_psg                           bank2
     00000BEC  _background3_tilesetResourceInfo   resource_infos
     00000BEF  _breakable_rock_tilesetResourceI   resource_infos
     00000BF2  _field_tilesetResourceInfo         resource_infos
     00000BF5  _waterfall_tilesetResourceInfo     resource_infos
     00000BF8  _bulletResourceInfo                resource_infos
     00000BFB  _colorTweakerResourceInfo          resource_infos
     00000BFE  _colorTweakerCursorResourceInfo    resource_infos
     00000C01  _explosionResourceInfo             resource_infos
     00000C04  _gun_girlResourceInfo              resource_infos
     00000C07  _impactResourceInfo                resource_infos
     00000C0A  _kunaiResourceInfo                 resource_infos
     00000C0D  _robotrunnerResourceInfo           resource_infos
     00000C10  _robotspringResourceInfo           resource_infos
     00000C13  _rock_particleResourceInfo         resource_infos
     00000C16  _test_blockResourceInfo            resource_infos
     00000C19  _walkerResourceInfo                resource_infos
     00000C1C  _walker_bigResourceInfo            resource_infos
     00000C1F  _walker_smallResourceInfo          resource_infos
     00000C22  _waterfallResourceInfo             resource_infos
     00000C25  _globalPaletteResourceInfo         resource_infos
     00000C28  _background3_mapResourceInfo       resource_infos
     00000C2B  _background3_test_mapResourceInf   resource_infos
     00000C2E  _field_mapResourceInfo             resource_infos
     00000C31  _waterfall_mapResourceInfo         resource_infos
     00000C34  _BasicEffect_Init                  basic_effect
     00000C56  _BasicEffect_Update                basic_effect
     00000D04  _BasicEffect_Draw                  basic_effect
     00000D5B  _Bird_Init                         bird
     00000D92  _Bird_Update                       bird
     00000DCD  _Bird_Draw                         bird
     00000DCF  _Bullet_Init                       bullet
     00000E9B  _Bullet_Update                     bullet
     0000122D  _Bullet_Draw                       bullet
     00001284  _Bullet_HandleCollision            bullet
     00001345  _ColorTweaker_Init                 color_tweaker
ASxxxx Linker V03.00/V05.40 + sdld,  page 5.
Hexadecimal  [32-Bits]

Area                                    Addr        Size        Decimal Bytes (Attributes)
--------------------------------        ----        ----        ------- ----- ------------
_CODE                               00000200    0000596C =       22892. bytes (REL,CON)

      Value  Global                              Global Defined In Module
      -----  --------------------------------   ------------------------
     0000147C  _ColorTweaker_Update               color_tweaker
     00001930  _ColorTweaker_Draw                 color_tweaker
     00001AEB  _CommandRunner_RightScroll_Init    commandrunner_rightscroll
     00001B87  _CommandRunner_RightScroll_Updat   commandrunner_rightscroll
     00001C05  _Enemy_Init                        enemy
     00001C1F  _Enemy_Update                      enemy
     00001CE1  _Enemy_Draw                        enemy
     00001D2A  _Enemy_HandleCollision             enemy
     00001DB8  _Kunai_Init                        kunai
     00001DDE  _EraseTiles                        kunai
     00001E84  _Kunai_Update                      kunai
     00002216  _Kunai_Draw                        kunai
     0000226D  _Kunai_HandleCollision             kunai
     0000232E  _OnResourceLoaded                  on_resource_loaded_callback
     00002341  _ParticleEffect_Init               particle_effect
     00002378  _ParticleEffect_Update             particle_effect
     00002473  _ParticleEffect_Draw               particle_effect
     000024FB  _setPlayerAnimation                player
     00002599  _playerStateFunctions              player
     000025A5  _setPlayerState                    player
     00002666  _Player_Init                       player
     000026B8  _Player_FireWeapon                 player
     0000275C  _Player_UpdateX                    player
     00002980  _Player_UpdateStand                player
     00002A49  _Player_UpdateRun                  player
     00002B2E  _Player_UpdateFall                 player
     00002CF5  _Player_UpdateJump                 player
     00002E48  _Player_UpdateDuck                 player
     00002F2F  _Player_Update                     player
     00002FBC  _Player_Draw                       player
     00003013  _RightScroller_Init                right_scroller
     0000305E  _RightScroll_Update                right_scroller
     00003170  _RightScroll_UpdateVDP             right_scroller
     0000319E  _TileAnimator_Init                 tile_animator
     000031C7  _UpdateTiles                       tile_animator
     00003220  _TileAnimator_Update               tile_animator
     0000323D  _AnimationUtils_updateBatchedAni   animation_utils
     0000328A  _AnimationUtils_updateBatchedAni   animation_utils
     00003304  _AnimationUtils_updateStreamedBa   animation_utils
     00003351  _AnimationUtils_updatePlaneAnima   animation_utils
     00003392  _AnimationUtils_updateTileAnimat   animation_utils
     000033D1  _AnimationUtils_setBatchedAnimat   animation_utils
     00003414  _Load_BatchedAnimationResource     animation_utils
     0000343C  _Load_StreamedBatchedAnimationRe   animation_utils
     00003455  _Load_PlaneAnimationResource       animation_utils
     0000347B  _Load_TileAnimationResource        animation_utils
     000034A1  _Setup_BatchedAnimationResource    animation_utils
     00003524  _Setup_PlaneAnimationResource      animation_utils
     000035AA  _Setup_TileAnimationResource       animation_utils
     000035F5  _AnimationUtils_UpdateStreamedBa   animation_utils
     000036F5  _CommandRunner_RunAll_Init         commandrunner_runall
ASxxxx Linker V03.00/V05.40 + sdld,  page 6.
Hexadecimal  [32-Bits]

Area                                    Addr        Size        Decimal Bytes (Attributes)
--------------------------------        ----        ----        ------- ----- ------------
_CODE                               00000200    0000596C =       22892. bytes (REL,CON)

      Value  Global                              Global Defined In Module
      -----  --------------------------------   ------------------------
     00003769  _commandrunner_runall_template     commandrunner_runall
     00003776  _DrawUtils_addSprite               draw_utils
     00003798  _DrawUtils_addTwoAdjoiningSprite   draw_utils
     000037CE  _DrawUtils_addThreeAdjoiningSpri   draw_utils
     0000381F  _DrawUtils_addFourAdjoiningSprit   draw_utils
     00003886  _DrawUtils_DrawBatched             draw_utils
     00003909  _DrawUtils_DrawStreamedBatched     draw_utils
     0000399C  _drawToPlane                       draw_utils
     00003C5D  _DrawUtils_DrawPlaneAnimationFra   draw_utils
     00003CE7  _JoystickManager_Update            joystick_manager
     00003CFD  _Load_MapResource                  map_load
     00003D93  _Load_TilesetResource              map_load
     00003E82  _Load_AnimatedTilesetResource      map_load
     00003F39  _MapManager_SetTilesetProperties   map_manager
     00003F8D  _ObjectManager_Init                object_manager
     0000400B  _ObjectManager_Update              object_manager
     00004269  _ObjectManager_CreateObject        object_manager
     000042D2  _ApplyGameObjectTemplate           object_manager
     0000434B  _ObjectManager_CreateObjectByTem   object_manager
     0000440C  _FindFreeGameObject                object_manager
     00004487  _ObjectManager_CreateObjectByCre   object_manager
     0000453B  _ObjectManager_DestroyObject       object_manager
     00004552  _ObjectManagerUtils_doProjectCol   object_manager
     000046ED  _ObjectManager_QueueVDPDraw        object_manager
     0000471D  _ObjectManager_VDPDraw             object_manager
     0000476C  _ObjectUtils_gameObjectDoNothing   object_utils
     0000476D  _ObjectUtils_doNothing             object_utils
     0000476E  _ObjectUtils_twoGameObjectsDoNot   object_utils
     0000476F  _ObjectUtils_drawNothing           object_utils
     00004771  _printResourceTypeName             resource_manager
     0000484E  _ResourceManager_Init              resource_manager
     000048B1  _ResourceManager_LoadResource      resource_manager
     000049E8  _ResourceManager_SetupResource     resource_manager
     00004AEE  _ResourceManager_SetOnResourceLo   resource_manager
     00004AF2  _SceneManager_Init                 scene_manager
     00004B1A  _ScrollUtils_buildColumn           scroll_utils
     0000520D  _ScrollUtils_InitTilemap           scroll_utils
     00005277  _TerrainManager_Init               terrain_manager
     000052A3  _TerrainManager_UpdateTerrain      terrain_manager
     000052F2  _VDPTileManager_Init               vdptile_manager
     000052FF  _VDPTileManager_LoadSpriteTiles    vdptile_manager
     00005361  _VDPTileManager_ReserveSpriteTil   vdptile_manager
     00005385  _VDPTileManager_LoadBackgroundTi   vdptile_manager
     000053C8  _SetBackgroundVerticalScroll       background_commands
     000053CB  _SetBackgroundPalette              set_palette_commands
     0000542B  _SetSpritePalette                  set_palette_commands
     00005487  _SMS_init                          SMSlib
     000054B3  _VDPReg_init                       SMSlib
     000054BE  _SMS_VDPturnOnFeature              SMSlib
     000054D3  _SMS_VDPturnOffFeature             SMSlib
     000054EB  _SMS_setBGScrollX                  SMSlib
ASxxxx Linker V03.00/V05.40 + sdld,  page 7.
Hexadecimal  [32-Bits]

Area                                    Addr        Size        Decimal Bytes (Attributes)
--------------------------------        ----        ----        ------- ----- ------------
_CODE                               00000200    0000596C =       22892. bytes (REL,CON)

      Value  Global                              Global Defined In Module
      -----  --------------------------------   ------------------------
     000054F5  _SMS_setBGScrollY                  SMSlib
     000054FF  _SMS_setBackdropColor              SMSlib
     00005509  _SMS_useFirstHalfTilesforSprites   SMSlib
     0000551F  _SMS_setSpriteMode                 SMSlib
     0000556C  _SMS_setBGPaletteColor             SMSlib
     00005579  _SMS_setSpritePaletteColor         SMSlib
     00005586  _SMS_loadBGPalette                 SMSlib
     0000559A  _SMS_loadSpritePalette             SMSlib
     000055AE  _SMS_setColor                      SMSlib
     000055B2  _SMS_waitForVBlank                 SMSlib
     000055BF  _SMS_getKeysStatus                 SMSlib
     000055C4  _SMS_getKeysPressed                SMSlib
     000055D9  _SMS_getKeysHeld                   SMSlib
     000055EC  _SMS_getKeysReleased               SMSlib
     00005605  _SMS_queryPauseRequested           SMSlib
     00005609  _SMS_resetPauseRequest             SMSlib
     0000560F  _SMS_setFrameInterruptHandler      SMSlib
     00005613  _SMS_setLineInterruptHandler       SMSlib
     00005617  _SMS_setLineCounter                SMSlib
     00005621  _SMS_getVCount                     SMSlib
     00005624  _SMS_getHCount                     SMSlib
     00005627  _SMS_isr                           SMSlib
     0000566F  _SMS_nmi_isr                       SMSlib
     00005678  _SMS_VRAMmemset_f                  SMSlib_VRAMmemset
     00005694  _SMS_VRAMmemsetW                   SMSlib_VRAMmemset
     000056A7  _SMS_initSprites                   SMSlib_sprite
     000056AD  _SMS_addSprite_f                   SMSlib_sprite
     000056D8  _SMS_copySpritestoSAT              SMSlib_sprite
     0000570C  __mulint                           
     0000570E  __mul16                            
     00005723  ___sdcc_call_hl                    
     00005724  _SMS_debugPrintf                   SMSlib_debug
     00005734  _UNSAFE_SMS_copySpritestoSAT       SMSlib_UNSAFE
     0000577B  _UNSAFE_SMS_VRAMmemcpy32           SMSlib_UNSAFE
     00005784  _UNSAFE_SMS_VRAMmemcpy64           SMSlib_UNSAFE
     0000578D  _UNSAFE_SMS_VRAMmemcpy128          SMSlib_UNSAFE
     00005796  _SMS_VRAMmemcpy                    SMSlib_VRAMmemcpy
     000057AD  ___sdcc_call_iy                    
     000057AF  _SMS_autoSetUpTextRenderer         SMSlib_autotext
     000057DE  _devkitSMS_font__tiles__1bpp       SMSlib_autotext
     00005ADE  _SMS_loadTileMapColumnatAddr       SMSlib_loadTileMapColumn
     00005AFE  _SMS_load1bppTiles                 SMSlib_load1bppTiles
     00005B60  _SMS_configureTextRenderer         SMSlib_textrenderer
     00005B64  _putchar                           SMSlib_textrenderer

ASxxxx Linker V03.00/V05.40 + sdld,  page 8.
Hexadecimal  [32-Bits]

Area                                    Addr        Size        Decimal Bytes (Attributes)
--------------------------------        ----        ----        ------- ----- ------------
_HEADER0                            00000000    00000008 =           8. bytes (ABS,CON)

      Value  Global                              Global Defined In Module
      -----  --------------------------------   ------------------------
ASxxxx Linker V03.00/V05.40 + sdld,  page 9.
Hexadecimal  [32-Bits]

Area                                    Addr        Size        Decimal Bytes (Attributes)
--------------------------------        ----        ----        ------- ----- ------------
_HEADER1                            00000000    00000009 =           9. bytes (ABS,CON)

      Value  Global                              Global Defined In Module
      -----  --------------------------------   ------------------------
     00000008  _SMS_crt0_RST08                    crt0

ASxxxx Linker V03.00/V05.40 + sdld,  page 10.
Hexadecimal  [32-Bits]

Area                                    Addr        Size        Decimal Bytes (Attributes)
--------------------------------        ----        ----        ------- ----- ------------
_HEADER2                            00000000    0000001F =          31. bytes (ABS,CON)

      Value  Global                              Global Defined In Module
      -----  --------------------------------   ------------------------
     00000018  _SMS_crt0_RST18                    crt0
     0000002F  get_bank                           crt0
     00000033  set_bank                           crt0
ASxxxx Linker V03.00/V05.40 + sdld,  page 11.
Hexadecimal  [32-Bits]

Area                                    Addr        Size        Decimal Bytes (Attributes)
--------------------------------        ----        ----        ------- ----- ------------
_HEADER3                            00000000    0000002B =          43. bytes (ABS,CON)

      Value  Global                              Global Defined In Module
      -----  --------------------------------   ------------------------
ASxxxx Linker V03.00/V05.40 + sdld,  page 12.
Hexadecimal  [32-Bits]

Area                                    Addr        Size        Decimal Bytes (Attributes)
--------------------------------        ----        ----        ------- ----- ------------
_HEADER4                            00000000    00000104 =         260. bytes (ABS,CON)

      Value  Global                              Global Defined In Module
      -----  --------------------------------   ------------------------
     00000069  _OUTI128                           crt0
     000000E9  _OUTI64                            crt0
     00000129  _OUTI32                            crt0
     00000169  _outi_block                        crt0

ASxxxx Linker V03.00/V05.40 + sdld,  page 13.
Hexadecimal  [32-Bits]

Area                                    Addr        Size        Decimal Bytes (Attributes)
--------------------------------        ----        ----        ------- ----- ------------
_INITIALIZER                        00005B6C    00000032 =          50. bytes (REL,CON)

      Value  Global                              Global Defined In Module
      -----  --------------------------------   ------------------------
ASxxxx Linker V03.00/V05.40 + sdld,  page 14.
Hexadecimal  [32-Bits]

Area                                    Addr        Size        Decimal Bytes (Attributes)
--------------------------------        ----        ----        ------- ----- ------------
_GSINIT                             00005B9E    0000000F =          15. bytes (REL,CON)

      Value  Global                              Global Defined In Module
      -----  --------------------------------   ------------------------
     00005B9E  gsinit                             crt0

ASxxxx Linker V03.00/V05.40 + sdld,  page 15.
Hexadecimal  [32-Bits]

Area                                    Addr        Size        Decimal Bytes (Attributes)
--------------------------------        ----        ----        ------- ----- ------------
_GSFINAL                            00005BAD    00000001 =           1. bytes (REL,CON)

      Value  Global                              Global Defined In Module
      -----  --------------------------------   ------------------------
ASxxxx Linker V03.00/V05.40 + sdld,  page 16.
Hexadecimal  [32-Bits]

Area                                    Addr        Size        Decimal Bytes (Attributes)
--------------------------------        ----        ----        ------- ----- ------------
_DATA                               0000C000    00001731 =        5937. bytes (REL,CON)

      Value  Global                              Global Defined In Module
      -----  --------------------------------   ------------------------
     0000C000  _PSGMusicStatus                    PSGlib
     0000C001  _PSGMusicStart                     PSGlib
     0000C003  _PSGMusicPointer                   PSGlib
     0000C005  _PSGMusicLoopPoint                 PSGlib
     0000C007  _PSGMusicSkipFrames                PSGlib
     0000C008  _PSGLoopFlag                       PSGlib
     0000C009  _PSGLoopCounter                    PSGlib
     0000C00A  _PSGMusicLastLatch                 PSGlib
     0000C00B  _PSGMusicVolumeAttenuation         PSGlib
     0000C00C  _PSGMusicSubstringLen              PSGlib
     0000C00D  _PSGMusicSubstringRetAddr          PSGlib
     0000C00F  _PSGChan0Volume                    PSGlib
     0000C010  _PSGChan1Volume                    PSGlib
     0000C011  _PSGChan2Volume                    PSGlib
     0000C012  _PSGChan3Volume                    PSGlib
     0000C013  _PSGChan2LowTone                   PSGlib
     0000C014  _PSGChan2HighTone                  PSGlib
     0000C015  _PSGChan3LowTone                   PSGlib
     0000C016  _PSGChannel2SFX                    PSGlib
     0000C017  _PSGChannel3SFX                    PSGlib
     0000C018  _PSGSFXChan2Volume                 PSGlib
     0000C019  _PSGSFXChan3Volume                 PSGlib
     0000C01A  _PSGSFXStatus                      PSGlib
     0000C01B  _PSGSFXStart                       PSGlib
     0000C01D  _PSGSFXPointer                     PSGlib
     0000C01F  _PSGSFXLoopPoint                   PSGlib
     0000C021  _PSGSFXSkipFrames                  PSGlib
     0000C022  _PSGSFXLoopFlag                    PSGlib
     0000C023  _PSGSFXSubstringLen                PSGlib
     0000C024  _PSGSFXSubstringRetAddr            PSGlib
     0000C026  _redChannel                        color_tweaker
     0000C036  _greenChannel                      color_tweaker
     0000C046  _blueChannel                       color_tweaker
     0000C056  _palette                           color_tweaker
     0000C066  _playerX                           player
     0000C068  _playerY                           player
     0000C06A  _playerSpeedX                      player
     0000C06C  _playerSpeedY                      player
     0000C06E  _playerState                       player
     0000C06F  _jumpPressCounter                  player
     0000C071  _jumpWhenLanding                   player
     0000C072  _canStillJumpFrames                player
     0000C073  _isPlayerShooting                  player
     0000C074  _player_SubUpdate                  player
     0000C076  _columnToUpdate                    right_scroller
     0000C078  _terrainColumnToUpdate             right_scroller
     0000C079  _CommandManager_commandRunnerObj   command_manager
     0000C0A7  _CommandManager_currentCommand     command_manager
     0000C0A9  _CommandRunner_counter             command_manager
     0000C0AB  _DrawUtils_spriteCounter           draw_utils
ASxxxx Linker V03.00/V05.40 + sdld,  page 17.
Hexadecimal  [32-Bits]

Area                                    Addr        Size        Decimal Bytes (Attributes)
--------------------------------        ----        ----        ------- ----- ------------
_DATA                               0000C000    00001731 =        5937. bytes (REL,CON)

      Value  Global                              Global Defined In Module
      -----  --------------------------------   ------------------------
     0000C0AC  _DrawUtils_currentSpriteStrips     draw_utils
     0000C0AE  _DrawUtils_vdpTileIndex            draw_utils
     0000C0AF  _DrawUtils_screenX                 draw_utils
     0000C0B1  _DrawUtils_screenY                 draw_utils
     0000C0B3  _DrawUtils_spritesDrawn            draw_utils
     0000C0B4  _x                                 draw_utils
     0000C0B5  _y                                 draw_utils
     0000C0B6  _buffer                            draw_utils
     0000C0B8  _bufferWidth                       draw_utils
     0000C0B9  _bufferHeight                      draw_utils
     0000C0BA  _vdpOffset                         draw_utils
     0000C0BC  _JoystickManager_buttonState       joystick_manager
     0000C0BE  _JoystickManager_buttonsPressed    joystick_manager
     0000C0C0  _JoystickManager_buttonsReleased   joystick_manager
     0000C0C2  _MapManager_numTilesets            map_manager
     0000C0C3  _MapManager_metatileLuts           map_manager
     0000C0D3  _MapManager_metatileLutsData       map_manager
     0000D0D3  _MapManager_metatileLutsDataSize   map_manager
     0000D0D5  _MapManager_tilesets               map_manager
     0000D135  _MapManager_tilesetVdpLocations    map_manager
     0000D145  _MapManager_tilesetFunctions       map_manager
     0000D155  _MapManager_tilesetGameObjectTem   map_manager
     0000D165  _MapManager_mapWidth               map_manager
     0000D167  _MapManager_mapHeight              map_manager
     0000D169  _MapManager_mapData                map_manager
     0000D16B  _MapManager_mapResourceInfo        map_manager
     0000D16D  _ObjectManager_player              object_manager
     0000D19B  _ObjectManager_projectileSlots     object_manager
     0000D225  _ObjectManager_enemySlots          object_manager
     0000D395  _ObjectManager_effectSlots         object_manager
     0000D505  _ObjectManager_numEffects          object_manager
     0000D506  _ObjectManager_activeProjectiles   object_manager
     0000D50C  _ObjectManager_activeProjectiles   object_manager
     0000D50D  _ObjectManager_currentEnemyIndex   object_manager
     0000D50E  _ObjectManager_vdpDrawGameObject   object_manager
     0000D51E  _ObjectManager_vdpDrawFunctions    object_manager
     0000D52E  _ObjectManager_numVdpDrawItems     object_manager
     0000D52F  _ResourceManager_loadFunctions     resource_manager
     0000D53F  _ResourceManager_setupFunctions    resource_manager
     0000D54F  _ScrollManager_horizontalScrollL   scroll_manager
     0000D551  _ScrollManager_columnBuffer        scroll_manager
     0000D585  _ScrollUtils_mapColumnToBuild      scroll_utils
     0000D587  _TerrainManager_terrain            terrain_manager
     0000D647  _VDPTileManager_spriteTileLocati   vdptile_manager
     0000D649  _VDPTileManager_backgroundTileLo   vdptile_manager
     0000D64B  _bulletVdpLocation                 bullet
     0000D64C  _colorTweakerVdpLocation           colorTweaker
     0000D64D  _colorTweakerCursorVdpLocation     colorTweakerCursor
     0000D64E  _explosionVdpLocation              explosion
     0000D64F  _gun_girlVdpLocation               gun_girl
     0000D650  _impactVdpLocation                 impact
ASxxxx Linker V03.00/V05.40 + sdld,  page 18.
Hexadecimal  [32-Bits]

Area                                    Addr        Size        Decimal Bytes (Attributes)
--------------------------------        ----        ----        ------- ----- ------------
_DATA                               0000C000    00001731 =        5937. bytes (REL,CON)

      Value  Global                              Global Defined In Module
      -----  --------------------------------   ------------------------
     0000D651  _kunaiVdpLocation                  kunai
     0000D652  _robotrunnerVdpLocation            robotrunner
     0000D653  _robotspringVdpLocation            robotspring
     0000D654  _rock_particleVdpLocation          rock_particle
     0000D655  _test_blockVdpLocation             test_block
     0000D656  _walkerVdpLocation                 walker
     0000D657  _walker_bigVdpLocation             walker_big
     0000D658  _walker_smallVdpLocation           walker_small
     0000D659  _waterfallVdpLocation              waterfall
     0000D65A  _background3_tilesetVdpLocation    background3_tileset
     0000D65C  _breakable_rock_tilesetVdpLocati   breakable_rock_tileset
     0000D65E  _field_tilesetVdpLocation          field_tileset
     0000D660  _waterfall_tilesetVdpLocation      waterfall_tileset
     0000D662  _VDPBlank                          SMSlib
     0000D663  _SMS_VDPFlags                      SMSlib
     0000D664  _PauseRequested                    SMSlib
     0000D665  _SMS_Port3EBIOSvalue               SMSlib
     0000D666  _SMS_theFrameInterruptHandler      SMSlib
     0000D668  _KeysStatus                        SMSlib
     0000D66A  _PreviousKeysStatus                SMSlib
     0000D66C  _SMS_theLineInterruptHandler       SMSlib
     0000D66E  _SpriteTableY                      SMSlib_sprite
     0000D6AE  _SpriteTableXN                     SMSlib_sprite
     0000D72E  _SpriteNextFree                    SMSlib_sprite
     0000D72F  _SMS_TextRenderer_offset           SMSlib_textrenderer
ASxxxx Linker V03.00/V05.40 + sdld,  page 19.
Hexadecimal  [32-Bits]

Area                                    Addr        Size        Decimal Bytes (Attributes)
--------------------------------        ----        ----        ------- ----- ------------
_INITIALIZED                        0000D731    00000032 =          50. bytes (REL,CON)

      Value  Global                              Global Defined In Module
      -----  --------------------------------   ------------------------
     0000D731  _colortweaker_templateExtraResou   colortweaker_template
     0000D735  _updateAnimationStream             player
     0000D736  _oldBottomTileTypeLeft             player
     0000D738  _oldBottomTileTypeRight            player
     0000D73A  _oldBlockY                         player
     0000D73C  _drawSprite                        draw_utils
     0000D746  _ObjectManager_objectId            object_manager
     0000D747  _projectileFlicker                 object_manager
     0000D748  _ResourceManager_onResourceLoade   resource_manager
     0000D74A  _ScrollManager_Update              scroll_manager
     0000D74C  _ScrollManager_UpdateVDP           scroll_manager
     0000D74E  _ScrollManager_horizontalScroll    scroll_manager
     0000D750  _ScrollManager_vdpHorizontalScro   scroll_manager
     0000D751  _ScrollManager_verticalScroll      scroll_manager
     0000D753  _ScrollManager_updateMapVDP        scroll_manager
     0000D754  _background3_tilesetResourceInfo   background3
     0000D756  _background3_test_tilesetResourc   background3_test
     0000D758  _field_tilesetResourceInfos        field
     0000D75C  _waterfall_tilesetResourceInfos    waterfall
     0000D75E  _VDPReg                            SMSlib
     0000D760  _spritesHeight                     SMSlib
     0000D761  _spritesWidth                      SMSlib
     0000D762  _spritesTileOffset                 SMSlib

ASxxxx Linker V03.00/V05.40 + sdld,  page 20.
Hexadecimal  [32-Bits]

Area                                    Addr        Size        Decimal Bytes (Attributes)
--------------------------------        ----        ----        ------- ----- ------------
_CABS0                              00000000    00000010 =          16. bytes (ABS,CON)

      Value  Global                              Global Defined In Module
      -----  --------------------------------   ------------------------
     00007FF0  ___SMS__SEGA_signature             main

ASxxxx Linker V03.00/V05.40 + sdld,  page 21.
Hexadecimal  [32-Bits]

Area                                    Addr        Size        Decimal Bytes (Attributes)
--------------------------------        ----        ----        ------- ----- ------------
_CABS1                              00000000    00000003 =           3. bytes (ABS,CON)

      Value  Global                              Global Defined In Module
      -----  --------------------------------   ------------------------
     00007FDD  ___SMS__SDSC_author                main

ASxxxx Linker V03.00/V05.40 + sdld,  page 22.
Hexadecimal  [32-Bits]

Area                                    Addr        Size        Decimal Bytes (Attributes)
--------------------------------        ----        ----        ------- ----- ------------
_CABS2                              00000000    00000010 =          16. bytes (ABS,CON)

      Value  Global                              Global Defined In Module
      -----  --------------------------------   ------------------------
     00007FCD  ___SMS__SDSC_name                  main

ASxxxx Linker V03.00/V05.40 + sdld,  page 23.
Hexadecimal  [32-Bits]

Area                                    Addr        Size        Decimal Bytes (Attributes)
--------------------------------        ----        ----        ------- ----- ------------
_CABS3                              00000000    0000002B =          43. bytes (ABS,CON)

      Value  Global                              Global Defined In Module
      -----  --------------------------------   ------------------------
     00007FA2  ___SMS__SDSC_descr                 main

ASxxxx Linker V03.00/V05.40 + sdld,  page 24.
Hexadecimal  [32-Bits]

Area                                    Addr        Size        Decimal Bytes (Attributes)
--------------------------------        ----        ----        ------- ----- ------------
_CABS4                              00000000    00000010 =          16. bytes (ABS,CON)

      Value  Global                              Global Defined In Module
      -----  --------------------------------   ------------------------
     00007FE0  ___SMS__SDSC_signature             main

ASxxxx Linker V03.00/V05.40 + sdld,  page 25.
Hexadecimal  [32-Bits]

Area                                    Addr        Size        Decimal Bytes (Attributes)
--------------------------------        ----        ----        ------- ----- ------------
_BANK2                              00008000    0000362A =       13866. bytes (REL,CON)

      Value  Global                              Global Defined In Module
      -----  --------------------------------   ------------------------
     00008000  _bulletTileData                    bullet
     00008040  _bulletFrame0SpriteStrips          bullet
     00008048  _bulletFrame0                      bullet
     0000804D  _bulletFrames                      bullet
     0000804F  _bullet                            bullet
     0000805B  _colorTweakerTileData              colorTweaker
     000084DB  _colorTweakerFrame0SpriteStrips    colorTweaker
     000084EB  _colorTweakerFrame1SpriteStrips    colorTweaker
     000084FB  _colorTweakerFrame2SpriteStrips    colorTweaker
     0000850B  _colorTweakerFrame3SpriteStrips    colorTweaker
     0000851B  _colorTweakerFrame4SpriteStrips    colorTweaker
     0000852B  _colorTweakerFrame5SpriteStrips    colorTweaker
     0000853B  _colorTweakerFrame6SpriteStrips    colorTweaker
     0000854B  _colorTweakerFrame7SpriteStrips    colorTweaker
     0000855B  _colorTweakerFrame8SpriteStrips    colorTweaker
     0000856B  _colorTweakerFrame9SpriteStrips    colorTweaker
     0000857B  _colorTweakerFrame10SpriteStrips   colorTweaker
     0000858B  _colorTweakerFrame11SpriteStrips   colorTweaker
     0000859B  _colorTweakerFrame12SpriteStrips   colorTweaker
     000085AB  _colorTweakerFrame13SpriteStrips   colorTweaker
     000085BB  _colorTweakerFrame14SpriteStrips   colorTweaker
     000085CB  _colorTweakerFrame15SpriteStrips   colorTweaker
     000085DB  _colorTweakerFrame0                colorTweaker
     000085E0  _colorTweakerFrame1                colorTweaker
     000085E5  _colorTweakerFrame2                colorTweaker
     000085EA  _colorTweakerFrame3                colorTweaker
     000085EF  _colorTweakerFrame4                colorTweaker
     000085F4  _colorTweakerFrame5                colorTweaker
     000085F9  _colorTweakerFrame6                colorTweaker
     000085FE  _colorTweakerFrame7                colorTweaker
     00008603  _colorTweakerFrame8                colorTweaker
     00008608  _colorTweakerFrame9                colorTweaker
     0000860D  _colorTweakerFrame10               colorTweaker
     00008612  _colorTweakerFrame11               colorTweaker
     00008617  _colorTweakerFrame12               colorTweaker
     0000861C  _colorTweakerFrame13               colorTweaker
     00008621  _colorTweakerFrame14               colorTweaker
     00008626  _colorTweakerFrame15               colorTweaker
     0000862B  _colorTweakerFrames                colorTweaker
     0000864B  _colorTweaker                      colorTweaker
     00008657  _colorTweakerCursorTileData        colorTweakerCursor
     00008797  _colorTweakerCursorFrame0SpriteS   colorTweakerCursor
     0000879F  _colorTweakerCursorFrame1SpriteS   colorTweakerCursor
     000087A7  _colorTweakerCursorFrame2SpriteS   colorTweakerCursor
     000087AF  _colorTweakerCursorFrame3SpriteS   colorTweakerCursor
     000087B7  _colorTweakerCursorFrame4SpriteS   colorTweakerCursor
     000087BF  _colorTweakerCursorFrame0          colorTweakerCursor
     000087C4  _colorTweakerCursorFrame1          colorTweakerCursor
     000087C9  _colorTweakerCursorFrame2          colorTweakerCursor
     000087CE  _colorTweakerCursorFrame3          colorTweakerCursor
ASxxxx Linker V03.00/V05.40 + sdld,  page 26.
Hexadecimal  [32-Bits]

Area                                    Addr        Size        Decimal Bytes (Attributes)
--------------------------------        ----        ----        ------- ----- ------------
_BANK2                              00008000    0000362A =       13866. bytes (REL,CON)

      Value  Global                              Global Defined In Module
      -----  --------------------------------   ------------------------
     000087D3  _colorTweakerCursorFrame4          colorTweakerCursor
     000087D8  _colorTweakerCursorFrames          colorTweakerCursor
     000087E2  _colorTweakerCursor                colorTweakerCursor
     000087EE  _explosionTileData                 explosion
     00008C6E  _explosionFrame0SpriteStrips       explosion
     00008C76  _explosionFrame1SpriteStrips       explosion
     00008C82  _explosionFrame2SpriteStrips       explosion
     00008C8E  _explosionFrame0                   explosion
     00008C93  _explosionFrame1                   explosion
     00008C98  _explosionFrame2                   explosion
     00008C9D  _explosionFrames                   explosion
     00008CA3  _explosion                         explosion
     00008CAF  _gun_girlTileData                  gun_girl
     000099AF  _gun_girlFrame0SpriteStrips        gun_girl
     000099BB  _gun_girlFrame1SpriteStrips        gun_girl
     000099C7  _gun_girlFrame2SpriteStrips        gun_girl
     000099D3  _gun_girlFrame3SpriteStrips        gun_girl
     000099DF  _gun_girlFrame4SpriteStrips        gun_girl
     000099EB  _gun_girlFrame5SpriteStrips        gun_girl
     000099F7  _gun_girlFrame6SpriteStrips        gun_girl
     00009A03  _gun_girlFrame7SpriteStrips        gun_girl
     00009A0F  _gun_girlFrame8SpriteStrips        gun_girl
     00009A1B  _gun_girlFrame9SpriteStrips        gun_girl
     00009A27  _gun_girlFrame10SpriteStrips       gun_girl
     00009A33  _gun_girlFrame11SpriteStrips       gun_girl
     00009A3F  _gun_girlFrame12SpriteStrips       gun_girl
     00009A4B  _gun_girlFrame13SpriteStrips       gun_girl
     00009A57  _gun_girlFrame14SpriteStrips       gun_girl
     00009A63  _gun_girlFrame15SpriteStrips       gun_girl
     00009A6F  _gun_girlFrame16SpriteStrips       gun_girl
     00009A7B  _gun_girlFrame17SpriteStrips       gun_girl
     00009A87  _gun_girlFrame18SpriteStrips       gun_girl
     00009A93  _gun_girlFrame19SpriteStrips       gun_girl
     00009A9F  _gun_girlFrame20SpriteStrips       gun_girl
     00009AAB  _gun_girlFrame21SpriteStrips       gun_girl
     00009AB7  _gun_girlFrame22SpriteStrips       gun_girl
     00009AC3  _gun_girlFrame23SpriteStrips       gun_girl
     00009ACF  _gun_girlFrame24SpriteStrips       gun_girl
     00009ADB  _gun_girlFrame25SpriteStrips       gun_girl
     00009AE7  _gun_girlFrame26SpriteStrips       gun_girl
     00009AF3  _gun_girlFrame27SpriteStrips       gun_girl
     00009AFF  _gun_girlFrame0                    gun_girl
     00009B04  _gun_girlFrame1                    gun_girl
     00009B09  _gun_girlFrame2                    gun_girl
     00009B0E  _gun_girlFrame3                    gun_girl
     00009B13  _gun_girlFrame4                    gun_girl
     00009B18  _gun_girlFrame5                    gun_girl
     00009B1D  _gun_girlFrame6                    gun_girl
     00009B22  _gun_girlFrame7                    gun_girl
     00009B27  _gun_girlFrame8                    gun_girl
     00009B2C  _gun_girlFrame9                    gun_girl
ASxxxx Linker V03.00/V05.40 + sdld,  page 27.
Hexadecimal  [32-Bits]

Area                                    Addr        Size        Decimal Bytes (Attributes)
--------------------------------        ----        ----        ------- ----- ------------
_BANK2                              00008000    0000362A =       13866. bytes (REL,CON)

      Value  Global                              Global Defined In Module
      -----  --------------------------------   ------------------------
     00009B31  _gun_girlFrame10                   gun_girl
     00009B36  _gun_girlFrame11                   gun_girl
     00009B3B  _gun_girlFrame12                   gun_girl
     00009B40  _gun_girlFrame13                   gun_girl
     00009B45  _gun_girlFrame14                   gun_girl
     00009B4A  _gun_girlFrame15                   gun_girl
     00009B4F  _gun_girlFrame16                   gun_girl
     00009B54  _gun_girlFrame17                   gun_girl
     00009B59  _gun_girlFrame18                   gun_girl
     00009B5E  _gun_girlFrame19                   gun_girl
     00009B63  _gun_girlFrame20                   gun_girl
     00009B68  _gun_girlFrame21                   gun_girl
     00009B6D  _gun_girlFrame22                   gun_girl
     00009B72  _gun_girlFrame23                   gun_girl
     00009B77  _gun_girlFrame24                   gun_girl
     00009B7C  _gun_girlFrame25                   gun_girl
     00009B81  _gun_girlFrame26                   gun_girl
     00009B86  _gun_girlFrame27                   gun_girl
     00009B8B  _gun_girlFrames                    gun_girl
     00009BC3  _gun_girl                          gun_girl
     00009BCF  _impactTileData                    impact
     00009D4F  _impactFrame0SpriteStrips          impact
     00009D57  _impactFrame1SpriteStrips          impact
     00009D5F  _impactFrame2SpriteStrips          impact
     00009D67  _impactFrame0                      impact
     00009D6C  _impactFrame1                      impact
     00009D71  _impactFrame2                      impact
     00009D76  _impactFrames                      impact
     00009D7C  _impact                            impact
     00009D88  _kunaiTileData                     kunai
     0000A008  _kunaiFrame0SpriteStrips           kunai
     0000A010  _kunaiFrame1SpriteStrips           kunai
     0000A018  _kunaiFrame2SpriteStrips           kunai
     0000A020  _kunaiFrame3SpriteStrips           kunai
     0000A028  _kunaiFrame4SpriteStrips           kunai
     0000A030  _kunaiFrame5SpriteStrips           kunai
     0000A038  _kunaiFrame6SpriteStrips           kunai
     0000A040  _kunaiFrame7SpriteStrips           kunai
     0000A048  _kunaiFrame0                       kunai
     0000A04D  _kunaiFrame1                       kunai
     0000A052  _kunaiFrame2                       kunai
     0000A057  _kunaiFrame3                       kunai
     0000A05C  _kunaiFrame4                       kunai
     0000A061  _kunaiFrame5                       kunai
     0000A066  _kunaiFrame6                       kunai
     0000A06B  _kunaiFrame7                       kunai
     0000A070  _kunaiFrames                       kunai
     0000A080  _kunai                             kunai
     0000A08C  _robotrunnerTileData               robotrunner
     0000A48C  _robotrunnerFrame0SpriteStrips     robotrunner
     0000A498  _robotrunnerFrame1SpriteStrips     robotrunner
ASxxxx Linker V03.00/V05.40 + sdld,  page 28.
Hexadecimal  [32-Bits]

Area                                    Addr        Size        Decimal Bytes (Attributes)
--------------------------------        ----        ----        ------- ----- ------------
_BANK2                              00008000    0000362A =       13866. bytes (REL,CON)

      Value  Global                              Global Defined In Module
      -----  --------------------------------   ------------------------
     0000A4A4  _robotrunnerFrame2SpriteStrips     robotrunner
     0000A4B0  _robotrunnerFrame3SpriteStrips     robotrunner
     0000A4BC  _robotrunnerFrame0                 robotrunner
     0000A4C1  _robotrunnerFrame1                 robotrunner
     0000A4C6  _robotrunnerFrame2                 robotrunner
     0000A4CB  _robotrunnerFrame3                 robotrunner
     0000A4D0  _robotrunnerFrames                 robotrunner
     0000A4D8  _robotrunner                       robotrunner
     0000A4E4  _robotspringTileData               robotspring
     0000A6E4  _robotspringFrame0SpriteStrips     robotspring
     0000A6F0  _robotspringFrame1SpriteStrips     robotspring
     0000A6FC  _robotspringFrame2SpriteStrips     robotspring
     0000A708  _robotspringFrame0                 robotspring
     0000A70D  _robotspringFrame1                 robotspring
     0000A712  _robotspringFrame2                 robotspring
     0000A717  _robotspringFrames                 robotspring
     0000A71D  _robotspring                       robotspring
     0000A729  _rock_particleTileData             rock_particle
     0000A829  _rock_particleFrame0SpriteStrips   rock_particle
     0000A831  _rock_particleFrame1SpriteStrips   rock_particle
     0000A839  _rock_particleFrame2SpriteStrips   rock_particle
     0000A841  _rock_particleFrame3SpriteStrips   rock_particle
     0000A849  _rock_particleFrame0               rock_particle
     0000A84E  _rock_particleFrame1               rock_particle
     0000A853  _rock_particleFrame2               rock_particle
     0000A858  _rock_particleFrame3               rock_particle
     0000A85D  _rock_particleFrames               rock_particle
     0000A865  _rock_particle                     rock_particle
     0000A871  _test_blockTileData                test_block
     0000A971  _test_blockFrame0SpriteStrips      test_block
     0000A97D  _test_blockFrame0                  test_block
     0000A982  _test_blockFrames                  test_block
     0000A984  _test_block                        test_block
     0000A990  _walkerTileData                    walker
     0000AA90  _walkerFrame0SpriteStrips          walker
     0000AA98  _walkerFrame1SpriteStrips          walker
     0000AAA0  _walkerFrame0                      walker
     0000AAA5  _walkerFrame1                      walker
     0000AAAA  _walkerFrames                      walker
     0000AAAE  _walker                            walker
     0000AABA  _walker_bigTileData                walker_big
     0000B2BA  _walker_bigFrame0SpriteStrips      walker_big
     0000B2C6  _walker_bigFrame1SpriteStrips      walker_big
     0000B2D2  _walker_bigFrame2SpriteStrips      walker_big
     0000B2DE  _walker_bigFrame3SpriteStrips      walker_big
     0000B2EA  _walker_bigFrame4SpriteStrips      walker_big
     0000B2F6  _walker_bigFrame5SpriteStrips      walker_big
     0000B302  _walker_bigFrame6SpriteStrips      walker_big
     0000B30E  _walker_bigFrame7SpriteStrips      walker_big
     0000B31A  _walker_bigFrame0                  walker_big
     0000B31F  _walker_bigFrame1                  walker_big
ASxxxx Linker V03.00/V05.40 + sdld,  page 29.
Hexadecimal  [32-Bits]

Area                                    Addr        Size        Decimal Bytes (Attributes)
--------------------------------        ----        ----        ------- ----- ------------
_BANK2                              00008000    0000362A =       13866. bytes (REL,CON)

      Value  Global                              Global Defined In Module
      -----  --------------------------------   ------------------------
     0000B324  _walker_bigFrame2                  walker_big
     0000B329  _walker_bigFrame3                  walker_big
     0000B32E  _walker_bigFrame4                  walker_big
     0000B333  _walker_bigFrame5                  walker_big
     0000B338  _walker_bigFrame6                  walker_big
     0000B33D  _walker_bigFrame7                  walker_big
     0000B342  _walker_bigFrames                  walker_big
     0000B352  _walker_big                        walker_big
     0000B35E  _walker_smallTileData              walker_small
     0000B3DE  _walker_smallFrame0SpriteStrips    walker_small
     0000B3E6  _walker_smallFrame1SpriteStrips    walker_small
     0000B3EE  _walker_smallFrame0                walker_small
     0000B3F3  _walker_smallFrame1                walker_small
     0000B3F8  _walker_smallFrames                walker_small
     0000B3FC  _walker_small                      walker_small
     0000B408  _waterfallTileData                 waterfall
     0000B608  _waterfallFrame0                   waterfall
     0000B60C  _waterfallFrame1                   waterfall
     0000B610  _waterfallFrame2                   waterfall
     0000B614  _waterfallFrame3                   waterfall
     0000B618  _waterfallFrames                   waterfall
     0000B620  _waterfall                         waterfall
ASxxxx Linker V03.00/V05.40 + sdld,  page 30.
Hexadecimal  [32-Bits]

Area                                    Addr        Size        Decimal Bytes (Attributes)
--------------------------------        ----        ----        ------- ----- ------------
_BANK3                              00008000    00003CD8 =       15576. bytes (REL,CON)

      Value  Global                              Global Defined In Module
      -----  --------------------------------   ------------------------
     00008000  _background3_tileset_metatiles     background3_tileset
     00008410  _background3_tileset_tiles         background3_tileset
     0000A090  _background3_tileset               background3_tileset
     0000A09C  _breakable_rock_tileset_metatile   breakable_rock_tileset
     0000A0A4  _breakable_rock_tileset_tiles      breakable_rock_tileset
     0000A124  _breakable_rock_tileset            breakable_rock_tileset
     0000A130  _field_tileset_metatiles           field_tileset
     0000A4F0  _field_tileset_tiles               field_tileset
     0000BC30  _field_tileset                     field_tileset
     0000BC3C  _waterfall_tileset_metatiles       waterfall_tileset
     0000BC4C  _waterfall_tileset_tiles           waterfall_tileset
     0000BCCC  _waterfall_tileset                 waterfall_tileset
ASxxxx Linker V03.00/V05.40 + sdld,  page 31.
Hexadecimal  [32-Bits]

Area                                    Addr        Size        Decimal Bytes (Attributes)
--------------------------------        ----        ----        ------- ----- ------------
_BANK4                              00008000    00000FB4 =        4020. bytes (REL,CON)

      Value  Global                              Global Defined In Module
      -----  --------------------------------   ------------------------
     00008000  _background3_metatile_map          background3
     00008460  _background3_map                   background3
     0000846A  _background3_test_metatile_map     background3_test
     000088CA  _background3_test_map              background3_test
     000088D4  _field_metatile_map                field
     00008F9C  _field_map                         field
     00008FA6  _waterfall_metatile_map            waterfall
     00008FAA  _waterfall_map                     waterfall

ASxxxx Linker V03.00/V05.40 + sdld,  page 32.

Files Linked                              [ module(s) ]

..\..\..\devkitSMS-master\/crt0/crt0_sms.rel
                                          [ crt0 ]
..\..\..\devkitSMS-master\/PSGlib//PSGlib.rel
                                          [ PSGlib ]
out\source\client\generated\gameobjecttemplates\bullet_template.rel
                                          [ bullet_template ]
out\source\client\generated\gameobjecttemplates\colortweaker_template.rel
                                          [ colortweaker_template ]
out\source\client\generated\gameobjecttemplates\commandrunner_rightscroll_template.rel
                                          [ commandrunner_rightscroll_templa ]
out\source\client\generated\gameobjecttemplates\explosion_template.rel
                                          [ explosion_template ]
out\source\client\generated\gameobjecttemplates\gun_girl_template.rel
                                          [ gun_girl_template ]
out\source\client\generated\gameobjecttemplates\impact_template.rel
                                          [ impact_template ]
out\source\client\generated\gameobjecttemplates\kunai_template.rel
                                          [ kunai_template ]
out\source\client\generated\gameobjecttemplates\robotrunner_template.rel
                                          [ robotrunner_template ]
out\source\client\generated\gameobjecttemplates\robotspring_template.rel
                                          [ robotspring_template ]
out\source\client\generated\gameobjecttemplates\rock_particle_template.rel
                                          [ rock_particle_template ]
out\source\client\generated\gameobjecttemplates\test_block_template.rel
                                          [ test_block_template ]
out\source\client\generated\gameobjecttemplates\walker_big_template.rel
                                          [ walker_big_template ]
out\source\client\generated\gameobjecttemplates\walker_small_template.rel
                                          [ walker_small_template ]
out\source\client\generated\gameobjecttemplates\walker_template.rel
                                          [ walker_template ]
out\source\client\exported\scenes\scene003.rel
                                          [ scene003 ]
out\source\client\exported\palettes\globalPalette.rel
                                          [ globalPalette ]
out\source\client\main.rel                [ main ]
out\source\client\tileset_functions.rel   [ tileset_functions ]
out\source\client\exported\sceneMasterTemp.rel
                                          [ sceneMasterTemp ]
out\source\client\generated\bank2.rel     [ bank2 ]
out\source\client\generated\resource_infos.rel
                                          [ resource_infos ]
out\source\client\objects\basic_effect.rel
                                          [ basic_effect ]
out\source\client\objects\bird.rel        [ bird ]
out\source\client\objects\bullet.rel      [ bullet ]
out\source\client\objects\color_tweaker.rel
                                          [ color_tweaker ]
out\source\client\objects\commandrunner_rightscroll.rel
                                          [ commandrunner_rightscroll ]
out\source\client\objects\enemy.rel       [ enemy ]
out\source\client\objects\kunai.rel       [ kunai ]
out\source\client\objects\on_resource_loaded_callback.rel
                                          [ on_resource_loaded_callback ]
out\source\client\objects\particle_effect.rel
                                          [ particle_effect ]
out\source\client\objects\player.rel      [ player ]
out\source\client\objects\right_scroller.rel
                                          [ right_scroller ]
out\source\client\objects\tile_animator.rel
                                          [ tile_animator ]
out\source\engine\animation_utils.rel     [ animation_utils ]
out\source\engine\commandrunner_runall.rel
                                          [ commandrunner_runall ]
out\source\engine\command_manager.rel     [ command_manager ]
out\source\engine\command_types.rel       [ command_types ]
out\source\engine\draw_utils.rel          [ draw_utils ]
out\source\engine\joystick_manager.rel    [ joystick_manager ]
out\source\engine\map_load.rel            [ map_load ]
out\source\engine\map_manager.rel         [ map_manager ]
out\source\engine\map_types.rel           [ map_types ]
out\source\engine\object_manager.rel      [ object_manager ]
out\source\engine\object_utils.rel        [ object_utils ]
out\source\engine\resource_manager.rel    [ resource_manager ]
out\source\engine\scene_manager.rel       [ scene_manager ]
out\source\engine\scroll_manager.rel      [ scroll_manager ]
out\source\engine\scroll_utils.rel        [ scroll_utils ]
out\source\engine\terrain_manager.rel     [ terrain_manager ]
out\source\engine\vdptile_manager.rel     [ vdptile_manager ]
out\source\engine\commands\background_commands.rel
                                          [ background_commands ]
out\source\engine\commands\set_palette_commands.rel
                                          [ set_palette_commands ]
out\source\client\exported\animations\bullet.rel
                                          [ bullet ]
out\source\client\exported\animations\colorTweaker.rel
                                          [ colorTweaker ]
out\source\client\exported\animations\colorTweakerCursor.rel
                                          [ colorTweakerCursor ]
out\source\client\exported\animations\explosion.rel
                                          [ explosion ]
out\source\client\exported\animations\gun_girl.rel
                                          [ gun_girl ]
out\source\client\exported\animations\impact.rel
                                          [ impact ]
out\source\client\exported\animations\kunai.rel
                                          [ kunai ]
out\source\client\exported\animations\robotrunner.rel
                                          [ robotrunner ]
out\source\client\exported\animations\robotspring.rel
                                          [ robotspring ]
out\source\client\exported\animations\rock_particle.rel
                                          [ rock_particle ]
out\source\client\exported\animations\test_block.rel
                                          [ test_block ]
out\source\client\exported\animations\walker.rel
                                          [ walker ]
out\source\client\exported\animations\walker_big.rel
                                          [ walker_big ]
out\source\client\exported\animations\walker_small.rel
                                          [ walker_small ]
out\source\client\exported\animations\waterfall.rel
                                          [ waterfall ]
out\source\client\generated\tilesets\background3_tileset.rel
                                          [ background3_tileset ]
out\source\client\generated\tilesets\breakable_rock_tileset.rel
                                          [ breakable_rock_tileset ]
out\source\client\generated\tilesets\field_tileset.rel
                                          [ field_tileset ]
out\source\client\generated\tilesets\waterfall_tileset.rel
                                          [ waterfall_tileset ]
out\source\client\exported\maps\background3.rel
                                          [ background3 ]
out\source\client\exported\maps\background3_test.rel
                                          [ background3_test ]
out\source\client\exported\maps\field.rel
                                          [ field ]
out\source\client\exported\maps\waterfall.rel
                                          [ waterfall ]


Libraries Linked                          [ object file ]

..\..\..\devkitSMS-master\/SMSlib/SMSlib.lib
                                          [ SMSlib.rel ]
..\..\..\devkitSMS-master\/SMSlib/SMSlib.lib
                                          [ SMSlib_VRAMmemset.rel ]
..\..\..\devkitSMS-master\/SMSlib/SMSlib.lib
                                          [ SMSlib_sprite.rel ]
C:\Program Files\SDCC\bin\..\lib\z80/z80.lib
                                          [ mul.rel ]
C:\Program Files\SDCC\bin\..\lib\z80/z80.lib
                                          [ __sdcc_call_hl.rel ]
..\..\..\devkitSMS-master\/SMSlib/SMSlib.lib
                                          [ SMSlib_debug.rel ]
..\..\..\devkitSMS-master\/SMSlib/SMSlib.lib
                                          [ SMSlib_UNSAFE.rel ]
..\..\..\devkitSMS-master\/SMSlib/SMSlib.lib
                                          [ SMSlib_VRAMmemcpy.rel ]
C:\Program Files\SDCC\bin\..\lib\z80/z80.lib
                                          [ __sdcc_call_iy.rel ]
..\..\..\devkitSMS-master\/SMSlib/SMSlib.lib
                                          [ SMSlib_autotext.rel ]
..\..\..\devkitSMS-master\/SMSlib/SMSlib.lib
                                          [ SMSlib_loadTileMapColumn.rel ]
..\..\..\devkitSMS-master\/SMSlib/SMSlib.lib
                                          [ SMSlib_load1bppTiles.rel ]
..\..\..\devkitSMS-master\/SMSlib/SMSlib.lib
                                          [ SMSlib_textrenderer.rel ]

ASxxxx Linker V03.00/V05.40 + sdld,  page 33.

User Base Address Definitions

_CODE = 0x0200
_DATA = 0xc000
_BANK3=0x8000
_BANK2=0x8000
_BANK4=0x8000

