ASxxxx Linker V03.00/V05.40 + sdld,  page 1.
Hexadecimal  [32-Bits]

Area                                    Addr        Size        Decimal Bytes (Attributes)
--------------------------------        ----        ----        ------- ----- ------------
.  .ABS.                            00000000    00000000 =           0. bytes (ABS,CON)

      Value  Global                              Global Defined In Module
      -----  --------------------------------   ------------------------
     00000000  .__.ABS.                           SMSlib_textrenderer
     00000000  l__BSEG                         
     00000000  l__BSS                          
     00000000  l__CABS                         
     00000000  l__DABS                         
     00000000  l__HEADER                       
     00000000  l__HEAP                         
     00000000  l__HOME                         
     00000000  s__CABS                         
     00000000  s__CABS0                        
     00000000  s__CABS1                        
     00000000  s__CABS2                        
     00000000  s__CABS3                        
     00000000  s__CABS4                        
     00000000  s__DABS                         
     00000000  s__HEADER                       
     00000000  s__HEADER0                      
     00000000  s__HEADER1                      
     00000000  s__HEADER2                      
     00000000  s__HEADER3                      
     00000000  s__HEADER4                      
     00000001  l__GSFINAL                      
     00000003  l__CABS1                        
     00000008  l__HEADER0                      
     00000009  l__HEADER1                      
     0000000F  l__GSINIT                       
     00000010  l__CABS0                        
     00000010  l__CABS2                        
     00000010  l__CABS4                        
     0000001F  l__HEADER2                      
     00000028  l__INITIALIZED                  
     00000028  l__INITIALIZER                  
     0000002B  l__CABS3                        
     0000002B  l__HEADER3                      
     00000104  l__HEADER4                      
     00000200  s__CODE                         
     00000478  l__BANK4                        
     000015E8  l__DATA                         
     000021CC  l__BANK3                        
     00002C38  l__BANK2                        
     00004EE2  l__CODE                         
     000050E2  s__HOME                         
     000050E2  s__INITIALIZER                  
     0000510A  s__GSINIT                       
     00005119  s__GSFINAL                      
     00008000  _SMS_SRAM                          SMSlib_textrenderer
     00008000  s__BANK2                        
     00008000  s__BANK3                        
     00008000  s__BANK4                        
     0000C000  s__DATA                         
ASxxxx Linker V03.00/V05.40 + sdld,  page 2.
Hexadecimal  [32-Bits]

Area                                    Addr        Size        Decimal Bytes (Attributes)
--------------------------------        ----        ----        ------- ----- ------------
.  .ABS.                            00000000    00000000 =           0. bytes (ABS,CON)

      Value  Global                              Global Defined In Module
      -----  --------------------------------   ------------------------
     0000D5E8  s__INITIALIZED                  
     0000D610  s__BSEG                         
     0000D610  s__BSS                          
     0000D610  s__HEAP                         
     0000FFFC  _SRAM_bank_to_be_mapped_on_slot2   SMSlib_textrenderer
     0000FFFD  _ROM_bank_to_be_mapped_on_slot0    SMSlib_textrenderer
     0000FFFE  _ROM_bank_to_be_mapped_on_slot1    SMSlib_textrenderer
     0000FFFF  _ROM_bank_to_be_mapped_on_slot2    SMSlib_textrenderer

ASxxxx Linker V03.00/V05.40 + sdld,  page 3.
Hexadecimal  [32-Bits]

Area                                    Addr        Size        Decimal Bytes (Attributes)
--------------------------------        ----        ----        ------- ----- ------------
_CODE                               00000200    00004EE2 =       20194. bytes (REL,CON)

      Value  Global                              Global Defined In Module
      -----  --------------------------------   ------------------------
     00000200  _PSGStop                           PSGlib
     00000227  _PSGResume                         PSGlib
     00000273  _PSGPlay                           PSGlib
     0000029E  _PSGPlayLoops                      PSGlib
     000002B5  _PSGCancelLoop                     PSGlib
     000002C0  _PSGPlayNoRepeat                   PSGlib
     000002CE  _PSGGetStatus                      PSGlib
     000002D2  _PSGSilenceChannels                PSGlib
     000002E3  _PSGRestoreVolumes                 PSGlib
     000003BC  _PSGSetMusicVolumeAttenuation      PSGlib
     00000496  _PSGSFXStop                        PSGlib
     00000559  _PSGSFXPlay                        PSGlib
     000005A9  _PSGSFXCancelLoop                  PSGlib
     000005AF  _PSGSFXGetStatus                   PSGlib
     000005B3  _PSGSFXPlayLoop                    PSGlib
     000005CE  _PSGFrame                          PSGlib
     000006F2  _PSGSFXFrame                       PSGlib
     00000778  _bullet_template                   bullet_template
     00000783  _commandrunner_rightscroll_templ   commandrunner_rightscroll_te
     0000078E  _explosion_template                explosion_template
     00000799  _gun_girl_template                 gun_girl_template
     000007A4  _impact_template                   impact_template
     000007AF  _kunai_template                    kunai_template
     000007BA  _robotrunner_template              robotrunner_template
     000007C5  _robotspring_template              robotspring_template
     000007D0  _rock_particle_template            rock_particle_template
     000007DB  _walker_big_template               walker_big_template
     000007E6  _walker_small_template             walker_small_template
     000007F1  _walker_template                   walker_template
     000007FC  _scene003_createInfoBootstrapper   scene003
     00000804  _scene003_createInfo2              scene003
     0000080C  _scene003_createInfo5              scene003
     00000817  _scene003_commands                 scene003
     00000865  _scene003                          scene003
     00000867  _globalPaletteValues               globalPalette
     00000877  _globalPalette                     globalPalette
     0000087A  _PSGUpdate                         main
     00000880  _main                              main
     00000936  _breakable_rock_tileset_TilesetF   tileset_functions
     00000A09  _sceneMasterTemp_createInfoBoots   sceneMasterTemp
     00000A11  _sceneMasterTemp_createInfo2       sceneMasterTemp
     00000A19  _sceneMasterTemp_createInfo5       sceneMasterTemp
     00000A1F  _sceneMasterTemp_createInfo6       sceneMasterTemp
     00000A25  _sceneMasterTemp_createInfo7       sceneMasterTemp
     00000A2B  _sceneMasterTemp_createInfo8       sceneMasterTemp
     00000A31  _sceneMasterTemp_createInfo9       sceneMasterTemp
     00000A37  _sceneMasterTemp_createInfo10      sceneMasterTemp
     00000A3D  _setTilesetPropertiesParams        sceneMasterTemp
     00000A42  _sceneMasterTemp_commands          sceneMasterTemp
     00000AC0  _sceneMasterTemp                   sceneMasterTemp
ASxxxx Linker V03.00/V05.40 + sdld,  page 4.
Hexadecimal  [32-Bits]

Area                                    Addr        Size        Decimal Bytes (Attributes)
--------------------------------        ----        ----        ------- ----- ------------
_CODE                               00000200    00004EE2 =       20194. bytes (REL,CON)

      Value  Global                              Global Defined In Module
      -----  --------------------------------   ------------------------
     00000AC2  _explosion_psg                     bank2
     00000ADD  _throw_psg                         bank2
     00000AF3  _hit_psg                           bank2
     00000B04  _background3_tilesetResourceInfo   resource_infos
     00000B07  _breakable_rock_tilesetResourceI   resource_infos
     00000B0A  _waterfall_tilesetResourceInfo     resource_infos
     00000B0D  _bulletResourceInfo                resource_infos
     00000B10  _explosionResourceInfo             resource_infos
     00000B13  _gun_girlResourceInfo              resource_infos
     00000B16  _impactResourceInfo                resource_infos
     00000B19  _kunaiResourceInfo                 resource_infos
     00000B1C  _robotrunnerResourceInfo           resource_infos
     00000B1F  _robotspringResourceInfo           resource_infos
     00000B22  _rock_particleResourceInfo         resource_infos
     00000B25  _walkerResourceInfo                resource_infos
     00000B28  _walker_bigResourceInfo            resource_infos
     00000B2B  _walker_smallResourceInfo          resource_infos
     00000B2E  _waterfallResourceInfo             resource_infos
     00000B31  _globalPaletteResourceInfo         resource_infos
     00000B34  _background3_mapResourceInfo       resource_infos
     00000B37  _waterfall_mapResourceInfo         resource_infos
     00000B3A  _BasicEffect_Init                  basic_effect
     00000B5C  _BasicEffect_Update                basic_effect
     00000C0F  _BasicEffect_Draw                  basic_effect
     00000C66  _Bird_Init                         bird
     00000C9D  _Bird_Update                       bird
     00000CDF  _Bird_Draw                         bird
     00000CE1  _Bullet_Init                       bullet
     00000DAD  _Bullet_Update                     bullet
     00001137  _Bullet_Draw                       bullet
     0000118E  _Bullet_HandleCollision            bullet
     0000124F  _CommandRunner_RightScroll_Init    commandrunner_rightscroll
     000012E9  _CommandRunner_RightScroll_Updat   commandrunner_rightscroll
     0000136E  _Enemy_Init                        enemy
     00001388  _Enemy_Update                      enemy
     000013B8  _Enemy_Draw                        enemy
     0000140F  _Enemy_HandleCollision             enemy
     0000149D  _Kunai_Init                        kunai
     000014C3  _EraseTiles                        kunai
     00001569  _Kunai_Update                      kunai
     000018F3  _Kunai_Draw                        kunai
     0000194A  _Kunai_HandleCollision             kunai
     00001A0B  _OnResourceLoaded                  on_resource_loaded_callback
     00001A1E  _ParticleEffect_Init               particle_effect
     00001A55  _ParticleEffect_Update             particle_effect
     00001B56  _ParticleEffect_Draw               particle_effect
     00001BDE  _setPlayerAnimation                player
     00001C7C  _playerStateFunctions              player
     00001C88  _setPlayerState                    player
     00001CF8  _Player_Init                       player
     00001D3F  _Player_FireWeapon                 player
ASxxxx Linker V03.00/V05.40 + sdld,  page 5.
Hexadecimal  [32-Bits]

Area                                    Addr        Size        Decimal Bytes (Attributes)
--------------------------------        ----        ----        ------- ----- ------------
_CODE                               00000200    00004EE2 =       20194. bytes (REL,CON)

      Value  Global                              Global Defined In Module
      -----  --------------------------------   ------------------------
     00001DE3  _Player_UpdateX                    player
     00002007  _Player_UpdateStand                player
     000020C4  _Player_UpdateRun                  player
     0000219E  _Player_UpdateFall                 player
     0000232B  _Player_UpdateJump                 player
     0000246D  _Player_UpdateDuck                 player
     0000251F  _Player_Update                     player
     000025C6  _Player_Draw                       player
     0000261D  _RightScroller_Init                right_scroller
     00002668  _RightScroll_Update                right_scroller
     0000278B  _RightScroll_UpdateVDP             right_scroller
     000027B9  _TileAnimator_Init                 tile_animator
     000027E2  _UpdateTiles                       tile_animator
     0000283A  _TileAnimator_Update               tile_animator
     00002857  _AnimationUtils_updateBatchedAni   animation_utils
     000028A4  _AnimationUtils_updateBatchedAni   animation_utils
     0000291E  _AnimationUtils_updateStreamedBa   animation_utils
     0000296B  _AnimationUtils_updatePlaneAnima   animation_utils
     000029AC  _AnimationUtils_updateTileAnimat   animation_utils
     000029EB  _AnimationUtils_setBatchedAnimat   animation_utils
     00002A2E  _Load_BatchedAnimationResource     animation_utils
     00002A56  _Load_StreamedBatchedAnimationRe   animation_utils
     00002A6F  _Load_PlaneAnimationResource       animation_utils
     00002A95  _Load_TileAnimationResource        animation_utils
     00002ABB  _Setup_BatchedAnimationResource    animation_utils
     00002B3E  _Setup_PlaneAnimationResource      animation_utils
     00002BC4  _Setup_TileAnimationResource       animation_utils
     00002C0F  _AnimationUtils_UpdateStreamedBa   animation_utils
     00002D3A  _CommandRunner_RunAll_Init         commandrunner_runall
     00002DAE  _commandrunner_runall_template     commandrunner_runall
     00002DB9  _DrawUtils_addSprite               draw_utils
     00002DDB  _DrawUtils_addTwoAdjoiningSprite   draw_utils
     00002E11  _DrawUtils_addThreeAdjoiningSpri   draw_utils
     00002E62  _DrawUtils_addFourAdjoiningSprit   draw_utils
     00002EC9  _DrawUtils_DrawBatched             draw_utils
     00002F4C  _DrawUtils_DrawStreamedBatched     draw_utils
     00002FDF  _drawToPlane                       draw_utils
     000032A0  _DrawUtils_DrawPlaneAnimationFra   draw_utils
     0000332A  _Load_MapResource                  map_load
     000033C0  _Load_TilesetResource              map_load
     000034AF  _Load_AnimatedTilesetResource      map_load
     00003566  _MapManager_SetTilesetProperties   map_manager
     000035BA  _ObjectManager_Init                object_manager
     00003638  _ObjectManager_Update              object_manager
     00003894  _ObjectManager_CreateObject        object_manager
     000038FB  _ApplyGameObjectTemplate           object_manager
     00003974  _ObjectManager_CreateObjectByTem   object_manager
     00003A33  _FindFreeGameObject                object_manager
     00003AAC  _ObjectManager_CreateObjectByCre   object_manager
     00003B60  _ObjectManager_DestroyObject       object_manager
     00003B77  _ObjectManagerUtils_doProjectCol   object_manager
ASxxxx Linker V03.00/V05.40 + sdld,  page 6.
Hexadecimal  [32-Bits]

Area                                    Addr        Size        Decimal Bytes (Attributes)
--------------------------------        ----        ----        ------- ----- ------------
_CODE                               00000200    00004EE2 =       20194. bytes (REL,CON)

      Value  Global                              Global Defined In Module
      -----  --------------------------------   ------------------------
     00003D12  _ObjectManager_QueueVDPDraw        object_manager
     00003D42  _ObjectManager_VDPDraw             object_manager
     00003D91  _ObjectUtils_gameObjectDoNothing   object_utils
     00003D92  _ObjectUtils_doNothing             object_utils
     00003D93  _ObjectUtils_twoGameObjectsDoNot   object_utils
     00003D94  _ObjectUtils_drawNothing           object_utils
     00003D96  _printResourceTypeName             resource_manager
     00003E73  _ResourceManager_Init              resource_manager
     00003ED6  _ResourceManager_LoadResource      resource_manager
     0000400D  _ResourceManager_SetupResource     resource_manager
     00004113  _ResourceManager_SetOnResourceLo   resource_manager
     00004117  _SceneManager_Init                 scene_manager
     0000413F  _ScrollUtils_buildColumn           scroll_utils
     00004780  _ScrollUtils_InitTilemap           scroll_utils
     000047EA  _TerrainManager_Init               terrain_manager
     00004816  _TerrainManager_UpdateTerrain      terrain_manager
     00004865  _VDPTileManager_Init               vdptile_manager
     00004870  _VDPTileManager_LoadSpriteTiles    vdptile_manager
     000048D2  _VDPTileManager_ReserveSpriteTil   vdptile_manager
     000048F6  _VDPTileManager_LoadBackgroundTi   vdptile_manager
     00004941  _SetBackgroundPalette              set_palette_commands
     000049A1  _SetSpritePalette                  set_palette_commands
     000049FD  _SMS_VRAMmemset_f                  SMSlib_VRAMmemset
     00004A19  _SMS_VRAMmemsetW                   SMSlib_VRAMmemset
     00004A2C  _SMS_init                          SMSlib
     00004A58  _VDPReg_init                       SMSlib
     00004A63  _SMS_VDPturnOnFeature              SMSlib
     00004A78  _SMS_VDPturnOffFeature             SMSlib
     00004A90  _SMS_setBGScrollX                  SMSlib
     00004A9A  _SMS_setBGScrollY                  SMSlib
     00004AA4  _SMS_setBackdropColor              SMSlib
     00004AAE  _SMS_useFirstHalfTilesforSprites   SMSlib
     00004AC4  _SMS_setSpriteMode                 SMSlib
     00004B11  _SMS_setBGPaletteColor             SMSlib
     00004B1E  _SMS_setSpritePaletteColor         SMSlib
     00004B2B  _SMS_loadBGPalette                 SMSlib
     00004B3F  _SMS_loadSpritePalette             SMSlib
     00004B53  _SMS_setColor                      SMSlib
     00004B57  _SMS_waitForVBlank                 SMSlib
     00004B64  _SMS_getKeysStatus                 SMSlib
     00004B69  _SMS_getKeysPressed                SMSlib
     00004B7E  _SMS_getKeysHeld                   SMSlib
     00004B91  _SMS_getKeysReleased               SMSlib
     00004BAA  _SMS_queryPauseRequested           SMSlib
     00004BAE  _SMS_resetPauseRequest             SMSlib
     00004BB4  _SMS_setFrameInterruptHandler      SMSlib
     00004BB8  _SMS_setLineInterruptHandler       SMSlib
     00004BBC  _SMS_setLineCounter                SMSlib
     00004BC6  _SMS_getVCount                     SMSlib
     00004BC9  _SMS_getHCount                     SMSlib
     00004BCC  _SMS_isr                           SMSlib
ASxxxx Linker V03.00/V05.40 + sdld,  page 7.
Hexadecimal  [32-Bits]

Area                                    Addr        Size        Decimal Bytes (Attributes)
--------------------------------        ----        ----        ------- ----- ------------
_CODE                               00000200    00004EE2 =       20194. bytes (REL,CON)

      Value  Global                              Global Defined In Module
      -----  --------------------------------   ------------------------
     00004C14  _SMS_nmi_isr                       SMSlib
     00004C1D  _SMS_initSprites                   SMSlib_sprite
     00004C23  _SMS_addSprite_f                   SMSlib_sprite
     00004C4E  _SMS_copySpritestoSAT              SMSlib_sprite
     00004C82  __mulint                           
     00004C84  __mul16                            
     00004C99  ___sdcc_call_hl                    
     00004C9A  _SMS_debugPrintf                   SMSlib_debug
     00004CAA  _UNSAFE_SMS_copySpritestoSAT       SMSlib_UNSAFE
     00004CF1  _UNSAFE_SMS_VRAMmemcpy32           SMSlib_UNSAFE
     00004CFA  _UNSAFE_SMS_VRAMmemcpy64           SMSlib_UNSAFE
     00004D03  _UNSAFE_SMS_VRAMmemcpy128          SMSlib_UNSAFE
     00004D0C  _SMS_VRAMmemcpy                    SMSlib_VRAMmemcpy
     00004D23  ___sdcc_call_iy                    
     00004D25  _SMS_autoSetUpTextRenderer         SMSlib_autotext
     00004D54  _devkitSMS_font__tiles__1bpp       SMSlib_autotext
     00005054  _SMS_loadTileMapColumnatAddr       SMSlib_loadTileMapColumn
     00005074  _SMS_load1bppTiles                 SMSlib_load1bppTiles
     000050D6  _SMS_configureTextRenderer         SMSlib_textrenderer
     000050DA  _putchar                           SMSlib_textrenderer

ASxxxx Linker V03.00/V05.40 + sdld,  page 8.
Hexadecimal  [32-Bits]

Area                                    Addr        Size        Decimal Bytes (Attributes)
--------------------------------        ----        ----        ------- ----- ------------
_HEADER0                            00000000    00000008 =           8. bytes (ABS,CON)

      Value  Global                              Global Defined In Module
      -----  --------------------------------   ------------------------
ASxxxx Linker V03.00/V05.40 + sdld,  page 9.
Hexadecimal  [32-Bits]

Area                                    Addr        Size        Decimal Bytes (Attributes)
--------------------------------        ----        ----        ------- ----- ------------
_HEADER1                            00000000    00000009 =           9. bytes (ABS,CON)

      Value  Global                              Global Defined In Module
      -----  --------------------------------   ------------------------
     00000008  _SMS_crt0_RST08                    crt0

ASxxxx Linker V03.00/V05.40 + sdld,  page 10.
Hexadecimal  [32-Bits]

Area                                    Addr        Size        Decimal Bytes (Attributes)
--------------------------------        ----        ----        ------- ----- ------------
_HEADER2                            00000000    0000001F =          31. bytes (ABS,CON)

      Value  Global                              Global Defined In Module
      -----  --------------------------------   ------------------------
     00000018  _SMS_crt0_RST18                    crt0
     0000002F  get_bank                           crt0
     00000033  set_bank                           crt0
ASxxxx Linker V03.00/V05.40 + sdld,  page 11.
Hexadecimal  [32-Bits]

Area                                    Addr        Size        Decimal Bytes (Attributes)
--------------------------------        ----        ----        ------- ----- ------------
_HEADER3                            00000000    0000002B =          43. bytes (ABS,CON)

      Value  Global                              Global Defined In Module
      -----  --------------------------------   ------------------------
ASxxxx Linker V03.00/V05.40 + sdld,  page 12.
Hexadecimal  [32-Bits]

Area                                    Addr        Size        Decimal Bytes (Attributes)
--------------------------------        ----        ----        ------- ----- ------------
_HEADER4                            00000000    00000104 =         260. bytes (ABS,CON)

      Value  Global                              Global Defined In Module
      -----  --------------------------------   ------------------------
     00000069  _OUTI128                           crt0
     000000E9  _OUTI64                            crt0
     00000129  _OUTI32                            crt0
     00000169  _outi_block                        crt0

ASxxxx Linker V03.00/V05.40 + sdld,  page 13.
Hexadecimal  [32-Bits]

Area                                    Addr        Size        Decimal Bytes (Attributes)
--------------------------------        ----        ----        ------- ----- ------------
_INITIALIZER                        000050E2    00000028 =          40. bytes (REL,CON)

      Value  Global                              Global Defined In Module
      -----  --------------------------------   ------------------------
ASxxxx Linker V03.00/V05.40 + sdld,  page 14.
Hexadecimal  [32-Bits]

Area                                    Addr        Size        Decimal Bytes (Attributes)
--------------------------------        ----        ----        ------- ----- ------------
_GSINIT                             0000510A    0000000F =          15. bytes (REL,CON)

      Value  Global                              Global Defined In Module
      -----  --------------------------------   ------------------------
     0000510A  gsinit                             crt0

ASxxxx Linker V03.00/V05.40 + sdld,  page 15.
Hexadecimal  [32-Bits]

Area                                    Addr        Size        Decimal Bytes (Attributes)
--------------------------------        ----        ----        ------- ----- ------------
_GSFINAL                            00005119    00000001 =           1. bytes (REL,CON)

      Value  Global                              Global Defined In Module
      -----  --------------------------------   ------------------------
ASxxxx Linker V03.00/V05.40 + sdld,  page 16.
Hexadecimal  [32-Bits]

Area                                    Addr        Size        Decimal Bytes (Attributes)
--------------------------------        ----        ----        ------- ----- ------------
_DATA                               0000C000    000015E8 =        5608. bytes (REL,CON)

      Value  Global                              Global Defined In Module
      -----  --------------------------------   ------------------------
     0000C000  _PSGMusicStatus                    PSGlib
     0000C001  _PSGMusicStart                     PSGlib
     0000C003  _PSGMusicPointer                   PSGlib
     0000C005  _PSGMusicLoopPoint                 PSGlib
     0000C007  _PSGMusicSkipFrames                PSGlib
     0000C008  _PSGLoopFlag                       PSGlib
     0000C009  _PSGLoopCounter                    PSGlib
     0000C00A  _PSGMusicLastLatch                 PSGlib
     0000C00B  _PSGMusicVolumeAttenuation         PSGlib
     0000C00C  _PSGMusicSubstringLen              PSGlib
     0000C00D  _PSGMusicSubstringRetAddr          PSGlib
     0000C00F  _PSGChan0Volume                    PSGlib
     0000C010  _PSGChan1Volume                    PSGlib
     0000C011  _PSGChan2Volume                    PSGlib
     0000C012  _PSGChan3Volume                    PSGlib
     0000C013  _PSGChan2LowTone                   PSGlib
     0000C014  _PSGChan2HighTone                  PSGlib
     0000C015  _PSGChan3LowTone                   PSGlib
     0000C016  _PSGChannel2SFX                    PSGlib
     0000C017  _PSGChannel3SFX                    PSGlib
     0000C018  _PSGSFXChan2Volume                 PSGlib
     0000C019  _PSGSFXChan3Volume                 PSGlib
     0000C01A  _PSGSFXStatus                      PSGlib
     0000C01B  _PSGSFXStart                       PSGlib
     0000C01D  _PSGSFXPointer                     PSGlib
     0000C01F  _PSGSFXLoopPoint                   PSGlib
     0000C021  _PSGSFXSkipFrames                  PSGlib
     0000C022  _PSGSFXLoopFlag                    PSGlib
     0000C023  _PSGSFXSubstringLen                PSGlib
     0000C024  _PSGSFXSubstringRetAddr            PSGlib
     0000C026  _playerX                           player
     0000C028  _playerY                           player
     0000C02A  _playerSpeedX                      player
     0000C02C  _playerSpeedY                      player
     0000C02E  _playerState                       player
     0000C02F  _isPlayerShooting                  player
     0000C030  _player_SubUpdate                  player
     0000C032  _buttonState                       player
     0000C034  _buttonsPressed                    player
     0000C036  _buttonsReleased                   player
     0000C038  _columnToUpdate                    right_scroller
     0000C03A  _terrainColumnToUpdate             right_scroller
     0000C03B  _CommandManager_commandRunnerObj   command_manager
     0000C05D  _CommandManager_currentCommand     command_manager
     0000C05F  _CommandRunner_counter             command_manager
     0000C061  _DrawUtils_spriteCounter           draw_utils
     0000C062  _DrawUtils_currentSpriteStrips     draw_utils
     0000C064  _DrawUtils_vdpTileIndex            draw_utils
     0000C065  _DrawUtils_screenX                 draw_utils
     0000C067  _DrawUtils_screenY                 draw_utils
ASxxxx Linker V03.00/V05.40 + sdld,  page 17.
Hexadecimal  [32-Bits]

Area                                    Addr        Size        Decimal Bytes (Attributes)
--------------------------------        ----        ----        ------- ----- ------------
_DATA                               0000C000    000015E8 =        5608. bytes (REL,CON)

      Value  Global                              Global Defined In Module
      -----  --------------------------------   ------------------------
     0000C069  _DrawUtils_spritesDrawn            draw_utils
     0000C06A  _x                                 draw_utils
     0000C06B  _y                                 draw_utils
     0000C06C  _buffer                            draw_utils
     0000C06E  _bufferWidth                       draw_utils
     0000C06F  _bufferHeight                      draw_utils
     0000C070  _vdpOffset                         draw_utils
     0000C072  _MapManager_numTilesets            map_manager
     0000C073  _MapManager_metatileLuts           map_manager
     0000C083  _MapManager_metatileLutsData       map_manager
     0000D083  _MapManager_metatileLutsDataSize   map_manager
     0000D085  _MapManager_tilesets               map_manager
     0000D0E5  _MapManager_tilesetVdpLocations    map_manager
     0000D0F5  _MapManager_tilesetFunctions       map_manager
     0000D105  _MapManager_tilesetGameObjectTem   map_manager
     0000D115  _MapManager_mapWidth               map_manager
     0000D117  _MapManager_mapHeight              map_manager
     0000D119  _MapManager_mapData                map_manager
     0000D11B  _MapManager_mapResourceInfo        map_manager
     0000D11D  _ObjectManager_player              object_manager
     0000D13F  _ObjectManager_projectileSlots     object_manager
     0000D1A5  _ObjectManager_enemySlots          object_manager
     0000D2B5  _ObjectManager_effectSlots         object_manager
     0000D3C5  _ObjectManager_numEffects          object_manager
     0000D3C6  _ObjectManager_activeProjectiles   object_manager
     0000D3CC  _ObjectManager_activeProjectiles   object_manager
     0000D3CD  _ObjectManager_currentEnemyIndex   object_manager
     0000D3CE  _ObjectManager_vdpDrawGameObject   object_manager
     0000D3DE  _ObjectManager_vdpDrawFunctions    object_manager
     0000D3EE  _ObjectManager_numVdpDrawItems     object_manager
     0000D3EF  _ResourceManager_loadFunctions     resource_manager
     0000D3FF  _ResourceManager_setupFunctions    resource_manager
     0000D40F  _ScrollManager_horizontalScrollL   scroll_manager
     0000D411  _ScrollManager_columnBuffer        scroll_manager
     0000D441  _ScrollUtils_mapColumnToBuild      scroll_utils
     0000D443  _TerrainManager_terrain            terrain_manager
     0000D503  _VDPTileManager_spriteTileLocati   vdptile_manager
     0000D505  _VDPTileManager_backgroundTileLo   vdptile_manager
     0000D507  _bulletVdpLocation                 bullet
     0000D508  _explosionVdpLocation              explosion
     0000D509  _gun_girlVdpLocation               gun_girl
     0000D50A  _impactVdpLocation                 impact
     0000D50B  _kunaiVdpLocation                  kunai
     0000D50C  _robotrunnerVdpLocation            robotrunner
     0000D50D  _robotspringVdpLocation            robotspring
     0000D50E  _rock_particleVdpLocation          rock_particle
     0000D50F  _walkerVdpLocation                 walker
     0000D510  _walker_bigVdpLocation             walker_big
     0000D511  _walker_smallVdpLocation           walker_small
     0000D512  _waterfallVdpLocation              waterfall
     0000D513  _background3_tilesetVdpLocation    background3_tileset
ASxxxx Linker V03.00/V05.40 + sdld,  page 18.
Hexadecimal  [32-Bits]

Area                                    Addr        Size        Decimal Bytes (Attributes)
--------------------------------        ----        ----        ------- ----- ------------
_DATA                               0000C000    000015E8 =        5608. bytes (REL,CON)

      Value  Global                              Global Defined In Module
      -----  --------------------------------   ------------------------
     0000D515  _breakable_rock_tilesetVdpLocati   breakable_rock_tileset
     0000D517  _waterfall_tilesetVdpLocation      waterfall_tileset
     0000D519  _VDPBlank                          SMSlib
     0000D51A  _SMS_VDPFlags                      SMSlib
     0000D51B  _PauseRequested                    SMSlib
     0000D51C  _SMS_Port3EBIOSvalue               SMSlib
     0000D51D  _SMS_theFrameInterruptHandler      SMSlib
     0000D51F  _KeysStatus                        SMSlib
     0000D521  _PreviousKeysStatus                SMSlib
     0000D523  _SMS_theLineInterruptHandler       SMSlib
     0000D525  _SpriteTableY                      SMSlib_sprite
     0000D565  _SpriteTableXN                     SMSlib_sprite
     0000D5E5  _SpriteNextFree                    SMSlib_sprite
     0000D5E6  _SMS_TextRenderer_offset           SMSlib_textrenderer

ASxxxx Linker V03.00/V05.40 + sdld,  page 19.
Hexadecimal  [32-Bits]

Area                                    Addr        Size        Decimal Bytes (Attributes)
--------------------------------        ----        ----        ------- ----- ------------
_INITIALIZED                        0000D5E8    00000028 =          40. bytes (REL,CON)

      Value  Global                              Global Defined In Module
      -----  --------------------------------   ------------------------
     0000D5E8  _updateAnimationStream             player
     0000D5E9  _oldBottomTileTypeLeft             player
     0000D5EB  _oldBottomTileTypeRight            player
     0000D5ED  _oldBlockY                         player
     0000D5EF  _drawSprite                        draw_utils
     0000D5F9  _ObjectManager_objectId            object_manager
     0000D5FA  _projectileFlicker                 object_manager
     0000D5FB  _ResourceManager_onResourceLoade   resource_manager
     0000D5FD  _ScrollManager_Update              scroll_manager
     0000D5FF  _ScrollManager_UpdateVDP           scroll_manager
     0000D601  _ScrollManager_speedX              scroll_manager
     0000D602  _ScrollManager_speedY              scroll_manager
     0000D603  _ScrollManager_horizontalScroll    scroll_manager
     0000D605  _ScrollManager_vdpHorizontalScro   scroll_manager
     0000D606  _ScrollManager_updateMapVDP        scroll_manager
     0000D607  _background3_tilesetResourceInfo   background3
     0000D609  _waterfall_tilesetResourceInfos    waterfall
     0000D60B  _VDPReg                            SMSlib
     0000D60D  _spritesHeight                     SMSlib
     0000D60E  _spritesWidth                      SMSlib
     0000D60F  _spritesTileOffset                 SMSlib
ASxxxx Linker V03.00/V05.40 + sdld,  page 20.
Hexadecimal  [32-Bits]

Area                                    Addr        Size        Decimal Bytes (Attributes)
--------------------------------        ----        ----        ------- ----- ------------
_CABS0                              00000000    00000010 =          16. bytes (ABS,CON)

      Value  Global                              Global Defined In Module
      -----  --------------------------------   ------------------------
     00007FF0  ___SMS__SEGA_signature             main

ASxxxx Linker V03.00/V05.40 + sdld,  page 21.
Hexadecimal  [32-Bits]

Area                                    Addr        Size        Decimal Bytes (Attributes)
--------------------------------        ----        ----        ------- ----- ------------
_CABS1                              00000000    00000003 =           3. bytes (ABS,CON)

      Value  Global                              Global Defined In Module
      -----  --------------------------------   ------------------------
     00007FDD  ___SMS__SDSC_author                main

ASxxxx Linker V03.00/V05.40 + sdld,  page 22.
Hexadecimal  [32-Bits]

Area                                    Addr        Size        Decimal Bytes (Attributes)
--------------------------------        ----        ----        ------- ----- ------------
_CABS2                              00000000    00000010 =          16. bytes (ABS,CON)

      Value  Global                              Global Defined In Module
      -----  --------------------------------   ------------------------
     00007FCD  ___SMS__SDSC_name                  main

ASxxxx Linker V03.00/V05.40 + sdld,  page 23.
Hexadecimal  [32-Bits]

Area                                    Addr        Size        Decimal Bytes (Attributes)
--------------------------------        ----        ----        ------- ----- ------------
_CABS3                              00000000    0000002B =          43. bytes (ABS,CON)

      Value  Global                              Global Defined In Module
      -----  --------------------------------   ------------------------
     00007FA2  ___SMS__SDSC_descr                 main

ASxxxx Linker V03.00/V05.40 + sdld,  page 24.
Hexadecimal  [32-Bits]

Area                                    Addr        Size        Decimal Bytes (Attributes)
--------------------------------        ----        ----        ------- ----- ------------
_CABS4                              00000000    00000010 =          16. bytes (ABS,CON)

      Value  Global                              Global Defined In Module
      -----  --------------------------------   ------------------------
     00007FE0  ___SMS__SDSC_signature             main

ASxxxx Linker V03.00/V05.40 + sdld,  page 25.
Hexadecimal  [32-Bits]

Area                                    Addr        Size        Decimal Bytes (Attributes)
--------------------------------        ----        ----        ------- ----- ------------
_BANK2                              00008000    00002C38 =       11320. bytes (REL,CON)

      Value  Global                              Global Defined In Module
      -----  --------------------------------   ------------------------
     00008000  _bulletTileData                    bullet
     00008040  _bulletFrame0SpriteStrips          bullet
     00008048  _bulletFrame0                      bullet
     0000804D  _bulletFrames                      bullet
     0000804F  _bullet                            bullet
     0000805B  _explosionTileData                 explosion
     000084DB  _explosionFrame0SpriteStrips       explosion
     000084E3  _explosionFrame1SpriteStrips       explosion
     000084EF  _explosionFrame2SpriteStrips       explosion
     000084FB  _explosionFrame0                   explosion
     00008500  _explosionFrame1                   explosion
     00008505  _explosionFrame2                   explosion
     0000850A  _explosionFrames                   explosion
     00008510  _explosion                         explosion
     0000851C  _gun_girlTileData                  gun_girl
     0000911C  _gun_girlFrame0SpriteStrips        gun_girl
     00009128  _gun_girlFrame1SpriteStrips        gun_girl
     00009134  _gun_girlFrame2SpriteStrips        gun_girl
     00009140  _gun_girlFrame3SpriteStrips        gun_girl
     0000914C  _gun_girlFrame4SpriteStrips        gun_girl
     00009158  _gun_girlFrame5SpriteStrips        gun_girl
     00009164  _gun_girlFrame6SpriteStrips        gun_girl
     00009170  _gun_girlFrame7SpriteStrips        gun_girl
     0000917C  _gun_girlFrame8SpriteStrips        gun_girl
     00009188  _gun_girlFrame9SpriteStrips        gun_girl
     00009194  _gun_girlFrame10SpriteStrips       gun_girl
     000091A0  _gun_girlFrame11SpriteStrips       gun_girl
     000091AC  _gun_girlFrame12SpriteStrips       gun_girl
     000091B8  _gun_girlFrame13SpriteStrips       gun_girl
     000091C4  _gun_girlFrame14SpriteStrips       gun_girl
     000091D0  _gun_girlFrame15SpriteStrips       gun_girl
     000091DC  _gun_girlFrame16SpriteStrips       gun_girl
     000091E8  _gun_girlFrame17SpriteStrips       gun_girl
     000091F4  _gun_girlFrame18SpriteStrips       gun_girl
     00009200  _gun_girlFrame19SpriteStrips       gun_girl
     0000920C  _gun_girlFrame20SpriteStrips       gun_girl
     00009218  _gun_girlFrame21SpriteStrips       gun_girl
     00009224  _gun_girlFrame22SpriteStrips       gun_girl
     00009230  _gun_girlFrame23SpriteStrips       gun_girl
     0000923C  _gun_girlFrame24SpriteStrips       gun_girl
     00009248  _gun_girlFrame25SpriteStrips       gun_girl
     00009254  _gun_girlFrame26SpriteStrips       gun_girl
     00009260  _gun_girlFrame27SpriteStrips       gun_girl
     0000926C  _gun_girlFrame0                    gun_girl
     00009271  _gun_girlFrame1                    gun_girl
     00009276  _gun_girlFrame2                    gun_girl
     0000927B  _gun_girlFrame3                    gun_girl
     00009280  _gun_girlFrame4                    gun_girl
     00009285  _gun_girlFrame5                    gun_girl
     0000928A  _gun_girlFrame6                    gun_girl
ASxxxx Linker V03.00/V05.40 + sdld,  page 26.
Hexadecimal  [32-Bits]

Area                                    Addr        Size        Decimal Bytes (Attributes)
--------------------------------        ----        ----        ------- ----- ------------
_BANK2                              00008000    00002C38 =       11320. bytes (REL,CON)

      Value  Global                              Global Defined In Module
      -----  --------------------------------   ------------------------
     0000928F  _gun_girlFrame7                    gun_girl
     00009294  _gun_girlFrame8                    gun_girl
     00009299  _gun_girlFrame9                    gun_girl
     0000929E  _gun_girlFrame10                   gun_girl
     000092A3  _gun_girlFrame11                   gun_girl
     000092A8  _gun_girlFrame12                   gun_girl
     000092AD  _gun_girlFrame13                   gun_girl
     000092B2  _gun_girlFrame14                   gun_girl
     000092B7  _gun_girlFrame15                   gun_girl
     000092BC  _gun_girlFrame16                   gun_girl
     000092C1  _gun_girlFrame17                   gun_girl
     000092C6  _gun_girlFrame18                   gun_girl
     000092CB  _gun_girlFrame19                   gun_girl
     000092D0  _gun_girlFrame20                   gun_girl
     000092D5  _gun_girlFrame21                   gun_girl
     000092DA  _gun_girlFrame22                   gun_girl
     000092DF  _gun_girlFrame23                   gun_girl
     000092E4  _gun_girlFrame24                   gun_girl
     000092E9  _gun_girlFrame25                   gun_girl
     000092EE  _gun_girlFrame26                   gun_girl
     000092F3  _gun_girlFrame27                   gun_girl
     000092F8  _gun_girlFrames                    gun_girl
     00009330  _gun_girl                          gun_girl
     0000933C  _impactTileData                    impact
     0000947C  _impactFrame0SpriteStrips          impact
     00009484  _impactFrame1SpriteStrips          impact
     0000948C  _impactFrame2SpriteStrips          impact
     00009494  _impactFrame0                      impact
     00009499  _impactFrame1                      impact
     0000949E  _impactFrame2                      impact
     000094A3  _impactFrames                      impact
     000094A9  _impact                            impact
     000094B5  _kunaiTileData                     kunai
     00009735  _kunaiFrame0SpriteStrips           kunai
     0000973D  _kunaiFrame1SpriteStrips           kunai
     00009745  _kunaiFrame2SpriteStrips           kunai
     0000974D  _kunaiFrame3SpriteStrips           kunai
     00009755  _kunaiFrame4SpriteStrips           kunai
     0000975D  _kunaiFrame5SpriteStrips           kunai
     00009765  _kunaiFrame6SpriteStrips           kunai
     0000976D  _kunaiFrame7SpriteStrips           kunai
     00009775  _kunaiFrame0                       kunai
     0000977A  _kunaiFrame1                       kunai
     0000977F  _kunaiFrame2                       kunai
     00009784  _kunaiFrame3                       kunai
     00009789  _kunaiFrame4                       kunai
     0000978E  _kunaiFrame5                       kunai
     00009793  _kunaiFrame6                       kunai
     00009798  _kunaiFrame7                       kunai
     0000979D  _kunaiFrames                       kunai
     000097AD  _kunai                             kunai
ASxxxx Linker V03.00/V05.40 + sdld,  page 27.
Hexadecimal  [32-Bits]

Area                                    Addr        Size        Decimal Bytes (Attributes)
--------------------------------        ----        ----        ------- ----- ------------
_BANK2                              00008000    00002C38 =       11320. bytes (REL,CON)

      Value  Global                              Global Defined In Module
      -----  --------------------------------   ------------------------
     000097B9  _robotrunnerTileData               robotrunner
     00009BB9  _robotrunnerFrame0SpriteStrips     robotrunner
     00009BC5  _robotrunnerFrame1SpriteStrips     robotrunner
     00009BD1  _robotrunnerFrame2SpriteStrips     robotrunner
     00009BDD  _robotrunnerFrame3SpriteStrips     robotrunner
     00009BE9  _robotrunnerFrame0                 robotrunner
     00009BEE  _robotrunnerFrame1                 robotrunner
     00009BF3  _robotrunnerFrame2                 robotrunner
     00009BF8  _robotrunnerFrame3                 robotrunner
     00009BFD  _robotrunnerFrames                 robotrunner
     00009C05  _robotrunner                       robotrunner
     00009C11  _robotspringTileData               robotspring
     00009E11  _robotspringFrame0SpriteStrips     robotspring
     00009E1D  _robotspringFrame1SpriteStrips     robotspring
     00009E29  _robotspringFrame2SpriteStrips     robotspring
     00009E35  _robotspringFrame0                 robotspring
     00009E3A  _robotspringFrame1                 robotspring
     00009E3F  _robotspringFrame2                 robotspring
     00009E44  _robotspringFrames                 robotspring
     00009E4A  _robotspring                       robotspring
     00009E56  _rock_particleTileData             rock_particle
     00009F56  _rock_particleFrame0SpriteStrips   rock_particle
     00009F5E  _rock_particleFrame1SpriteStrips   rock_particle
     00009F66  _rock_particleFrame2SpriteStrips   rock_particle
     00009F6E  _rock_particleFrame3SpriteStrips   rock_particle
     00009F76  _rock_particleFrame0               rock_particle
     00009F7B  _rock_particleFrame1               rock_particle
     00009F80  _rock_particleFrame2               rock_particle
     00009F85  _rock_particleFrame3               rock_particle
     00009F8A  _rock_particleFrames               rock_particle
     00009F92  _rock_particle                     rock_particle
     00009F9E  _walkerTileData                    walker
     0000A09E  _walkerFrame0SpriteStrips          walker
     0000A0A6  _walkerFrame1SpriteStrips          walker
     0000A0AE  _walkerFrame0                      walker
     0000A0B3  _walkerFrame1                      walker
     0000A0B8  _walkerFrames                      walker
     0000A0BC  _walker                            walker
     0000A0C8  _walker_bigTileData                walker_big
     0000A8C8  _walker_bigFrame0SpriteStrips      walker_big
     0000A8D4  _walker_bigFrame1SpriteStrips      walker_big
     0000A8E0  _walker_bigFrame2SpriteStrips      walker_big
     0000A8EC  _walker_bigFrame3SpriteStrips      walker_big
     0000A8F8  _walker_bigFrame4SpriteStrips      walker_big
     0000A904  _walker_bigFrame5SpriteStrips      walker_big
     0000A910  _walker_bigFrame6SpriteStrips      walker_big
     0000A91C  _walker_bigFrame7SpriteStrips      walker_big
     0000A928  _walker_bigFrame0                  walker_big
     0000A92D  _walker_bigFrame1                  walker_big
     0000A932  _walker_bigFrame2                  walker_big
     0000A937  _walker_bigFrame3                  walker_big
ASxxxx Linker V03.00/V05.40 + sdld,  page 28.
Hexadecimal  [32-Bits]

Area                                    Addr        Size        Decimal Bytes (Attributes)
--------------------------------        ----        ----        ------- ----- ------------
_BANK2                              00008000    00002C38 =       11320. bytes (REL,CON)

      Value  Global                              Global Defined In Module
      -----  --------------------------------   ------------------------
     0000A93C  _walker_bigFrame4                  walker_big
     0000A941  _walker_bigFrame5                  walker_big
     0000A946  _walker_bigFrame6                  walker_big
     0000A94B  _walker_bigFrame7                  walker_big
     0000A950  _walker_bigFrames                  walker_big
     0000A960  _walker_big                        walker_big
     0000A96C  _walker_smallTileData              walker_small
     0000A9EC  _walker_smallFrame0SpriteStrips    walker_small
     0000A9F4  _walker_smallFrame1SpriteStrips    walker_small
     0000A9FC  _walker_smallFrame0                walker_small
     0000AA01  _walker_smallFrame1                walker_small
     0000AA06  _walker_smallFrames                walker_small
     0000AA0A  _walker_small                      walker_small
     0000AA16  _waterfallTileData                 waterfall
     0000AC16  _waterfallFrame0                   waterfall
     0000AC1A  _waterfallFrame1                   waterfall
     0000AC1E  _waterfallFrame2                   waterfall
     0000AC22  _waterfallFrame3                   waterfall
     0000AC26  _waterfallFrames                   waterfall
     0000AC2E  _waterfall                         waterfall

ASxxxx Linker V03.00/V05.40 + sdld,  page 29.
Hexadecimal  [32-Bits]

Area                                    Addr        Size        Decimal Bytes (Attributes)
--------------------------------        ----        ----        ------- ----- ------------
_BANK3                              00008000    000021CC =        8652. bytes (REL,CON)

      Value  Global                              Global Defined In Module
      -----  --------------------------------   ------------------------
     00008000  _background3_tileset_metatiles     background3_tileset
     00008410  _background3_tileset_tiles         background3_tileset
     0000A090  _background3_tileset               background3_tileset
     0000A09C  _breakable_rock_tileset_metatile   breakable_rock_tileset
     0000A0A4  _breakable_rock_tileset_tiles      breakable_rock_tileset
     0000A124  _breakable_rock_tileset            breakable_rock_tileset
     0000A130  _waterfall_tileset_metatiles       waterfall_tileset
     0000A140  _waterfall_tileset_tiles           waterfall_tileset
     0000A1C0  _waterfall_tileset                 waterfall_tileset
ASxxxx Linker V03.00/V05.40 + sdld,  page 30.
Hexadecimal  [32-Bits]

Area                                    Addr        Size        Decimal Bytes (Attributes)
--------------------------------        ----        ----        ------- ----- ------------
_BANK4                              00008000    00000478 =        1144. bytes (REL,CON)

      Value  Global                              Global Defined In Module
      -----  --------------------------------   ------------------------
     00008000  _background3_metatile_map          background3
     00008460  _background3_map                   background3
     0000846A  _waterfall_metatile_map            waterfall
     0000846E  _waterfall_map                     waterfall

ASxxxx Linker V03.00/V05.40 + sdld,  page 31.

Files Linked                              [ module(s) ]

..\..\..\devkitSMS-master\/crt0/crt0_sms.rel
                                          [ crt0 ]
..\..\..\devkitSMS-master\/PSGlib//PSGlib.rel
                                          [ PSGlib ]
out\source\client\generated\gameobjecttemplates\bullet_template.rel
                                          [ bullet_template ]
out\source\client\generated\gameobjecttemplates\commandrunner_rightscroll_template.rel
                                          [ commandrunner_rightscroll_templa ]
out\source\client\generated\gameobjecttemplates\explosion_template.rel
                                          [ explosion_template ]
out\source\client\generated\gameobjecttemplates\gun_girl_template.rel
                                          [ gun_girl_template ]
out\source\client\generated\gameobjecttemplates\impact_template.rel
                                          [ impact_template ]
out\source\client\generated\gameobjecttemplates\kunai_template.rel
                                          [ kunai_template ]
out\source\client\generated\gameobjecttemplates\robotrunner_template.rel
                                          [ robotrunner_template ]
out\source\client\generated\gameobjecttemplates\robotspring_template.rel
                                          [ robotspring_template ]
out\source\client\generated\gameobjecttemplates\rock_particle_template.rel
                                          [ rock_particle_template ]
out\source\client\generated\gameobjecttemplates\walker_big_template.rel
                                          [ walker_big_template ]
out\source\client\generated\gameobjecttemplates\walker_small_template.rel
                                          [ walker_small_template ]
out\source\client\generated\gameobjecttemplates\walker_template.rel
                                          [ walker_template ]
out\source\client\exported\scenes\scene003.rel
                                          [ scene003 ]
out\source\client\exported\palettes\globalPalette.rel
                                          [ globalPalette ]
out\source\client\main.rel                [ main ]
out\source\client\tileset_functions.rel   [ tileset_functions ]
out\source\client\exported\sceneMasterTemp.rel
                                          [ sceneMasterTemp ]
out\source\client\generated\bank2.rel     [ bank2 ]
out\source\client\generated\resource_infos.rel
                                          [ resource_infos ]
out\source\client\objects\basic_effect.rel
                                          [ basic_effect ]
out\source\client\objects\bird.rel        [ bird ]
out\source\client\objects\bullet.rel      [ bullet ]
out\source\client\objects\commandrunner_rightscroll.rel
                                          [ commandrunner_rightscroll ]
out\source\client\objects\enemy.rel       [ enemy ]
out\source\client\objects\kunai.rel       [ kunai ]
out\source\client\objects\on_resource_loaded_callback.rel
                                          [ on_resource_loaded_callback ]
out\source\client\objects\particle_effect.rel
                                          [ particle_effect ]
out\source\client\objects\player.rel      [ player ]
out\source\client\objects\right_scroller.rel
                                          [ right_scroller ]
out\source\client\objects\tile_animator.rel
                                          [ tile_animator ]
out\source\engine\animation_utils.rel     [ animation_utils ]
out\source\engine\commandrunner_runall.rel
                                          [ commandrunner_runall ]
out\source\engine\command_manager.rel     [ command_manager ]
out\source\engine\command_types.rel       [ command_types ]
out\source\engine\draw_utils.rel          [ draw_utils ]
out\source\engine\map_load.rel            [ map_load ]
out\source\engine\map_manager.rel         [ map_manager ]
out\source\engine\map_types.rel           [ map_types ]
out\source\engine\object_manager.rel      [ object_manager ]
out\source\engine\object_utils.rel        [ object_utils ]
out\source\engine\resource_manager.rel    [ resource_manager ]
out\source\engine\scene_manager.rel       [ scene_manager ]
out\source\engine\scroll_manager.rel      [ scroll_manager ]
out\source\engine\scroll_utils.rel        [ scroll_utils ]
out\source\engine\terrain_manager.rel     [ terrain_manager ]
out\source\engine\vdptile_manager.rel     [ vdptile_manager ]
out\source\engine\commands\set_palette_commands.rel
                                          [ set_palette_commands ]
out\source\client\exported\animations\bullet.rel
                                          [ bullet ]
out\source\client\exported\animations\explosion.rel
                                          [ explosion ]
out\source\client\exported\animations\gun_girl.rel
                                          [ gun_girl ]
out\source\client\exported\animations\impact.rel
                                          [ impact ]
out\source\client\exported\animations\kunai.rel
                                          [ kunai ]
out\source\client\exported\animations\robotrunner.rel
                                          [ robotrunner ]
out\source\client\exported\animations\robotspring.rel
                                          [ robotspring ]
out\source\client\exported\animations\rock_particle.rel
                                          [ rock_particle ]
out\source\client\exported\animations\walker.rel
                                          [ walker ]
out\source\client\exported\animations\walker_big.rel
                                          [ walker_big ]
out\source\client\exported\animations\walker_small.rel
                                          [ walker_small ]
out\source\client\exported\animations\waterfall.rel
                                          [ waterfall ]
out\source\client\generated\tilesets\background3_tileset.rel
                                          [ background3_tileset ]
out\source\client\generated\tilesets\breakable_rock_tileset.rel
                                          [ breakable_rock_tileset ]
out\source\client\generated\tilesets\waterfall_tileset.rel
                                          [ waterfall_tileset ]
out\source\client\exported\maps\background3.rel
                                          [ background3 ]
out\source\client\exported\maps\waterfall.rel
                                          [ waterfall ]


Libraries Linked                          [ object file ]

..\..\..\devkitSMS-master\/SMSlib/SMSlib.lib
                                          [ SMSlib_VRAMmemset.rel ]
..\..\..\devkitSMS-master\/SMSlib/SMSlib.lib
                                          [ SMSlib.rel ]
..\..\..\devkitSMS-master\/SMSlib/SMSlib.lib
                                          [ SMSlib_sprite.rel ]
C:\Program Files\SDCC\bin\..\lib\z80/z80.lib
                                          [ mul.rel ]
C:\Program Files\SDCC\bin\..\lib\z80/z80.lib
                                          [ __sdcc_call_hl.rel ]
..\..\..\devkitSMS-master\/SMSlib/SMSlib.lib
                                          [ SMSlib_debug.rel ]
..\..\..\devkitSMS-master\/SMSlib/SMSlib.lib
                                          [ SMSlib_UNSAFE.rel ]
..\..\..\devkitSMS-master\/SMSlib/SMSlib.lib
                                          [ SMSlib_VRAMmemcpy.rel ]
C:\Program Files\SDCC\bin\..\lib\z80/z80.lib
                                          [ __sdcc_call_iy.rel ]
..\..\..\devkitSMS-master\/SMSlib/SMSlib.lib
                                          [ SMSlib_autotext.rel ]
..\..\..\devkitSMS-master\/SMSlib/SMSlib.lib
                                          [ SMSlib_loadTileMapColumn.rel ]
..\..\..\devkitSMS-master\/SMSlib/SMSlib.lib
                                          [ SMSlib_load1bppTiles.rel ]
..\..\..\devkitSMS-master\/SMSlib/SMSlib.lib
                                          [ SMSlib_textrenderer.rel ]

ASxxxx Linker V03.00/V05.40 + sdld,  page 32.

User Base Address Definitions

_CODE = 0x0200
_DATA = 0xc000
_BANK3=0x8000
_BANK2=0x8000
_BANK4=0x8000

