ASxxxx Linker V03.00/V05.40 + sdld,  page 1.
Hexadecimal  [32-Bits]

Area                                    Addr        Size        Decimal Bytes (Attributes)
--------------------------------        ----        ----        ------- ----- ------------
.  .ABS.                            00000000    00000000 =           0. bytes (ABS,CON)

      Value  Global                              Global Defined In Module
      -----  --------------------------------   ------------------------
     00000000  .__.ABS.                           SMSlib_textrenderer
     00000000  l__BSEG                         
     00000000  l__BSS                          
     00000000  l__CABS                         
     00000000  l__DABS                         
     00000000  l__HEADER                       
     00000000  l__HEAP                         
     00000000  l__HOME                         
     00000000  s__CABS                         
     00000000  s__CABS0                        
     00000000  s__CABS1                        
     00000000  s__CABS2                        
     00000000  s__CABS3                        
     00000000  s__CABS4                        
     00000000  s__DABS                         
     00000000  s__HEADER                       
     00000000  s__HEADER0                      
     00000000  s__HEADER1                      
     00000000  s__HEADER2                      
     00000000  s__HEADER3                      
     00000000  s__HEADER4                      
     00000001  l__GSFINAL                      
     00000003  l__CABS1                        
     00000008  l__HEADER0                      
     00000009  l__HEADER1                      
     0000000F  l__GSINIT                       
     00000010  l__CABS0                        
     00000010  l__CABS2                        
     00000010  l__CABS4                        
     0000001F  l__HEADER2                      
     0000002B  l__CABS3                        
     0000002B  l__HEADER3                      
     00000035  l__INITIALIZED                  
     00000035  l__INITIALIZER                  
     00000104  l__HEADER4                      
     00000200  s__CODE                         
     000006E5  l__BANK5                        
     0000159A  l__BANK2                        
     0000174C  l__BANK7                        
     000017CD  l__DATA                         
     0000187E  l__BANK4                        
     000019E2  l__BANK6                        
     00003CB8  l__BANK3                        
     00006E23  l__CODE                         
     00007023  s__HOME                         
     00007023  s__INITIALIZER                  
     00007058  s__GSINIT                       
     00007067  s__GSFINAL                      
     00008000  _SMS_SRAM                          SMSlib_textrenderer
     00008000  s__BANK2                        
ASxxxx Linker V03.00/V05.40 + sdld,  page 2.
Hexadecimal  [32-Bits]

Area                                    Addr        Size        Decimal Bytes (Attributes)
--------------------------------        ----        ----        ------- ----- ------------
.  .ABS.                            00000000    00000000 =           0. bytes (ABS,CON)

      Value  Global                              Global Defined In Module
      -----  --------------------------------   ------------------------
     00008000  s__BANK3                        
     00008000  s__BANK4                        
     00008000  s__BANK5                        
     00008000  s__BANK6                        
     00008000  s__BANK7                        
     0000C000  s__DATA                         
     0000D7CD  s__INITIALIZED                  
     0000D802  s__BSEG                         
     0000D802  s__BSS                          
     0000D802  s__HEAP                         
     0000FFFC  _SRAM_bank_to_be_mapped_on_slot2   SMSlib_textrenderer
     0000FFFD  _ROM_bank_to_be_mapped_on_slot0    SMSlib_textrenderer
     0000FFFE  _ROM_bank_to_be_mapped_on_slot1    SMSlib_textrenderer
     0000FFFF  _ROM_bank_to_be_mapped_on_slot2    SMSlib_textrenderer

ASxxxx Linker V03.00/V05.40 + sdld,  page 3.
Hexadecimal  [32-Bits]

Area                                    Addr        Size        Decimal Bytes (Attributes)
--------------------------------        ----        ----        ------- ----- ------------
_CODE                               00000200    00006E23 =       28195. bytes (REL,CON)

      Value  Global                              Global Defined In Module
      -----  --------------------------------   ------------------------
     00000200  _PSGStop                           PSGlib
     00000227  _PSGResume                         PSGlib
     00000273  _PSGPlay                           PSGlib
     0000029E  _PSGPlayLoops                      PSGlib
     000002B5  _PSGCancelLoop                     PSGlib
     000002C0  _PSGPlayNoRepeat                   PSGlib
     000002CE  _PSGGetStatus                      PSGlib
     000002D2  _PSGSilenceChannels                PSGlib
     000002E3  _PSGRestoreVolumes                 PSGlib
     000003BC  _PSGSetMusicVolumeAttenuation      PSGlib
     00000496  _PSGSFXStop                        PSGlib
     00000559  _PSGSFXPlay                        PSGlib
     000005A9  _PSGSFXCancelLoop                  PSGlib
     000005AF  _PSGSFXGetStatus                   PSGlib
     000005B3  _PSGSFXPlayLoop                    PSGlib
     000005CE  _PSGFrame                          PSGlib
     000006F2  _PSGSFXFrame                       PSGlib
     00000778  _bullet_template                   bullet_template
     00000785  _colortweaker_template             colortweaker_template
     00000792  _commandrunner_rightscroll_templ   commandrunner_rightscroll_te
     0000079F  _deliveryrobot_template            deliveryrobot_template
     000007AC  _explosion_template                explosion_template
     000007B9  _gun_girl_template                 gun_girl_template
     000007C6  _impact_template                   impact_template
     000007D3  _kunai_template                    kunai_template
     000007E0  _robotrunner_template              robotrunner_template
     000007ED  _robotspring_template              robotspring_template
     000007FA  _rock_particle_template            rock_particle_template
     00000807  _shotgun_item_template             shotgun_item_template
     00000814  _shotgun_template                  shotgun_template
     00000821  _test_block_template               test_block_template
     0000082E  _walker_big_template               walker_big_template
     0000083B  _walker_small_template             walker_small_template
     00000848  _walker_template                   walker_template
     00000855  _wheeler_template                  wheeler_template
     00000862  _scene003_createInfoBootstrapper   scene003
     0000086A  _scene003_createInfo3              scene003
     00000872  _scene003_createInfo6              scene003
     00000878  _scene003_createInfo7              scene003
     0000087E  _scene003_createInfo8              scene003
     00000884  _scene003_createInfo9              scene003
     0000088A  _scene003_createInfo10             scene003
     00000890  _scene003_createInfo11             scene003
     00000896  _scene003_createInfo12             scene003
     0000089C  _scene003_createInfo13             scene003
     000008A2  _scene003_createInfo14             scene003
     000008A8  _scene003_createInfo15             scene003
     000008AE  _scene003_createInfo16             scene003
     000008B4  _scene003_createInfo17             scene003
     000008BA  _scene003_createInfo18             scene003
ASxxxx Linker V03.00/V05.40 + sdld,  page 4.
Hexadecimal  [32-Bits]

Area                                    Addr        Size        Decimal Bytes (Attributes)
--------------------------------        ----        ----        ------- ----- ------------
_CODE                               00000200    00006E23 =       28195. bytes (REL,CON)

      Value  Global                              Global Defined In Module
      -----  --------------------------------   ------------------------
     000008C0  _scene003_createInfo19             scene003
     000008CB  _scene003_commands                 scene003
     00000985  _scene003                          scene003
     00000987  _globalPaletteValues               globalPalette
     00000997  _globalPalette                     globalPalette
     0000099A  _PSGUpdate                         main
     000009A0  _main                              main
     00000A61  _breakable_rock_tileset_TilesetF   tileset_functions
     00000B34  _WeaponManager_InitGame            weapon_manager
     00000B50  _WeaponManager_InitLevel           weapon_manager
     00000B51  _WeaponManager_SwitchWeapon        weapon_manager
     00000B76  _WeaponManager_FireDefault         weapon_manager
     00000BD3  _WeaponManager_FireDefaultVertic   weapon_manager
     00000C1F  _WeaponManager_FireShotgun         weapon_manager
     00000D26  _WeaponManager_FireShotgunVertic   weapon_manager
     00000DF5  _sceneMasterTemp_createInfoBoots   sceneMasterTemp
     00000DFD  _sceneMasterTemp_createInfo3       sceneMasterTemp
     00000E05  _sceneMasterTemp_createInfo6       sceneMasterTemp
     00000E0B  _sceneMasterTemp_createInfo7       sceneMasterTemp
     00000E11  _sceneMasterTemp_createInfo8       sceneMasterTemp
     00000E17  _sceneMasterTemp_createInfo9       sceneMasterTemp
     00000E1D  _sceneMasterTemp_createInfo10      sceneMasterTemp
     00000E23  _sceneMasterTemp_createInfo11      sceneMasterTemp
     00000E29  _sceneMasterTemp_createInfo12      sceneMasterTemp
     00000E2F  _sceneMasterTemp_createInfo13      sceneMasterTemp
     00000E35  _sceneMasterTemp_createInfo14      sceneMasterTemp
     00000E3B  _setTilesetPropertiesParams        sceneMasterTemp
     00000E40  _sceneMasterTemp_commands          sceneMasterTemp
     00000ECA  _sceneMasterTemp                   sceneMasterTemp
     00000ECC  _explosion_psg                     bank2
     00000EE7  _throw_psg                         bank2
     00000EFD  _hit_psg                           bank2
     00000F0E  _background3_tilesetResourceInfo   resource_infos
     00000F11  _breakable_rock_tilesetResourceI   resource_infos
     00000F14  _field_tilesetResourceInfo         resource_infos
     00000F17  _waterfall_tilesetResourceInfo     resource_infos
     00000F1A  _gun_girlResourceInfo              resource_infos
     00000F1D  _colorTweakerResourceInfo          resource_infos
     00000F20  _colorTweakerCursorResourceInfo    resource_infos
     00000F23  _explosionResourceInfo             resource_infos
     00000F26  _impactResourceInfo                resource_infos
     00000F29  _kunaiResourceInfo                 resource_infos
     00000F2C  _rock_particleResourceInfo         resource_infos
     00000F2F  _test_blockResourceInfo            resource_infos
     00000F32  _robotrunnerResourceInfo           resource_infos
     00000F35  _robotspringResourceInfo           resource_infos
     00000F38  _walkerResourceInfo                resource_infos
     00000F3B  _walker_bigResourceInfo            resource_infos
     00000F3E  _walker_smallResourceInfo          resource_infos
     00000F41  _wheelerResourceInfo               resource_infos
     00000F44  _bulletResourceInfo                resource_infos
ASxxxx Linker V03.00/V05.40 + sdld,  page 5.
Hexadecimal  [32-Bits]

Area                                    Addr        Size        Decimal Bytes (Attributes)
--------------------------------        ----        ----        ------- ----- ------------
_CODE                               00000200    00006E23 =       28195. bytes (REL,CON)

      Value  Global                              Global Defined In Module
      -----  --------------------------------   ------------------------
     00000F47  _deliveryrobotResourceInfo         resource_infos
     00000F4A  _shotgunResourceInfo               resource_infos
     00000F4D  _shotgun_itemResourceInfo          resource_infos
     00000F50  _waterfallResourceInfo             resource_infos
     00000F53  _globalPaletteResourceInfo         resource_infos
     00000F56  _background3_mapResourceInfo       resource_infos
     00000F59  _background3_test_mapResourceInf   resource_infos
     00000F5C  _field_mapResourceInfo             resource_infos
     00000F5F  _level_001_mapResourceInfo         resource_infos
     00000F62  _waterfall_mapResourceInfo         resource_infos
     00000F65  _BasicEffect_Init                  basic_effect
     00000F87  _BasicEffect_Update                basic_effect
     00001042  _BasicEffect_Draw                  basic_effect
     000010A6  _Bird_Init                         bird
     000010DD  _Bird_Update                       bird
     00001118  _Bird_Draw                         bird
     0000111A  _Bullet_Init                       bullet
     000011E6  _Bullet_Update                     bullet
     00001610  _Bullet_Draw                       bullet
     00001674  _Bullet_HandleCollision            bullet
     00001735  _ColorTweaker_Init                 color_tweaker
     00001863  _ColorTweaker_Update               color_tweaker
     00001CA7  _ColorTweaker_Draw                 color_tweaker
     00001E5C  _CommandRunner_RightScroll_Init    commandrunner_rightscroll
     00001EF8  _CommandRunner_RightScroll_Updat   commandrunner_rightscroll
     00001F76  _DeliveryRobot_Init                deliveryrobot
     00002022  _deliveryRobotMotionNodes          deliveryrobot
     0000204F  _deliveryRobotMotion               deliveryrobot
     00002054  _MotionUtils_updateMotion          deliveryrobot
     0000208C  _DeliveryRobot_Update              deliveryrobot
     00002175  _DeliveryRobot_Draw                deliveryrobot
     000021CB  _DeliveryRobot_HandleCollision     deliveryrobot
     00002398  _Enemy_Init                        enemy
     000023B2  _Enemy_Update                      enemy
     00002474  _Enemy_Draw                        enemy
     000024BD  _Enemy_HandleCollision             enemy
     0000254B  _Kunai_Init                        kunai
     00002571  _EraseTiles                        kunai
     00002617  _Kunai_Update                      kunai
     000029A9  _Kunai_Draw                        kunai
     00002A00  _Kunai_HandleCollision             kunai
     00002AC1  _OnResourceLoaded                  on_resource_loaded_callback
     00002AD4  _ParticleEffect_Init               particle_effect
     00002B0B  _ParticleEffect_Update             particle_effect
     00002C17  _ParticleEffect_Draw               particle_effect
     00002CAC  _setPlayerAnimation                player
     00002DFC  _playerStateFunctions              player
     00002E08  _setPlayerState                    player
     00002E83  _Player_Init                       player
     00002ED5  _Player_FireWeapon                 player
     00002FBE  _Player_UpdateX                    player
ASxxxx Linker V03.00/V05.40 + sdld,  page 6.
Hexadecimal  [32-Bits]

Area                                    Addr        Size        Decimal Bytes (Attributes)
--------------------------------        ----        ----        ------- ----- ------------
_CODE                               00000200    00006E23 =       28195. bytes (REL,CON)

      Value  Global                              Global Defined In Module
      -----  --------------------------------   ------------------------
     000031E2  _Player_UpdateStand                player
     000032B8  _Player_UpdateRun                  player
     000033AA  _Player_UpdateFall                 player
     0000356F  _Player_UpdateJump                 player
     000036D1  _Player_UpdateDuck                 player
     000037C2  _AnimationUtils_UpdateStreamedBa   player
     000037D4  _Player_Update                     player
     0000388A  _Player_Draw                       player
     000038E0  _RightScroller_Init                right_scroller
     0000392B  _RightScroll_Update                right_scroller
     00003A3D  _RightScroll_UpdateVDP             right_scroller
     00003A6B  _Shotgun_Init                      shotgun
     00003A91  _Shotgun_Update                    shotgun
     00003B95  _Shotgun_Draw                      shotgun
     00003BF9  _Shotgun_HandleCollision           shotgun
     00003CBA  _ShotgunItem_Init                  shotgun_item
     00003D04  _ShotgunItem_Update                shotgun_item
     00003DF7  _ShotgunItem_Sit                   shotgun_item
     00003DF8  _ShotgunItem_Fall                  shotgun_item
     00003ECF  _ShotgunItem_Draw                  shotgun_item
     00003F25  _ShotgunItem_HandleCollision       shotgun_item
     00003F2D  _TileAnimator_Init                 tile_animator
     00003F56  _UpdateTiles                       tile_animator
     00003FAF  _TileAnimator_Update               tile_animator
     00003FCC  _Wheeler_Init                      wheeler
     00004079  _Wheeler_Update                    wheeler
     00004154  _Wheeler_Roll                      wheeler
     000041CC  _Wheeler_Fall                      wheeler
     000042A3  _Wheeler_Draw                      wheeler
     000042F9  _Wheeler_HandleCollision           wheeler
     000044E7  _AnimationUtils_updateBatchedAni   animation_utils
     00004534  _AnimationUtils_updateBatchedAni   animation_utils
     000045AE  _AnimationUtils_updateStreamedBa   animation_utils
     000045FB  _AnimationUtils_updatePlaneAnima   animation_utils
     0000463C  _AnimationUtils_updateTileAnimat   animation_utils
     0000467B  _AnimationUtils_setBatchedAnimat   animation_utils
     000046BE  _Load_BatchedAnimationResource     animation_utils
     000046E6  _Load_StreamedBatchedAnimationRe   animation_utils
     000046FF  _Load_PlaneAnimationResource       animation_utils
     00004725  _Load_TileAnimationResource        animation_utils
     0000474B  _Setup_BatchedAnimationResource    animation_utils
     000047CE  _Setup_PlaneAnimationResource      animation_utils
     00004854  _Setup_TileAnimationResource       animation_utils
     0000489F  _AnimationUtils_UpdateStreamedBa   animation_utils
     0000499F  _CommandRunner_RunAll_Init         commandrunner_runall
     00004A13  _commandrunner_runall_template     commandrunner_runall
     00004A20  _DrawUtils_addSprite               draw_utils
     00004A42  _DrawUtils_addTwoAdjoiningSprite   draw_utils
     00004A78  _DrawUtils_addThreeAdjoiningSpri   draw_utils
     00004AC9  _DrawUtils_addFourAdjoiningSprit   draw_utils
     00004B30  _DrawUtils_DrawBatched             draw_utils
ASxxxx Linker V03.00/V05.40 + sdld,  page 7.
Hexadecimal  [32-Bits]

Area                                    Addr        Size        Decimal Bytes (Attributes)
--------------------------------        ----        ----        ------- ----- ------------
_CODE                               00000200    00006E23 =       28195. bytes (REL,CON)

      Value  Global                              Global Defined In Module
      -----  --------------------------------   ------------------------
     00004BB3  _DrawUtils_DrawStreamedBatched     draw_utils
     00004C46  _drawToPlane                       draw_utils
     00004F07  _DrawUtils_DrawPlaneAnimationFra   draw_utils
     00004F91  _JoystickManager_Update            joystick_manager
     00004FA7  _Load_MapResource                  map_load
     0000503D  _Load_TilesetResource              map_load
     0000512C  _Load_AnimatedTilesetResource      map_load
     000051E3  _MapManager_SetTilesetProperties   map_manager
     00005237  _ObjectManager_Init                object_manager
     000052C0  _ObjectManager_Update              object_manager
     0000570B  _ObjectManager_CreateObject        object_manager
     000057C5  _ApplyGameObjectTemplate           object_manager
     0000583E  _ObjectManager_CreateObjectByTem   object_manager
     00005921  _FindFreeGameObject                object_manager
     000059AA  _ObjectManager_CreateObjectByCre   object_manager
     00005AA1  _ObjectManager_DestroyObject       object_manager
     00005AB8  _ObjectManagerUtils_doProjectCol   object_manager
     00005C53  _ObjectManager_QueueVDPDraw        object_manager
     00005C83  _ObjectManager_VDPDraw             object_manager
     00005CD2  _ObjectUtils_gameObjectDoNothing   object_utils
     00005CD3  _ObjectUtils_doNothing             object_utils
     00005CD4  _ObjectUtils_twoGameObjectsDoNot   object_utils
     00005CD5  _ObjectUtils_drawNothing           object_utils
     00005CD7  _printResourceTypeName             resource_manager
     00005DB4  _ResourceManager_Init              resource_manager
     00005E17  _ResourceManager_LoadResource      resource_manager
     00005EFB  _ResourceManager_SetupResource     resource_manager
     00005FA5  _ResourceManager_SetOnResourceLo   resource_manager
     00005FA9  _SceneManager_Init                 scene_manager
     00005FD1  _ScrollUtils_buildColumn           scroll_utils
     000066C4  _ScrollUtils_InitTilemap           scroll_utils
     0000672E  _TerrainManager_Init               terrain_manager
     0000675A  _TerrainManager_UpdateTerrain      terrain_manager
     000067A9  _VDPTileManager_Init               vdptile_manager
     000067B6  _VDPTileManager_LoadSpriteTiles    vdptile_manager
     00006818  _VDPTileManager_ReserveSpriteTil   vdptile_manager
     0000683C  _VDPTileManager_LoadBackgroundTi   vdptile_manager
     0000687F  _SetBackgroundVerticalScroll       background_commands
     00006882  _SetBackgroundPalette              set_palette_commands
     000068E2  _SetSpritePalette                  set_palette_commands
     0000693E  _SMS_init                          SMSlib
     0000696A  _VDPReg_init                       SMSlib
     00006975  _SMS_VDPturnOnFeature              SMSlib
     0000698A  _SMS_VDPturnOffFeature             SMSlib
     000069A2  _SMS_setBGScrollX                  SMSlib
     000069AC  _SMS_setBGScrollY                  SMSlib
     000069B6  _SMS_setBackdropColor              SMSlib
     000069C0  _SMS_useFirstHalfTilesforSprites   SMSlib
     000069D6  _SMS_setSpriteMode                 SMSlib
     00006A23  _SMS_setBGPaletteColor             SMSlib
     00006A30  _SMS_setSpritePaletteColor         SMSlib
ASxxxx Linker V03.00/V05.40 + sdld,  page 8.
Hexadecimal  [32-Bits]

Area                                    Addr        Size        Decimal Bytes (Attributes)
--------------------------------        ----        ----        ------- ----- ------------
_CODE                               00000200    00006E23 =       28195. bytes (REL,CON)

      Value  Global                              Global Defined In Module
      -----  --------------------------------   ------------------------
     00006A3D  _SMS_loadBGPalette                 SMSlib
     00006A51  _SMS_loadSpritePalette             SMSlib
     00006A65  _SMS_setColor                      SMSlib
     00006A69  _SMS_waitForVBlank                 SMSlib
     00006A76  _SMS_getKeysStatus                 SMSlib
     00006A7B  _SMS_getKeysPressed                SMSlib
     00006A90  _SMS_getKeysHeld                   SMSlib
     00006AA3  _SMS_getKeysReleased               SMSlib
     00006ABC  _SMS_queryPauseRequested           SMSlib
     00006AC0  _SMS_resetPauseRequest             SMSlib
     00006AC6  _SMS_setFrameInterruptHandler      SMSlib
     00006ACA  _SMS_setLineInterruptHandler       SMSlib
     00006ACE  _SMS_setLineCounter                SMSlib
     00006AD8  _SMS_getVCount                     SMSlib
     00006ADB  _SMS_getHCount                     SMSlib
     00006ADE  _SMS_isr                           SMSlib
     00006B26  _SMS_nmi_isr                       SMSlib
     00006B2F  _SMS_VRAMmemset_f                  SMSlib_VRAMmemset
     00006B4B  _SMS_VRAMmemsetW                   SMSlib_VRAMmemset
     00006B5E  _SMS_initSprites                   SMSlib_sprite
     00006B64  _SMS_addSprite_f                   SMSlib_sprite
     00006B8F  _SMS_copySpritestoSAT              SMSlib_sprite
     00006BC3  __mulint                           
     00006BC5  __mul16                            
     00006BDA  ___sdcc_call_hl                    
     00006BDB  _SMS_debugPrintf                   SMSlib_debug
     00006BEB  _UNSAFE_SMS_copySpritestoSAT       SMSlib_UNSAFE
     00006C32  _UNSAFE_SMS_VRAMmemcpy32           SMSlib_UNSAFE
     00006C3B  _UNSAFE_SMS_VRAMmemcpy64           SMSlib_UNSAFE
     00006C44  _UNSAFE_SMS_VRAMmemcpy128          SMSlib_UNSAFE
     00006C4D  _SMS_VRAMmemcpy                    SMSlib_VRAMmemcpy
     00006C64  ___sdcc_call_iy                    
     00006C66  _SMS_autoSetUpTextRenderer         SMSlib_autotext
     00006C95  _devkitSMS_font__tiles__1bpp       SMSlib_autotext
     00006F95  _SMS_loadTileMapColumnatAddr       SMSlib_loadTileMapColumn
     00006FB5  _SMS_load1bppTiles                 SMSlib_load1bppTiles
     00007017  _SMS_configureTextRenderer         SMSlib_textrenderer
     0000701B  _putchar                           SMSlib_textrenderer

ASxxxx Linker V03.00/V05.40 + sdld,  page 9.
Hexadecimal  [32-Bits]

Area                                    Addr        Size        Decimal Bytes (Attributes)
--------------------------------        ----        ----        ------- ----- ------------
_HEADER0                            00000000    00000008 =           8. bytes (ABS,CON)

      Value  Global                              Global Defined In Module
      -----  --------------------------------   ------------------------
ASxxxx Linker V03.00/V05.40 + sdld,  page 10.
Hexadecimal  [32-Bits]

Area                                    Addr        Size        Decimal Bytes (Attributes)
--------------------------------        ----        ----        ------- ----- ------------
_HEADER1                            00000000    00000009 =           9. bytes (ABS,CON)

      Value  Global                              Global Defined In Module
      -----  --------------------------------   ------------------------
     00000008  _SMS_crt0_RST08                    crt0

ASxxxx Linker V03.00/V05.40 + sdld,  page 11.
Hexadecimal  [32-Bits]

Area                                    Addr        Size        Decimal Bytes (Attributes)
--------------------------------        ----        ----        ------- ----- ------------
_HEADER2                            00000000    0000001F =          31. bytes (ABS,CON)

      Value  Global                              Global Defined In Module
      -----  --------------------------------   ------------------------
     00000018  _SMS_crt0_RST18                    crt0
     0000002F  get_bank                           crt0
     00000033  set_bank                           crt0
ASxxxx Linker V03.00/V05.40 + sdld,  page 12.
Hexadecimal  [32-Bits]

Area                                    Addr        Size        Decimal Bytes (Attributes)
--------------------------------        ----        ----        ------- ----- ------------
_HEADER3                            00000000    0000002B =          43. bytes (ABS,CON)

      Value  Global                              Global Defined In Module
      -----  --------------------------------   ------------------------
ASxxxx Linker V03.00/V05.40 + sdld,  page 13.
Hexadecimal  [32-Bits]

Area                                    Addr        Size        Decimal Bytes (Attributes)
--------------------------------        ----        ----        ------- ----- ------------
_HEADER4                            00000000    00000104 =         260. bytes (ABS,CON)

      Value  Global                              Global Defined In Module
      -----  --------------------------------   ------------------------
     00000069  _OUTI128                           crt0
     000000E9  _OUTI64                            crt0
     00000129  _OUTI32                            crt0
     00000169  _outi_block                        crt0

ASxxxx Linker V03.00/V05.40 + sdld,  page 14.
Hexadecimal  [32-Bits]

Area                                    Addr        Size        Decimal Bytes (Attributes)
--------------------------------        ----        ----        ------- ----- ------------
_INITIALIZER                        00007023    00000035 =          53. bytes (REL,CON)

      Value  Global                              Global Defined In Module
      -----  --------------------------------   ------------------------
ASxxxx Linker V03.00/V05.40 + sdld,  page 15.
Hexadecimal  [32-Bits]

Area                                    Addr        Size        Decimal Bytes (Attributes)
--------------------------------        ----        ----        ------- ----- ------------
_GSINIT                             00007058    0000000F =          15. bytes (REL,CON)

      Value  Global                              Global Defined In Module
      -----  --------------------------------   ------------------------
     00007058  gsinit                             crt0

ASxxxx Linker V03.00/V05.40 + sdld,  page 16.
Hexadecimal  [32-Bits]

Area                                    Addr        Size        Decimal Bytes (Attributes)
--------------------------------        ----        ----        ------- ----- ------------
_GSFINAL                            00007067    00000001 =           1. bytes (REL,CON)

      Value  Global                              Global Defined In Module
      -----  --------------------------------   ------------------------
ASxxxx Linker V03.00/V05.40 + sdld,  page 17.
Hexadecimal  [32-Bits]

Area                                    Addr        Size        Decimal Bytes (Attributes)
--------------------------------        ----        ----        ------- ----- ------------
_DATA                               0000C000    000017CD =        6093. bytes (REL,CON)

      Value  Global                              Global Defined In Module
      -----  --------------------------------   ------------------------
     0000C000  _PSGMusicStatus                    PSGlib
     0000C001  _PSGMusicStart                     PSGlib
     0000C003  _PSGMusicPointer                   PSGlib
     0000C005  _PSGMusicLoopPoint                 PSGlib
     0000C007  _PSGMusicSkipFrames                PSGlib
     0000C008  _PSGLoopFlag                       PSGlib
     0000C009  _PSGLoopCounter                    PSGlib
     0000C00A  _PSGMusicLastLatch                 PSGlib
     0000C00B  _PSGMusicVolumeAttenuation         PSGlib
     0000C00C  _PSGMusicSubstringLen              PSGlib
     0000C00D  _PSGMusicSubstringRetAddr          PSGlib
     0000C00F  _PSGChan0Volume                    PSGlib
     0000C010  _PSGChan1Volume                    PSGlib
     0000C011  _PSGChan2Volume                    PSGlib
     0000C012  _PSGChan3Volume                    PSGlib
     0000C013  _PSGChan2LowTone                   PSGlib
     0000C014  _PSGChan2HighTone                  PSGlib
     0000C015  _PSGChan3LowTone                   PSGlib
     0000C016  _PSGChannel2SFX                    PSGlib
     0000C017  _PSGChannel3SFX                    PSGlib
     0000C018  _PSGSFXChan2Volume                 PSGlib
     0000C019  _PSGSFXChan3Volume                 PSGlib
     0000C01A  _PSGSFXStatus                      PSGlib
     0000C01B  _PSGSFXStart                       PSGlib
     0000C01D  _PSGSFXPointer                     PSGlib
     0000C01F  _PSGSFXLoopPoint                   PSGlib
     0000C021  _PSGSFXSkipFrames                  PSGlib
     0000C022  _PSGSFXLoopFlag                    PSGlib
     0000C023  _PSGSFXSubstringLen                PSGlib
     0000C024  _PSGSFXSubstringRetAddr            PSGlib
     0000C026  _WeaponManager_currentWeaponType   weapon_manager
     0000C027  _WeaponManager_FireWeapon          weapon_manager
     0000C029  _WeaponManager_FireWeaponVertica   weapon_manager
     0000C02B  _weaponFunctions                   weapon_manager
     0000C02F  _weaponVerticalFunctions           weapon_manager
     0000C033  _redChannel                        color_tweaker
     0000C043  _greenChannel                      color_tweaker
     0000C053  _blueChannel                       color_tweaker
     0000C063  _palette                           color_tweaker
     0000C073  _currentMotionNode                 deliveryrobot
     0000C075  _currentMotionNodeTime             deliveryrobot
     0000C076  _playerX                           player
     0000C078  _playerY                           player
     0000C07A  _playerSpeedX                      player
     0000C07C  _playerSpeedY                      player
     0000C07E  _playerState                       player
     0000C07F  _jumpPressCounter                  player
     0000C081  _jumpWhenLanding                   player
     0000C082  _canStillJumpFrames                player
     0000C083  _pointingUp                        player
ASxxxx Linker V03.00/V05.40 + sdld,  page 18.
Hexadecimal  [32-Bits]

Area                                    Addr        Size        Decimal Bytes (Attributes)
--------------------------------        ----        ----        ------- ----- ------------
_DATA                               0000C000    000017CD =        6093. bytes (REL,CON)

      Value  Global                              Global Defined In Module
      -----  --------------------------------   ------------------------
     0000C084  _pointingDown                      player
     0000C085  _isPlayerShooting                  player
     0000C086  _player_SubUpdate                  player
     0000C088  _columnToUpdate                    right_scroller
     0000C08A  _terrainColumnToUpdate             right_scroller
     0000C08B  _CommandManager_commandRunnerObj   command_manager
     0000C0BD  _CommandManager_currentCommand     command_manager
     0000C0BF  _CommandRunner_counter             command_manager
     0000C0C1  _DrawUtils_spriteCounter           draw_utils
     0000C0C2  _DrawUtils_currentSpriteStrips     draw_utils
     0000C0C4  _DrawUtils_vdpTileIndex            draw_utils
     0000C0C5  _DrawUtils_screenX                 draw_utils
     0000C0C7  _DrawUtils_screenY                 draw_utils
     0000C0C9  _DrawUtils_spritesDrawn            draw_utils
     0000C0CA  _x                                 draw_utils
     0000C0CB  _y                                 draw_utils
     0000C0CC  _buffer                            draw_utils
     0000C0CE  _bufferWidth                       draw_utils
     0000C0CF  _bufferHeight                      draw_utils
     0000C0D0  _vdpOffset                         draw_utils
     0000C0D2  _JoystickManager_buttonState       joystick_manager
     0000C0D4  _JoystickManager_buttonsPressed    joystick_manager
     0000C0D6  _JoystickManager_buttonsReleased   joystick_manager
     0000C0D8  _MapManager_numTilesets            map_manager
     0000C0D9  _MapManager_metatileLuts           map_manager
     0000C0E9  _MapManager_metatileLutsData       map_manager
     0000D0E9  _MapManager_metatileLutsDataSize   map_manager
     0000D0EB  _MapManager_tilesets               map_manager
     0000D14B  _MapManager_tilesetVdpLocations    map_manager
     0000D15B  _MapManager_tilesetFunctions       map_manager
     0000D16B  _MapManager_tilesetGameObjectTem   map_manager
     0000D17B  _MapManager_mapWidth               map_manager
     0000D17D  _MapManager_mapHeight              map_manager
     0000D17F  _MapManager_mapData                map_manager
     0000D181  _MapManager_mapResourceInfo        map_manager
     0000D183  _ObjectManager_player              object_manager
     0000D1B5  _ObjectManager_Item                object_manager
     0000D1E7  _ObjectManager_projectileSlots     object_manager
     0000D27D  _ObjectManager_enemySlots          object_manager
     0000D40D  _ObjectManager_effectSlots         object_manager
     0000D59D  _ObjectManager_numEffects          object_manager
     0000D59E  _ObjectManager_activeProjectiles   object_manager
     0000D5A4  _ObjectManager_activeProjectiles   object_manager
     0000D5A5  _ObjectManager_currentEnemyIndex   object_manager
     0000D5A6  _ObjectManager_vdpDrawGameObject   object_manager
     0000D5B6  _ObjectManager_vdpDrawFunctions    object_manager
     0000D5C6  _ObjectManager_numVdpDrawItems     object_manager
     0000D5C7  _ResourceManager_loadFunctions     resource_manager
     0000D5D7  _ResourceManager_setupFunctions    resource_manager
     0000D5E7  _ScrollManager_horizontalScrollL   scroll_manager
     0000D5E9  _ScrollManager_columnBuffer        scroll_manager
ASxxxx Linker V03.00/V05.40 + sdld,  page 19.
Hexadecimal  [32-Bits]

Area                                    Addr        Size        Decimal Bytes (Attributes)
--------------------------------        ----        ----        ------- ----- ------------
_DATA                               0000C000    000017CD =        6093. bytes (REL,CON)

      Value  Global                              Global Defined In Module
      -----  --------------------------------   ------------------------
     0000D61D  _ScrollUtils_mapColumnToBuild      scroll_utils
     0000D61F  _TerrainManager_terrain            terrain_manager
     0000D6DF  _VDPTileManager_spriteTileLocati   vdptile_manager
     0000D6E1  _VDPTileManager_backgroundTileLo   vdptile_manager
     0000D6E3  _colorTweakerVdpLocation           colorTweaker
     0000D6E4  _colorTweakerCursorVdpLocation     colorTweakerCursor
     0000D6E5  _explosionVdpLocation              explosion
     0000D6E6  _impactVdpLocation                 impact
     0000D6E7  _kunaiVdpLocation                  kunai
     0000D6E8  _rock_particleVdpLocation          rock_particle
     0000D6E9  _test_blockVdpLocation             test_block
     0000D6EA  _waterfallVdpLocation              waterfall
     0000D6EB  _background3_tilesetVdpLocation    background3_tileset
     0000D6ED  _breakable_rock_tilesetVdpLocati   breakable_rock_tileset
     0000D6EF  _field_tilesetVdpLocation          field_tileset
     0000D6F1  _waterfall_tilesetVdpLocation      waterfall_tileset
     0000D6F3  _bulletVdpLocation                 bullet
     0000D6F4  _deliveryrobotVdpLocation          deliveryrobot
     0000D6F5  _shotgunVdpLocation                shotgun
     0000D6F6  _shotgun_itemVdpLocation           shotgun_item
     0000D6F7  _robotrunnerVdpLocation            robotrunner
     0000D6F8  _robotspringVdpLocation            robotspring
     0000D6F9  _walkerVdpLocation                 walker
     0000D6FA  _walker_bigVdpLocation             walker_big
     0000D6FB  _walker_smallVdpLocation           walker_small
     0000D6FC  _wheelerVdpLocation                wheeler
     0000D6FD  _gun_girlVdpLocation               gun_girl
     0000D6FE  _VDPBlank                          SMSlib
     0000D6FF  _SMS_VDPFlags                      SMSlib
     0000D700  _PauseRequested                    SMSlib
     0000D701  _SMS_Port3EBIOSvalue               SMSlib
     0000D702  _SMS_theFrameInterruptHandler      SMSlib
     0000D704  _KeysStatus                        SMSlib
     0000D706  _PreviousKeysStatus                SMSlib
     0000D708  _SMS_theLineInterruptHandler       SMSlib
     0000D70A  _SpriteTableY                      SMSlib_sprite
     0000D74A  _SpriteTableXN                     SMSlib_sprite
     0000D7CA  _SpriteNextFree                    SMSlib_sprite
     0000D7CB  _SMS_TextRenderer_offset           SMSlib_textrenderer

ASxxxx Linker V03.00/V05.40 + sdld,  page 20.
Hexadecimal  [32-Bits]

Area                                    Addr        Size        Decimal Bytes (Attributes)
--------------------------------        ----        ----        ------- ----- ------------
_INITIALIZED                        0000D7CD    00000035 =          53. bytes (REL,CON)

      Value  Global                              Global Defined In Module
      -----  --------------------------------   ------------------------
     0000D7CD  _colortweaker_templateExtraResou   colortweaker_template
     0000D7D1  _updateAnimationStream             player
     0000D7D2  _oldBottomTileTypeLeft             player
     0000D7D4  _oldBottomTileTypeRight            player
     0000D7D6  _oldBlockY                         player
     0000D7D8  _drawSprite                        draw_utils
     0000D7E2  _ObjectManager_objectId            object_manager
     0000D7E3  _projectileFlicker                 object_manager
     0000D7E4  _drawOrderToggle                   object_manager
     0000D7E5  _ResourceManager_onResourceLoade   resource_manager
     0000D7E7  _ScrollManager_Update              scroll_manager
     0000D7E9  _ScrollManager_UpdateVDP           scroll_manager
     0000D7EB  _ScrollManager_horizontalScroll    scroll_manager
     0000D7ED  _ScrollManager_vdpHorizontalScro   scroll_manager
     0000D7EE  _ScrollManager_verticalScroll      scroll_manager
     0000D7F0  _ScrollManager_updateMapVDP        scroll_manager
     0000D7F1  _background3_tilesetResourceInfo   background3
     0000D7F3  _background3_test_tilesetResourc   background3_test
     0000D7F5  _field_tilesetResourceInfos        field
     0000D7F7  _level_001_tilesetResourceInfos    level_001
     0000D7FB  _waterfall_tilesetResourceInfos    waterfall
     0000D7FD  _VDPReg                            SMSlib
     0000D7FF  _spritesHeight                     SMSlib
     0000D800  _spritesWidth                      SMSlib
     0000D801  _spritesTileOffset                 SMSlib

ASxxxx Linker V03.00/V05.40 + sdld,  page 21.
Hexadecimal  [32-Bits]

Area                                    Addr        Size        Decimal Bytes (Attributes)
--------------------------------        ----        ----        ------- ----- ------------
_CABS0                              00000000    00000010 =          16. bytes (ABS,CON)

      Value  Global                              Global Defined In Module
      -----  --------------------------------   ------------------------
     00007FF0  ___SMS__SEGA_signature             main

ASxxxx Linker V03.00/V05.40 + sdld,  page 22.
Hexadecimal  [32-Bits]

Area                                    Addr        Size        Decimal Bytes (Attributes)
--------------------------------        ----        ----        ------- ----- ------------
_CABS1                              00000000    00000003 =           3. bytes (ABS,CON)

      Value  Global                              Global Defined In Module
      -----  --------------------------------   ------------------------
     00007FDD  ___SMS__SDSC_author                main

ASxxxx Linker V03.00/V05.40 + sdld,  page 23.
Hexadecimal  [32-Bits]

Area                                    Addr        Size        Decimal Bytes (Attributes)
--------------------------------        ----        ----        ------- ----- ------------
_CABS2                              00000000    00000010 =          16. bytes (ABS,CON)

      Value  Global                              Global Defined In Module
      -----  --------------------------------   ------------------------
     00007FCD  ___SMS__SDSC_name                  main

ASxxxx Linker V03.00/V05.40 + sdld,  page 24.
Hexadecimal  [32-Bits]

Area                                    Addr        Size        Decimal Bytes (Attributes)
--------------------------------        ----        ----        ------- ----- ------------
_CABS3                              00000000    0000002B =          43. bytes (ABS,CON)

      Value  Global                              Global Defined In Module
      -----  --------------------------------   ------------------------
     00007FA2  ___SMS__SDSC_descr                 main

ASxxxx Linker V03.00/V05.40 + sdld,  page 25.
Hexadecimal  [32-Bits]

Area                                    Addr        Size        Decimal Bytes (Attributes)
--------------------------------        ----        ----        ------- ----- ------------
_CABS4                              00000000    00000010 =          16. bytes (ABS,CON)

      Value  Global                              Global Defined In Module
      -----  --------------------------------   ------------------------
     00007FE0  ___SMS__SDSC_signature             main

ASxxxx Linker V03.00/V05.40 + sdld,  page 26.
Hexadecimal  [32-Bits]

Area                                    Addr        Size        Decimal Bytes (Attributes)
--------------------------------        ----        ----        ------- ----- ------------
_BANK2                              00008000    0000159A =        5530. bytes (REL,CON)

      Value  Global                              Global Defined In Module
      -----  --------------------------------   ------------------------
     00008000  _colorTweakerTileData              colorTweaker
     00008480  _colorTweakerFrame0SpriteStrips    colorTweaker
     00008490  _colorTweakerFrame1SpriteStrips    colorTweaker
     000084A0  _colorTweakerFrame2SpriteStrips    colorTweaker
     000084B0  _colorTweakerFrame3SpriteStrips    colorTweaker
     000084C0  _colorTweakerFrame4SpriteStrips    colorTweaker
     000084D0  _colorTweakerFrame5SpriteStrips    colorTweaker
     000084E0  _colorTweakerFrame6SpriteStrips    colorTweaker
     000084F0  _colorTweakerFrame7SpriteStrips    colorTweaker
     00008500  _colorTweakerFrame8SpriteStrips    colorTweaker
     00008510  _colorTweakerFrame9SpriteStrips    colorTweaker
     00008520  _colorTweakerFrame10SpriteStrips   colorTweaker
     00008530  _colorTweakerFrame11SpriteStrips   colorTweaker
     00008540  _colorTweakerFrame12SpriteStrips   colorTweaker
     00008550  _colorTweakerFrame13SpriteStrips   colorTweaker
     00008560  _colorTweakerFrame14SpriteStrips   colorTweaker
     00008570  _colorTweakerFrame15SpriteStrips   colorTweaker
     00008580  _colorTweakerFrame0                colorTweaker
     00008585  _colorTweakerFrame1                colorTweaker
     0000858A  _colorTweakerFrame2                colorTweaker
     0000858F  _colorTweakerFrame3                colorTweaker
     00008594  _colorTweakerFrame4                colorTweaker
     00008599  _colorTweakerFrame5                colorTweaker
     0000859E  _colorTweakerFrame6                colorTweaker
     000085A3  _colorTweakerFrame7                colorTweaker
     000085A8  _colorTweakerFrame8                colorTweaker
     000085AD  _colorTweakerFrame9                colorTweaker
     000085B2  _colorTweakerFrame10               colorTweaker
     000085B7  _colorTweakerFrame11               colorTweaker
     000085BC  _colorTweakerFrame12               colorTweaker
     000085C1  _colorTweakerFrame13               colorTweaker
     000085C6  _colorTweakerFrame14               colorTweaker
     000085CB  _colorTweakerFrame15               colorTweaker
     000085D0  _colorTweakerFrames                colorTweaker
     000085F0  _colorTweaker                      colorTweaker
     000085FC  _colorTweakerCursorTileData        colorTweakerCursor
     0000873C  _colorTweakerCursorFrame0SpriteS   colorTweakerCursor
     00008744  _colorTweakerCursorFrame1SpriteS   colorTweakerCursor
     0000874C  _colorTweakerCursorFrame2SpriteS   colorTweakerCursor
     00008754  _colorTweakerCursorFrame3SpriteS   colorTweakerCursor
     0000875C  _colorTweakerCursorFrame4SpriteS   colorTweakerCursor
     00008764  _colorTweakerCursorFrame0          colorTweakerCursor
     00008769  _colorTweakerCursorFrame1          colorTweakerCursor
     0000876E  _colorTweakerCursorFrame2          colorTweakerCursor
     00008773  _colorTweakerCursorFrame3          colorTweakerCursor
     00008778  _colorTweakerCursorFrame4          colorTweakerCursor
     0000877D  _colorTweakerCursorFrames          colorTweakerCursor
     00008787  _colorTweakerCursor                colorTweakerCursor
     00008793  _explosionTileData                 explosion
     00008C13  _explosionFrame0SpriteStrips       explosion
ASxxxx Linker V03.00/V05.40 + sdld,  page 27.
Hexadecimal  [32-Bits]

Area                                    Addr        Size        Decimal Bytes (Attributes)
--------------------------------        ----        ----        ------- ----- ------------
_BANK2                              00008000    0000159A =        5530. bytes (REL,CON)

      Value  Global                              Global Defined In Module
      -----  --------------------------------   ------------------------
     00008C1B  _explosionFrame1SpriteStrips       explosion
     00008C27  _explosionFrame2SpriteStrips       explosion
     00008C33  _explosionFrame0                   explosion
     00008C38  _explosionFrame1                   explosion
     00008C3D  _explosionFrame2                   explosion
     00008C42  _explosionFrames                   explosion
     00008C48  _explosion                         explosion
     00008C54  _impactTileData                    impact
     00008DD4  _impactFrame0SpriteStrips          impact
     00008DDC  _impactFrame1SpriteStrips          impact
     00008DE4  _impactFrame2SpriteStrips          impact
     00008DEC  _impactFrame0                      impact
     00008DF1  _impactFrame1                      impact
     00008DF6  _impactFrame2                      impact
     00008DFB  _impactFrames                      impact
     00008E01  _impact                            impact
     00008E0D  _kunaiTileData                     kunai
     0000908D  _kunaiFrame0SpriteStrips           kunai
     00009095  _kunaiFrame1SpriteStrips           kunai
     0000909D  _kunaiFrame2SpriteStrips           kunai
     000090A5  _kunaiFrame3SpriteStrips           kunai
     000090AD  _kunaiFrame4SpriteStrips           kunai
     000090B5  _kunaiFrame5SpriteStrips           kunai
     000090BD  _kunaiFrame6SpriteStrips           kunai
     000090C5  _kunaiFrame7SpriteStrips           kunai
     000090CD  _kunaiFrame0                       kunai
     000090D2  _kunaiFrame1                       kunai
     000090D7  _kunaiFrame2                       kunai
     000090DC  _kunaiFrame3                       kunai
     000090E1  _kunaiFrame4                       kunai
     000090E6  _kunaiFrame5                       kunai
     000090EB  _kunaiFrame6                       kunai
     000090F0  _kunaiFrame7                       kunai
     000090F5  _kunaiFrames                       kunai
     00009105  _kunai                             kunai
     00009111  _rock_particleTileData             rock_particle
     00009211  _rock_particleFrame0SpriteStrips   rock_particle
     00009219  _rock_particleFrame1SpriteStrips   rock_particle
     00009221  _rock_particleFrame2SpriteStrips   rock_particle
     00009229  _rock_particleFrame3SpriteStrips   rock_particle
     00009231  _rock_particleFrame0               rock_particle
     00009236  _rock_particleFrame1               rock_particle
     0000923B  _rock_particleFrame2               rock_particle
     00009240  _rock_particleFrame3               rock_particle
     00009245  _rock_particleFrames               rock_particle
     0000924D  _rock_particle                     rock_particle
     00009259  _test_blockTileData                test_block
     00009359  _test_blockFrame0SpriteStrips      test_block
     00009365  _test_blockFrame0                  test_block
     0000936A  _test_blockFrames                  test_block
     0000936C  _test_block                        test_block
ASxxxx Linker V03.00/V05.40 + sdld,  page 28.
Hexadecimal  [32-Bits]

Area                                    Addr        Size        Decimal Bytes (Attributes)
--------------------------------        ----        ----        ------- ----- ------------
_BANK2                              00008000    0000159A =        5530. bytes (REL,CON)

      Value  Global                              Global Defined In Module
      -----  --------------------------------   ------------------------
     00009378  _waterfallTileData                 waterfall
     00009578  _waterfallFrame0                   waterfall
     0000957C  _waterfallFrame1                   waterfall
     00009580  _waterfallFrame2                   waterfall
     00009584  _waterfallFrame3                   waterfall
     00009588  _waterfallFrames                   waterfall
     00009590  _waterfall                         waterfall
ASxxxx Linker V03.00/V05.40 + sdld,  page 29.
Hexadecimal  [32-Bits]

Area                                    Addr        Size        Decimal Bytes (Attributes)
--------------------------------        ----        ----        ------- ----- ------------
_BANK3                              00008000    00003CB8 =       15544. bytes (REL,CON)

      Value  Global                              Global Defined In Module
      -----  --------------------------------   ------------------------
     00008000  _background3_tileset_metatiles     background3_tileset
     00008410  _background3_tileset_tiles         background3_tileset
     0000A090  _background3_tileset               background3_tileset
     0000A09C  _breakable_rock_tileset_metatile   breakable_rock_tileset
     0000A0A4  _breakable_rock_tileset_tiles      breakable_rock_tileset
     0000A124  _breakable_rock_tileset            breakable_rock_tileset
     0000A130  _field_tileset_metatiles           field_tileset
     0000A4F0  _field_tileset_tiles               field_tileset
     0000BC10  _field_tileset                     field_tileset
     0000BC1C  _waterfall_tileset_metatiles       waterfall_tileset
     0000BC2C  _waterfall_tileset_tiles           waterfall_tileset
     0000BCAC  _waterfall_tileset                 waterfall_tileset
ASxxxx Linker V03.00/V05.40 + sdld,  page 30.
Hexadecimal  [32-Bits]

Area                                    Addr        Size        Decimal Bytes (Attributes)
--------------------------------        ----        ----        ------- ----- ------------
_BANK4                              00008000    0000187E =        6270. bytes (REL,CON)

      Value  Global                              Global Defined In Module
      -----  --------------------------------   ------------------------
     00008000  _background3_metatile_map          background3
     00008460  _background3_map                   background3
     0000846A  _background3_test_metatile_map     background3_test
     000088CA  _background3_test_map              background3_test
     000088D4  _field_metatile_map                field
     00008F9C  _field_map                         field
     00008FA6  _level_001_metatile_map            level_001
     00009866  _level_001_map                     level_001
     00009870  _waterfall_metatile_map            waterfall
     00009874  _waterfall_map                     waterfall

ASxxxx Linker V03.00/V05.40 + sdld,  page 31.
Hexadecimal  [32-Bits]

Area                                    Addr        Size        Decimal Bytes (Attributes)
--------------------------------        ----        ----        ------- ----- ------------
_BANK5                              00008000    000006E5 =        1765. bytes (REL,CON)

      Value  Global                              Global Defined In Module
      -----  --------------------------------   ------------------------
     00008000  _bulletTileData                    bullet
     00008040  _bulletFrame0SpriteStrips          bullet
     00008048  _bulletFrame0                      bullet
     0000804D  _bulletFrames                      bullet
     0000804F  _bullet                            bullet
     0000805B  _deliveryrobotTileData             deliveryrobot
     000084DB  _deliveryrobotFrame0SpriteStrips   deliveryrobot
     000084E7  _deliveryrobotFrame1SpriteStrips   deliveryrobot
     000084F3  _deliveryrobotFrame2SpriteStrips   deliveryrobot
     000084FF  _deliveryrobotFrame3SpriteStrips   deliveryrobot
     0000850B  _deliveryrobotFrame4SpriteStrips   deliveryrobot
     00008513  _deliveryrobotFrame5SpriteStrips   deliveryrobot
     0000851B  _deliveryrobotFrame0               deliveryrobot
     00008520  _deliveryrobotFrame1               deliveryrobot
     00008525  _deliveryrobotFrame2               deliveryrobot
     0000852A  _deliveryrobotFrame3               deliveryrobot
     0000852F  _deliveryrobotFrame4               deliveryrobot
     00008534  _deliveryrobotFrame5               deliveryrobot
     00008539  _deliveryrobotFrames               deliveryrobot
     00008545  _deliveryrobot                     deliveryrobot
     00008551  _shotgunTileData                   shotgun
     00008651  _shotgunFrame0SpriteStrips         shotgun
     00008659  _shotgunFrame1SpriteStrips         shotgun
     00008661  _shotgunFrame2SpriteStrips         shotgun
     00008669  _shotgunFrame0                     shotgun
     0000866E  _shotgunFrame1                     shotgun
     00008673  _shotgunFrame2                     shotgun
     00008678  _shotgunFrames                     shotgun
     0000867E  _shotgun                           shotgun
     0000868A  _shotgun_itemTileData              shotgun_item
     000086CA  _shotgun_itemFrame0SpriteStrips    shotgun_item
     000086D2  _shotgun_itemFrame0                shotgun_item
     000086D7  _shotgun_itemFrames                shotgun_item
     000086D9  _shotgun_item                      shotgun_item

ASxxxx Linker V03.00/V05.40 + sdld,  page 32.
Hexadecimal  [32-Bits]

Area                                    Addr        Size        Decimal Bytes (Attributes)
--------------------------------        ----        ----        ------- ----- ------------
_BANK6                              00008000    000019E2 =        6626. bytes (REL,CON)

      Value  Global                              Global Defined In Module
      -----  --------------------------------   ------------------------
     00008000  _robotrunnerTileData               robotrunner
     00008400  _robotrunnerFrame0SpriteStrips     robotrunner
     0000840C  _robotrunnerFrame1SpriteStrips     robotrunner
     00008418  _robotrunnerFrame2SpriteStrips     robotrunner
     00008424  _robotrunnerFrame3SpriteStrips     robotrunner
     00008430  _robotrunnerFrame0                 robotrunner
     00008435  _robotrunnerFrame1                 robotrunner
     0000843A  _robotrunnerFrame2                 robotrunner
     0000843F  _robotrunnerFrame3                 robotrunner
     00008444  _robotrunnerFrames                 robotrunner
     0000844C  _robotrunner                       robotrunner
     00008458  _robotspringTileData               robotspring
     00008658  _robotspringFrame0SpriteStrips     robotspring
     00008664  _robotspringFrame1SpriteStrips     robotspring
     00008670  _robotspringFrame2SpriteStrips     robotspring
     0000867C  _robotspringFrame0                 robotspring
     00008681  _robotspringFrame1                 robotspring
     00008686  _robotspringFrame2                 robotspring
     0000868B  _robotspringFrames                 robotspring
     00008691  _robotspring                       robotspring
     0000869D  _walkerTileData                    walker
     0000879D  _walkerFrame0SpriteStrips          walker
     000087A5  _walkerFrame1SpriteStrips          walker
     000087AD  _walkerFrame0                      walker
     000087B2  _walkerFrame1                      walker
     000087B7  _walkerFrames                      walker
     000087BB  _walker                            walker
     000087C7  _walker_bigTileData                walker_big
     00008FC7  _walker_bigFrame0SpriteStrips      walker_big
     00008FD3  _walker_bigFrame1SpriteStrips      walker_big
     00008FDF  _walker_bigFrame2SpriteStrips      walker_big
     00008FEB  _walker_bigFrame3SpriteStrips      walker_big
     00008FF7  _walker_bigFrame4SpriteStrips      walker_big
     00009003  _walker_bigFrame5SpriteStrips      walker_big
     0000900F  _walker_bigFrame6SpriteStrips      walker_big
     0000901B  _walker_bigFrame7SpriteStrips      walker_big
     00009027  _walker_bigFrame0                  walker_big
     0000902C  _walker_bigFrame1                  walker_big
     00009031  _walker_bigFrame2                  walker_big
     00009036  _walker_bigFrame3                  walker_big
     0000903B  _walker_bigFrame4                  walker_big
     00009040  _walker_bigFrame5                  walker_big
     00009045  _walker_bigFrame6                  walker_big
     0000904A  _walker_bigFrame7                  walker_big
     0000904F  _walker_bigFrames                  walker_big
     0000905F  _walker_big                        walker_big
     0000906B  _walker_smallTileData              walker_small
     000090EB  _walker_smallFrame0SpriteStrips    walker_small
     000090F3  _walker_smallFrame1SpriteStrips    walker_small
     000090FB  _walker_smallFrame0                walker_small
ASxxxx Linker V03.00/V05.40 + sdld,  page 33.
Hexadecimal  [32-Bits]

Area                                    Addr        Size        Decimal Bytes (Attributes)
--------------------------------        ----        ----        ------- ----- ------------
_BANK6                              00008000    000019E2 =        6626. bytes (REL,CON)

      Value  Global                              Global Defined In Module
      -----  --------------------------------   ------------------------
     00009100  _walker_smallFrame1                walker_small
     00009105  _walker_smallFrames                walker_small
     00009109  _walker_small                      walker_small
     00009115  _wheelerTileData                   wheeler
     00009915  _wheelerFrame0SpriteStrips         wheeler
     00009921  _wheelerFrame1SpriteStrips         wheeler
     0000992D  _wheelerFrame2SpriteStrips         wheeler
     00009939  _wheelerFrame3SpriteStrips         wheeler
     00009945  _wheelerFrame4SpriteStrips         wheeler
     00009951  _wheelerFrame5SpriteStrips         wheeler
     0000995D  _wheelerFrame6SpriteStrips         wheeler
     00009969  _wheelerFrame7SpriteStrips         wheeler
     00009971  _wheelerFrame8SpriteStrips         wheeler
     00009979  _wheelerFrame9SpriteStrips         wheeler
     00009981  _wheelerFrame10SpriteStrips        wheeler
     00009989  _wheelerFrame0                     wheeler
     0000998E  _wheelerFrame1                     wheeler
     00009993  _wheelerFrame2                     wheeler
     00009998  _wheelerFrame3                     wheeler
     0000999D  _wheelerFrame4                     wheeler
     000099A2  _wheelerFrame5                     wheeler
     000099A7  _wheelerFrame6                     wheeler
     000099AC  _wheelerFrame7                     wheeler
     000099B1  _wheelerFrame8                     wheeler
     000099B6  _wheelerFrame9                     wheeler
     000099BB  _wheelerFrame10                    wheeler
     000099C0  _wheelerFrames                     wheeler
     000099D6  _wheeler                           wheeler
ASxxxx Linker V03.00/V05.40 + sdld,  page 34.
Hexadecimal  [32-Bits]

Area                                    Addr        Size        Decimal Bytes (Attributes)
--------------------------------        ----        ----        ------- ----- ------------
_BANK7                              00008000    0000174C =        5964. bytes (REL,CON)

      Value  Global                              Global Defined In Module
      -----  --------------------------------   ------------------------
     00008000  _gun_girlTileData                  gun_girl
     00009400  _gun_girlFrame0SpriteStrips        gun_girl
     0000940C  _gun_girlFrame1SpriteStrips        gun_girl
     00009418  _gun_girlFrame2SpriteStrips        gun_girl
     00009424  _gun_girlFrame3SpriteStrips        gun_girl
     00009430  _gun_girlFrame4SpriteStrips        gun_girl
     0000943C  _gun_girlFrame5SpriteStrips        gun_girl
     00009448  _gun_girlFrame6SpriteStrips        gun_girl
     00009454  _gun_girlFrame7SpriteStrips        gun_girl
     00009460  _gun_girlFrame8SpriteStrips        gun_girl
     0000946C  _gun_girlFrame9SpriteStrips        gun_girl
     00009478  _gun_girlFrame10SpriteStrips       gun_girl
     00009484  _gun_girlFrame11SpriteStrips       gun_girl
     00009490  _gun_girlFrame12SpriteStrips       gun_girl
     0000949C  _gun_girlFrame13SpriteStrips       gun_girl
     000094AC  _gun_girlFrame14SpriteStrips       gun_girl
     000094B8  _gun_girlFrame15SpriteStrips       gun_girl
     000094C8  _gun_girlFrame16SpriteStrips       gun_girl
     000094D4  _gun_girlFrame17SpriteStrips       gun_girl
     000094E0  _gun_girlFrame18SpriteStrips       gun_girl
     000094EC  _gun_girlFrame19SpriteStrips       gun_girl
     000094F8  _gun_girlFrame20SpriteStrips       gun_girl
     00009504  _gun_girlFrame21SpriteStrips       gun_girl
     00009510  _gun_girlFrame22SpriteStrips       gun_girl
     00009520  _gun_girlFrame23SpriteStrips       gun_girl
     00009530  _gun_girlFrame24SpriteStrips       gun_girl
     00009540  _gun_girlFrame25SpriteStrips       gun_girl
     00009550  _gun_girlFrame26SpriteStrips       gun_girl
     00009560  _gun_girlFrame27SpriteStrips       gun_girl
     00009570  _gun_girlFrame28SpriteStrips       gun_girl
     00009580  _gun_girlFrame29SpriteStrips       gun_girl
     00009590  _gun_girlFrame30SpriteStrips       gun_girl
     000095A0  _gun_girlFrame31SpriteStrips       gun_girl
     000095B0  _gun_girlFrame32SpriteStrips       gun_girl
     000095C0  _gun_girlFrame33SpriteStrips       gun_girl
     000095D0  _gun_girlFrame34SpriteStrips       gun_girl
     000095E0  _gun_girlFrame35SpriteStrips       gun_girl
     000095F0  _gun_girlFrame36SpriteStrips       gun_girl
     00009600  _gun_girlFrame37SpriteStrips       gun_girl
     00009610  _gun_girlFrame38SpriteStrips       gun_girl
     0000961C  _gun_girlFrame39SpriteStrips       gun_girl
     00009628  _gun_girlFrame0                    gun_girl
     0000962D  _gun_girlFrame1                    gun_girl
     00009632  _gun_girlFrame2                    gun_girl
     00009637  _gun_girlFrame3                    gun_girl
     0000963C  _gun_girlFrame4                    gun_girl
     00009641  _gun_girlFrame5                    gun_girl
     00009646  _gun_girlFrame6                    gun_girl
     0000964B  _gun_girlFrame7                    gun_girl
     00009650  _gun_girlFrame8                    gun_girl
ASxxxx Linker V03.00/V05.40 + sdld,  page 35.
Hexadecimal  [32-Bits]

Area                                    Addr        Size        Decimal Bytes (Attributes)
--------------------------------        ----        ----        ------- ----- ------------
_BANK7                              00008000    0000174C =        5964. bytes (REL,CON)

      Value  Global                              Global Defined In Module
      -----  --------------------------------   ------------------------
     00009655  _gun_girlFrame9                    gun_girl
     0000965A  _gun_girlFrame10                   gun_girl
     0000965F  _gun_girlFrame11                   gun_girl
     00009664  _gun_girlFrame12                   gun_girl
     00009669  _gun_girlFrame13                   gun_girl
     0000966E  _gun_girlFrame14                   gun_girl
     00009673  _gun_girlFrame15                   gun_girl
     00009678  _gun_girlFrame16                   gun_girl
     0000967D  _gun_girlFrame17                   gun_girl
     00009682  _gun_girlFrame18                   gun_girl
     00009687  _gun_girlFrame19                   gun_girl
     0000968C  _gun_girlFrame20                   gun_girl
     00009691  _gun_girlFrame21                   gun_girl
     00009696  _gun_girlFrame22                   gun_girl
     0000969B  _gun_girlFrame23                   gun_girl
     000096A0  _gun_girlFrame24                   gun_girl
     000096A5  _gun_girlFrame25                   gun_girl
     000096AA  _gun_girlFrame26                   gun_girl
     000096AF  _gun_girlFrame27                   gun_girl
     000096B4  _gun_girlFrame28                   gun_girl
     000096B9  _gun_girlFrame29                   gun_girl
     000096BE  _gun_girlFrame30                   gun_girl
     000096C3  _gun_girlFrame31                   gun_girl
     000096C8  _gun_girlFrame32                   gun_girl
     000096CD  _gun_girlFrame33                   gun_girl
     000096D2  _gun_girlFrame34                   gun_girl
     000096D7  _gun_girlFrame35                   gun_girl
     000096DC  _gun_girlFrame36                   gun_girl
     000096E1  _gun_girlFrame37                   gun_girl
     000096E6  _gun_girlFrame38                   gun_girl
     000096EB  _gun_girlFrame39                   gun_girl
     000096F0  _gun_girlFrames                    gun_girl
     00009740  _gun_girl                          gun_girl

ASxxxx Linker V03.00/V05.40 + sdld,  page 36.

Files Linked                              [ module(s) ]

..\..\..\devkitSMS-master\/crt0/crt0_sms.rel
                                          [ crt0 ]
..\..\..\devkitSMS-master\/PSGlib//PSGlib.rel
                                          [ PSGlib ]
out\source\client\generated\gameobjecttemplates\bullet_template.rel
                                          [ bullet_template ]
out\source\client\generated\gameobjecttemplates\colortweaker_template.rel
                                          [ colortweaker_template ]
out\source\client\generated\gameobjecttemplates\commandrunner_rightscroll_template.rel
                                          [ commandrunner_rightscroll_templa ]
out\source\client\generated\gameobjecttemplates\deliveryrobot_template.rel
                                          [ deliveryrobot_template ]
out\source\client\generated\gameobjecttemplates\explosion_template.rel
                                          [ explosion_template ]
out\source\client\generated\gameobjecttemplates\gun_girl_template.rel
                                          [ gun_girl_template ]
out\source\client\generated\gameobjecttemplates\impact_template.rel
                                          [ impact_template ]
out\source\client\generated\gameobjecttemplates\kunai_template.rel
                                          [ kunai_template ]
out\source\client\generated\gameobjecttemplates\robotrunner_template.rel
                                          [ robotrunner_template ]
out\source\client\generated\gameobjecttemplates\robotspring_template.rel
                                          [ robotspring_template ]
out\source\client\generated\gameobjecttemplates\rock_particle_template.rel
                                          [ rock_particle_template ]
out\source\client\generated\gameobjecttemplates\shotgun_item_template.rel
                                          [ shotgun_item_template ]
out\source\client\generated\gameobjecttemplates\shotgun_template.rel
                                          [ shotgun_template ]
out\source\client\generated\gameobjecttemplates\test_block_template.rel
                                          [ test_block_template ]
out\source\client\generated\gameobjecttemplates\walker_big_template.rel
                                          [ walker_big_template ]
out\source\client\generated\gameobjecttemplates\walker_small_template.rel
                                          [ walker_small_template ]
out\source\client\generated\gameobjecttemplates\walker_template.rel
                                          [ walker_template ]
out\source\client\generated\gameobjecttemplates\wheeler_template.rel
                                          [ wheeler_template ]
out\source\client\exported\scenes\scene003.rel
                                          [ scene003 ]
out\source\client\exported\palettes\globalPalette.rel
                                          [ globalPalette ]
out\source\client\main.rel                [ main ]
out\source\client\tileset_functions.rel   [ tileset_functions ]
out\source\client\managers\weapon_manager.rel
                                          [ weapon_manager ]
out\source\client\exported\sceneMasterTemp.rel
                                          [ sceneMasterTemp ]
out\source\client\generated\bank2.rel     [ bank2 ]
out\source\client\generated\resource_infos.rel
                                          [ resource_infos ]
out\source\client\objects\basic_effect.rel
                                          [ basic_effect ]
out\source\client\objects\bird.rel        [ bird ]
out\source\client\objects\bullet.rel      [ bullet ]
out\source\client\objects\color_tweaker.rel
                                          [ color_tweaker ]
out\source\client\objects\commandrunner_rightscroll.rel
                                          [ commandrunner_rightscroll ]
out\source\client\objects\deliveryrobot.rel
                                          [ deliveryrobot ]
out\source\client\objects\enemy.rel       [ enemy ]
out\source\client\objects\kunai.rel       [ kunai ]
out\source\client\objects\on_resource_loaded_callback.rel
                                          [ on_resource_loaded_callback ]
out\source\client\objects\particle_effect.rel
                                          [ particle_effect ]
out\source\client\objects\player.rel      [ player ]
out\source\client\objects\right_scroller.rel
                                          [ right_scroller ]
out\source\client\objects\shotgun.rel     [ shotgun ]
out\source\client\objects\shotgun_item.rel
                                          [ shotgun_item ]
out\source\client\objects\tile_animator.rel
                                          [ tile_animator ]
out\source\client\objects\wheeler.rel     [ wheeler ]
out\source\engine\animation_utils.rel     [ animation_utils ]
out\source\engine\commandrunner_runall.rel
                                          [ commandrunner_runall ]
out\source\engine\command_manager.rel     [ command_manager ]
out\source\engine\command_types.rel       [ command_types ]
out\source\engine\draw_utils.rel          [ draw_utils ]
out\source\engine\joystick_manager.rel    [ joystick_manager ]
out\source\engine\map_load.rel            [ map_load ]
out\source\engine\map_manager.rel         [ map_manager ]
out\source\engine\map_types.rel           [ map_types ]
out\source\engine\object_manager.rel      [ object_manager ]
out\source\engine\object_utils.rel        [ object_utils ]
out\source\engine\resource_manager.rel    [ resource_manager ]
out\source\engine\scene_manager.rel       [ scene_manager ]
out\source\engine\scroll_manager.rel      [ scroll_manager ]
out\source\engine\scroll_utils.rel        [ scroll_utils ]
out\source\engine\terrain_manager.rel     [ terrain_manager ]
out\source\engine\vdptile_manager.rel     [ vdptile_manager ]
out\source\engine\commands\background_commands.rel
                                          [ background_commands ]
out\source\engine\commands\set_palette_commands.rel
                                          [ set_palette_commands ]
out\source\client\exported\animations\standard\colorTweaker.rel
                                          [ colorTweaker ]
out\source\client\exported\animations\standard\colorTweakerCursor.rel
                                          [ colorTweakerCursor ]
out\source\client\exported\animations\standard\explosion.rel
                                          [ explosion ]
out\source\client\exported\animations\standard\impact.rel
                                          [ impact ]
out\source\client\exported\animations\standard\kunai.rel
                                          [ kunai ]
out\source\client\exported\animations\standard\rock_particle.rel
                                          [ rock_particle ]
out\source\client\exported\animations\standard\test_block.rel
                                          [ test_block ]
out\source\client\exported\animations\animatedtilesets\waterfall.rel
                                          [ waterfall ]
out\source\client\generated\tilesets\background3_tileset.rel
                                          [ background3_tileset ]
out\source\client\generated\tilesets\breakable_rock_tileset.rel
                                          [ breakable_rock_tileset ]
out\source\client\generated\tilesets\field_tileset.rel
                                          [ field_tileset ]
out\source\client\generated\tilesets\waterfall_tileset.rel
                                          [ waterfall_tileset ]
out\source\client\exported\maps\background3.rel
                                          [ background3 ]
out\source\client\exported\maps\background3_test.rel
                                          [ background3_test ]
out\source\client\exported\maps\field.rel
                                          [ field ]
out\source\client\exported\maps\level_001.rel
                                          [ level_001 ]
out\source\client\exported\maps\waterfall.rel
                                          [ waterfall ]
out\source\client\exported\animations\weapons\bullet.rel
                                          [ bullet ]
out\source\client\exported\animations\weapons\deliveryrobot.rel
                                          [ deliveryrobot ]
out\source\client\exported\animations\weapons\shotgun.rel
                                          [ shotgun ]
out\source\client\exported\animations\weapons\shotgun_item.rel
                                          [ shotgun_item ]
out\source\client\exported\animations\enemies\robotrunner.rel
                                          [ robotrunner ]
out\source\client\exported\animations\enemies\robotspring.rel
                                          [ robotspring ]
out\source\client\exported\animations\enemies\walker.rel
                                          [ walker ]
out\source\client\exported\animations\enemies\walker_big.rel
                                          [ walker_big ]
out\source\client\exported\animations\enemies\walker_small.rel
                                          [ walker_small ]
out\source\client\exported\animations\enemies\wheeler.rel
                                          [ wheeler ]
out\source\client\exported\animations\streamed\gun_girl.rel
                                          [ gun_girl ]


Libraries Linked                          [ object file ]

..\..\..\devkitSMS-master\/SMSlib/SMSlib.lib
                                          [ SMSlib.rel ]
..\..\..\devkitSMS-master\/SMSlib/SMSlib.lib
                                          [ SMSlib_VRAMmemset.rel ]
..\..\..\devkitSMS-master\/SMSlib/SMSlib.lib
                                          [ SMSlib_sprite.rel ]
C:\Program Files\SDCC\bin\..\lib\z80/z80.lib
                                          [ mul.rel ]
C:\Program Files\SDCC\bin\..\lib\z80/z80.lib
                                          [ __sdcc_call_hl.rel ]
..\..\..\devkitSMS-master\/SMSlib/SMSlib.lib
                                          [ SMSlib_debug.rel ]
..\..\..\devkitSMS-master\/SMSlib/SMSlib.lib
                                          [ SMSlib_UNSAFE.rel ]
..\..\..\devkitSMS-master\/SMSlib/SMSlib.lib
                                          [ SMSlib_VRAMmemcpy.rel ]
C:\Program Files\SDCC\bin\..\lib\z80/z80.lib
                                          [ __sdcc_call_iy.rel ]
..\..\..\devkitSMS-master\/SMSlib/SMSlib.lib
                                          [ SMSlib_autotext.rel ]
..\..\..\devkitSMS-master\/SMSlib/SMSlib.lib
                                          [ SMSlib_loadTileMapColumn.rel ]
..\..\..\devkitSMS-master\/SMSlib/SMSlib.lib
                                          [ SMSlib_load1bppTiles.rel ]
..\..\..\devkitSMS-master\/SMSlib/SMSlib.lib
                                          [ SMSlib_textrenderer.rel ]

ASxxxx Linker V03.00/V05.40 + sdld,  page 37.

User Base Address Definitions

_CODE = 0x0200
_DATA = 0xc000
_BANK3=0x8000
_BANK7=0x8000
_BANK2=0x8000
_BANK6=0x8000
_BANK5=0x8000
_BANK4=0x8000

