ASxxxx Linker V03.00/V05.40 + sdld,  page 1.
Hexadecimal  [32-Bits]

Area                                    Addr        Size        Decimal Bytes (Attributes)
--------------------------------        ----        ----        ------- ----- ------------
.  .ABS.                            00000000    00000000 =           0. bytes (ABS,CON)

      Value  Global                              Global Defined In Module
      -----  --------------------------------   ------------------------
     00000000  .__.ABS.                           SMSlib_textrenderer
     00000000  l__BSEG                         
     00000000  l__BSS                          
     00000000  l__CABS                         
     00000000  l__DABS                         
     00000000  l__HEADER                       
     00000000  l__HEAP                         
     00000000  l__HOME                         
     00000000  s__CABS                         
     00000000  s__CABS0                        
     00000000  s__CABS1                        
     00000000  s__CABS2                        
     00000000  s__CABS3                        
     00000000  s__CABS4                        
     00000000  s__DABS                         
     00000000  s__HEADER                       
     00000000  s__HEADER0                      
     00000000  s__HEADER1                      
     00000000  s__HEADER2                      
     00000000  s__HEADER3                      
     00000000  s__HEADER4                      
     00000001  l__GSFINAL                      
     00000003  l__CABS1                        
     00000008  l__HEADER0                      
     00000009  l__HEADER1                      
     0000000F  l__GSINIT                       
     00000010  l__CABS0                        
     00000010  l__CABS2                        
     00000010  l__CABS4                        
     0000001F  l__HEADER2                      
     0000002B  l__CABS3                        
     0000002B  l__HEADER3                      
     0000002C  l__INITIALIZED                  
     0000002C  l__INITIALIZER                  
     00000104  l__HEADER4                      
     00000200  s__CODE                         
     000008E2  l__BANK4                        
     000016EB  l__DATA                         
     000021CC  l__BANK3                        
     000033AE  l__BANK2                        
     00005196  l__CODE                         
     00005396  s__HOME                         
     00005396  s__INITIALIZER                  
     000053C2  s__GSINIT                       
     000053D1  s__GSFINAL                      
     00008000  _SMS_SRAM                          SMSlib_textrenderer
     00008000  s__BANK2                        
     00008000  s__BANK3                        
     00008000  s__BANK4                        
     0000C000  s__DATA                         
ASxxxx Linker V03.00/V05.40 + sdld,  page 2.
Hexadecimal  [32-Bits]

Area                                    Addr        Size        Decimal Bytes (Attributes)
--------------------------------        ----        ----        ------- ----- ------------
.  .ABS.                            00000000    00000000 =           0. bytes (ABS,CON)

      Value  Global                              Global Defined In Module
      -----  --------------------------------   ------------------------
     0000D6EB  s__INITIALIZED                  
     0000D717  s__BSEG                         
     0000D717  s__BSS                          
     0000D717  s__HEAP                         
     0000FFFC  _SRAM_bank_to_be_mapped_on_slot2   SMSlib_textrenderer
     0000FFFD  _ROM_bank_to_be_mapped_on_slot0    SMSlib_textrenderer
     0000FFFE  _ROM_bank_to_be_mapped_on_slot1    SMSlib_textrenderer
     0000FFFF  _ROM_bank_to_be_mapped_on_slot2    SMSlib_textrenderer

ASxxxx Linker V03.00/V05.40 + sdld,  page 3.
Hexadecimal  [32-Bits]

Area                                    Addr        Size        Decimal Bytes (Attributes)
--------------------------------        ----        ----        ------- ----- ------------
_CODE                               00000200    00005196 =       20886. bytes (REL,CON)

      Value  Global                              Global Defined In Module
      -----  --------------------------------   ------------------------
     00000200  _PSGStop                           PSGlib
     00000227  _PSGResume                         PSGlib
     00000273  _PSGPlay                           PSGlib
     0000029E  _PSGPlayLoops                      PSGlib
     000002B5  _PSGCancelLoop                     PSGlib
     000002C0  _PSGPlayNoRepeat                   PSGlib
     000002CE  _PSGGetStatus                      PSGlib
     000002D2  _PSGSilenceChannels                PSGlib
     000002E3  _PSGRestoreVolumes                 PSGlib
     000003BC  _PSGSetMusicVolumeAttenuation      PSGlib
     00000496  _PSGSFXStop                        PSGlib
     00000559  _PSGSFXPlay                        PSGlib
     000005A9  _PSGSFXCancelLoop                  PSGlib
     000005AF  _PSGSFXGetStatus                   PSGlib
     000005B3  _PSGSFXPlayLoop                    PSGlib
     000005CE  _PSGFrame                          PSGlib
     000006F2  _PSGSFXFrame                       PSGlib
     00000778  _bullet_template                   bullet_template
     00000785  _colortweaker_template             colortweaker_template
     00000792  _commandrunner_rightscroll_templ   commandrunner_rightscroll_te
     0000079F  _explosion_template                explosion_template
     000007AC  _gun_girl_template                 gun_girl_template
     000007B9  _impact_template                   impact_template
     000007C6  _kunai_template                    kunai_template
     000007D3  _robotrunner_template              robotrunner_template
     000007E0  _robotspring_template              robotspring_template
     000007ED  _rock_particle_template            rock_particle_template
     000007FA  _test_block_template               test_block_template
     00000807  _walker_big_template               walker_big_template
     00000814  _walker_small_template             walker_small_template
     00000821  _walker_template                   walker_template
     0000082E  _scene003_createInfoBootstrapper   scene003
     00000836  _scene003_createInfo2              scene003
     0000083E  _scene003_createInfo5              scene003
     00000844  _scene003_createInfo6              scene003
     0000084A  _scene003_createInfo7              scene003
     00000850  _scene003_createInfo8              scene003
     00000856  _scene003_createInfo9              scene003
     0000085C  _scene003_createInfo10             scene003
     00000862  _scene003_createInfo11             scene003
     00000868  _scene003_createInfo12             scene003
     0000086E  _scene003_createInfo13             scene003
     00000874  _scene003_createInfo14             scene003
     0000087F  _scene003_commands                 scene003
     0000090F  _scene003                          scene003
     00000911  _globalPaletteValues               globalPalette
     00000921  _globalPalette                     globalPalette
     00000924  _PSGUpdate                         main
     0000092A  _main                              main
     000009E0  _breakable_rock_tileset_TilesetF   tileset_functions
ASxxxx Linker V03.00/V05.40 + sdld,  page 4.
Hexadecimal  [32-Bits]

Area                                    Addr        Size        Decimal Bytes (Attributes)
--------------------------------        ----        ----        ------- ----- ------------
_CODE                               00000200    00005196 =       20886. bytes (REL,CON)

      Value  Global                              Global Defined In Module
      -----  --------------------------------   ------------------------
     00000AB3  _sceneMasterTemp_createInfoBoots   sceneMasterTemp
     00000ABB  _sceneMasterTemp_createInfo2       sceneMasterTemp
     00000AC3  _sceneMasterTemp_createInfo5       sceneMasterTemp
     00000AC9  _sceneMasterTemp_createInfo6       sceneMasterTemp
     00000ACF  _sceneMasterTemp_createInfo7       sceneMasterTemp
     00000AD5  _sceneMasterTemp_createInfo8       sceneMasterTemp
     00000ADB  _sceneMasterTemp_createInfo9       sceneMasterTemp
     00000AE1  _sceneMasterTemp_createInfo10      sceneMasterTemp
     00000AE7  _sceneMasterTemp_createInfo11      sceneMasterTemp
     00000AED  _sceneMasterTemp_createInfo12      sceneMasterTemp
     00000AF3  _sceneMasterTemp_createInfo13      sceneMasterTemp
     00000AF9  _sceneMasterTemp_createInfo14      sceneMasterTemp
     00000AFF  _setTilesetPropertiesParams        sceneMasterTemp
     00000B04  _sceneMasterTemp_commands          sceneMasterTemp
     00000B94  _sceneMasterTemp                   sceneMasterTemp
     00000B96  _explosion_psg                     bank2
     00000BB1  _throw_psg                         bank2
     00000BC7  _hit_psg                           bank2
     00000BD8  _background3_tilesetResourceInfo   resource_infos
     00000BDB  _breakable_rock_tilesetResourceI   resource_infos
     00000BDE  _waterfall_tilesetResourceInfo     resource_infos
     00000BE1  _bulletResourceInfo                resource_infos
     00000BE4  _colorTweakerResourceInfo          resource_infos
     00000BE7  _colorTweakerCursorResourceInfo    resource_infos
     00000BEA  _explosionResourceInfo             resource_infos
     00000BED  _gun_girlResourceInfo              resource_infos
     00000BF0  _impactResourceInfo                resource_infos
     00000BF3  _kunaiResourceInfo                 resource_infos
     00000BF6  _robotrunnerResourceInfo           resource_infos
     00000BF9  _robotspringResourceInfo           resource_infos
     00000BFC  _rock_particleResourceInfo         resource_infos
     00000BFF  _test_blockResourceInfo            resource_infos
     00000C02  _walkerResourceInfo                resource_infos
     00000C05  _walker_bigResourceInfo            resource_infos
     00000C08  _walker_smallResourceInfo          resource_infos
     00000C0B  _waterfallResourceInfo             resource_infos
     00000C0E  _globalPaletteResourceInfo         resource_infos
     00000C11  _background3_mapResourceInfo       resource_infos
     00000C14  _background3_test_mapResourceInf   resource_infos
     00000C17  _waterfall_mapResourceInfo         resource_infos
     00000C1A  _BasicEffect_Init                  basic_effect
     00000C3C  _BasicEffect_Update                basic_effect
     00000CEA  _BasicEffect_Draw                  basic_effect
     00000D41  _Bird_Init                         bird
     00000D78  _Bird_Update                       bird
     00000DB3  _Bird_Draw                         bird
     00000DB5  _Bullet_Init                       bullet
     00000E81  _Bullet_Update                     bullet
     00001213  _Bullet_Draw                       bullet
     0000126A  _Bullet_HandleCollision            bullet
     0000132B  _ColorTweaker_Init                 color_tweaker
ASxxxx Linker V03.00/V05.40 + sdld,  page 5.
Hexadecimal  [32-Bits]

Area                                    Addr        Size        Decimal Bytes (Attributes)
--------------------------------        ----        ----        ------- ----- ------------
_CODE                               00000200    00005196 =       20886. bytes (REL,CON)

      Value  Global                              Global Defined In Module
      -----  --------------------------------   ------------------------
     00001386  _ColorTweaker_Update               color_tweaker
     0000139A  _ColorTweaker_Draw                 color_tweaker
     00001427  _CommandRunner_RightScroll_Init    commandrunner_rightscroll
     000014C3  _CommandRunner_RightScroll_Updat   commandrunner_rightscroll
     00001541  _Enemy_Init                        enemy
     0000155B  _Enemy_Update                      enemy
     0000161D  _Enemy_Draw                        enemy
     00001666  _Enemy_HandleCollision             enemy
     000016F4  _Kunai_Init                        kunai
     0000171A  _EraseTiles                        kunai
     000017C0  _Kunai_Update                      kunai
     00001B52  _Kunai_Draw                        kunai
     00001BA9  _Kunai_HandleCollision             kunai
     00001C6A  _OnResourceLoaded                  on_resource_loaded_callback
     00001C7D  _ParticleEffect_Init               particle_effect
     00001CB4  _ParticleEffect_Update             particle_effect
     00001DAF  _ParticleEffect_Draw               particle_effect
     00001E37  _setPlayerAnimation                player
     00001ED5  _playerStateFunctions              player
     00001EE1  _setPlayerState                    player
     00001F59  _Player_Init                       player
     00001FAB  _Player_FireWeapon                 player
     0000204F  _Player_UpdateX                    player
     00002273  _Player_UpdateStand                player
     0000233C  _Player_UpdateRun                  player
     00002421  _Player_UpdateFall                 player
     000025D7  _Player_UpdateJump                 player
     00002723  _Player_UpdateDuck                 player
     000027DA  _Player_Update                     player
     00002881  _Player_Draw                       player
     000028D8  _RightScroller_Init                right_scroller
     00002923  _RightScroll_Update                right_scroller
     00002A35  _RightScroll_UpdateVDP             right_scroller
     00002A63  _TileAnimator_Init                 tile_animator
     00002A8C  _UpdateTiles                       tile_animator
     00002AE4  _TileAnimator_Update               tile_animator
     00002B01  _AnimationUtils_updateBatchedAni   animation_utils
     00002B4E  _AnimationUtils_updateBatchedAni   animation_utils
     00002BC8  _AnimationUtils_updateStreamedBa   animation_utils
     00002C15  _AnimationUtils_updatePlaneAnima   animation_utils
     00002C56  _AnimationUtils_updateTileAnimat   animation_utils
     00002C95  _AnimationUtils_setBatchedAnimat   animation_utils
     00002CD8  _Load_BatchedAnimationResource     animation_utils
     00002D00  _Load_StreamedBatchedAnimationRe   animation_utils
     00002D19  _Load_PlaneAnimationResource       animation_utils
     00002D3F  _Load_TileAnimationResource        animation_utils
     00002D65  _Setup_BatchedAnimationResource    animation_utils
     00002DE8  _Setup_PlaneAnimationResource      animation_utils
     00002E6E  _Setup_TileAnimationResource       animation_utils
     00002EB9  _AnimationUtils_UpdateStreamedBa   animation_utils
     00002FE4  _CommandRunner_RunAll_Init         commandrunner_runall
ASxxxx Linker V03.00/V05.40 + sdld,  page 6.
Hexadecimal  [32-Bits]

Area                                    Addr        Size        Decimal Bytes (Attributes)
--------------------------------        ----        ----        ------- ----- ------------
_CODE                               00000200    00005196 =       20886. bytes (REL,CON)

      Value  Global                              Global Defined In Module
      -----  --------------------------------   ------------------------
     00003058  _commandrunner_runall_template     commandrunner_runall
     00003065  _DrawUtils_addSprite               draw_utils
     00003087  _DrawUtils_addTwoAdjoiningSprite   draw_utils
     000030BD  _DrawUtils_addThreeAdjoiningSpri   draw_utils
     0000310E  _DrawUtils_addFourAdjoiningSprit   draw_utils
     00003175  _DrawUtils_DrawBatched             draw_utils
     000031F8  _DrawUtils_DrawStreamedBatched     draw_utils
     0000328B  _drawToPlane                       draw_utils
     0000354C  _DrawUtils_DrawPlaneAnimationFra   draw_utils
     000035D6  _Load_MapResource                  map_load
     0000366C  _Load_TilesetResource              map_load
     0000375B  _Load_AnimatedTilesetResource      map_load
     00003812  _MapManager_SetTilesetProperties   map_manager
     00003866  _ObjectManager_Init                object_manager
     000038E4  _ObjectManager_Update              object_manager
     00003B42  _ObjectManager_CreateObject        object_manager
     00003BAB  _ApplyGameObjectTemplate           object_manager
     00003C24  _ObjectManager_CreateObjectByTem   object_manager
     00003CE5  _FindFreeGameObject                object_manager
     00003D60  _ObjectManager_CreateObjectByCre   object_manager
     00003E14  _ObjectManager_DestroyObject       object_manager
     00003E2B  _ObjectManagerUtils_doProjectCol   object_manager
     00003FC6  _ObjectManager_QueueVDPDraw        object_manager
     00003FF6  _ObjectManager_VDPDraw             object_manager
     00004045  _ObjectUtils_gameObjectDoNothing   object_utils
     00004046  _ObjectUtils_doNothing             object_utils
     00004047  _ObjectUtils_twoGameObjectsDoNot   object_utils
     00004048  _ObjectUtils_drawNothing           object_utils
     0000404A  _printResourceTypeName             resource_manager
     00004127  _ResourceManager_Init              resource_manager
     0000418A  _ResourceManager_LoadResource      resource_manager
     000042C1  _ResourceManager_SetupResource     resource_manager
     000043C7  _ResourceManager_SetOnResourceLo   resource_manager
     000043CB  _SceneManager_Init                 scene_manager
     000043F3  _ScrollUtils_buildColumn           scroll_utils
     00004A34  _ScrollUtils_InitTilemap           scroll_utils
     00004A9E  _TerrainManager_Init               terrain_manager
     00004ACA  _TerrainManager_UpdateTerrain      terrain_manager
     00004B19  _VDPTileManager_Init               vdptile_manager
     00004B24  _VDPTileManager_LoadSpriteTiles    vdptile_manager
     00004B86  _VDPTileManager_ReserveSpriteTil   vdptile_manager
     00004BAA  _VDPTileManager_LoadBackgroundTi   vdptile_manager
     00004BF5  _SetBackgroundPalette              set_palette_commands
     00004C55  _SetSpritePalette                  set_palette_commands
     00004CB1  _SMS_VRAMmemset_f                  SMSlib_VRAMmemset
     00004CCD  _SMS_VRAMmemsetW                   SMSlib_VRAMmemset
     00004CE0  _SMS_init                          SMSlib
     00004D0C  _VDPReg_init                       SMSlib
     00004D17  _SMS_VDPturnOnFeature              SMSlib
     00004D2C  _SMS_VDPturnOffFeature             SMSlib
     00004D44  _SMS_setBGScrollX                  SMSlib
ASxxxx Linker V03.00/V05.40 + sdld,  page 7.
Hexadecimal  [32-Bits]

Area                                    Addr        Size        Decimal Bytes (Attributes)
--------------------------------        ----        ----        ------- ----- ------------
_CODE                               00000200    00005196 =       20886. bytes (REL,CON)

      Value  Global                              Global Defined In Module
      -----  --------------------------------   ------------------------
     00004D4E  _SMS_setBGScrollY                  SMSlib
     00004D58  _SMS_setBackdropColor              SMSlib
     00004D62  _SMS_useFirstHalfTilesforSprites   SMSlib
     00004D78  _SMS_setSpriteMode                 SMSlib
     00004DC5  _SMS_setBGPaletteColor             SMSlib
     00004DD2  _SMS_setSpritePaletteColor         SMSlib
     00004DDF  _SMS_loadBGPalette                 SMSlib
     00004DF3  _SMS_loadSpritePalette             SMSlib
     00004E07  _SMS_setColor                      SMSlib
     00004E0B  _SMS_waitForVBlank                 SMSlib
     00004E18  _SMS_getKeysStatus                 SMSlib
     00004E1D  _SMS_getKeysPressed                SMSlib
     00004E32  _SMS_getKeysHeld                   SMSlib
     00004E45  _SMS_getKeysReleased               SMSlib
     00004E5E  _SMS_queryPauseRequested           SMSlib
     00004E62  _SMS_resetPauseRequest             SMSlib
     00004E68  _SMS_setFrameInterruptHandler      SMSlib
     00004E6C  _SMS_setLineInterruptHandler       SMSlib
     00004E70  _SMS_setLineCounter                SMSlib
     00004E7A  _SMS_getVCount                     SMSlib
     00004E7D  _SMS_getHCount                     SMSlib
     00004E80  _SMS_isr                           SMSlib
     00004EC8  _SMS_nmi_isr                       SMSlib
     00004ED1  _SMS_initSprites                   SMSlib_sprite
     00004ED7  _SMS_addSprite_f                   SMSlib_sprite
     00004F02  _SMS_copySpritestoSAT              SMSlib_sprite
     00004F36  __mulint                           
     00004F38  __mul16                            
     00004F4D  ___sdcc_call_hl                    
     00004F4E  _SMS_debugPrintf                   SMSlib_debug
     00004F5E  _UNSAFE_SMS_copySpritestoSAT       SMSlib_UNSAFE
     00004FA5  _UNSAFE_SMS_VRAMmemcpy32           SMSlib_UNSAFE
     00004FAE  _UNSAFE_SMS_VRAMmemcpy64           SMSlib_UNSAFE
     00004FB7  _UNSAFE_SMS_VRAMmemcpy128          SMSlib_UNSAFE
     00004FC0  _SMS_VRAMmemcpy                    SMSlib_VRAMmemcpy
     00004FD7  ___sdcc_call_iy                    
     00004FD9  _SMS_autoSetUpTextRenderer         SMSlib_autotext
     00005008  _devkitSMS_font__tiles__1bpp       SMSlib_autotext
     00005308  _SMS_loadTileMapColumnatAddr       SMSlib_loadTileMapColumn
     00005328  _SMS_load1bppTiles                 SMSlib_load1bppTiles
     0000538A  _SMS_configureTextRenderer         SMSlib_textrenderer
     0000538E  _putchar                           SMSlib_textrenderer

ASxxxx Linker V03.00/V05.40 + sdld,  page 8.
Hexadecimal  [32-Bits]

Area                                    Addr        Size        Decimal Bytes (Attributes)
--------------------------------        ----        ----        ------- ----- ------------
_HEADER0                            00000000    00000008 =           8. bytes (ABS,CON)

      Value  Global                              Global Defined In Module
      -----  --------------------------------   ------------------------
ASxxxx Linker V03.00/V05.40 + sdld,  page 9.
Hexadecimal  [32-Bits]

Area                                    Addr        Size        Decimal Bytes (Attributes)
--------------------------------        ----        ----        ------- ----- ------------
_HEADER1                            00000000    00000009 =           9. bytes (ABS,CON)

      Value  Global                              Global Defined In Module
      -----  --------------------------------   ------------------------
     00000008  _SMS_crt0_RST08                    crt0

ASxxxx Linker V03.00/V05.40 + sdld,  page 10.
Hexadecimal  [32-Bits]

Area                                    Addr        Size        Decimal Bytes (Attributes)
--------------------------------        ----        ----        ------- ----- ------------
_HEADER2                            00000000    0000001F =          31. bytes (ABS,CON)

      Value  Global                              Global Defined In Module
      -----  --------------------------------   ------------------------
     00000018  _SMS_crt0_RST18                    crt0
     0000002F  get_bank                           crt0
     00000033  set_bank                           crt0
ASxxxx Linker V03.00/V05.40 + sdld,  page 11.
Hexadecimal  [32-Bits]

Area                                    Addr        Size        Decimal Bytes (Attributes)
--------------------------------        ----        ----        ------- ----- ------------
_HEADER3                            00000000    0000002B =          43. bytes (ABS,CON)

      Value  Global                              Global Defined In Module
      -----  --------------------------------   ------------------------
ASxxxx Linker V03.00/V05.40 + sdld,  page 12.
Hexadecimal  [32-Bits]

Area                                    Addr        Size        Decimal Bytes (Attributes)
--------------------------------        ----        ----        ------- ----- ------------
_HEADER4                            00000000    00000104 =         260. bytes (ABS,CON)

      Value  Global                              Global Defined In Module
      -----  --------------------------------   ------------------------
     00000069  _OUTI128                           crt0
     000000E9  _OUTI64                            crt0
     00000129  _OUTI32                            crt0
     00000169  _outi_block                        crt0

ASxxxx Linker V03.00/V05.40 + sdld,  page 13.
Hexadecimal  [32-Bits]

Area                                    Addr        Size        Decimal Bytes (Attributes)
--------------------------------        ----        ----        ------- ----- ------------
_INITIALIZER                        00005396    0000002C =          44. bytes (REL,CON)

      Value  Global                              Global Defined In Module
      -----  --------------------------------   ------------------------
ASxxxx Linker V03.00/V05.40 + sdld,  page 14.
Hexadecimal  [32-Bits]

Area                                    Addr        Size        Decimal Bytes (Attributes)
--------------------------------        ----        ----        ------- ----- ------------
_GSINIT                             000053C2    0000000F =          15. bytes (REL,CON)

      Value  Global                              Global Defined In Module
      -----  --------------------------------   ------------------------
     000053C2  gsinit                             crt0

ASxxxx Linker V03.00/V05.40 + sdld,  page 15.
Hexadecimal  [32-Bits]

Area                                    Addr        Size        Decimal Bytes (Attributes)
--------------------------------        ----        ----        ------- ----- ------------
_GSFINAL                            000053D1    00000001 =           1. bytes (REL,CON)

      Value  Global                              Global Defined In Module
      -----  --------------------------------   ------------------------
ASxxxx Linker V03.00/V05.40 + sdld,  page 16.
Hexadecimal  [32-Bits]

Area                                    Addr        Size        Decimal Bytes (Attributes)
--------------------------------        ----        ----        ------- ----- ------------
_DATA                               0000C000    000016EB =        5867. bytes (REL,CON)

      Value  Global                              Global Defined In Module
      -----  --------------------------------   ------------------------
     0000C000  _PSGMusicStatus                    PSGlib
     0000C001  _PSGMusicStart                     PSGlib
     0000C003  _PSGMusicPointer                   PSGlib
     0000C005  _PSGMusicLoopPoint                 PSGlib
     0000C007  _PSGMusicSkipFrames                PSGlib
     0000C008  _PSGLoopFlag                       PSGlib
     0000C009  _PSGLoopCounter                    PSGlib
     0000C00A  _PSGMusicLastLatch                 PSGlib
     0000C00B  _PSGMusicVolumeAttenuation         PSGlib
     0000C00C  _PSGMusicSubstringLen              PSGlib
     0000C00D  _PSGMusicSubstringRetAddr          PSGlib
     0000C00F  _PSGChan0Volume                    PSGlib
     0000C010  _PSGChan1Volume                    PSGlib
     0000C011  _PSGChan2Volume                    PSGlib
     0000C012  _PSGChan3Volume                    PSGlib
     0000C013  _PSGChan2LowTone                   PSGlib
     0000C014  _PSGChan2HighTone                  PSGlib
     0000C015  _PSGChan3LowTone                   PSGlib
     0000C016  _PSGChannel2SFX                    PSGlib
     0000C017  _PSGChannel3SFX                    PSGlib
     0000C018  _PSGSFXChan2Volume                 PSGlib
     0000C019  _PSGSFXChan3Volume                 PSGlib
     0000C01A  _PSGSFXStatus                      PSGlib
     0000C01B  _PSGSFXStart                       PSGlib
     0000C01D  _PSGSFXPointer                     PSGlib
     0000C01F  _PSGSFXLoopPoint                   PSGlib
     0000C021  _PSGSFXSkipFrames                  PSGlib
     0000C022  _PSGSFXLoopFlag                    PSGlib
     0000C023  _PSGSFXSubstringLen                PSGlib
     0000C024  _PSGSFXSubstringRetAddr            PSGlib
     0000C026  _playerX                           player
     0000C028  _playerY                           player
     0000C02A  _playerSpeedX                      player
     0000C02C  _playerSpeedY                      player
     0000C02E  _playerState                       player
     0000C02F  _jumpPressCounter                  player
     0000C031  _jumpWhenLanding                   player
     0000C032  _canStillJumpFrames                player
     0000C033  _isPlayerShooting                  player
     0000C034  _player_SubUpdate                  player
     0000C036  _buttonState                       player
     0000C038  _buttonsPressed                    player
     0000C03A  _buttonsReleased                   player
     0000C03C  _columnToUpdate                    right_scroller
     0000C03E  _terrainColumnToUpdate             right_scroller
     0000C03F  _CommandManager_commandRunnerObj   command_manager
     0000C06D  _CommandManager_currentCommand     command_manager
     0000C06F  _CommandRunner_counter             command_manager
     0000C071  _DrawUtils_spriteCounter           draw_utils
     0000C072  _DrawUtils_currentSpriteStrips     draw_utils
ASxxxx Linker V03.00/V05.40 + sdld,  page 17.
Hexadecimal  [32-Bits]

Area                                    Addr        Size        Decimal Bytes (Attributes)
--------------------------------        ----        ----        ------- ----- ------------
_DATA                               0000C000    000016EB =        5867. bytes (REL,CON)

      Value  Global                              Global Defined In Module
      -----  --------------------------------   ------------------------
     0000C074  _DrawUtils_vdpTileIndex            draw_utils
     0000C075  _DrawUtils_screenX                 draw_utils
     0000C077  _DrawUtils_screenY                 draw_utils
     0000C079  _DrawUtils_spritesDrawn            draw_utils
     0000C07A  _x                                 draw_utils
     0000C07B  _y                                 draw_utils
     0000C07C  _buffer                            draw_utils
     0000C07E  _bufferWidth                       draw_utils
     0000C07F  _bufferHeight                      draw_utils
     0000C080  _vdpOffset                         draw_utils
     0000C082  _MapManager_numTilesets            map_manager
     0000C083  _MapManager_metatileLuts           map_manager
     0000C093  _MapManager_metatileLutsData       map_manager
     0000D093  _MapManager_metatileLutsDataSize   map_manager
     0000D095  _MapManager_tilesets               map_manager
     0000D0F5  _MapManager_tilesetVdpLocations    map_manager
     0000D105  _MapManager_tilesetFunctions       map_manager
     0000D115  _MapManager_tilesetGameObjectTem   map_manager
     0000D125  _MapManager_mapWidth               map_manager
     0000D127  _MapManager_mapHeight              map_manager
     0000D129  _MapManager_mapData                map_manager
     0000D12B  _MapManager_mapResourceInfo        map_manager
     0000D12D  _ObjectManager_player              object_manager
     0000D15B  _ObjectManager_projectileSlots     object_manager
     0000D1E5  _ObjectManager_enemySlots          object_manager
     0000D355  _ObjectManager_effectSlots         object_manager
     0000D4C5  _ObjectManager_numEffects          object_manager
     0000D4C6  _ObjectManager_activeProjectiles   object_manager
     0000D4CC  _ObjectManager_activeProjectiles   object_manager
     0000D4CD  _ObjectManager_currentEnemyIndex   object_manager
     0000D4CE  _ObjectManager_vdpDrawGameObject   object_manager
     0000D4DE  _ObjectManager_vdpDrawFunctions    object_manager
     0000D4EE  _ObjectManager_numVdpDrawItems     object_manager
     0000D4EF  _ResourceManager_loadFunctions     resource_manager
     0000D4FF  _ResourceManager_setupFunctions    resource_manager
     0000D50F  _ScrollManager_horizontalScrollL   scroll_manager
     0000D511  _ScrollManager_columnBuffer        scroll_manager
     0000D541  _ScrollUtils_mapColumnToBuild      scroll_utils
     0000D543  _TerrainManager_terrain            terrain_manager
     0000D603  _VDPTileManager_spriteTileLocati   vdptile_manager
     0000D605  _VDPTileManager_backgroundTileLo   vdptile_manager
     0000D607  _bulletVdpLocation                 bullet
     0000D608  _colorTweakerVdpLocation           colorTweaker
     0000D609  _colorTweakerCursorVdpLocation     colorTweakerCursor
     0000D60A  _explosionVdpLocation              explosion
     0000D60B  _gun_girlVdpLocation               gun_girl
     0000D60C  _impactVdpLocation                 impact
     0000D60D  _kunaiVdpLocation                  kunai
     0000D60E  _robotrunnerVdpLocation            robotrunner
     0000D60F  _robotspringVdpLocation            robotspring
     0000D610  _rock_particleVdpLocation          rock_particle
ASxxxx Linker V03.00/V05.40 + sdld,  page 18.
Hexadecimal  [32-Bits]

Area                                    Addr        Size        Decimal Bytes (Attributes)
--------------------------------        ----        ----        ------- ----- ------------
_DATA                               0000C000    000016EB =        5867. bytes (REL,CON)

      Value  Global                              Global Defined In Module
      -----  --------------------------------   ------------------------
     0000D611  _test_blockVdpLocation             test_block
     0000D612  _walkerVdpLocation                 walker
     0000D613  _walker_bigVdpLocation             walker_big
     0000D614  _walker_smallVdpLocation           walker_small
     0000D615  _waterfallVdpLocation              waterfall
     0000D616  _background3_tilesetVdpLocation    background3_tileset
     0000D618  _breakable_rock_tilesetVdpLocati   breakable_rock_tileset
     0000D61A  _waterfall_tilesetVdpLocation      waterfall_tileset
     0000D61C  _VDPBlank                          SMSlib
     0000D61D  _SMS_VDPFlags                      SMSlib
     0000D61E  _PauseRequested                    SMSlib
     0000D61F  _SMS_Port3EBIOSvalue               SMSlib
     0000D620  _SMS_theFrameInterruptHandler      SMSlib
     0000D622  _KeysStatus                        SMSlib
     0000D624  _PreviousKeysStatus                SMSlib
     0000D626  _SMS_theLineInterruptHandler       SMSlib
     0000D628  _SpriteTableY                      SMSlib_sprite
     0000D668  _SpriteTableXN                     SMSlib_sprite
     0000D6E8  _SpriteNextFree                    SMSlib_sprite
     0000D6E9  _SMS_TextRenderer_offset           SMSlib_textrenderer

ASxxxx Linker V03.00/V05.40 + sdld,  page 19.
Hexadecimal  [32-Bits]

Area                                    Addr        Size        Decimal Bytes (Attributes)
--------------------------------        ----        ----        ------- ----- ------------
_INITIALIZED                        0000D6EB    0000002C =          44. bytes (REL,CON)

      Value  Global                              Global Defined In Module
      -----  --------------------------------   ------------------------
     0000D6EB  _colortweaker_templateExtraResou   colortweaker_template
     0000D6ED  _updateAnimationStream             player
     0000D6EE  _oldBottomTileTypeLeft             player
     0000D6F0  _oldBottomTileTypeRight            player
     0000D6F2  _oldBlockY                         player
     0000D6F4  _drawSprite                        draw_utils
     0000D6FE  _ObjectManager_objectId            object_manager
     0000D6FF  _projectileFlicker                 object_manager
     0000D700  _ResourceManager_onResourceLoade   resource_manager
     0000D702  _ScrollManager_Update              scroll_manager
     0000D704  _ScrollManager_UpdateVDP           scroll_manager
     0000D706  _ScrollManager_horizontalScroll    scroll_manager
     0000D708  _ScrollManager_vdpHorizontalScro   scroll_manager
     0000D709  _ScrollManager_verticalScroll      scroll_manager
     0000D70B  _ScrollManager_updateMapVDP        scroll_manager
     0000D70C  _background3_tilesetResourceInfo   background3
     0000D70E  _background3_test_tilesetResourc   background3_test
     0000D710  _waterfall_tilesetResourceInfos    waterfall
     0000D712  _VDPReg                            SMSlib
     0000D714  _spritesHeight                     SMSlib
     0000D715  _spritesWidth                      SMSlib
     0000D716  _spritesTileOffset                 SMSlib

ASxxxx Linker V03.00/V05.40 + sdld,  page 20.
Hexadecimal  [32-Bits]

Area                                    Addr        Size        Decimal Bytes (Attributes)
--------------------------------        ----        ----        ------- ----- ------------
_CABS0                              00000000    00000010 =          16. bytes (ABS,CON)

      Value  Global                              Global Defined In Module
      -----  --------------------------------   ------------------------
     00007FF0  ___SMS__SEGA_signature             main

ASxxxx Linker V03.00/V05.40 + sdld,  page 21.
Hexadecimal  [32-Bits]

Area                                    Addr        Size        Decimal Bytes (Attributes)
--------------------------------        ----        ----        ------- ----- ------------
_CABS1                              00000000    00000003 =           3. bytes (ABS,CON)

      Value  Global                              Global Defined In Module
      -----  --------------------------------   ------------------------
     00007FDD  ___SMS__SDSC_author                main

ASxxxx Linker V03.00/V05.40 + sdld,  page 22.
Hexadecimal  [32-Bits]

Area                                    Addr        Size        Decimal Bytes (Attributes)
--------------------------------        ----        ----        ------- ----- ------------
_CABS2                              00000000    00000010 =          16. bytes (ABS,CON)

      Value  Global                              Global Defined In Module
      -----  --------------------------------   ------------------------
     00007FCD  ___SMS__SDSC_name                  main

ASxxxx Linker V03.00/V05.40 + sdld,  page 23.
Hexadecimal  [32-Bits]

Area                                    Addr        Size        Decimal Bytes (Attributes)
--------------------------------        ----        ----        ------- ----- ------------
_CABS3                              00000000    0000002B =          43. bytes (ABS,CON)

      Value  Global                              Global Defined In Module
      -----  --------------------------------   ------------------------
     00007FA2  ___SMS__SDSC_descr                 main

ASxxxx Linker V03.00/V05.40 + sdld,  page 24.
Hexadecimal  [32-Bits]

Area                                    Addr        Size        Decimal Bytes (Attributes)
--------------------------------        ----        ----        ------- ----- ------------
_CABS4                              00000000    00000010 =          16. bytes (ABS,CON)

      Value  Global                              Global Defined In Module
      -----  --------------------------------   ------------------------
     00007FE0  ___SMS__SDSC_signature             main

ASxxxx Linker V03.00/V05.40 + sdld,  page 25.
Hexadecimal  [32-Bits]

Area                                    Addr        Size        Decimal Bytes (Attributes)
--------------------------------        ----        ----        ------- ----- ------------
_BANK2                              00008000    000033AE =       13230. bytes (REL,CON)

      Value  Global                              Global Defined In Module
      -----  --------------------------------   ------------------------
     00008000  _bulletTileData                    bullet
     00008040  _bulletFrame0SpriteStrips          bullet
     00008048  _bulletFrame0                      bullet
     0000804D  _bulletFrames                      bullet
     0000804F  _bullet                            bullet
     0000805B  _colorTweakerTileData              colorTweaker
     000084DB  _colorTweakerFrame0SpriteStrips    colorTweaker
     000084EB  _colorTweakerFrame1SpriteStrips    colorTweaker
     000084FB  _colorTweakerFrame2SpriteStrips    colorTweaker
     0000850B  _colorTweakerFrame3SpriteStrips    colorTweaker
     0000851B  _colorTweakerFrame4SpriteStrips    colorTweaker
     0000852B  _colorTweakerFrame5SpriteStrips    colorTweaker
     0000853B  _colorTweakerFrame6SpriteStrips    colorTweaker
     0000854B  _colorTweakerFrame7SpriteStrips    colorTweaker
     0000855B  _colorTweakerFrame8SpriteStrips    colorTweaker
     0000856B  _colorTweakerFrame9SpriteStrips    colorTweaker
     0000857B  _colorTweakerFrame10SpriteStrips   colorTweaker
     0000858B  _colorTweakerFrame11SpriteStrips   colorTweaker
     0000859B  _colorTweakerFrame12SpriteStrips   colorTweaker
     000085AB  _colorTweakerFrame13SpriteStrips   colorTweaker
     000085BB  _colorTweakerFrame14SpriteStrips   colorTweaker
     000085CB  _colorTweakerFrame15SpriteStrips   colorTweaker
     000085DB  _colorTweakerFrame0                colorTweaker
     000085E0  _colorTweakerFrame1                colorTweaker
     000085E5  _colorTweakerFrame2                colorTweaker
     000085EA  _colorTweakerFrame3                colorTweaker
     000085EF  _colorTweakerFrame4                colorTweaker
     000085F4  _colorTweakerFrame5                colorTweaker
     000085F9  _colorTweakerFrame6                colorTweaker
     000085FE  _colorTweakerFrame7                colorTweaker
     00008603  _colorTweakerFrame8                colorTweaker
     00008608  _colorTweakerFrame9                colorTweaker
     0000860D  _colorTweakerFrame10               colorTweaker
     00008612  _colorTweakerFrame11               colorTweaker
     00008617  _colorTweakerFrame12               colorTweaker
     0000861C  _colorTweakerFrame13               colorTweaker
     00008621  _colorTweakerFrame14               colorTweaker
     00008626  _colorTweakerFrame15               colorTweaker
     0000862B  _colorTweakerFrames                colorTweaker
     0000864B  _colorTweaker                      colorTweaker
     00008657  _colorTweakerCursorTileData        colorTweakerCursor
     00008697  _colorTweakerCursorFrame0SpriteS   colorTweakerCursor
     0000869F  _colorTweakerCursorFrame0          colorTweakerCursor
     000086A4  _colorTweakerCursorFrames          colorTweakerCursor
     000086A6  _colorTweakerCursor                colorTweakerCursor
     000086B2  _explosionTileData                 explosion
     00008B32  _explosionFrame0SpriteStrips       explosion
     00008B3A  _explosionFrame1SpriteStrips       explosion
     00008B46  _explosionFrame2SpriteStrips       explosion
     00008B52  _explosionFrame0                   explosion
ASxxxx Linker V03.00/V05.40 + sdld,  page 26.
Hexadecimal  [32-Bits]

Area                                    Addr        Size        Decimal Bytes (Attributes)
--------------------------------        ----        ----        ------- ----- ------------
_BANK2                              00008000    000033AE =       13230. bytes (REL,CON)

      Value  Global                              Global Defined In Module
      -----  --------------------------------   ------------------------
     00008B57  _explosionFrame1                   explosion
     00008B5C  _explosionFrame2                   explosion
     00008B61  _explosionFrames                   explosion
     00008B67  _explosion                         explosion
     00008B73  _gun_girlTileData                  gun_girl
     00009773  _gun_girlFrame0SpriteStrips        gun_girl
     0000977F  _gun_girlFrame1SpriteStrips        gun_girl
     0000978B  _gun_girlFrame2SpriteStrips        gun_girl
     00009797  _gun_girlFrame3SpriteStrips        gun_girl
     000097A3  _gun_girlFrame4SpriteStrips        gun_girl
     000097AF  _gun_girlFrame5SpriteStrips        gun_girl
     000097BB  _gun_girlFrame6SpriteStrips        gun_girl
     000097C7  _gun_girlFrame7SpriteStrips        gun_girl
     000097D3  _gun_girlFrame8SpriteStrips        gun_girl
     000097DF  _gun_girlFrame9SpriteStrips        gun_girl
     000097EB  _gun_girlFrame10SpriteStrips       gun_girl
     000097F7  _gun_girlFrame11SpriteStrips       gun_girl
     00009803  _gun_girlFrame12SpriteStrips       gun_girl
     0000980F  _gun_girlFrame13SpriteStrips       gun_girl
     0000981B  _gun_girlFrame14SpriteStrips       gun_girl
     00009827  _gun_girlFrame15SpriteStrips       gun_girl
     00009833  _gun_girlFrame16SpriteStrips       gun_girl
     0000983F  _gun_girlFrame17SpriteStrips       gun_girl
     0000984B  _gun_girlFrame18SpriteStrips       gun_girl
     00009857  _gun_girlFrame19SpriteStrips       gun_girl
     00009863  _gun_girlFrame20SpriteStrips       gun_girl
     0000986F  _gun_girlFrame21SpriteStrips       gun_girl
     0000987B  _gun_girlFrame22SpriteStrips       gun_girl
     00009887  _gun_girlFrame23SpriteStrips       gun_girl
     00009893  _gun_girlFrame24SpriteStrips       gun_girl
     0000989F  _gun_girlFrame25SpriteStrips       gun_girl
     000098AB  _gun_girlFrame26SpriteStrips       gun_girl
     000098B7  _gun_girlFrame27SpriteStrips       gun_girl
     000098C3  _gun_girlFrame0                    gun_girl
     000098C8  _gun_girlFrame1                    gun_girl
     000098CD  _gun_girlFrame2                    gun_girl
     000098D2  _gun_girlFrame3                    gun_girl
     000098D7  _gun_girlFrame4                    gun_girl
     000098DC  _gun_girlFrame5                    gun_girl
     000098E1  _gun_girlFrame6                    gun_girl
     000098E6  _gun_girlFrame7                    gun_girl
     000098EB  _gun_girlFrame8                    gun_girl
     000098F0  _gun_girlFrame9                    gun_girl
     000098F5  _gun_girlFrame10                   gun_girl
     000098FA  _gun_girlFrame11                   gun_girl
     000098FF  _gun_girlFrame12                   gun_girl
     00009904  _gun_girlFrame13                   gun_girl
     00009909  _gun_girlFrame14                   gun_girl
     0000990E  _gun_girlFrame15                   gun_girl
     00009913  _gun_girlFrame16                   gun_girl
     00009918  _gun_girlFrame17                   gun_girl
ASxxxx Linker V03.00/V05.40 + sdld,  page 27.
Hexadecimal  [32-Bits]

Area                                    Addr        Size        Decimal Bytes (Attributes)
--------------------------------        ----        ----        ------- ----- ------------
_BANK2                              00008000    000033AE =       13230. bytes (REL,CON)

      Value  Global                              Global Defined In Module
      -----  --------------------------------   ------------------------
     0000991D  _gun_girlFrame18                   gun_girl
     00009922  _gun_girlFrame19                   gun_girl
     00009927  _gun_girlFrame20                   gun_girl
     0000992C  _gun_girlFrame21                   gun_girl
     00009931  _gun_girlFrame22                   gun_girl
     00009936  _gun_girlFrame23                   gun_girl
     0000993B  _gun_girlFrame24                   gun_girl
     00009940  _gun_girlFrame25                   gun_girl
     00009945  _gun_girlFrame26                   gun_girl
     0000994A  _gun_girlFrame27                   gun_girl
     0000994F  _gun_girlFrames                    gun_girl
     00009987  _gun_girl                          gun_girl
     00009993  _impactTileData                    impact
     00009AD3  _impactFrame0SpriteStrips          impact
     00009ADB  _impactFrame1SpriteStrips          impact
     00009AE3  _impactFrame2SpriteStrips          impact
     00009AEB  _impactFrame0                      impact
     00009AF0  _impactFrame1                      impact
     00009AF5  _impactFrame2                      impact
     00009AFA  _impactFrames                      impact
     00009B00  _impact                            impact
     00009B0C  _kunaiTileData                     kunai
     00009D8C  _kunaiFrame0SpriteStrips           kunai
     00009D94  _kunaiFrame1SpriteStrips           kunai
     00009D9C  _kunaiFrame2SpriteStrips           kunai
     00009DA4  _kunaiFrame3SpriteStrips           kunai
     00009DAC  _kunaiFrame4SpriteStrips           kunai
     00009DB4  _kunaiFrame5SpriteStrips           kunai
     00009DBC  _kunaiFrame6SpriteStrips           kunai
     00009DC4  _kunaiFrame7SpriteStrips           kunai
     00009DCC  _kunaiFrame0                       kunai
     00009DD1  _kunaiFrame1                       kunai
     00009DD6  _kunaiFrame2                       kunai
     00009DDB  _kunaiFrame3                       kunai
     00009DE0  _kunaiFrame4                       kunai
     00009DE5  _kunaiFrame5                       kunai
     00009DEA  _kunaiFrame6                       kunai
     00009DEF  _kunaiFrame7                       kunai
     00009DF4  _kunaiFrames                       kunai
     00009E04  _kunai                             kunai
     00009E10  _robotrunnerTileData               robotrunner
     0000A210  _robotrunnerFrame0SpriteStrips     robotrunner
     0000A21C  _robotrunnerFrame1SpriteStrips     robotrunner
     0000A228  _robotrunnerFrame2SpriteStrips     robotrunner
     0000A234  _robotrunnerFrame3SpriteStrips     robotrunner
     0000A240  _robotrunnerFrame0                 robotrunner
     0000A245  _robotrunnerFrame1                 robotrunner
     0000A24A  _robotrunnerFrame2                 robotrunner
     0000A24F  _robotrunnerFrame3                 robotrunner
     0000A254  _robotrunnerFrames                 robotrunner
     0000A25C  _robotrunner                       robotrunner
ASxxxx Linker V03.00/V05.40 + sdld,  page 28.
Hexadecimal  [32-Bits]

Area                                    Addr        Size        Decimal Bytes (Attributes)
--------------------------------        ----        ----        ------- ----- ------------
_BANK2                              00008000    000033AE =       13230. bytes (REL,CON)

      Value  Global                              Global Defined In Module
      -----  --------------------------------   ------------------------
     0000A268  _robotspringTileData               robotspring
     0000A468  _robotspringFrame0SpriteStrips     robotspring
     0000A474  _robotspringFrame1SpriteStrips     robotspring
     0000A480  _robotspringFrame2SpriteStrips     robotspring
     0000A48C  _robotspringFrame0                 robotspring
     0000A491  _robotspringFrame1                 robotspring
     0000A496  _robotspringFrame2                 robotspring
     0000A49B  _robotspringFrames                 robotspring
     0000A4A1  _robotspring                       robotspring
     0000A4AD  _rock_particleTileData             rock_particle
     0000A5AD  _rock_particleFrame0SpriteStrips   rock_particle
     0000A5B5  _rock_particleFrame1SpriteStrips   rock_particle
     0000A5BD  _rock_particleFrame2SpriteStrips   rock_particle
     0000A5C5  _rock_particleFrame3SpriteStrips   rock_particle
     0000A5CD  _rock_particleFrame0               rock_particle
     0000A5D2  _rock_particleFrame1               rock_particle
     0000A5D7  _rock_particleFrame2               rock_particle
     0000A5DC  _rock_particleFrame3               rock_particle
     0000A5E1  _rock_particleFrames               rock_particle
     0000A5E9  _rock_particle                     rock_particle
     0000A5F5  _test_blockTileData                test_block
     0000A6F5  _test_blockFrame0SpriteStrips      test_block
     0000A701  _test_blockFrame0                  test_block
     0000A706  _test_blockFrames                  test_block
     0000A708  _test_block                        test_block
     0000A714  _walkerTileData                    walker
     0000A814  _walkerFrame0SpriteStrips          walker
     0000A81C  _walkerFrame1SpriteStrips          walker
     0000A824  _walkerFrame0                      walker
     0000A829  _walkerFrame1                      walker
     0000A82E  _walkerFrames                      walker
     0000A832  _walker                            walker
     0000A83E  _walker_bigTileData                walker_big
     0000B03E  _walker_bigFrame0SpriteStrips      walker_big
     0000B04A  _walker_bigFrame1SpriteStrips      walker_big
     0000B056  _walker_bigFrame2SpriteStrips      walker_big
     0000B062  _walker_bigFrame3SpriteStrips      walker_big
     0000B06E  _walker_bigFrame4SpriteStrips      walker_big
     0000B07A  _walker_bigFrame5SpriteStrips      walker_big
     0000B086  _walker_bigFrame6SpriteStrips      walker_big
     0000B092  _walker_bigFrame7SpriteStrips      walker_big
     0000B09E  _walker_bigFrame0                  walker_big
     0000B0A3  _walker_bigFrame1                  walker_big
     0000B0A8  _walker_bigFrame2                  walker_big
     0000B0AD  _walker_bigFrame3                  walker_big
     0000B0B2  _walker_bigFrame4                  walker_big
     0000B0B7  _walker_bigFrame5                  walker_big
     0000B0BC  _walker_bigFrame6                  walker_big
     0000B0C1  _walker_bigFrame7                  walker_big
     0000B0C6  _walker_bigFrames                  walker_big
     0000B0D6  _walker_big                        walker_big
ASxxxx Linker V03.00/V05.40 + sdld,  page 29.
Hexadecimal  [32-Bits]

Area                                    Addr        Size        Decimal Bytes (Attributes)
--------------------------------        ----        ----        ------- ----- ------------
_BANK2                              00008000    000033AE =       13230. bytes (REL,CON)

      Value  Global                              Global Defined In Module
      -----  --------------------------------   ------------------------
     0000B0E2  _walker_smallTileData              walker_small
     0000B162  _walker_smallFrame0SpriteStrips    walker_small
     0000B16A  _walker_smallFrame1SpriteStrips    walker_small
     0000B172  _walker_smallFrame0                walker_small
     0000B177  _walker_smallFrame1                walker_small
     0000B17C  _walker_smallFrames                walker_small
     0000B180  _walker_small                      walker_small
     0000B18C  _waterfallTileData                 waterfall
     0000B38C  _waterfallFrame0                   waterfall
     0000B390  _waterfallFrame1                   waterfall
     0000B394  _waterfallFrame2                   waterfall
     0000B398  _waterfallFrame3                   waterfall
     0000B39C  _waterfallFrames                   waterfall
     0000B3A4  _waterfall                         waterfall

ASxxxx Linker V03.00/V05.40 + sdld,  page 30.
Hexadecimal  [32-Bits]

Area                                    Addr        Size        Decimal Bytes (Attributes)
--------------------------------        ----        ----        ------- ----- ------------
_BANK3                              00008000    000021CC =        8652. bytes (REL,CON)

      Value  Global                              Global Defined In Module
      -----  --------------------------------   ------------------------
     00008000  _background3_tileset_metatiles     background3_tileset
     00008410  _background3_tileset_tiles         background3_tileset
     0000A090  _background3_tileset               background3_tileset
     0000A09C  _breakable_rock_tileset_metatile   breakable_rock_tileset
     0000A0A4  _breakable_rock_tileset_tiles      breakable_rock_tileset
     0000A124  _breakable_rock_tileset            breakable_rock_tileset
     0000A130  _waterfall_tileset_metatiles       waterfall_tileset
     0000A140  _waterfall_tileset_tiles           waterfall_tileset
     0000A1C0  _waterfall_tileset                 waterfall_tileset
ASxxxx Linker V03.00/V05.40 + sdld,  page 31.
Hexadecimal  [32-Bits]

Area                                    Addr        Size        Decimal Bytes (Attributes)
--------------------------------        ----        ----        ------- ----- ------------
_BANK4                              00008000    000008E2 =        2274. bytes (REL,CON)

      Value  Global                              Global Defined In Module
      -----  --------------------------------   ------------------------
     00008000  _background3_metatile_map          background3
     00008460  _background3_map                   background3
     0000846A  _background3_test_metatile_map     background3_test
     000088CA  _background3_test_map              background3_test
     000088D4  _waterfall_metatile_map            waterfall
     000088D8  _waterfall_map                     waterfall
ASxxxx Linker V03.00/V05.40 + sdld,  page 32.

Files Linked                              [ module(s) ]

..\..\..\devkitSMS-master\/crt0/crt0_sms.rel
                                          [ crt0 ]
..\..\..\devkitSMS-master\/PSGlib//PSGlib.rel
                                          [ PSGlib ]
out\source\client\generated\gameobjecttemplates\bullet_template.rel
                                          [ bullet_template ]
out\source\client\generated\gameobjecttemplates\colortweaker_template.rel
                                          [ colortweaker_template ]
out\source\client\generated\gameobjecttemplates\commandrunner_rightscroll_template.rel
                                          [ commandrunner_rightscroll_templa ]
out\source\client\generated\gameobjecttemplates\explosion_template.rel
                                          [ explosion_template ]
out\source\client\generated\gameobjecttemplates\gun_girl_template.rel
                                          [ gun_girl_template ]
out\source\client\generated\gameobjecttemplates\impact_template.rel
                                          [ impact_template ]
out\source\client\generated\gameobjecttemplates\kunai_template.rel
                                          [ kunai_template ]
out\source\client\generated\gameobjecttemplates\robotrunner_template.rel
                                          [ robotrunner_template ]
out\source\client\generated\gameobjecttemplates\robotspring_template.rel
                                          [ robotspring_template ]
out\source\client\generated\gameobjecttemplates\rock_particle_template.rel
                                          [ rock_particle_template ]
out\source\client\generated\gameobjecttemplates\test_block_template.rel
                                          [ test_block_template ]
out\source\client\generated\gameobjecttemplates\walker_big_template.rel
                                          [ walker_big_template ]
out\source\client\generated\gameobjecttemplates\walker_small_template.rel
                                          [ walker_small_template ]
out\source\client\generated\gameobjecttemplates\walker_template.rel
                                          [ walker_template ]
out\source\client\exported\scenes\scene003.rel
                                          [ scene003 ]
out\source\client\exported\palettes\globalPalette.rel
                                          [ globalPalette ]
out\source\client\main.rel                [ main ]
out\source\client\tileset_functions.rel   [ tileset_functions ]
out\source\client\exported\sceneMasterTemp.rel
                                          [ sceneMasterTemp ]
out\source\client\generated\bank2.rel     [ bank2 ]
out\source\client\generated\resource_infos.rel
                                          [ resource_infos ]
out\source\client\objects\basic_effect.rel
                                          [ basic_effect ]
out\source\client\objects\bird.rel        [ bird ]
out\source\client\objects\bullet.rel      [ bullet ]
out\source\client\objects\color_tweaker.rel
                                          [ color_tweaker ]
out\source\client\objects\commandrunner_rightscroll.rel
                                          [ commandrunner_rightscroll ]
out\source\client\objects\enemy.rel       [ enemy ]
out\source\client\objects\kunai.rel       [ kunai ]
out\source\client\objects\on_resource_loaded_callback.rel
                                          [ on_resource_loaded_callback ]
out\source\client\objects\particle_effect.rel
                                          [ particle_effect ]
out\source\client\objects\player.rel      [ player ]
out\source\client\objects\right_scroller.rel
                                          [ right_scroller ]
out\source\client\objects\tile_animator.rel
                                          [ tile_animator ]
out\source\engine\animation_utils.rel     [ animation_utils ]
out\source\engine\commandrunner_runall.rel
                                          [ commandrunner_runall ]
out\source\engine\command_manager.rel     [ command_manager ]
out\source\engine\command_types.rel       [ command_types ]
out\source\engine\draw_utils.rel          [ draw_utils ]
out\source\engine\map_load.rel            [ map_load ]
out\source\engine\map_manager.rel         [ map_manager ]
out\source\engine\map_types.rel           [ map_types ]
out\source\engine\object_manager.rel      [ object_manager ]
out\source\engine\object_utils.rel        [ object_utils ]
out\source\engine\resource_manager.rel    [ resource_manager ]
out\source\engine\scene_manager.rel       [ scene_manager ]
out\source\engine\scroll_manager.rel      [ scroll_manager ]
out\source\engine\scroll_utils.rel        [ scroll_utils ]
out\source\engine\terrain_manager.rel     [ terrain_manager ]
out\source\engine\vdptile_manager.rel     [ vdptile_manager ]
out\source\engine\commands\set_palette_commands.rel
                                          [ set_palette_commands ]
out\source\client\exported\animations\bullet.rel
                                          [ bullet ]
out\source\client\exported\animations\colorTweaker.rel
                                          [ colorTweaker ]
out\source\client\exported\animations\colorTweakerCursor.rel
                                          [ colorTweakerCursor ]
out\source\client\exported\animations\explosion.rel
                                          [ explosion ]
out\source\client\exported\animations\gun_girl.rel
                                          [ gun_girl ]
out\source\client\exported\animations\impact.rel
                                          [ impact ]
out\source\client\exported\animations\kunai.rel
                                          [ kunai ]
out\source\client\exported\animations\robotrunner.rel
                                          [ robotrunner ]
out\source\client\exported\animations\robotspring.rel
                                          [ robotspring ]
out\source\client\exported\animations\rock_particle.rel
                                          [ rock_particle ]
out\source\client\exported\animations\test_block.rel
                                          [ test_block ]
out\source\client\exported\animations\walker.rel
                                          [ walker ]
out\source\client\exported\animations\walker_big.rel
                                          [ walker_big ]
out\source\client\exported\animations\walker_small.rel
                                          [ walker_small ]
out\source\client\exported\animations\waterfall.rel
                                          [ waterfall ]
out\source\client\generated\tilesets\background3_tileset.rel
                                          [ background3_tileset ]
out\source\client\generated\tilesets\breakable_rock_tileset.rel
                                          [ breakable_rock_tileset ]
out\source\client\generated\tilesets\waterfall_tileset.rel
                                          [ waterfall_tileset ]
out\source\client\exported\maps\background3.rel
                                          [ background3 ]
out\source\client\exported\maps\background3_test.rel
                                          [ background3_test ]
out\source\client\exported\maps\waterfall.rel
                                          [ waterfall ]


Libraries Linked                          [ object file ]

..\..\..\devkitSMS-master\/SMSlib/SMSlib.lib
                                          [ SMSlib_VRAMmemset.rel ]
..\..\..\devkitSMS-master\/SMSlib/SMSlib.lib
                                          [ SMSlib.rel ]
..\..\..\devkitSMS-master\/SMSlib/SMSlib.lib
                                          [ SMSlib_sprite.rel ]
C:\Program Files\SDCC\bin\..\lib\z80/z80.lib
                                          [ mul.rel ]
C:\Program Files\SDCC\bin\..\lib\z80/z80.lib
                                          [ __sdcc_call_hl.rel ]
..\..\..\devkitSMS-master\/SMSlib/SMSlib.lib
                                          [ SMSlib_debug.rel ]
..\..\..\devkitSMS-master\/SMSlib/SMSlib.lib
                                          [ SMSlib_UNSAFE.rel ]
..\..\..\devkitSMS-master\/SMSlib/SMSlib.lib
                                          [ SMSlib_VRAMmemcpy.rel ]
C:\Program Files\SDCC\bin\..\lib\z80/z80.lib
                                          [ __sdcc_call_iy.rel ]
..\..\..\devkitSMS-master\/SMSlib/SMSlib.lib
                                          [ SMSlib_autotext.rel ]
..\..\..\devkitSMS-master\/SMSlib/SMSlib.lib
                                          [ SMSlib_loadTileMapColumn.rel ]
..\..\..\devkitSMS-master\/SMSlib/SMSlib.lib
                                          [ SMSlib_load1bppTiles.rel ]
..\..\..\devkitSMS-master\/SMSlib/SMSlib.lib
                                          [ SMSlib_textrenderer.rel ]

ASxxxx Linker V03.00/V05.40 + sdld,  page 33.

User Base Address Definitions

_CODE = 0x0200
_DATA = 0xc000
_BANK3=0x8000
_BANK2=0x8000
_BANK4=0x8000

