ASxxxx Linker V03.00/V05.40 + sdld,  page 1.
Hexadecimal  [32-Bits]

Area                                    Addr        Size        Decimal Bytes (Attributes)
--------------------------------        ----        ----        ------- ----- ------------
.  .ABS.                            00000000    00000000 =           0. bytes (ABS,CON)

      Value  Global                              Global Defined In Module
      -----  --------------------------------   ------------------------
     00000000  .__.ABS.                           
     00000000  _UNSAFE_SMS_VRAMmemcpy256       
     00000000  l__BSEG                         
     00000000  l__BSS                          
     00000000  l__CABS                         
     00000000  l__DABS                         
     00000000  l__HEADER                       
     00000000  l__HEAP                         
     00000000  l__HOME                         
     00000000  s__CABS                         
     00000000  s__CABS0                        
     00000000  s__CABS1                        
     00000000  s__CABS2                        
     00000000  s__CABS3                        
     00000000  s__CABS4                        
     00000000  s__DABS                         
     00000000  s__HEADER                       
     00000000  s__HEADER0                      
     00000000  s__HEADER1                      
     00000000  s__HEADER2                      
     00000000  s__HEADER3                      
     00000000  s__HEADER4                      
     00000001  l__GSFINAL                      
     00000003  l__CABS1                        
     00000008  l__HEADER0                      
     00000009  l__HEADER1                      
     0000000F  l__GSINIT                       
     00000010  l__CABS0                        
     00000010  l__CABS2                        
     00000010  l__CABS4                        
     0000001F  l__HEADER2                      
     0000001F  l__INITIALIZED                  
     0000001F  l__INITIALIZER                  
     0000002B  l__CABS3                        
     0000002B  l__HEADER3                      
     00000104  l__HEADER4                      
     00000200  s__CODE                         
     000006DC  l__BANK5                        
     0000148B  l__BANK2                        
     00001774  l__BANK7                        
     00001CDC  l__BANK3                        
     00001D0D  l__DATA                         
     00001E04  l__BANK6                        
     00001EB4  l__BANK4                        
     0000276F  l__BANK8                        
     0000734F  l__CODE                         
     0000754F  s__HOME                         
     0000754F  s__INITIALIZER                  
     0000756E  s__GSINIT                       
     0000757D  s__GSFINAL                      
ASxxxx Linker V03.00/V05.40 + sdld,  page 2.
Hexadecimal  [32-Bits]

Area                                    Addr        Size        Decimal Bytes (Attributes)
--------------------------------        ----        ----        ------- ----- ------------
.  .ABS.                            00000000    00000000 =           0. bytes (ABS,CON)

      Value  Global                              Global Defined In Module
      -----  --------------------------------   ------------------------
     00008000  _SMS_SRAM                          SMSlib_textrenderer
     00008000  s__BANK2                        
     00008000  s__BANK3                        
     00008000  s__BANK4                        
     00008000  s__BANK5                        
     00008000  s__BANK6                        
     00008000  s__BANK7                        
     00008000  s__BANK8                        
     0000C000  s__DATA                         
     0000DD0D  s__INITIALIZED                  
     0000DD2C  s__BSEG                         
     0000DD2C  s__BSS                          
     0000DD2C  s__HEAP                         
     0000FFFC  _SRAM_bank_to_be_mapped_on_slot2   SMSlib_textrenderer
     0000FFFD  _ROM_bank_to_be_mapped_on_slot0    SMSlib_textrenderer
     0000FFFE  _ROM_bank_to_be_mapped_on_slot1    SMSlib_textrenderer
     0000FFFF  _ROM_bank_to_be_mapped_on_slot2    SMSlib_textrenderer

ASxxxx Linker V03.00/V05.40 + sdld,  page 3.
Hexadecimal  [32-Bits]

Area                                    Addr        Size        Decimal Bytes (Attributes)
--------------------------------        ----        ----        ------- ----- ------------
_CODE                               00000200    0000734F =       29519. bytes (REL,CON)

      Value  Global                              Global Defined In Module
      -----  --------------------------------   ------------------------
     00000200  _PSGStop                           PSGlib
     00000233  _PSGResume                         PSGlib
     00000354  _PSGPlay                           PSGlib
     0000037F  _PSGPlayLoops                      PSGlib
     00000396  _PSGCancelLoop                     PSGlib
     000003A1  _PSGPlayNoRepeat                   PSGlib
     000003AF  _PSGGetStatus                      PSGlib
     000003B3  _PSGSilenceChannels                PSGlib
     000003C4  _PSGRestoreVolumes                 PSGlib
     000004C1  _PSGSetMusicVolumeAttenuation      PSGlib
     000005A7  _PSGSFXStop                        PSGlib
     0000070C  _PSGSFXPlay                        PSGlib
     00000770  _PSGSFXCancelLoop                  PSGlib
     00000776  _PSGSFXGetStatus                   PSGlib
     0000077A  _PSGSFXPlayLoop                    PSGlib
     00000795  _PSGFrame                          PSGlib
     000008FD  _PSGSFXFrame                       PSGlib
     00000995  _bullet_template                   bullet_template
     000009A2  _colortweaker_template             colortweaker_template
     000009AF  _commandrunner_rightscroll_templ   commandrunner_rightscroll_te
     000009BC  _deliveryrobot_template            deliveryrobot_template
     000009C9  _enemy_bullet_template             enemy_bullet_template
     000009D6  _explosion_template                explosion_template
     000009E3  _gun_girl_template                 gun_girl_template
     000009F0  _impact_template                   impact_template
     000009FD  _kunai_template                    kunai_template
     00000A0A  _robotrunner_template              robotrunner_template
     00000A17  _robotspring_template              robotspring_template
     00000A24  _rock_particle_template            rock_particle_template
     00000A31  _shotgun_item_template             shotgun_item_template
     00000A3E  _shotgun_template                  shotgun_template
     00000A4B  _test_block_template               test_block_template
     00000A58  _threeshotflyer_template           threeshotflyer_template
     00000A65  _walker_big_template               walker_big_template
     00000A72  _walker_small_template             walker_small_template
     00000A7F  _walker_template                   walker_template
     00000A8C  _wheeler_template                  wheeler_template
     00000A99  _scene003_createInfoBootstrapper   scene003
     00000AA1  _scene003_createInfo3              scene003
     00000AA9  _scene003_createInfo6              scene003
     00000AAF  _scene003_createInfo7              scene003
     00000AB5  _scene003_createInfo8              scene003
     00000ABB  _scene003_createInfo9              scene003
     00000AC1  _setTilesetPropertiesParams        scene003
     00000AC6  _scene003_commands                 scene003
     00000B38  _scene003                          scene003
     00000B3A  _globalPaletteValues               globalPalette
     00000B4A  _globalPalette                     globalPalette
     00000B4D  _AICommandUtils_updateAICommands   ai_commands
     00000C5B  _PSGUpdate                         main
ASxxxx Linker V03.00/V05.40 + sdld,  page 4.
Hexadecimal  [32-Bits]

Area                                    Addr        Size        Decimal Bytes (Attributes)
--------------------------------        ----        ----        ------- ----- ------------
_CODE                               00000200    0000734F =       29519. bytes (REL,CON)

      Value  Global                              Global Defined In Module
      -----  --------------------------------   ------------------------
     00000C61  _main                              main
     00000D23  _MotionUtils_updateMotion          motion_sequence
     00000D92  _breakable_rock_tileset_TilesetF   tileset_functions
     00000E68  _WeaponManager_InitGame            weapon_manager
     00000E84  _WeaponManager_InitLevel           weapon_manager
     00000E85  _WeaponManager_SwitchWeapon        weapon_manager
     00000EAA  _WeaponManager_FireDefault         weapon_manager
     00000F08  _WeaponManager_FireDefaultVertic   weapon_manager
     00000F55  _WeaponManager_FireShotgun         weapon_manager
     0000105F  _WeaponManager_FireShotgunVertic   weapon_manager
     00001134  _sceneMasterTemp_createInfoBoots   sceneMasterTemp
     0000113C  _sceneMasterTemp_createInfo3       sceneMasterTemp
     00001144  _sceneMasterTemp_createInfo6       sceneMasterTemp
     0000114A  _sceneMasterTemp_createInfo7       sceneMasterTemp
     00001150  _sceneMasterTemp_createInfo8       sceneMasterTemp
     00001156  _sceneMasterTemp_createInfo9       sceneMasterTemp
     0000115C  _sceneMasterTemp_createInfo10      sceneMasterTemp
     00001162  _sceneMasterTemp_createInfo11      sceneMasterTemp
     00001168  _sceneMasterTemp_createInfo12      sceneMasterTemp
     0000116E  _sceneMasterTemp_createInfo13      sceneMasterTemp
     00001174  _sceneMasterTemp_createInfo14      sceneMasterTemp
     0000117A  _sceneMasterTemp_createInfo15      sceneMasterTemp
     00001180  _sceneMasterTemp_createInfo16      sceneMasterTemp
     00001186  _sceneMasterTemp_createInfo17      sceneMasterTemp
     0000118C  _sceneMasterTemp_createInfo18      sceneMasterTemp
     00001192  _sceneMasterTemp_createInfo19      sceneMasterTemp
     00001198  _sceneMasterTemp_createInfo20      sceneMasterTemp
     0000119E  _sceneMasterTemp_createInfo21      sceneMasterTemp
     000011A4  _sceneMasterTemp_createInfo22      sceneMasterTemp
     000011AA  _setTilesetPropertiesParams2       sceneMasterTemp
     000011AF  _sceneMasterTemp_commands          sceneMasterTemp
     00001287  _sceneMasterTemp                   sceneMasterTemp
     00001289  _explosion_psg                     bank2
     000012A4  _throw_psg                         bank2
     000012BA  _hit_psg                           bank2
     000012CB  _breakable_rock_tilesetResourceI   resource_infos
     000012CE  _field_tilesetResourceInfo         resource_infos
     000012D1  _waterfall_tilesetResourceInfo     resource_infos
     000012D4  _gun_girlResourceInfo              resource_infos
     000012D7  _colorTweakerResourceInfo          resource_infos
     000012DA  _colorTweakerCursorResourceInfo    resource_infos
     000012DD  _explosionResourceInfo             resource_infos
     000012E0  _impactResourceInfo                resource_infos
     000012E3  _kunaiResourceInfo                 resource_infos
     000012E6  _rock_particleResourceInfo         resource_infos
     000012E9  _test_blockResourceInfo            resource_infos
     000012EC  _enemy_bulletResourceInfo          resource_infos
     000012EF  _robotrunnerResourceInfo           resource_infos
     000012F2  _robotspringResourceInfo           resource_infos
     000012F5  _threeshotflyerResourceInfo        resource_infos
     000012F8  _walkerResourceInfo                resource_infos
ASxxxx Linker V03.00/V05.40 + sdld,  page 5.
Hexadecimal  [32-Bits]

Area                                    Addr        Size        Decimal Bytes (Attributes)
--------------------------------        ----        ----        ------- ----- ------------
_CODE                               00000200    0000734F =       29519. bytes (REL,CON)

      Value  Global                              Global Defined In Module
      -----  --------------------------------   ------------------------
     000012FB  _walker_bigResourceInfo            resource_infos
     000012FE  _walker_smallResourceInfo          resource_infos
     00001301  _wheelerResourceInfo               resource_infos
     00001304  _bulletResourceInfo                resource_infos
     00001307  _deliveryrobotResourceInfo         resource_infos
     0000130A  _shotgunResourceInfo               resource_infos
     0000130D  _shotgun_itemResourceInfo          resource_infos
     00001310  _waterfallResourceInfo             resource_infos
     00001313  _globalPaletteResourceInfo         resource_infos
     00001316  _level_001_mapResourceInfo         resource_infos
     00001319  _field_mapResourceInfo             resource_infos
     0000131C  _waterfall_mapResourceInfo         resource_infos
     0000131F  _BasicEffect_Init                  basic_effect
     00001338  _BasicEffect_Update                basic_effect
     00001428  _Bird_Init                         bird
     0000145F  _Bird_Update                       bird
     0000149A  _Bird_Draw                         bird
     0000149B  _Bullet_Init                       bullet
     000014B8  _Bullet_Update                     bullet
     0000165F  _Bullet_HandleCollision            bullet
     00001720  _ColorTweaker_Init                 color_tweaker
     00001853  _ColorTweaker_Update               color_tweaker
     00001D02  _ColorTweaker_Draw                 color_tweaker
     00001D05  _CommandRunner_RightScroll_Init    commandrunner_rightscroll
     00001DA3  _CommandRunner_RightScroll_Updat   commandrunner_rightscroll
     00001E22  _DeliveryRobot_Init                deliveryrobot
     00001EFC  _deliveryRobotMotionSequenceNode   deliveryrobot
     00001F29  _deliveryRobotMotionSequence       deliveryrobot
     00001F2E  _DeliveryRobot_Update              deliveryrobot
     0000205C  _DeliveryRobot_HandleCollision     deliveryrobot
     0000222B  _Enemy_Init                        enemy
     0000223C  _Enemy_Update                      enemy
     000022FE  _Enemy_HandleCollision             enemy
     0000238D  _Kunai_Init                        kunai
     000023AA  _EraseTiles                        kunai
     00002450  _Kunai_Update                      kunai
     000025ED  _Kunai_HandleCollision             kunai
     000026AE  _OnResourceLoaded                  on_resource_loaded_callback
     000026C1  _ParticleEffect_Init               particle_effect
     000026EF  _ParticleEffect_Update             particle_effect
     0000281B  _setPlayerAnimation                player
     00002992  _playerStateFunctions              player
     0000299E  _setPlayerState                    player
     00002A19  _Player_Init                       player
     00002AB9  _Player_BuildMetaSprite            player
     00002C0E  _Player_FireWeapon                 player
     00002CE5  _Player_UpdateX                    player
     00002F1D  _Player_UpdateStand                player
     00002FE6  _Player_UpdateRun                  player
     000030C7  _Player_UpdateFall                 player
     00003273  _Player_UpdateJump                 player
ASxxxx Linker V03.00/V05.40 + sdld,  page 6.
Hexadecimal  [32-Bits]

Area                                    Addr        Size        Decimal Bytes (Attributes)
--------------------------------        ----        ----        ------- ----- ------------
_CODE                               00000200    0000734F =       29519. bytes (REL,CON)

      Value  Global                              Global Defined In Module
      -----  --------------------------------   ------------------------
     000033B8  _Player_UpdateDuck                 player
     00003498  _Player_Update                     player
     00003558  _Player_Draw                       player
     000035B9  _RightScroller_Init                right_scroller
     00003671  _RightScroll_Update                right_scroller
     00003757  _RightScroll_Update_Strip          right_scroller
     00003857  _RightScroll_UpdateVDP             right_scroller
     0000388A  _RightScroll_UpdateVDP_Strip       right_scroller
     000038C5  _Shotgun_Init                      shotgun
     000038E2  _Shotgun_Update                    shotgun
     000039DC  _Shotgun_HandleCollision           shotgun
     00003A9D  _ShotgunItem_Init                  shotgun_item
     00003ADE  _ShotgunItem_Update                shotgun_item
     00003BD1  _ShotgunItem_Sit                   shotgun_item
     00003BD2  _ShotgunItem_Fall                  shotgun_item
     00003CAB  _ShotgunItem_HandleCollision       shotgun_item
     00003CB3  _ThreeShotFlyer_Init               threeshotflyer
     00003CFB  _threeShotFlyerAICommandItems      threeshotflyer
     00003D4F  _threeShotFlyerAICommandItems_Si   threeshotflyer
     00003D5B  _ThreeShotFlyer_Update             threeshotflyer
     00003EB6  _ThreeShotFlyer_HandleCollision    threeshotflyer
     00003F65  _ThreeShotFlyer_Fire               threeshotflyer
     0000405B  _TileAnimator_Init                 tile_animator
     00004084  _UpdateTiles                       tile_animator
     000040DD  _TileAnimator_Update               tile_animator
     000040FA  _Wheeler_Init                      wheeler
     000041B7  _Wheeler_Update                    wheeler
     000043A3  _Wheeler_Roll                      wheeler
     000043D5  _Wheeler_Fall                      wheeler
     00004452  _Wheeler_HandleCollision           wheeler
     00004501  _AnimationUtils_updateBatchedAni   animation_utils
     00004537  _AnimationUtils_updateMetaSprite   animation_utils
     0000456D  _AnimationUtils_updateBatchedAni   animation_utils
     000045E9  _AnimationUtils_updateStreamedBa   animation_utils
     00004638  _AnimationUtils_updatePlaneAnima   animation_utils
     0000467A  _AnimationUtils_updateTileAnimat   animation_utils
     000046BA  _AnimationUtils_setBatchedAnimat   animation_utils
     000046FD  _Load_BatchedAnimationResource     animation_utils
     00004725  _Load_MetaSpriteBatchedAnimation   animation_utils
     0000474D  _Load_StreamedBatchedAnimationRe   animation_utils
     00004766  _Load_PlaneAnimationResource       animation_utils
     0000478C  _Load_TileAnimationResource        animation_utils
     000047B2  _Setup_BatchedAnimationResource    animation_utils
     00004836  _Setup_MetaSpriteAnimationResour   animation_utils
     000048C3  _Setup_PlaneAnimationResource      animation_utils
     00004949  _Setup_TileAnimationResource       animation_utils
     00004994  _UNSAFE_SMS_VRAMmemcpy192b         animation_utils
     000049A0  _AnimationUtils_UpdateStreamedBa   animation_utils
     00004A65  _CommandRunner_RunAll_Init         commandrunner_runall
     00004ADB  _commandrunner_runall_template     commandrunner_runall
     00004AE8  _DrawUtils_drawNothing             draw_utils
ASxxxx Linker V03.00/V05.40 + sdld,  page 7.
Hexadecimal  [32-Bits]

Area                                    Addr        Size        Decimal Bytes (Attributes)
--------------------------------        ----        ----        ------- ----- ------------
_CODE                               00000200    0000734F =       29519. bytes (REL,CON)

      Value  Global                              Global Defined In Module
      -----  --------------------------------   ------------------------
     00004AE9  _DrawUtils_drawMetasprite          draw_utils
     00004B3B  _DrawUtils_DrawBatched             draw_utils
     00004BCA  _SMS_addSprite_noreturn_f          draw_utils
     00004BEC  _DrawUtils_DrawStreamedBatched     draw_utils
     00004C73  _drawSprite                        draw_utils
     00004C7D  _drawToPlane                       draw_utils
     00004F3E  _DrawUtils_DrawPlaneAnimationFra   draw_utils
     00004FC8  _JoystickManager_Update            joystick_manager
     00005003  _Load_MapResource                  map_load
     0000509B  _Load_StripMapResource             map_load
     00005118  _Load_TilesetResource              map_load
     00005207  _Load_TilesetResourceSimple        map_load
     00005236  _Load_AnimatedTilesetResource      map_load
     000052ED  _MapManager_SetTilesetProperties   map_manager
     00005341  _ObjectManager_Init                object_manager
     0000541F  _ObjectManager_Update              object_manager
     00005946  _ObjectManager_CreateObject        object_manager
     00005A51  _ApplyGameObjectTemplate           object_manager
     00005ACA  _FindFreeGameObject                object_manager
     00005B8C  _ObjectManager_CreateObjectByCre   object_manager
     00005C85  _ObjectManager_DestroyObject       object_manager
     00005D00  _ObjectManagerUtils_doProjectCol   object_manager
     00005E76  _ObjectManager_QueueVDPDraw        object_manager
     00005EA7  _ObjectManager_VDPDraw             object_manager
     00005EF4  _ObjectUtils_gameObjectDoNothing   object_utils
     00005EF5  _ObjectUtils_doNothing             object_utils
     00005EF6  _ObjectUtils_twoGameObjectsDoNot   object_utils
     00005EF7  _printResourceTypeName             resource_manager
     0000600A  _ResourceManager_Init              resource_manager
     00006096  _ResourceManager_LoadResource      resource_manager
     00006152  _ResourceManager_SetupResource     resource_manager
     000061FF  _ResourceManager_SetOnResourceLo   resource_manager
     00006203  _SceneManager_Init                 scene_manager
     0000622B  _ScrollUtils_buildColumn           scroll_utils
     0000688B  _ScrollUtils_InitTilemap           scroll_utils
     000068F6  _ScrollUtils_InitTilemapStrip      scroll_utils
     0000696A  _TerrainManager_Init               terrain_manager
     0000699A  _TerrainManager_Init_Strip         terrain_manager
     000069D4  _TerrainManager_UpdateTerrain      terrain_manager
     00006AF7  _TerrainManager_UpdateTerrain_St   terrain_manager
     00006B41  _VDPTileManager_Init               vdptile_manager
     00006B4E  _VDPTileManager_LoadSpriteTiles    vdptile_manager
     00006BB3  _VDPTileManager_ReserveSpriteTil   vdptile_manager
     00006BD8  _VDPTileManager_LoadBackgroundTi   vdptile_manager
     00006C1B  _SetBackgroundVerticalScroll       background_commands
     00006C1E  _SetBackgroundPalette              set_palette_commands
     00006C7E  _SetSpritePalette                  set_palette_commands
     00006CDA  _SMS_init                          SMSlib
     00006D06  _VDPReg_init                       SMSlib
     00006D11  _SMS_VDPturnOnFeature              SMSlib
     00006D26  _SMS_VDPturnOffFeature             SMSlib
ASxxxx Linker V03.00/V05.40 + sdld,  page 8.
Hexadecimal  [32-Bits]

Area                                    Addr        Size        Decimal Bytes (Attributes)
--------------------------------        ----        ----        ------- ----- ------------
_CODE                               00000200    0000734F =       29519. bytes (REL,CON)

      Value  Global                              Global Defined In Module
      -----  --------------------------------   ------------------------
     00006D3E  _SMS_setBGScrollX                  SMSlib
     00006D48  _SMS_setBGScrollY                  SMSlib
     00006D52  _SMS_setBackdropColor              SMSlib
     00006D5C  _SMS_useFirstHalfTilesforSprites   SMSlib
     00006D72  _SMS_setSpriteMode                 SMSlib
     00006DBF  _SMS_setBGPaletteColor             SMSlib
     00006DCC  _SMS_setSpritePaletteColor         SMSlib
     00006DD9  _SMS_loadBGPalette                 SMSlib
     00006DED  _SMS_loadSpritePalette             SMSlib
     00006E01  _SMS_setColor                      SMSlib
     00006E05  _SMS_waitForVBlank                 SMSlib
     00006E12  _SMS_getKeysStatus                 SMSlib
     00006E17  _SMS_getKeysPressed                SMSlib
     00006E2C  _SMS_getKeysHeld                   SMSlib
     00006E3F  _SMS_getKeysReleased               SMSlib
     00006E58  _SMS_queryPauseRequested           SMSlib
     00006E5C  _SMS_resetPauseRequest             SMSlib
     00006E62  _SMS_setFrameInterruptHandler      SMSlib
     00006E66  _SMS_setLineInterruptHandler       SMSlib
     00006E6A  _SMS_setLineCounter                SMSlib
     00006E74  _SMS_getVCount                     SMSlib
     00006E77  _SMS_getHCount                     SMSlib
     00006E7A  _SMS_isr                           SMSlib
     00006EB9  _SMS_nmi_isr                       SMSlib
     00006EC2  _SMS_VRAMmemset_f                  SMSlib_VRAMmemset
     00006EDE  _SMS_VRAMmemsetW                   SMSlib_VRAMmemset
     00006EF1  _SMS_initSprites                   SMSlib_sprite
     00006EF7  _SMS_addSprite_f                   SMSlib_sprite
     00006F22  _SMS_copySpritestoSAT              SMSlib_sprite
     00006F56  _SMS_addThreeAdjoiningSprites_f    SMSlib_threesprites
     00006FA4  _SMS_addTwoAdjoiningSprites_f      SMSlib_twosprites
     00006FDA  _SMS_addMetaSprite_f               SMSlib_metasprite
     0000702D  ___sdcc_call_hl                    
     0000702E  _SMS_debugPrintf                   SMSlib_debug
     0000703E  _UNSAFE_SMS_copySpritestoSAT       SMSlib_UNSAFE
     00007085  _UNSAFE_SMS_VRAMmemcpy32           SMSlib_UNSAFE
     0000708E  _UNSAFE_SMS_VRAMmemcpy64           SMSlib_UNSAFE
     00007097  _UNSAFE_SMS_VRAMmemcpy128          SMSlib_UNSAFE
     000070A0  _SMS_VRAMmemcpy                    SMSlib_VRAMmemcpy
     000070B7  ___sdcc_call_iy                    
     000070B9  _SMS_autoSetUpTextRenderer         SMSlib_autotext
     000070E8  _devkitSMS_font__tiles__1bpp       SMSlib_autotext
     000073E8  _SMS_addFourAdjoiningSprites_f     SMSlib_foursprites
     00007453  _SMS_loadTileMapColumnatAddr       SMSlib_loadTileMapColumn
     00007473  __divschar                         
     00007475  __div8                             
     00007479  __div_signexte                     
     0000747D  __div16                            
     0000747D  __divsint                          
     000074A3  __get_remainder                    
     000074AD  _SMS_load1bppTiles                 SMSlib_load1bppTiles
ASxxxx Linker V03.00/V05.40 + sdld,  page 9.
Hexadecimal  [32-Bits]

Area                                    Addr        Size        Decimal Bytes (Attributes)
--------------------------------        ----        ----        ------- ----- ------------
_CODE                               00000200    0000734F =       29519. bytes (REL,CON)

      Value  Global                              Global Defined In Module
      -----  --------------------------------   ------------------------
     0000750F  _SMS_configureTextRenderer         SMSlib_textrenderer
     00007513  _putchar                           SMSlib_textrenderer
     0000751B  __divuchar                         
     0000751D  __divu8                            
     00007520  __divu16                           
     00007520  __divuint                          

ASxxxx Linker V03.00/V05.40 + sdld,  page 10.
Hexadecimal  [32-Bits]

Area                                    Addr        Size        Decimal Bytes (Attributes)
--------------------------------        ----        ----        ------- ----- ------------
_HEADER0                            00000000    00000008 =           8. bytes (ABS,CON)

      Value  Global                              Global Defined In Module
      -----  --------------------------------   ------------------------
ASxxxx Linker V03.00/V05.40 + sdld,  page 11.
Hexadecimal  [32-Bits]

Area                                    Addr        Size        Decimal Bytes (Attributes)
--------------------------------        ----        ----        ------- ----- ------------
_HEADER1                            00000000    00000009 =           9. bytes (ABS,CON)

      Value  Global                              Global Defined In Module
      -----  --------------------------------   ------------------------
     00000008  _SMS_crt0_RST08                    crt0

ASxxxx Linker V03.00/V05.40 + sdld,  page 12.
Hexadecimal  [32-Bits]

Area                                    Addr        Size        Decimal Bytes (Attributes)
--------------------------------        ----        ----        ------- ----- ------------
_HEADER2                            00000000    0000001F =          31. bytes (ABS,CON)

      Value  Global                              Global Defined In Module
      -----  --------------------------------   ------------------------
     00000018  _SMS_crt0_RST18                    crt0
     0000002F  get_bank                           crt0
     00000033  set_bank                           crt0
ASxxxx Linker V03.00/V05.40 + sdld,  page 13.
Hexadecimal  [32-Bits]

Area                                    Addr        Size        Decimal Bytes (Attributes)
--------------------------------        ----        ----        ------- ----- ------------
_HEADER3                            00000000    0000002B =          43. bytes (ABS,CON)

      Value  Global                              Global Defined In Module
      -----  --------------------------------   ------------------------
ASxxxx Linker V03.00/V05.40 + sdld,  page 14.
Hexadecimal  [32-Bits]

Area                                    Addr        Size        Decimal Bytes (Attributes)
--------------------------------        ----        ----        ------- ----- ------------
_HEADER4                            00000000    00000104 =         260. bytes (ABS,CON)

      Value  Global                              Global Defined In Module
      -----  --------------------------------   ------------------------
     00000069  _OUTI128                           crt0
     000000E9  _OUTI64                            crt0
     00000129  _OUTI32                            crt0
     00000169  _outi_block                        crt0

ASxxxx Linker V03.00/V05.40 + sdld,  page 15.
Hexadecimal  [32-Bits]

Area                                    Addr        Size        Decimal Bytes (Attributes)
--------------------------------        ----        ----        ------- ----- ------------
_INITIALIZER                        0000754F    0000001F =          31. bytes (REL,CON)

      Value  Global                              Global Defined In Module
      -----  --------------------------------   ------------------------
ASxxxx Linker V03.00/V05.40 + sdld,  page 16.
Hexadecimal  [32-Bits]

Area                                    Addr        Size        Decimal Bytes (Attributes)
--------------------------------        ----        ----        ------- ----- ------------
_GSINIT                             0000756E    0000000F =          15. bytes (REL,CON)

      Value  Global                              Global Defined In Module
      -----  --------------------------------   ------------------------
     0000756E  gsinit                             crt0

ASxxxx Linker V03.00/V05.40 + sdld,  page 17.
Hexadecimal  [32-Bits]

Area                                    Addr        Size        Decimal Bytes (Attributes)
--------------------------------        ----        ----        ------- ----- ------------
_GSFINAL                            0000757D    00000001 =           1. bytes (REL,CON)

      Value  Global                              Global Defined In Module
      -----  --------------------------------   ------------------------
ASxxxx Linker V03.00/V05.40 + sdld,  page 18.
Hexadecimal  [32-Bits]

Area                                    Addr        Size        Decimal Bytes (Attributes)
--------------------------------        ----        ----        ------- ----- ------------
_DATA                               0000C000    00001D0D =        7437. bytes (REL,CON)

      Value  Global                              Global Defined In Module
      -----  --------------------------------   ------------------------
     0000C000  _PSGMusicStatus                    PSGlib
     0000C001  _PSGMusicStart                     PSGlib
     0000C003  _PSGMusicPointer                   PSGlib
     0000C005  _PSGMusicLoopPoint                 PSGlib
     0000C007  _PSGMusicSkipFrames                PSGlib
     0000C008  _PSGLoopFlag                       PSGlib
     0000C009  _PSGLoopCounter                    PSGlib
     0000C00A  _PSGMusicLastLatch                 PSGlib
     0000C00B  _PSGMusicVolumeAttenuation         PSGlib
     0000C00C  _PSGMusicSubstringLen              PSGlib
     0000C00D  _PSGMusicSubstringRetAddr          PSGlib
     0000C00F  _PSGChan0Volume                    PSGlib
     0000C010  _PSGChan1Volume                    PSGlib
     0000C011  _PSGChan2Volume                    PSGlib
     0000C012  _PSGChan3Volume                    PSGlib
     0000C013  _PSGChan0LowTone                   PSGlib
     0000C014  _PSGChan0HighTone                  PSGlib
     0000C015  _PSGChan1LowTone                   PSGlib
     0000C016  _PSGChan1HighTone                  PSGlib
     0000C017  _PSGChan2LowTone                   PSGlib
     0000C018  _PSGChan2HighTone                  PSGlib
     0000C019  _PSGChan3LowTone                   PSGlib
     0000C01A  _PSGChannel0SFX                    PSGlib
     0000C01B  _PSGChannel1SFX                    PSGlib
     0000C01C  _PSGChannel2SFX                    PSGlib
     0000C01D  _PSGChannel3SFX                    PSGlib
     0000C01E  _PSGSFXChan0Volume                 PSGlib
     0000C01F  _PSGSFXChan1Volume                 PSGlib
     0000C020  _PSGSFXChan2Volume                 PSGlib
     0000C021  _PSGSFXChan3Volume                 PSGlib
     0000C022  _PSGSFXStatus                      PSGlib
     0000C023  _PSGSFXStart                       PSGlib
     0000C025  _PSGSFXPointer                     PSGlib
     0000C027  _PSGSFXLoopPoint                   PSGlib
     0000C029  _PSGSFXSkipFrames                  PSGlib
     0000C02A  _PSGSFXLoopFlag                    PSGlib
     0000C02B  _PSGSFXSubstringLen                PSGlib
     0000C02C  _PSGSFXSubstringRetAddr            PSGlib
     0000C02E  _PhysicsVars_X                     physics_manager
     0000C030  _PhysicsVars_Y                     physics_manager
     0000C032  _PhysicsVars_GroundBlockX          physics_manager
     0000C034  _PhysicsVars_GroundBlockY          physics_manager
     0000C036  _WeaponManager_currentWeaponType   weapon_manager
     0000C037  _WeaponManager_FireWeapon          weapon_manager
     0000C039  _WeaponManager_FireWeaponVertica   weapon_manager
     0000C03B  _weaponFunctions                   weapon_manager
     0000C03F  _weaponVerticalFunctions           weapon_manager
     0000C043  _redChannel                        color_tweaker
     0000C053  _greenChannel                      color_tweaker
     0000C063  _blueChannel                       color_tweaker
ASxxxx Linker V03.00/V05.40 + sdld,  page 19.
Hexadecimal  [32-Bits]

Area                                    Addr        Size        Decimal Bytes (Attributes)
--------------------------------        ----        ----        ------- ----- ------------
_DATA                               0000C000    00001D0D =        7437. bytes (REL,CON)

      Value  Global                              Global Defined In Module
      -----  --------------------------------   ------------------------
     0000C073  _palette                           color_tweaker
     0000C083  _playerMetaSprites                 player
     0000C483  _playerMetaSpriteFrameIndexes      player
     0000C4D3  _playerX                           player
     0000C4D5  _playerY                           player
     0000C4D7  _playerSpeedX                      player
     0000C4D9  _playerSpeedY                      player
     0000C4DB  _playerRectLeftV                   player
     0000C4DD  _playerRectRightV                  player
     0000C4DF  _playerRectTopV                    player
     0000C4E1  _playerRectBottomV                 player
     0000C4E3  _playerFlipped                     player
     0000C4E4  _playerState                       player
     0000C4E5  _jumpPressCounter                  player
     0000C4E7  _jumpWhenLanding                   player
     0000C4E8  _canStillJumpFrames                player
     0000C4E9  _pointingUp                        player
     0000C4EA  _pointingDown                      player
     0000C4EB  _isPlayerShooting                  player
     0000C4EC  _player_SubUpdate                  player
     0000C4EE  _columnToUpdate                    right_scroller
     0000C4F0  _terrainColumnToUpdate             right_scroller
     0000C4F1  _CommandManager_commandRunnerObj   command_manager
     0000C523  _CommandManager_currentCommand     command_manager
     0000C525  _CommandRunner_counter             command_manager
     0000C527  _DrawUtils_spriteCounter           draw_utils
     0000C528  _DrawUtils_currentSpriteStrips     draw_utils
     0000C52A  _DrawUtils_vdpTileIndex            draw_utils
     0000C52B  _DrawUtils_screenX                 draw_utils
     0000C52D  _DrawUtils_screenY                 draw_utils
     0000C52F  _x                                 draw_utils
     0000C530  _y                                 draw_utils
     0000C531  _buffer                            draw_utils
     0000C533  _bufferWidth                       draw_utils
     0000C534  _bufferHeight                      draw_utils
     0000C535  _vdpOffset                         draw_utils
     0000C537  _JoystickManager_buttonState       joystick_manager
     0000C539  _JoystickManager_buttonsPressed    joystick_manager
     0000C53B  _JoystickManager_buttonsReleased   joystick_manager
     0000C53D  _MapManager_numTilesets            map_manager
     0000C53E  _MapManager_metatileLuts           map_manager
     0000C54E  _MapManager_metatileLutsData       map_manager
     0000D54E  _MapManager_metatileLutsDataSize   map_manager
     0000D550  _MapManager_tilesets               map_manager
     0000D5B0  _MapManager_tilesetVdpLocations    map_manager
     0000D5C0  _MapManager_tilesetFunctions       map_manager
     0000D5D0  _MapManager_tilesetGameObjectTem   map_manager
     0000D5E0  _MapManager_mapWidth               map_manager
     0000D5E2  _MapManager_mapHeight              map_manager
     0000D5E4  _MapManager_mapData                map_manager
     0000D5E6  _MapManager_mapResourceInfo        map_manager
ASxxxx Linker V03.00/V05.40 + sdld,  page 20.
Hexadecimal  [32-Bits]

Area                                    Addr        Size        Decimal Bytes (Attributes)
--------------------------------        ----        ----        ------- ----- ------------
_DATA                               0000C000    00001D0D =        7437. bytes (REL,CON)

      Value  Global                              Global Defined In Module
      -----  --------------------------------   ------------------------
     0000D5E8  _MapManager_terrainMapStrips       map_manager
     0000D5EA  _MapManager_terrainMapWidth        map_manager
     0000D5EC  _MapManager_terrainMapHeight       map_manager
     0000D5EE  _ObjectManager_player              object_manager
     0000D620  _ObjectManager_Item                object_manager
     0000D652  _ObjectManager_projectileSlots     object_manager
     0000D6E8  _ObjectManager_enemyProjectileSl   object_manager
     0000D77E  _ObjectManager_enemySlots          object_manager
     0000D90E  _ObjectManager_effectSlots         object_manager
     0000DA9E  _objectSlotRunner                  object_manager
     0000DAA0  _ObjectManager_numEffects          object_manager
     0000DAA1  _ObjectManager_activeProjectiles   object_manager
     0000DAA7  _ObjectManager_activeProjectiles   object_manager
     0000DAA8  _ObjectManager_currentEnemyIndex   object_manager
     0000DAA9  _ObjectManager_vdpDrawGameObject   object_manager
     0000DAB1  _ObjectManager_vdpDrawFunctions    object_manager
     0000DAB9  _ObjectManager_numVdpDrawItems     object_manager
     0000DABA  _ResourceManager_loadFunctions     resource_manager
     0000DACE  _ResourceManager_setupFunctions    resource_manager
     0000DAE2  _ScrollManager_horizontalScrollL   scroll_manager
     0000DAE4  _ScrollManager_columnBuffer        scroll_manager
     0000DB18  _ScrollManager_currentMapStrip     scroll_manager
     0000DB1A  _ScrollUtils_mapColumnToBuild      scroll_utils
     0000DB1C  _TerrainManager_terrain            terrain_manager
     0000DC1C  _TerrainManager_currentTerrainMa   terrain_manager
     0000DC1E  _VDPTileManager_spriteTileLocati   vdptile_manager
     0000DC20  _VDPTileManager_backgroundTileLo   vdptile_manager
     0000DC22  _colorTweakerVdpLocation           colorTweaker
     0000DC23  _colorTweakerCursorVdpLocation     colorTweakerCursor
     0000DC24  _explosionVdpLocation              explosion
     0000DC25  _impactVdpLocation                 impact
     0000DC26  _kunaiVdpLocation                  kunai
     0000DC27  _rock_particleVdpLocation          rock_particle
     0000DC28  _test_blockVdpLocation             test_block
     0000DC29  _waterfallVdpLocation              waterfall
     0000DC2A  _breakable_rock_tilesetVdpLocati   breakable_rock_tileset
     0000DC2C  _field_tilesetVdpLocation          field_tileset
     0000DC2E  _waterfall_tilesetVdpLocation      waterfall_tileset
     0000DC30  _bulletVdpLocation                 bullet
     0000DC31  _deliveryrobotVdpLocation          deliveryrobot
     0000DC32  _shotgunVdpLocation                shotgun
     0000DC33  _shotgun_itemVdpLocation           shotgun_item
     0000DC34  _enemy_bulletVdpLocation           enemy_bullet
     0000DC35  _robotrunnerVdpLocation            robotrunner
     0000DC36  _robotspringVdpLocation            robotspring
     0000DC37  _threeshotflyerVdpLocation         threeshotflyer
     0000DC38  _walkerVdpLocation                 walker
     0000DC39  _walker_bigVdpLocation             walker_big
     0000DC3A  _walker_smallVdpLocation           walker_small
     0000DC3B  _wheelerVdpLocation                wheeler
     0000DC3C  _gun_girlVdpLocation               gun_girl
ASxxxx Linker V03.00/V05.40 + sdld,  page 21.
Hexadecimal  [32-Bits]

Area                                    Addr        Size        Decimal Bytes (Attributes)
--------------------------------        ----        ----        ------- ----- ------------
_DATA                               0000C000    00001D0D =        7437. bytes (REL,CON)

      Value  Global                              Global Defined In Module
      -----  --------------------------------   ------------------------
     0000DC3D  _VDPBlank                          SMSlib
     0000DC3E  _SMS_VDPFlags                      SMSlib
     0000DC3F  _PauseRequested                    SMSlib
     0000DC40  _SMS_Port3EBIOSvalue               SMSlib
     0000DC41  _SMS_theFrameInterruptHandler      SMSlib
     0000DC43  _KeysStatus                        SMSlib
     0000DC45  _PreviousKeysStatus                SMSlib
     0000DC47  _SMS_theLineInterruptHandler       SMSlib
     0000DC49  _SpriteTableY                      SMSlib_sprite
     0000DC89  _SpriteTableXN                     SMSlib_sprite
     0000DD09  _SpriteNextFree                    SMSlib_sprite
     0000DD0A  _MetaSpriteBaseTile                SMSlib_metasprite
     0000DD0B  _SMS_TextRenderer_offset           SMSlib_textrenderer
ASxxxx Linker V03.00/V05.40 + sdld,  page 22.
Hexadecimal  [32-Bits]

Area                                    Addr        Size        Decimal Bytes (Attributes)
--------------------------------        ----        ----        ------- ----- ------------
_INITIALIZED                        0000DD0D    0000001F =          31. bytes (REL,CON)

      Value  Global                              Global Defined In Module
      -----  --------------------------------   ------------------------
     0000DD0D  _colortweaker_templateExtraResou   colortweaker_template
     0000DD11  _updateAnimationStream             player
     0000DD12  _oldBottomTileTypeLeft             player
     0000DD14  _oldBottomTileTypeRight            player
     0000DD16  _oldBlockY                         player
     0000DD18  _ObjectManager_objectId            object_manager
     0000DD19  _ObjectManager_numEnemies          object_manager
     0000DD1A  _drawOrderToggle                   object_manager
     0000DD1B  _ResourceManager_onResourceLoade   resource_manager
     0000DD1D  _ScrollManager_Update              scroll_manager
     0000DD1F  _ScrollManager_UpdateVDP           scroll_manager
     0000DD21  _ScrollManager_horizontalScroll    scroll_manager
     0000DD23  _ScrollManager_vdpHorizontalScro   scroll_manager
     0000DD24  _ScrollManager_verticalScroll      scroll_manager
     0000DD26  _ScrollManager_updateMapVDP        scroll_manager
     0000DD27  _VDPReg                            SMSlib
     0000DD29  _spritesHeight                     SMSlib
     0000DD2A  _spritesWidth                      SMSlib
     0000DD2B  _spritesTileOffset                 SMSlib

ASxxxx Linker V03.00/V05.40 + sdld,  page 23.
Hexadecimal  [32-Bits]

Area                                    Addr        Size        Decimal Bytes (Attributes)
--------------------------------        ----        ----        ------- ----- ------------
_CABS0                              00000000    00000010 =          16. bytes (ABS,CON)

      Value  Global                              Global Defined In Module
      -----  --------------------------------   ------------------------
     00007FF0  ___SMS__SEGA_signature             main

ASxxxx Linker V03.00/V05.40 + sdld,  page 24.
Hexadecimal  [32-Bits]

Area                                    Addr        Size        Decimal Bytes (Attributes)
--------------------------------        ----        ----        ------- ----- ------------
_CABS1                              00000000    00000003 =           3. bytes (ABS,CON)

      Value  Global                              Global Defined In Module
      -----  --------------------------------   ------------------------
     00007FDD  ___SMS__SDSC_author                main

ASxxxx Linker V03.00/V05.40 + sdld,  page 25.
Hexadecimal  [32-Bits]

Area                                    Addr        Size        Decimal Bytes (Attributes)
--------------------------------        ----        ----        ------- ----- ------------
_CABS2                              00000000    00000010 =          16. bytes (ABS,CON)

      Value  Global                              Global Defined In Module
      -----  --------------------------------   ------------------------
     00007FCD  ___SMS__SDSC_name                  main

ASxxxx Linker V03.00/V05.40 + sdld,  page 26.
Hexadecimal  [32-Bits]

Area                                    Addr        Size        Decimal Bytes (Attributes)
--------------------------------        ----        ----        ------- ----- ------------
_CABS3                              00000000    0000002B =          43. bytes (ABS,CON)

      Value  Global                              Global Defined In Module
      -----  --------------------------------   ------------------------
     00007FA2  ___SMS__SDSC_descr                 main

ASxxxx Linker V03.00/V05.40 + sdld,  page 27.
Hexadecimal  [32-Bits]

Area                                    Addr        Size        Decimal Bytes (Attributes)
--------------------------------        ----        ----        ------- ----- ------------
_CABS4                              00000000    00000010 =          16. bytes (ABS,CON)

      Value  Global                              Global Defined In Module
      -----  --------------------------------   ------------------------
     00007FE0  ___SMS__SDSC_signature             main

ASxxxx Linker V03.00/V05.40 + sdld,  page 28.
Hexadecimal  [32-Bits]

Area                                    Addr        Size        Decimal Bytes (Attributes)
--------------------------------        ----        ----        ------- ----- ------------
_BANK2                              00008000    0000148B =        5259. bytes (REL,CON)

      Value  Global                              Global Defined In Module
      -----  --------------------------------   ------------------------
     00008000  _colorTweakerTileData              colorTweaker
     00008480  _colorTweakerFrame0MetaSprites     colorTweaker
     0000848A  _colorTweakerFrame1MetaSprites     colorTweaker
     00008494  _colorTweakerFrame2MetaSprites     colorTweaker
     0000849E  _colorTweakerFrame3MetaSprites     colorTweaker
     000084A8  _colorTweakerFrame4MetaSprites     colorTweaker
     000084B2  _colorTweakerFrame5MetaSprites     colorTweaker
     000084BC  _colorTweakerFrame6MetaSprites     colorTweaker
     000084C6  _colorTweakerFrame7MetaSprites     colorTweaker
     000084D0  _colorTweakerFrame8MetaSprites     colorTweaker
     000084DA  _colorTweakerFrame9MetaSprites     colorTweaker
     000084E4  _colorTweakerFrame10MetaSprites    colorTweaker
     000084EE  _colorTweakerFrame11MetaSprites    colorTweaker
     000084F8  _colorTweakerFrame12MetaSprites    colorTweaker
     00008502  _colorTweakerFrame13MetaSprites    colorTweaker
     0000850C  _colorTweakerFrame14MetaSprites    colorTweaker
     00008516  _colorTweakerFrame15MetaSprites    colorTweaker
     00008520  _colorTweakerFrame0                colorTweaker
     00008525  _colorTweakerFrame1                colorTweaker
     0000852A  _colorTweakerFrame2                colorTweaker
     0000852F  _colorTweakerFrame3                colorTweaker
     00008534  _colorTweakerFrame4                colorTweaker
     00008539  _colorTweakerFrame5                colorTweaker
     0000853E  _colorTweakerFrame6                colorTweaker
     00008543  _colorTweakerFrame7                colorTweaker
     00008548  _colorTweakerFrame8                colorTweaker
     0000854D  _colorTweakerFrame9                colorTweaker
     00008552  _colorTweakerFrame10               colorTweaker
     00008557  _colorTweakerFrame11               colorTweaker
     0000855C  _colorTweakerFrame12               colorTweaker
     00008561  _colorTweakerFrame13               colorTweaker
     00008566  _colorTweakerFrame14               colorTweaker
     0000856B  _colorTweakerFrame15               colorTweaker
     00008570  _colorTweakerFrames                colorTweaker
     00008590  _colorTweaker                      colorTweaker
     0000859C  _colorTweakerCursorTileData        colorTweakerCursor
     000086DC  _colorTweakerCursorFrame0MetaSpr   colorTweakerCursor
     000086E0  _colorTweakerCursorFrame1MetaSpr   colorTweakerCursor
     000086E4  _colorTweakerCursorFrame2MetaSpr   colorTweakerCursor
     000086E8  _colorTweakerCursorFrame3MetaSpr   colorTweakerCursor
     000086EC  _colorTweakerCursorFrame4MetaSpr   colorTweakerCursor
     000086F0  _colorTweakerCursorFrame0          colorTweakerCursor
     000086F5  _colorTweakerCursorFrame1          colorTweakerCursor
     000086FA  _colorTweakerCursorFrame2          colorTweakerCursor
     000086FF  _colorTweakerCursorFrame3          colorTweakerCursor
     00008704  _colorTweakerCursorFrame4          colorTweakerCursor
     00008709  _colorTweakerCursorFrames          colorTweakerCursor
     00008713  _colorTweakerCursor                colorTweakerCursor
     0000871F  _explosionTileData                 explosion
     00008A9F  _explosionFrame0MetaSprites        explosion
ASxxxx Linker V03.00/V05.40 + sdld,  page 29.
Hexadecimal  [32-Bits]

Area                                    Addr        Size        Decimal Bytes (Attributes)
--------------------------------        ----        ----        ------- ----- ------------
_BANK2                              00008000    0000148B =        5259. bytes (REL,CON)

      Value  Global                              Global Defined In Module
      -----  --------------------------------   ------------------------
     00008AA6  _explosionFrame1MetaSprites        explosion
     00008AB9  _explosionFrame2MetaSprites        explosion
     00008ACC  _explosionFrame3MetaSprites        explosion
     00008AD3  _explosionFrame4MetaSprites        explosion
     00008AE6  _explosionFrame5MetaSprites        explosion
     00008AF9  _explosionFrame6MetaSprites        explosion
     00008B00  _explosionFrame7MetaSprites        explosion
     00008B13  _explosionFrame8MetaSprites        explosion
     00008B26  _explosionFrame0                   explosion
     00008B2B  _explosionFrame1                   explosion
     00008B30  _explosionFrame2                   explosion
     00008B35  _explosionFrame3                   explosion
     00008B3A  _explosionFrame4                   explosion
     00008B3F  _explosionFrame5                   explosion
     00008B44  _explosionFrame6                   explosion
     00008B49  _explosionFrame7                   explosion
     00008B4E  _explosionFrame8                   explosion
     00008B53  _explosionFrames                   explosion
     00008B65  _explosion                         explosion
     00008B71  _impactTileData                    impact
     00008CF1  _impactFrame0MetaSprites           impact
     00008CF8  _impactFrame1MetaSprites           impact
     00008CFF  _impactFrame2MetaSprites           impact
     00008D06  _impactFrame0                      impact
     00008D0B  _impactFrame1                      impact
     00008D10  _impactFrame2                      impact
     00008D15  _impactFrames                      impact
     00008D1B  _impact                            impact
     00008D27  _kunaiTileData                     kunai
     00008FA7  _kunaiFrame0MetaSprites            kunai
     00008FAE  _kunaiFrame1MetaSprites            kunai
     00008FB5  _kunaiFrame2MetaSprites            kunai
     00008FB9  _kunaiFrame3MetaSprites            kunai
     00008FBD  _kunaiFrame4MetaSprites            kunai
     00008FC1  _kunaiFrame5MetaSprites            kunai
     00008FC5  _kunaiFrame6MetaSprites            kunai
     00008FC9  _kunaiFrame7MetaSprites            kunai
     00008FCD  _kunaiFrame0                       kunai
     00008FD2  _kunaiFrame1                       kunai
     00008FD7  _kunaiFrame2                       kunai
     00008FDC  _kunaiFrame3                       kunai
     00008FE1  _kunaiFrame4                       kunai
     00008FE6  _kunaiFrame5                       kunai
     00008FEB  _kunaiFrame6                       kunai
     00008FF0  _kunaiFrame7                       kunai
     00008FF5  _kunaiFrames                       kunai
     00009005  _kunai                             kunai
     00009011  _rock_particleTileData             rock_particle
     00009111  _rock_particleFrame0MetaSprites    rock_particle
     00009115  _rock_particleFrame1MetaSprites    rock_particle
     00009119  _rock_particleFrame2MetaSprites    rock_particle
ASxxxx Linker V03.00/V05.40 + sdld,  page 30.
Hexadecimal  [32-Bits]

Area                                    Addr        Size        Decimal Bytes (Attributes)
--------------------------------        ----        ----        ------- ----- ------------
_BANK2                              00008000    0000148B =        5259. bytes (REL,CON)

      Value  Global                              Global Defined In Module
      -----  --------------------------------   ------------------------
     0000911D  _rock_particleFrame3MetaSprites    rock_particle
     00009121  _rock_particleFrame0               rock_particle
     00009126  _rock_particleFrame1               rock_particle
     0000912B  _rock_particleFrame2               rock_particle
     00009130  _rock_particleFrame3               rock_particle
     00009135  _rock_particleFrames               rock_particle
     0000913D  _rock_particle                     rock_particle
     00009149  _test_blockTileData                test_block
     00009249  _test_blockFrame0MetaSprites       test_block
     00009256  _test_blockFrame0                  test_block
     0000925B  _test_blockFrames                  test_block
     0000925D  _test_block                        test_block
     00009269  _waterfallTileData                 waterfall
     00009469  _waterfallFrame0                   waterfall
     0000946D  _waterfallFrame1                   waterfall
     00009471  _waterfallFrame2                   waterfall
     00009475  _waterfallFrame3                   waterfall
     00009479  _waterfallFrames                   waterfall
     00009481  _waterfall                         waterfall
ASxxxx Linker V03.00/V05.40 + sdld,  page 31.
Hexadecimal  [32-Bits]

Area                                    Addr        Size        Decimal Bytes (Attributes)
--------------------------------        ----        ----        ------- ----- ------------
_BANK3                              00008000    00001CDC =        7388. bytes (REL,CON)

      Value  Global                              Global Defined In Module
      -----  --------------------------------   ------------------------
     00008000  _breakable_rock_tileset_metatile   breakable_rock_tileset
     00008008  _breakable_rock_tileset_tiles      breakable_rock_tileset
     00008088  _breakable_rock_tileset            breakable_rock_tileset
     00008094  _field_tileset_metatiles           field_tileset
     00008454  _field_tileset_tiles               field_tileset
     00009C34  _field_tileset                     field_tileset
     00009C40  _waterfall_tileset_metatiles       waterfall_tileset
     00009C50  _waterfall_tileset_tiles           waterfall_tileset
     00009CD0  _waterfall_tileset                 waterfall_tileset
ASxxxx Linker V03.00/V05.40 + sdld,  page 32.
Hexadecimal  [32-Bits]

Area                                    Addr        Size        Decimal Bytes (Attributes)
--------------------------------        ----        ----        ------- ----- ------------
_BANK4                              00008000    00001EB4 =        7860. bytes (REL,CON)

      Value  Global                              Global Defined In Module
      -----  --------------------------------   ------------------------
     00008000  _field_strip_map                   field
     00009B20  _field_terrain_map                 field
     00009E84  _field_map                         field
     00009E93  _waterfall_strip_map               waterfall
     00009EA3  _waterfall_terrain_map             waterfall
     00009EA5  _waterfall_map                     waterfall
ASxxxx Linker V03.00/V05.40 + sdld,  page 33.
Hexadecimal  [32-Bits]

Area                                    Addr        Size        Decimal Bytes (Attributes)
--------------------------------        ----        ----        ------- ----- ------------
_BANK5                              00008000    000006DC =        1756. bytes (REL,CON)

      Value  Global                              Global Defined In Module
      -----  --------------------------------   ------------------------
     00008000  _bulletTileData                    bullet
     00008040  _bulletFrame0MetaSprites           bullet
     00008044  _bulletFrame0                      bullet
     00008049  _bulletFrames                      bullet
     0000804B  _bullet                            bullet
     00008057  _deliveryrobotTileData             deliveryrobot
     000084D7  _deliveryrobotFrame0MetaSprites    deliveryrobot
     000084E7  _deliveryrobotFrame1MetaSprites    deliveryrobot
     000084F7  _deliveryrobotFrame2MetaSprites    deliveryrobot
     00008507  _deliveryrobotFrame3MetaSprites    deliveryrobot
     00008517  _deliveryrobotFrame4MetaSprites    deliveryrobot
     0000851B  _deliveryrobotFrame5MetaSprites    deliveryrobot
     0000851F  _deliveryrobotFrame0               deliveryrobot
     00008524  _deliveryrobotFrame1               deliveryrobot
     00008529  _deliveryrobotFrame2               deliveryrobot
     0000852E  _deliveryrobotFrame3               deliveryrobot
     00008533  _deliveryrobotFrame4               deliveryrobot
     00008538  _deliveryrobotFrame5               deliveryrobot
     0000853D  _deliveryrobotFrames               deliveryrobot
     00008549  _deliveryrobot                     deliveryrobot
     00008555  _shotgunTileData                   shotgun
     00008655  _shotgunFrame0MetaSprites          shotgun
     00008659  _shotgunFrame1MetaSprites          shotgun
     0000865D  _shotgunFrame2MetaSprites          shotgun
     00008664  _shotgunFrame0                     shotgun
     00008669  _shotgunFrame1                     shotgun
     0000866E  _shotgunFrame2                     shotgun
     00008673  _shotgunFrames                     shotgun
     00008679  _shotgun                           shotgun
     00008685  _shotgun_itemTileData              shotgun_item
     000086C5  _shotgun_itemFrame0MetaSprites     shotgun_item
     000086C9  _shotgun_itemFrame0                shotgun_item
     000086CE  _shotgun_itemFrames                shotgun_item
     000086D0  _shotgun_item                      shotgun_item

ASxxxx Linker V03.00/V05.40 + sdld,  page 34.
Hexadecimal  [32-Bits]

Area                                    Addr        Size        Decimal Bytes (Attributes)
--------------------------------        ----        ----        ------- ----- ------------
_BANK6                              00008000    00001E04 =        7684. bytes (REL,CON)

      Value  Global                              Global Defined In Module
      -----  --------------------------------   ------------------------
     00008000  _enemy_bulletTileData              enemy_bullet
     00008080  _enemy_bulletFrame0MetaSprites     enemy_bullet
     00008084  _enemy_bulletFrame1MetaSprites     enemy_bullet
     00008088  _enemy_bulletFrame0                enemy_bullet
     0000808D  _enemy_bulletFrame1                enemy_bullet
     00008092  _enemy_bulletFrames                enemy_bullet
     00008096  _enemy_bullet                      enemy_bullet
     000080A2  _robotrunnerTileData               robotrunner
     000084A2  _robotrunnerFrame0MetaSprites      robotrunner
     000084B2  _robotrunnerFrame1MetaSprites      robotrunner
     000084C2  _robotrunnerFrame2MetaSprites      robotrunner
     000084D2  _robotrunnerFrame3MetaSprites      robotrunner
     000084E2  _robotrunnerFrame0                 robotrunner
     000084E7  _robotrunnerFrame1                 robotrunner
     000084EC  _robotrunnerFrame2                 robotrunner
     000084F1  _robotrunnerFrame3                 robotrunner
     000084F6  _robotrunnerFrames                 robotrunner
     000084FE  _robotrunner                       robotrunner
     0000850A  _robotspringTileData               robotspring
     0000870A  _robotspringFrame0MetaSprites      robotspring
     00008717  _robotspringFrame1MetaSprites      robotspring
     00008724  _robotspringFrame2MetaSprites      robotspring
     00008731  _robotspringFrame0                 robotspring
     00008736  _robotspringFrame1                 robotspring
     0000873B  _robotspringFrame2                 robotspring
     00008740  _robotspringFrames                 robotspring
     00008746  _robotspring                       robotspring
     00008752  _threeshotflyerTileData            threeshotflyer
     00008992  _threeshotflyerFrame0MetaSprites   threeshotflyer
     000089A5  _threeshotflyerFrame1MetaSprites   threeshotflyer
     000089B8  _threeshotflyerFrame0              threeshotflyer
     000089BD  _threeshotflyerFrame1              threeshotflyer
     000089C2  _threeshotflyerFrames              threeshotflyer
     000089C6  _threeshotflyer                    threeshotflyer
     000089D2  _walkerTileData                    walker
     00008AD2  _walkerFrame0MetaSprites           walker
     00008AD9  _walkerFrame1MetaSprites           walker
     00008AE0  _walkerFrame0                      walker
     00008AE5  _walkerFrame1                      walker
     00008AEA  _walkerFrames                      walker
     00008AEE  _walker                            walker
     00008AFA  _walker_bigTileData                walker_big
     000092FA  _walker_bigFrame0MetaSprites       walker_big
     00009313  _walker_bigFrame1MetaSprites       walker_big
     0000932C  _walker_bigFrame2MetaSprites       walker_big
     00009345  _walker_bigFrame3MetaSprites       walker_big
     0000935E  _walker_bigFrame4MetaSprites       walker_big
     00009377  _walker_bigFrame5MetaSprites       walker_big
     00009390  _walker_bigFrame6MetaSprites       walker_big
     000093A9  _walker_bigFrame7MetaSprites       walker_big
ASxxxx Linker V03.00/V05.40 + sdld,  page 35.
Hexadecimal  [32-Bits]

Area                                    Addr        Size        Decimal Bytes (Attributes)
--------------------------------        ----        ----        ------- ----- ------------
_BANK6                              00008000    00001E04 =        7684. bytes (REL,CON)

      Value  Global                              Global Defined In Module
      -----  --------------------------------   ------------------------
     000093C2  _walker_bigFrame0                  walker_big
     000093C7  _walker_bigFrame1                  walker_big
     000093CC  _walker_bigFrame2                  walker_big
     000093D1  _walker_bigFrame3                  walker_big
     000093D6  _walker_bigFrame4                  walker_big
     000093DB  _walker_bigFrame5                  walker_big
     000093E0  _walker_bigFrame6                  walker_big
     000093E5  _walker_bigFrame7                  walker_big
     000093EA  _walker_bigFrames                  walker_big
     000093FA  _walker_big                        walker_big
     00009406  _walker_smallTileData              walker_small
     00009486  _walker_smallFrame0MetaSprites     walker_small
     0000948A  _walker_smallFrame1MetaSprites     walker_small
     0000948E  _walker_smallFrame0                walker_small
     00009493  _walker_smallFrame1                walker_small
     00009498  _walker_smallFrames                walker_small
     0000949C  _walker_small                      walker_small
     000094A8  _wheelerTileData                   wheeler
     00009D28  _wheelerFrame0MetaSprites          wheeler
     00009D38  _wheelerFrame1MetaSprites          wheeler
     00009D48  _wheelerFrame2MetaSprites          wheeler
     00009D58  _wheelerFrame3MetaSprites          wheeler
     00009D68  _wheelerFrame4MetaSprites          wheeler
     00009D7B  _wheelerFrame5MetaSprites          wheeler
     00009D88  _wheelerFrame6MetaSprites          wheeler
     00009D95  _wheelerFrame7MetaSprites          wheeler
     00009D9C  _wheelerFrame8MetaSprites          wheeler
     00009DA0  _wheelerFrame9MetaSprites          wheeler
     00009DA4  _wheelerFrame10MetaSprites         wheeler
     00009DAB  _wheelerFrame0                     wheeler
     00009DB0  _wheelerFrame1                     wheeler
     00009DB5  _wheelerFrame2                     wheeler
     00009DBA  _wheelerFrame3                     wheeler
     00009DBF  _wheelerFrame4                     wheeler
     00009DC4  _wheelerFrame5                     wheeler
     00009DC9  _wheelerFrame6                     wheeler
     00009DCE  _wheelerFrame7                     wheeler
     00009DD3  _wheelerFrame8                     wheeler
     00009DD8  _wheelerFrame9                     wheeler
     00009DDD  _wheelerFrame10                    wheeler
     00009DE2  _wheelerFrames                     wheeler
     00009DF8  _wheeler                           wheeler

ASxxxx Linker V03.00/V05.40 + sdld,  page 36.
Hexadecimal  [32-Bits]

Area                                    Addr        Size        Decimal Bytes (Attributes)
--------------------------------        ----        ----        ------- ----- ------------
_BANK7                              00008000    00001774 =        6004. bytes (REL,CON)

      Value  Global                              Global Defined In Module
      -----  --------------------------------   ------------------------
     00008000  _gun_girlTileData                  gun_girl
     00009400  _gun_girlFrame0SpriteStrips        gun_girl
     0000940C  _gun_girlFrame1SpriteStrips        gun_girl
     00009418  _gun_girlFrame2SpriteStrips        gun_girl
     00009424  _gun_girlFrame3SpriteStrips        gun_girl
     00009430  _gun_girlFrame4SpriteStrips        gun_girl
     0000943C  _gun_girlFrame5SpriteStrips        gun_girl
     00009448  _gun_girlFrame6SpriteStrips        gun_girl
     00009454  _gun_girlFrame7SpriteStrips        gun_girl
     00009460  _gun_girlFrame8SpriteStrips        gun_girl
     0000946C  _gun_girlFrame9SpriteStrips        gun_girl
     00009478  _gun_girlFrame10SpriteStrips       gun_girl
     00009484  _gun_girlFrame11SpriteStrips       gun_girl
     00009490  _gun_girlFrame12SpriteStrips       gun_girl
     0000949C  _gun_girlFrame13SpriteStrips       gun_girl
     000094AC  _gun_girlFrame14SpriteStrips       gun_girl
     000094B8  _gun_girlFrame15SpriteStrips       gun_girl
     000094C8  _gun_girlFrame16SpriteStrips       gun_girl
     000094D4  _gun_girlFrame17SpriteStrips       gun_girl
     000094E0  _gun_girlFrame18SpriteStrips       gun_girl
     000094EC  _gun_girlFrame19SpriteStrips       gun_girl
     000094F8  _gun_girlFrame20SpriteStrips       gun_girl
     00009504  _gun_girlFrame21SpriteStrips       gun_girl
     00009510  _gun_girlFrame22SpriteStrips       gun_girl
     00009520  _gun_girlFrame23SpriteStrips       gun_girl
     00009530  _gun_girlFrame24SpriteStrips       gun_girl
     00009540  _gun_girlFrame25SpriteStrips       gun_girl
     00009550  _gun_girlFrame26SpriteStrips       gun_girl
     00009560  _gun_girlFrame27SpriteStrips       gun_girl
     00009570  _gun_girlFrame28SpriteStrips       gun_girl
     00009580  _gun_girlFrame29SpriteStrips       gun_girl
     00009590  _gun_girlFrame30SpriteStrips       gun_girl
     000095A0  _gun_girlFrame31SpriteStrips       gun_girl
     000095B0  _gun_girlFrame32SpriteStrips       gun_girl
     000095C0  _gun_girlFrame33SpriteStrips       gun_girl
     000095D0  _gun_girlFrame34SpriteStrips       gun_girl
     000095E0  _gun_girlFrame35SpriteStrips       gun_girl
     000095F0  _gun_girlFrame36SpriteStrips       gun_girl
     00009600  _gun_girlFrame37SpriteStrips       gun_girl
     00009610  _gun_girlFrame38SpriteStrips       gun_girl
     0000961C  _gun_girlFrame39SpriteStrips       gun_girl
     00009628  _gun_girlFrame0                    gun_girl
     0000962E  _gun_girlFrame1                    gun_girl
     00009634  _gun_girlFrame2                    gun_girl
     0000963A  _gun_girlFrame3                    gun_girl
     00009640  _gun_girlFrame4                    gun_girl
     00009646  _gun_girlFrame5                    gun_girl
     0000964C  _gun_girlFrame6                    gun_girl
     00009652  _gun_girlFrame7                    gun_girl
     00009658  _gun_girlFrame8                    gun_girl
ASxxxx Linker V03.00/V05.40 + sdld,  page 37.
Hexadecimal  [32-Bits]

Area                                    Addr        Size        Decimal Bytes (Attributes)
--------------------------------        ----        ----        ------- ----- ------------
_BANK7                              00008000    00001774 =        6004. bytes (REL,CON)

      Value  Global                              Global Defined In Module
      -----  --------------------------------   ------------------------
     0000965E  _gun_girlFrame9                    gun_girl
     00009664  _gun_girlFrame10                   gun_girl
     0000966A  _gun_girlFrame11                   gun_girl
     00009670  _gun_girlFrame12                   gun_girl
     00009676  _gun_girlFrame13                   gun_girl
     0000967C  _gun_girlFrame14                   gun_girl
     00009682  _gun_girlFrame15                   gun_girl
     00009688  _gun_girlFrame16                   gun_girl
     0000968E  _gun_girlFrame17                   gun_girl
     00009694  _gun_girlFrame18                   gun_girl
     0000969A  _gun_girlFrame19                   gun_girl
     000096A0  _gun_girlFrame20                   gun_girl
     000096A6  _gun_girlFrame21                   gun_girl
     000096AC  _gun_girlFrame22                   gun_girl
     000096B2  _gun_girlFrame23                   gun_girl
     000096B8  _gun_girlFrame24                   gun_girl
     000096BE  _gun_girlFrame25                   gun_girl
     000096C4  _gun_girlFrame26                   gun_girl
     000096CA  _gun_girlFrame27                   gun_girl
     000096D0  _gun_girlFrame28                   gun_girl
     000096D6  _gun_girlFrame29                   gun_girl
     000096DC  _gun_girlFrame30                   gun_girl
     000096E2  _gun_girlFrame31                   gun_girl
     000096E8  _gun_girlFrame32                   gun_girl
     000096EE  _gun_girlFrame33                   gun_girl
     000096F4  _gun_girlFrame34                   gun_girl
     000096FA  _gun_girlFrame35                   gun_girl
     00009700  _gun_girlFrame36                   gun_girl
     00009706  _gun_girlFrame37                   gun_girl
     0000970C  _gun_girlFrame38                   gun_girl
     00009712  _gun_girlFrame39                   gun_girl
     00009718  _gun_girlFrames                    gun_girl
     00009768  _gun_girl                          gun_girl

ASxxxx Linker V03.00/V05.40 + sdld,  page 38.
Hexadecimal  [32-Bits]

Area                                    Addr        Size        Decimal Bytes (Attributes)
--------------------------------        ----        ----        ------- ----- ------------
_BANK8                              00008000    0000276F =       10095. bytes (REL,CON)

      Value  Global                              Global Defined In Module
      -----  --------------------------------   ------------------------
     00008000  _level_001_strip_map               level_001
     0000A300  _level_001_terrain_map             level_001
     0000A760  _level_001_map                     level_001
ASxxxx Linker V03.00/V05.40 + sdld,  page 39.

Files Linked                              [ module(s) ]

..\..\..\devkitSMS-master\/crt0/crt0_sms.rel
                                          [ crt0 ]
..\..\..\devkitSMS-master\/PSGlib//PSGlib.rel
                                          [ PSGlib ]
out\source\client\generated\gameobjecttemplates\bullet_template.rel
                                          [ bullet_template ]
out\source\client\generated\gameobjecttemplates\colortweaker_template.rel
                                          [ colortweaker_template ]
out\source\client\generated\gameobjecttemplates\commandrunner_rightscroll_template.rel
                                          [ commandrunner_rightscroll_templa ]
out\source\client\generated\gameobjecttemplates\deliveryrobot_template.rel
                                          [ deliveryrobot_template ]
out\source\client\generated\gameobjecttemplates\enemy_bullet_template.rel
                                          [ enemy_bullet_template ]
out\source\client\generated\gameobjecttemplates\explosion_template.rel
                                          [ explosion_template ]
out\source\client\generated\gameobjecttemplates\gun_girl_template.rel
                                          [ gun_girl_template ]
out\source\client\generated\gameobjecttemplates\impact_template.rel
                                          [ impact_template ]
out\source\client\generated\gameobjecttemplates\kunai_template.rel
                                          [ kunai_template ]
out\source\client\generated\gameobjecttemplates\robotrunner_template.rel
                                          [ robotrunner_template ]
out\source\client\generated\gameobjecttemplates\robotspring_template.rel
                                          [ robotspring_template ]
out\source\client\generated\gameobjecttemplates\rock_particle_template.rel
                                          [ rock_particle_template ]
out\source\client\generated\gameobjecttemplates\shotgun_item_template.rel
                                          [ shotgun_item_template ]
out\source\client\generated\gameobjecttemplates\shotgun_template.rel
                                          [ shotgun_template ]
out\source\client\generated\gameobjecttemplates\test_block_template.rel
                                          [ test_block_template ]
out\source\client\generated\gameobjecttemplates\threeshotflyer_template.rel
                                          [ threeshotflyer_template ]
out\source\client\generated\gameobjecttemplates\walker_big_template.rel
                                          [ walker_big_template ]
out\source\client\generated\gameobjecttemplates\walker_small_template.rel
                                          [ walker_small_template ]
out\source\client\generated\gameobjecttemplates\walker_template.rel
                                          [ walker_template ]
out\source\client\generated\gameobjecttemplates\wheeler_template.rel
                                          [ wheeler_template ]
out\source\client\exported\scenes\scene003.rel
                                          [ scene003 ]
out\source\client\exported\palettes\globalPalette.rel
                                          [ globalPalette ]
out\source\client\ai_commands.rel         [ ai_commands ]
out\source\client\main.rel                [ main ]
out\source\client\motion_sequence.rel     [ motion_sequence ]
out\source\client\tileset_functions.rel   [ tileset_functions ]
out\source\client\managers\physics_manager.rel
                                          [ physics_manager ]
out\source\client\managers\weapon_manager.rel
                                          [ weapon_manager ]
out\source\client\exported\sceneMasterTemp.rel
                                          [ sceneMasterTemp ]
out\source\client\generated\bank2.rel     [ bank2 ]
out\source\client\generated\resource_infos.rel
                                          [ resource_infos ]
out\source\client\objects\basic_effect.rel
                                          [ basic_effect ]
out\source\client\objects\bird.rel        [ bird ]
out\source\client\objects\bullet.rel      [ bullet ]
out\source\client\objects\color_tweaker.rel
                                          [ color_tweaker ]
out\source\client\objects\commandrunner_rightscroll.rel
                                          [ commandrunner_rightscroll ]
out\source\client\objects\deliveryrobot.rel
                                          [ deliveryrobot ]
out\source\client\objects\enemy.rel       [ enemy ]
out\source\client\objects\kunai.rel       [ kunai ]
out\source\client\objects\on_resource_loaded_callback.rel
                                          [ on_resource_loaded_callback ]
out\source\client\objects\particle_effect.rel
                                          [ particle_effect ]
out\source\client\objects\player.rel      [ player ]
out\source\client\objects\right_scroller.rel
                                          [ right_scroller ]
out\source\client\objects\shotgun.rel     [ shotgun ]
out\source\client\objects\shotgun_item.rel
                                          [ shotgun_item ]
out\source\client\objects\threeshotflyer.rel
                                          [ threeshotflyer ]
out\source\client\objects\tile_animator.rel
                                          [ tile_animator ]
out\source\client\objects\wheeler.rel     [ wheeler ]
out\source\engine\animation_utils.rel     [ animation_utils ]
out\source\engine\commandrunner_runall.rel
                                          [ commandrunner_runall ]
out\source\engine\command_manager.rel     [ command_manager ]
out\source\engine\command_types.rel       [ command_types ]
out\source\engine\draw_utils.rel          [ draw_utils ]
out\source\engine\joystick_manager.rel    [ joystick_manager ]
out\source\engine\map_load.rel            [ map_load ]
out\source\engine\map_manager.rel         [ map_manager ]
out\source\engine\map_types.rel           [ map_types ]
out\source\engine\object_manager.rel      [ object_manager ]
out\source\engine\object_utils.rel        [ object_utils ]
out\source\engine\resource_manager.rel    [ resource_manager ]
out\source\engine\scene_manager.rel       [ scene_manager ]
out\source\engine\scroll_manager.rel      [ scroll_manager ]
out\source\engine\scroll_utils.rel        [ scroll_utils ]
out\source\engine\terrain_manager.rel     [ terrain_manager ]
out\source\engine\vdptile_manager.rel     [ vdptile_manager ]
out\source\engine\commands\background_commands.rel
                                          [ background_commands ]
out\source\engine\commands\set_palette_commands.rel
                                          [ set_palette_commands ]
out\source\client\exported\animations\standard\colorTweaker.rel
                                          [ colorTweaker ]
out\source\client\exported\animations\standard\colorTweakerCursor.rel
                                          [ colorTweakerCursor ]
out\source\client\exported\animations\standard\explosion.rel
                                          [ explosion ]
out\source\client\exported\animations\standard\impact.rel
                                          [ impact ]
out\source\client\exported\animations\standard\kunai.rel
                                          [ kunai ]
out\source\client\exported\animations\standard\rock_particle.rel
                                          [ rock_particle ]
out\source\client\exported\animations\standard\test_block.rel
                                          [ test_block ]
out\source\client\exported\animations\animatedtilesets\waterfall.rel
                                          [ waterfall ]
out\source\client\generated\tilesets\breakable_rock_tileset.rel
                                          [ breakable_rock_tileset ]
out\source\client\generated\tilesets\field_tileset.rel
                                          [ field_tileset ]
out\source\client\generated\tilesets\waterfall_tileset.rel
                                          [ waterfall_tileset ]
out\source\client\exported\maps\bank4\field.rel
                                          [ field ]
out\source\client\exported\maps\bank4\waterfall.rel
                                          [ waterfall ]
out\source\client\exported\animations\weapons\bullet.rel
                                          [ bullet ]
out\source\client\exported\animations\weapons\deliveryrobot.rel
                                          [ deliveryrobot ]
out\source\client\exported\animations\weapons\shotgun.rel
                                          [ shotgun ]
out\source\client\exported\animations\weapons\shotgun_item.rel
                                          [ shotgun_item ]
out\source\client\exported\animations\enemies\enemy_bullet.rel
                                          [ enemy_bullet ]
out\source\client\exported\animations\enemies\robotrunner.rel
                                          [ robotrunner ]
out\source\client\exported\animations\enemies\robotspring.rel
                                          [ robotspring ]
out\source\client\exported\animations\enemies\threeshotflyer.rel
                                          [ threeshotflyer ]
out\source\client\exported\animations\enemies\walker.rel
                                          [ walker ]
out\source\client\exported\animations\enemies\walker_big.rel
                                          [ walker_big ]
out\source\client\exported\animations\enemies\walker_small.rel
                                          [ walker_small ]
out\source\client\exported\animations\enemies\wheeler.rel
                                          [ wheeler ]
out\source\client\exported\animations\streamed\gun_girl.rel
                                          [ gun_girl ]
out\source\client\exported\maps\bank8\level_001.rel
                                          [ level_001 ]


Libraries Linked                          [ object file ]

..\..\..\devkitSMS-master\/SMSlib/SMSlib.lib
                                          [ SMSlib.rel ]
..\..\..\devkitSMS-master\/SMSlib/SMSlib.lib
                                          [ SMSlib_VRAMmemset.rel ]
..\..\..\devkitSMS-master\/SMSlib/SMSlib.lib
                                          [ SMSlib_sprite.rel ]
..\..\..\devkitSMS-master\/SMSlib/SMSlib.lib
                                          [ SMSlib_threesprites_NO_ZOOM.rel ]
..\..\..\devkitSMS-master\/SMSlib/SMSlib.lib
                                          [ SMSlib_twosprites_NO_ZOOM.rel ]
..\..\..\devkitSMS-master\/SMSlib/SMSlib.lib
                                          [ SMSlib_metasprite_DELTA_TILES.re ]
C:\Program Files\SDCC\bin\..\lib\z80/z80.lib
                                          [ __sdcc_call_hl.rel ]
..\..\..\devkitSMS-master\/SMSlib/SMSlib.lib
                                          [ SMSlib_debug.rel ]
..\..\..\devkitSMS-master\/SMSlib/SMSlib.lib
                                          [ SMSlib_UNSAFE.rel ]
..\..\..\devkitSMS-master\/SMSlib/SMSlib.lib
                                          [ SMSlib_VRAMmemcpy.rel ]
C:\Program Files\SDCC\bin\..\lib\z80/z80.lib
                                          [ __sdcc_call_iy.rel ]
..\..\..\devkitSMS-master\/SMSlib/SMSlib.lib
                                          [ SMSlib_autotext.rel ]
..\..\..\devkitSMS-master\/SMSlib/SMSlib.lib
                                          [ SMSlib_foursprites_NO_ZOOM.rel ]
..\..\..\devkitSMS-master\/SMSlib/SMSlib.lib
                                          [ SMSlib_loadTileMapColumn.rel ]
C:\Program Files\SDCC\bin\..\lib\z80/z80.lib
                                          [ divsigned.rel ]
..\..\..\devkitSMS-master\/SMSlib/SMSlib.lib
                                          [ SMSlib_load1bppTiles.rel ]
..\..\..\devkitSMS-master\/SMSlib/SMSlib.lib
                                          [ SMSlib_textrenderer.rel ]
C:\Program Files\SDCC\bin\..\lib\z80/z80.lib
                                          [ divunsigned.rel ]

ASxxxx Linker V03.00/V05.40 + sdld,  page 40.

User Base Address Definitions

_CODE = 0x0200
_DATA = 0xc000
_BANK3=0x8000
_BANK7=0x8000
_BANK2=0x8000
_BANK6=0x8000
_BANK5=0x8000
_BANK8=0x8000
_BANK4=0x8000


?ASlink-Warning-Undefined Global '_UNSAFE_SMS_VRAMmemcpy256' referenced by module 'animation_utils'
