ASxxxx Linker V03.00/V05.40 + sdld,  page 1.
Hexadecimal  [32-Bits]

Area                                    Addr        Size        Decimal Bytes (Attributes)
--------------------------------        ----        ----        ------- ----- ------------
.  .ABS.                            00000000    00000000 =           0. bytes (ABS,CON)

      Value  Global                              Global Defined In Module
      -----  --------------------------------   ------------------------
     00000000  .__.ABS.                           SMSlib_textrenderer
     00000000  _UNSAFE_SMS_VRAMmemcpy256       
     00000000  l__BSEG                         
     00000000  l__BSS                          
     00000000  l__CABS                         
     00000000  l__DABS                         
     00000000  l__HEADER                       
     00000000  l__HEAP                         
     00000000  l__HOME                         
     00000000  s__CABS                         
     00000000  s__CABS0                        
     00000000  s__CABS1                        
     00000000  s__CABS2                        
     00000000  s__CABS3                        
     00000000  s__CABS4                        
     00000000  s__DABS                         
     00000000  s__HEADER                       
     00000000  s__HEADER0                      
     00000000  s__HEADER1                      
     00000000  s__HEADER2                      
     00000000  s__HEADER3                      
     00000000  s__HEADER4                      
     00000001  l__GSFINAL                      
     00000003  l__CABS1                        
     00000008  l__HEADER0                      
     00000009  l__HEADER1                      
     0000000F  l__GSINIT                       
     00000010  l__CABS0                        
     00000010  l__CABS2                        
     00000010  l__CABS4                        
     0000001F  l__HEADER2                      
     0000002B  l__CABS3                        
     0000002B  l__HEADER3                      
     00000036  l__INITIALIZED                  
     00000036  l__INITIALIZER                  
     00000104  l__HEADER4                      
     00000200  s__CODE                         
     00000704  l__BANK5                        
     000014D1  l__BANK2                        
     0000177E  l__BANK7                        
     00001CDC  l__BANK3                        
     00001DEA  l__DATA                         
     00001E54  l__BANK6                        
     00001EB4  l__BANK4                        
     0000276F  l__BANK8                        
     000075F9  l__CODE                         
     000077F9  s__HOME                         
     000077F9  s__INITIALIZER                  
     0000782F  s__GSINIT                       
     0000783E  s__GSFINAL                      
ASxxxx Linker V03.00/V05.40 + sdld,  page 2.
Hexadecimal  [32-Bits]

Area                                    Addr        Size        Decimal Bytes (Attributes)
--------------------------------        ----        ----        ------- ----- ------------
.  .ABS.                            00000000    00000000 =           0. bytes (ABS,CON)

      Value  Global                              Global Defined In Module
      -----  --------------------------------   ------------------------
     00008000  _SMS_SRAM                          SMSlib_textrenderer
     00008000  s__BANK2                        
     00008000  s__BANK3                        
     00008000  s__BANK4                        
     00008000  s__BANK5                        
     00008000  s__BANK6                        
     00008000  s__BANK7                        
     00008000  s__BANK8                        
     0000C000  s__DATA                         
     0000DDEA  s__INITIALIZED                  
     0000DE20  s__BSEG                         
     0000DE20  s__BSS                          
     0000DE20  s__HEAP                         
     0000FFFC  _SRAM_bank_to_be_mapped_on_slot2   SMSlib_textrenderer
     0000FFFD  _ROM_bank_to_be_mapped_on_slot0    SMSlib_textrenderer
     0000FFFE  _ROM_bank_to_be_mapped_on_slot1    SMSlib_textrenderer
     0000FFFF  _ROM_bank_to_be_mapped_on_slot2    SMSlib_textrenderer

ASxxxx Linker V03.00/V05.40 + sdld,  page 3.
Hexadecimal  [32-Bits]

Area                                    Addr        Size        Decimal Bytes (Attributes)
--------------------------------        ----        ----        ------- ----- ------------
_CODE                               00000200    000075F9 =       30201. bytes (REL,CON)

      Value  Global                              Global Defined In Module
      -----  --------------------------------   ------------------------
     00000200  _PSGStop                           PSGlib
     00000233  _PSGResume                         PSGlib
     00000354  _PSGPlay                           PSGlib
     0000037F  _PSGPlayLoops                      PSGlib
     00000396  _PSGCancelLoop                     PSGlib
     000003A1  _PSGPlayNoRepeat                   PSGlib
     000003AF  _PSGGetStatus                      PSGlib
     000003B3  _PSGSilenceChannels                PSGlib
     000003C4  _PSGRestoreVolumes                 PSGlib
     000004C1  _PSGSetMusicVolumeAttenuation      PSGlib
     000005A7  _PSGSFXStop                        PSGlib
     0000070C  _PSGSFXPlay                        PSGlib
     00000770  _PSGSFXCancelLoop                  PSGlib
     00000776  _PSGSFXGetStatus                   PSGlib
     0000077A  _PSGSFXPlayLoop                    PSGlib
     00000795  _PSGFrame                          PSGlib
     000008FD  _PSGSFXFrame                       PSGlib
     00000995  _bullet_template                   bullet_template
     000009A2  _colortweaker_template             colortweaker_template
     000009AF  _commandrunner_rightscroll_templ   commandrunner_rightscroll_te
     000009BC  _deliveryrobot_template            deliveryrobot_template
     000009C9  _enemy_bullet_template             enemy_bullet_template
     000009D6  _explosion_template                explosion_template
     000009E3  _gun_girl_template                 gun_girl_template
     000009F0  _impact_template                   impact_template
     000009FD  _kunai_template                    kunai_template
     00000A0A  _robotrunner_template              robotrunner_template
     00000A17  _robotspring_template              robotspring_template
     00000A24  _rock_particle_template            rock_particle_template
     00000A31  _shotgun_bullet_template           shotgun_bullet_template
     00000A3E  _shotgun_item_template             shotgun_item_template
     00000A4B  _test_block_template               test_block_template
     00000A58  _threeshotflyer_template           threeshotflyer_template
     00000A65  _walker_big_template               walker_big_template
     00000A72  _walker_small_template             walker_small_template
     00000A7F  _walker_template                   walker_template
     00000A8C  _wheeler_template                  wheeler_template
     00000A99  _scene003_createInfoBootstrapper   scene003
     00000AA3  _scene003_createInfo3              scene003
     00000AAD  _scene003_createInfo6              scene003
     00000AB7  _scene003_createInfo7              scene003
     00000AC1  _scene003_createInfo8              scene003
     00000ACB  _scene003_createInfo9              scene003
     00000ADA  _scene003_commands                 scene003
     00000B58  _scene003                          scene003
     00000B5A  _globalPaletteValues               globalPalette
     00000B6A  _globalPalette                     globalPalette
     00000B6D  _AICommandUtils_updateAICommands   ai_commands
     00000D1C  _PSGUpdate                         main
     00000D22  _main                              main
ASxxxx Linker V03.00/V05.40 + sdld,  page 4.
Hexadecimal  [32-Bits]

Area                                    Addr        Size        Decimal Bytes (Attributes)
--------------------------------        ----        ----        ------- ----- ------------
_CODE                               00000200    000075F9 =       30201. bytes (REL,CON)

      Value  Global                              Global Defined In Module
      -----  --------------------------------   ------------------------
     00000DF3  _MotionUtils_updateMotion          motion_sequence
     00000E5D  _breakable_rock_tileset_TilesetF   tileset_functions
     00000EAF  _WeaponManager_InitGame            weapon_manager
     00000EB4  _WeaponManager_InitLevel           weapon_manager
     00000EB5  _WeaponManager_SwitchWeapon        weapon_manager
     00000ECD  _WeaponManager_Fire                weapon_manager
     00000EFF  _WeaponManager_FireDefaultUp       weapon_manager
     00000F57  _WeaponManager_FireDefaultDown     weapon_manager
     00000FAD  _WeaponManager_FireDefaultLeft     weapon_manager
     00001005  _WeaponManager_FireDefaultRight    weapon_manager
     0000105B  _WeaponManager_FireShotgunUp       weapon_manager
     000010EC  _WeaponManager_FireShotgunDown     weapon_manager
     0000117B  _WeaponManager_FireShotgunLeft     weapon_manager
     0000120C  _WeaponManager_FireShotgunRight    weapon_manager
     0000129B  _sceneMasterTemp_createInfoBoots   sceneMasterTemp
     000012A5  _sceneMasterTemp_createInfo3       sceneMasterTemp
     000012AF  _sceneMasterTemp_createInfo6       sceneMasterTemp
     000012B9  _sceneMasterTemp_createInfo7       sceneMasterTemp
     000012C3  _sceneMasterTemp_createInfo8       sceneMasterTemp
     000012CD  _sceneMasterTemp_createInfo9       sceneMasterTemp
     000012D7  _setTilesetPropertiesParams        sceneMasterTemp
     000012DC  _sceneMasterTemp_commands          sceneMasterTemp
     0000135A  _sceneMasterTemp                   sceneMasterTemp
     0000135C  _explosion_psg                     bank2
     00001377  _throw_psg                         bank2
     0000138D  _hit_psg                           bank2
     0000139E  _breakable_rock_tilesetResourceI   resource_infos
     000013A1  _field_tilesetResourceInfo         resource_infos
     000013A4  _waterfall_tilesetResourceInfo     resource_infos
     000013A7  _gun_girlResourceInfo              resource_infos
     000013AA  _colorTweakerResourceInfo          resource_infos
     000013AD  _colorTweakerCursorResourceInfo    resource_infos
     000013B0  _explosionResourceInfo             resource_infos
     000013B3  _impactResourceInfo                resource_infos
     000013B6  _kunaiResourceInfo                 resource_infos
     000013B9  _rock_particleResourceInfo         resource_infos
     000013BC  _test_blockResourceInfo            resource_infos
     000013BF  _enemy_bulletResourceInfo          resource_infos
     000013C2  _robotrunnerResourceInfo           resource_infos
     000013C5  _robotspringResourceInfo           resource_infos
     000013C8  _threeshotflyerResourceInfo        resource_infos
     000013CB  _walkerResourceInfo                resource_infos
     000013CE  _walker_bigResourceInfo            resource_infos
     000013D1  _walker_smallResourceInfo          resource_infos
     000013D4  _wheelerResourceInfo               resource_infos
     000013D7  _bulletResourceInfo                resource_infos
     000013DA  _deliveryrobotResourceInfo         resource_infos
     000013DD  _shotgun_bulletResourceInfo        resource_infos
     000013E0  _shotgun_itemResourceInfo          resource_infos
     000013E3  _waterfallResourceInfo             resource_infos
     000013E6  _globalPaletteResourceInfo         resource_infos
ASxxxx Linker V03.00/V05.40 + sdld,  page 5.
Hexadecimal  [32-Bits]

Area                                    Addr        Size        Decimal Bytes (Attributes)
--------------------------------        ----        ----        ------- ----- ------------
_CODE                               00000200    000075F9 =       30201. bytes (REL,CON)

      Value  Global                              Global Defined In Module
      -----  --------------------------------   ------------------------
     000013E9  _level_001_mapResourceInfo         resource_infos
     000013EC  _field_mapResourceInfo             resource_infos
     000013EF  _waterfall_mapResourceInfo         resource_infos
     000013F2  _BasicEffect_Init                  basic_effect
     000013FA  _BasicEffect_Update                basic_effect
     000014E1  _Bird_Init                         bird
     00001518  _Bird_Update                       bird
     00001551  _Bird_Draw                         bird
     00001552  _Bullet_Init                       bullet
     000015DE  _Bullet_UpdateLeft                 bullet
     0000168E  _Bullet_UpdateRight                bullet
     00001740  _Bullet_UpdateUp                   bullet
     000017E7  _Bullet_UpdateDown                 bullet
     0000189A  _Bullet_HandleCollision            bullet
     00001930  _ColorTweaker_Init                 color_tweaker
     00001A76  _ColorTweaker_Update               color_tweaker
     00001EFE  _ColorTweaker_Draw                 color_tweaker
     00001F01  _CommandRunner_RightScroll_Init    commandrunner_rightscroll
     00001F8F  _CommandRunner_RightScroll_Updat   commandrunner_rightscroll
     00002006  _DeliveryRobot_Init                deliveryrobot
     000020D4  _deliveryRobotMotionSequenceNode   deliveryrobot
     00002101  _deliveryRobotMotionSequence       deliveryrobot
     00002106  _DeliveryRobot_Update              deliveryrobot
     0000221B  _DeliveryRobot_HandleCollision     deliveryrobot
     000023BE  _Enemy_Init                        enemy
     000023CF  _Enemy_Update                      enemy
     00002491  _Enemy_HandleCollision             enemy
     0000252C  _Kunai_Init                        kunai
     00002549  _EraseTiles                        kunai
     000025E7  _Kunai_Update                      kunai
     00002788  _Kunai_HandleCollision             kunai
     0000281E  _OnResourceLoaded                  on_resource_loaded_callback
     00002831  _ParticleEffect_Init               particle_effect
     0000285F  _ParticleEffect_Update             particle_effect
     0000297F  _setPlayerAnimation                player
     00002AD3  _playerStateFunctions              player
     00002ADF  _setPlayerState                    player
     00002B47  _Player_Init                       player
     00002BE7  _Player_BuildMetaSprite            player
     00002D44  _Player_FireWeapon                 player
     00002DB5  _Player_UpdateX                    player
     00002F95  _Player_UpdateStand                player
     00003054  _Player_UpdateRun                  player
     0000312A  _Player_UpdateFall                 player
     000032B8  _Player_UpdateJump                 player
     000033E5  _Player_UpdateDuck                 player
     000034B0  _Player_Update                     player
     00003570  _Player_Draw                       player
     000035C8  _RightScroller_Init                right_scroller
     00003666  _RightScroll_Update                right_scroller
     0000373B  _RightScroll_Update_Strip          right_scroller
ASxxxx Linker V03.00/V05.40 + sdld,  page 6.
Hexadecimal  [32-Bits]

Area                                    Addr        Size        Decimal Bytes (Attributes)
--------------------------------        ----        ----        ------- ----- ------------
_CODE                               00000200    000075F9 =       30201. bytes (REL,CON)

      Value  Global                              Global Defined In Module
      -----  --------------------------------   ------------------------
     00003820  _RightScroll_UpdateVDP             right_scroller
     00003846  _RightScroll_UpdateVDP_Strip       right_scroller
     00003874  _Shotgun_Bullet_Init               shotgun_bullet
     000038C1  _Shotgun_Update                    shotgun_bullet
     000039B2  _Shotgun_HandleCollision           shotgun_bullet
     00003A48  _ShotgunItem_Init                  shotgun_item
     00003A89  _ShotgunItem_Update                shotgun_item
     00003B7C  _ShotgunItem_Sit                   shotgun_item
     00003B7D  _ShotgunItem_Fall                  shotgun_item
     00003C51  _ShotgunItem_HandleCollision       shotgun_item
     00003C59  _ThreeShotFlyer_Init               threeshotflyer
     00003CA4  _threeShotFlyerAICommandItems      threeshotflyer
     00003CF8  _threeShotFlyerAICommandItems_Si   threeshotflyer
     00003D04  _ThreeShotFlyer_Update             threeshotflyer
     00003E32  _ThreeShotFlyer_HandleCollision    threeshotflyer
     00003EED  _ThreeShotFlyer_Fire               threeshotflyer
     00003F8B  _TileAnimator_Init                 tile_animator
     00003FB4  _UpdateTiles                       tile_animator
     00004013  _TileAnimator_Update               tile_animator
     00004030  _Wheeler_Init                      wheeler
     000040E7  _Wheeler_Update                    wheeler
     00004337  _Wheeler_Roll                      wheeler
     00004366  _Wheeler_Fall                      wheeler
     000043DC  _Wheeler_HandleCollision           wheeler
     00004497  _AnimationUtils_updateBatchedAni   animation_utils
     000044BF  _AnimationUtils_updateMetaSprite   animation_utils
     000044E7  _AnimationUtils_updateBatchedAni   animation_utils
     00004566  _AnimationUtils_updateStreamedBa   animation_utils
     000045B5  _AnimationUtils_updatePlaneAnima   animation_utils
     000045F7  _AnimationUtils_updateTileAnimat   animation_utils
     00004637  _AnimationUtils_setBatchedAnimat   animation_utils
     0000467D  _AnimationUtils_setMetaSpriteAni   animation_utils
     000046C3  _Load_BatchedAnimationResource     animation_utils
     000046FA  _Load_MetaSpriteBatchedAnimation   animation_utils
     00004731  _Load_StreamedBatchedAnimationRe   animation_utils
     0000474A  _Load_PlaneAnimationResource       animation_utils
     00004770  _Load_TileAnimationResource        animation_utils
     00004796  _Setup_BatchedAnimationResource    animation_utils
     000047B9  _Setup_MetaSpriteAnimationResour   animation_utils
     000047DC  _Setup_PlaneAnimationResource      animation_utils
     00004857  _Setup_TileAnimationResource       animation_utils
     000048A3  _UNSAFE_SMS_VRAMmemcpy192b         animation_utils
     000048AF  _AnimationUtils_UpdateStreamedBa   animation_utils
     00004A47  _CommandRunner_RunAll_Init         commandrunner_runall
     00004AB7  _commandrunner_runall_template     commandrunner_runall
     00004AC4  _DrawUtils_drawNothing             draw_utils
     00004AC5  _DrawUtils_drawMetasprite          draw_utils
     00004B0F  _DrawUtils_DrawBatched             draw_utils
     00004CA4  _SMS_addSprite_noreturn_f          draw_utils
     00004CC6  _DrawUtils_DrawStreamedBatched     draw_utils
     00004D5C  _drawSprite                        draw_utils
ASxxxx Linker V03.00/V05.40 + sdld,  page 7.
Hexadecimal  [32-Bits]

Area                                    Addr        Size        Decimal Bytes (Attributes)
--------------------------------        ----        ----        ------- ----- ------------
_CODE                               00000200    000075F9 =       30201. bytes (REL,CON)

      Value  Global                              Global Defined In Module
      -----  --------------------------------   ------------------------
     00004D66  _drawToPlane                       draw_utils
     00005059  _DrawUtils_DrawPlaneAnimationFra   draw_utils
     000050E3  _JoystickManager_Update            joystick_manager
     0000511E  _Load_MapResource                  map_load
     000051AC  _Load_StripMapResource             map_load
     00005229  _Load_TilesetResource              map_load
     00005318  _Load_TilesetResourceSimple        map_load
     00005347  _Load_AnimatedTilesetResource      map_load
     00005412  _MapManager_SetTilesetProperties   map_manager
     00005464  _ObjectManager_Init                object_manager
     0000546A  _ObjectManager_Update              object_manager
     00005751  _DrawEffectsAndEnemiesOrder1       object_manager
     00005964  _DrawEffectsAndEnemiesOrder2       object_manager
     00005B77  _ObjectManager_doProjectileColli   object_manager
     00005B99  _ObjectManagerUtils_collideAgain   object_manager
     00005CA5  _ObjectManagerUtils_collideAgain   object_manager
     00005E31  _ObjectManager_InitCreate          object_manager_create
     00005E55  _ObjectManager_CreateObject        object_manager_create
     00005E9F  _ObjectManager_processEnemyDelet   object_manager_create
     00005F1E  _ObjectManager_processEffectDele   object_manager_create
     00005F9D  _ObjectManager_processProjectile   object_manager_create
     0000601C  _ObjectManager_processEnemyProje   object_manager_create
     0000609B  _ObjectManager_processNewObjects   object_manager_create
     0000612C  _FindFreeGameObject                object_manager_create
     0000618A  _ObjectManager_CreateObjectByCre   object_manager_create
     00006235  _ObjectManager_CreateEffect        object_manager_create
     000062F3  _ObjectManager_CreatePlayerProje   object_manager_create
     000063B1  _ObjectManager_CreateEnemyProjec   object_manager_create
     0000646C  _ObjectManager_DestroyObject       object_manager_create
     000064B5  _ObjectManager_InitSlots           object_manager_slots
     000064C4  _ObjectManager_QueueVDPDraw        object_manager_vdp
     000064EB  _ObjectManager_VDPDraw             object_manager_vdp
     00006532  _ObjectUtils_gameObjectDoNothing   object_utils
     00006533  _ObjectUtils_doNothing             object_utils
     00006534  _ObjectUtils_twoGameObjectsDoNot   object_utils
     00006535  _printResourceTypeName             resource_manager
     00006642  _ResourceManager_Init              resource_manager
     000066B3  _ResourceManager_LoadResource      resource_manager
     000066E9  _ResourceManager_SetupResource     resource_manager
     00006715  _ResourceManager_SetOnResourceLo   resource_manager
     00006719  _SceneManager_Init                 scene_manager
     00006742  _ScrollUtils_buildColumn           scroll_utils
     00006BC2  _ScrollUtils_InitTilemap           scroll_utils
     00006C28  _ScrollUtils_InitTilemapStrip      scroll_utils
     00006C82  _TerrainManager_Init               terrain_manager
     00006CB2  _TerrainManager_Init_Strip         terrain_manager
     00006CEC  _TerrainManager_UpdateTerrain      terrain_manager
     00006E0F  _TerrainManager_UpdateTerrain_St   terrain_manager
     00006E5B  _VDPTileManager_Init               vdptile_manager
     00006E68  _VDPTileManager_LoadSpriteTiles    vdptile_manager
     00006ECB  _VDPTileManager_ReserveSpriteTil   vdptile_manager
ASxxxx Linker V03.00/V05.40 + sdld,  page 8.
Hexadecimal  [32-Bits]

Area                                    Addr        Size        Decimal Bytes (Attributes)
--------------------------------        ----        ----        ------- ----- ------------
_CODE                               00000200    000075F9 =       30201. bytes (REL,CON)

      Value  Global                              Global Defined In Module
      -----  --------------------------------   ------------------------
     00006EF0  _VDPTileManager_LoadBackgroundTi   vdptile_manager
     00006F33  _SetBackgroundVerticalScroll       background_commands
     00006F36  _SetBackgroundPalette              set_palette_commands
     00006F96  _SetSpritePalette                  set_palette_commands
     00006FF2  _SMS_init                          SMSlib
     0000701E  _VDPReg_init                       SMSlib
     00007029  _SMS_VDPturnOnFeature              SMSlib
     0000703E  _SMS_VDPturnOffFeature             SMSlib
     00007056  _SMS_setBGScrollX                  SMSlib
     00007060  _SMS_setBGScrollY                  SMSlib
     0000706A  _SMS_setBackdropColor              SMSlib
     00007074  _SMS_useFirstHalfTilesforSprites   SMSlib
     0000708A  _SMS_setSpriteMode                 SMSlib
     000070D7  _SMS_setBGPaletteColor             SMSlib
     000070E4  _SMS_setSpritePaletteColor         SMSlib
     000070F1  _SMS_loadBGPalette                 SMSlib
     00007105  _SMS_loadSpritePalette             SMSlib
     00007119  _SMS_setColor                      SMSlib
     0000711D  _SMS_waitForVBlank                 SMSlib
     0000712A  _SMS_getKeysStatus                 SMSlib
     0000712F  _SMS_getKeysPressed                SMSlib
     00007144  _SMS_getKeysHeld                   SMSlib
     00007157  _SMS_getKeysReleased               SMSlib
     00007170  _SMS_queryPauseRequested           SMSlib
     00007174  _SMS_resetPauseRequest             SMSlib
     0000717A  _SMS_setFrameInterruptHandler      SMSlib
     0000717E  _SMS_setLineInterruptHandler       SMSlib
     00007182  _SMS_setLineCounter                SMSlib
     0000718C  _SMS_getVCount                     SMSlib
     0000718F  _SMS_getHCount                     SMSlib
     00007192  _SMS_isr                           SMSlib
     000071D1  _SMS_nmi_isr                       SMSlib
     000071DA  _SMS_VRAMmemset_f                  SMSlib_VRAMmemset
     000071F6  _SMS_VRAMmemsetW                   SMSlib_VRAMmemset
     00007209  _SMS_initSprites                   SMSlib_sprite
     0000720F  _SMS_addSprite_f                   SMSlib_sprite
     0000723A  _SMS_copySpritestoSAT              SMSlib_sprite
     0000726E  _SMS_addThreeAdjoiningSprites_f    SMSlib_threesprites
     000072BC  _SMS_addTwoAdjoiningSprites_f      SMSlib_twosprites
     000072F2  _SMS_addMetaSprite_f               SMSlib_metasprite
     00007345  ___sdcc_call_hl                    
     00007346  _SMS_debugPrintf                   SMSlib_debug
     00007356  _UNSAFE_SMS_copySpritestoSAT       SMSlib_UNSAFE
     0000739D  _UNSAFE_SMS_VRAMmemcpy32           SMSlib_UNSAFE
     000073A6  _UNSAFE_SMS_VRAMmemcpy64           SMSlib_UNSAFE
     000073AF  _UNSAFE_SMS_VRAMmemcpy128          SMSlib_UNSAFE
     000073B8  _SMS_VRAMmemcpy                    SMSlib_VRAMmemcpy
     000073CF  ___sdcc_call_iy                    
     000073D1  _SMS_autoSetUpTextRenderer         SMSlib_autotext
     00007400  _devkitSMS_font__tiles__1bpp       SMSlib_autotext
     00007700  _SMS_addFourAdjoiningSprites_f     SMSlib_foursprites
ASxxxx Linker V03.00/V05.40 + sdld,  page 9.
Hexadecimal  [32-Bits]

Area                                    Addr        Size        Decimal Bytes (Attributes)
--------------------------------        ----        ----        ------- ----- ------------
_CODE                               00000200    000075F9 =       30201. bytes (REL,CON)

      Value  Global                              Global Defined In Module
      -----  --------------------------------   ------------------------
     0000776B  _SMS_loadTileMapColumnatAddr       SMSlib_loadTileMapColumn
     0000778B  _SMS_load1bppTiles                 SMSlib_load1bppTiles
     000077ED  _SMS_configureTextRenderer         SMSlib_textrenderer
     000077F1  _putchar                           SMSlib_textrenderer
ASxxxx Linker V03.00/V05.40 + sdld,  page 10.
Hexadecimal  [32-Bits]

Area                                    Addr        Size        Decimal Bytes (Attributes)
--------------------------------        ----        ----        ------- ----- ------------
_HEADER0                            00000000    00000008 =           8. bytes (ABS,CON)

      Value  Global                              Global Defined In Module
      -----  --------------------------------   ------------------------
ASxxxx Linker V03.00/V05.40 + sdld,  page 11.
Hexadecimal  [32-Bits]

Area                                    Addr        Size        Decimal Bytes (Attributes)
--------------------------------        ----        ----        ------- ----- ------------
_HEADER1                            00000000    00000009 =           9. bytes (ABS,CON)

      Value  Global                              Global Defined In Module
      -----  --------------------------------   ------------------------
     00000008  _SMS_crt0_RST08                    crt0

ASxxxx Linker V03.00/V05.40 + sdld,  page 12.
Hexadecimal  [32-Bits]

Area                                    Addr        Size        Decimal Bytes (Attributes)
--------------------------------        ----        ----        ------- ----- ------------
_HEADER2                            00000000    0000001F =          31. bytes (ABS,CON)

      Value  Global                              Global Defined In Module
      -----  --------------------------------   ------------------------
     00000018  _SMS_crt0_RST18                    crt0
     0000002F  get_bank                           crt0
     00000033  set_bank                           crt0
ASxxxx Linker V03.00/V05.40 + sdld,  page 13.
Hexadecimal  [32-Bits]

Area                                    Addr        Size        Decimal Bytes (Attributes)
--------------------------------        ----        ----        ------- ----- ------------
_HEADER3                            00000000    0000002B =          43. bytes (ABS,CON)

      Value  Global                              Global Defined In Module
      -----  --------------------------------   ------------------------
ASxxxx Linker V03.00/V05.40 + sdld,  page 14.
Hexadecimal  [32-Bits]

Area                                    Addr        Size        Decimal Bytes (Attributes)
--------------------------------        ----        ----        ------- ----- ------------
_HEADER4                            00000000    00000104 =         260. bytes (ABS,CON)

      Value  Global                              Global Defined In Module
      -----  --------------------------------   ------------------------
     00000069  _OUTI128                           crt0
     000000E9  _OUTI64                            crt0
     00000129  _OUTI32                            crt0
     00000169  _outi_block                        crt0

ASxxxx Linker V03.00/V05.40 + sdld,  page 15.
Hexadecimal  [32-Bits]

Area                                    Addr        Size        Decimal Bytes (Attributes)
--------------------------------        ----        ----        ------- ----- ------------
_INITIALIZER                        000077F9    00000036 =          54. bytes (REL,CON)

      Value  Global                              Global Defined In Module
      -----  --------------------------------   ------------------------
ASxxxx Linker V03.00/V05.40 + sdld,  page 16.
Hexadecimal  [32-Bits]

Area                                    Addr        Size        Decimal Bytes (Attributes)
--------------------------------        ----        ----        ------- ----- ------------
_GSINIT                             0000782F    0000000F =          15. bytes (REL,CON)

      Value  Global                              Global Defined In Module
      -----  --------------------------------   ------------------------
     0000782F  gsinit                             crt0

ASxxxx Linker V03.00/V05.40 + sdld,  page 17.
Hexadecimal  [32-Bits]

Area                                    Addr        Size        Decimal Bytes (Attributes)
--------------------------------        ----        ----        ------- ----- ------------
_GSFINAL                            0000783E    00000001 =           1. bytes (REL,CON)

      Value  Global                              Global Defined In Module
      -----  --------------------------------   ------------------------
ASxxxx Linker V03.00/V05.40 + sdld,  page 18.
Hexadecimal  [32-Bits]

Area                                    Addr        Size        Decimal Bytes (Attributes)
--------------------------------        ----        ----        ------- ----- ------------
_DATA                               0000C000    00001DEA =        7658. bytes (REL,CON)

      Value  Global                              Global Defined In Module
      -----  --------------------------------   ------------------------
     0000C000  _PSGMusicStatus                    PSGlib
     0000C001  _PSGMusicStart                     PSGlib
     0000C003  _PSGMusicPointer                   PSGlib
     0000C005  _PSGMusicLoopPoint                 PSGlib
     0000C007  _PSGMusicSkipFrames                PSGlib
     0000C008  _PSGLoopFlag                       PSGlib
     0000C009  _PSGLoopCounter                    PSGlib
     0000C00A  _PSGMusicLastLatch                 PSGlib
     0000C00B  _PSGMusicVolumeAttenuation         PSGlib
     0000C00C  _PSGMusicSubstringLen              PSGlib
     0000C00D  _PSGMusicSubstringRetAddr          PSGlib
     0000C00F  _PSGChan0Volume                    PSGlib
     0000C010  _PSGChan1Volume                    PSGlib
     0000C011  _PSGChan2Volume                    PSGlib
     0000C012  _PSGChan3Volume                    PSGlib
     0000C013  _PSGChan0LowTone                   PSGlib
     0000C014  _PSGChan0HighTone                  PSGlib
     0000C015  _PSGChan1LowTone                   PSGlib
     0000C016  _PSGChan1HighTone                  PSGlib
     0000C017  _PSGChan2LowTone                   PSGlib
     0000C018  _PSGChan2HighTone                  PSGlib
     0000C019  _PSGChan3LowTone                   PSGlib
     0000C01A  _PSGChannel0SFX                    PSGlib
     0000C01B  _PSGChannel1SFX                    PSGlib
     0000C01C  _PSGChannel2SFX                    PSGlib
     0000C01D  _PSGChannel3SFX                    PSGlib
     0000C01E  _PSGSFXChan0Volume                 PSGlib
     0000C01F  _PSGSFXChan1Volume                 PSGlib
     0000C020  _PSGSFXChan2Volume                 PSGlib
     0000C021  _PSGSFXChan3Volume                 PSGlib
     0000C022  _PSGSFXStatus                      PSGlib
     0000C023  _PSGSFXStart                       PSGlib
     0000C025  _PSGSFXPointer                     PSGlib
     0000C027  _PSGSFXLoopPoint                   PSGlib
     0000C029  _PSGSFXSkipFrames                  PSGlib
     0000C02A  _PSGSFXLoopFlag                    PSGlib
     0000C02B  _PSGSFXSubstringLen                PSGlib
     0000C02C  _PSGSFXSubstringRetAddr            PSGlib
     0000C02E  _PhysicsVars_X                     physics_manager
     0000C030  _PhysicsVars_Y                     physics_manager
     0000C032  _PhysicsVars_GroundBlockX          physics_manager
     0000C034  _PhysicsVars_GroundBlockY          physics_manager
     0000C036  _weaponPlayerX                     weapon_manager
     0000C038  _weaponPlayerY                     weapon_manager
     0000C03A  _weaponPlayerFlipped               weapon_manager
     0000C03B  _weaponPlayerDucking               weapon_manager
     0000C03C  _WeaponManager_currentWeaponType   weapon_manager
     0000C03D  _WeaponManager_weaponFireFunctio   weapon_manager
     0000C03F  _redChannel                        color_tweaker
     0000C04F  _greenChannel                      color_tweaker
ASxxxx Linker V03.00/V05.40 + sdld,  page 19.
Hexadecimal  [32-Bits]

Area                                    Addr        Size        Decimal Bytes (Attributes)
--------------------------------        ----        ----        ------- ----- ------------
_DATA                               0000C000    00001DEA =        7658. bytes (REL,CON)

      Value  Global                              Global Defined In Module
      -----  --------------------------------   ------------------------
     0000C05F  _blueChannel                       color_tweaker
     0000C06F  _palette                           color_tweaker
     0000C07F  _playerMetaSprites                 player
     0000C47F  _playerMetaSpriteFrameIndexes      player
     0000C4CF  _playerX                           player
     0000C4D1  _playerY                           player
     0000C4D3  _playerSpeedX                      player
     0000C4D4  _playerSpeedY                      player
     0000C4D5  _playerRectLeftV                   player
     0000C4D7  _playerRectRightV                  player
     0000C4D9  _playerRectTopV                    player
     0000C4DB  _playerRectBottomV                 player
     0000C4DD  _playerFlipped                     player
     0000C4DE  _playerState                       player
     0000C4DF  _jumpPressCounter                  player
     0000C4E1  _jumpWhenLanding                   player
     0000C4E2  _canStillJumpFrames                player
     0000C4E3  _pointingUp                        player
     0000C4E4  _pointingDown                      player
     0000C4E5  _isPlayerShooting                  player
     0000C4E6  _player_SubUpdate                  player
     0000C4E8  _columnToUpdate                    right_scroller
     0000C4EA  _terrainColumnToUpdate             right_scroller
     0000C4EB  _CommandManager_commandRunnerObj   command_manager
     0000C523  _CommandManager_currentCommand     command_manager
     0000C525  _CommandRunner_counter             command_manager
     0000C527  _DrawUtils_spriteCounter           draw_utils
     0000C528  _DrawUtils_currentSpriteStrips     draw_utils
     0000C52A  _DrawUtils_vdpTileIndex            draw_utils
     0000C52B  _DrawUtils_screenX                 draw_utils
     0000C52D  _DrawUtils_screenY                 draw_utils
     0000C52F  _x                                 draw_utils
     0000C530  _y                                 draw_utils
     0000C531  _buffer                            draw_utils
     0000C533  _bufferWidth                       draw_utils
     0000C534  _bufferHeight                      draw_utils
     0000C535  _vdpOffset                         draw_utils
     0000C537  _JoystickManager_buttonState       joystick_manager
     0000C539  _JoystickManager_buttonsPressed    joystick_manager
     0000C53B  _JoystickManager_buttonsReleased   joystick_manager
     0000C53D  _MapManager_numTilesets            map_manager
     0000C53E  _MapManager_metatileLuts           map_manager
     0000C54E  _MapManager_metatileLutsData       map_manager
     0000D54E  _MapManager_metatileLutsDataSize   map_manager
     0000D550  _MapManager_tilesets               map_manager
     0000D5B0  _MapManager_tilesetVdpLocations    map_manager
     0000D5C0  _MapManager_tilesetFunctions       map_manager
     0000D5D0  _MapManager_tilesetGameObjectTem   map_manager
     0000D5E0  _MapManager_mapWidth               map_manager
     0000D5E2  _MapManager_mapHeight              map_manager
     0000D5E4  _MapManager_mapData                map_manager
ASxxxx Linker V03.00/V05.40 + sdld,  page 20.
Hexadecimal  [32-Bits]

Area                                    Addr        Size        Decimal Bytes (Attributes)
--------------------------------        ----        ----        ------- ----- ------------
_DATA                               0000C000    00001DEA =        7658. bytes (REL,CON)

      Value  Global                              Global Defined In Module
      -----  --------------------------------   ------------------------
     0000D5E6  _MapManager_mapResourceInfo        map_manager
     0000D5E8  _MapManager_terrainMapStrips       map_manager
     0000D5EA  _MapManager_terrainMapWidth        map_manager
     0000D5EC  _MapManager_terrainMapHeight       map_manager
     0000D5EE  _objectSlotRunner                  object_manager
     0000D5F0  _ObjectManager_currentEnemyIndex   object_manager
     0000D5F1  _ObjectManager_numNewObjects       object_manager_create
     0000D5F2  _ObjectManager_newObjects          object_manager_create
     0000D612  _ObjectManager_resetActiveEnemie   object_manager_create
     0000D613  _ObjectManager_resetActiveEffect   object_manager_create
     0000D614  _ObjectManager_resetActiveProjec   object_manager_create
     0000D615  _ObjectManager_resetActiveEnemyP   object_manager_create
     0000D616  _ObjectManager_enemySlots          object_manager_slots
     0000D7D6  _ObjectManager_numActiveEnemies    object_manager_slots
     0000D7D7  _ObjectManager_activeEnemySlots    object_manager_slots
     0000D7E7  _ObjectManager_effectSlots         object_manager_slots
     0000D9A7  _ObjectManager_numActiveEffects    object_manager_slots
     0000D9A8  _ObjectManager_activeEffectSlots   object_manager_slots
     0000D9B8  _ObjectManager_projectileSlots     object_manager_slots
     0000DA60  _ObjectManager_numActiveProjecti   object_manager_slots
     0000DA61  _ObjectManager_activeProjectileS   object_manager_slots
     0000DA67  _ObjectManager_enemyProjectileSl   object_manager_slots
     0000DB0F  _ObjectManager_numActiveEnemyPro   object_manager_slots
     0000DB10  _ObjectManager_activeEnemyProjec   object_manager_slots
     0000DB16  _ObjectManager_player              object_manager_slots
     0000DB4E  _ObjectManager_Item                object_manager_slots
     0000DB86  _ObjectManager_vdpDrawGameObject   object_manager_vdp
     0000DB8E  _ObjectManager_vdpDrawFunctions    object_manager_vdp
     0000DB96  _ObjectManager_numVdpDrawItems     object_manager_vdp
     0000DB97  _ResourceManager_loadFunctions     resource_manager
     0000DBAB  _ResourceManager_setupFunctions    resource_manager
     0000DBBF  _ScrollManager_horizontalScrollL   scroll_manager
     0000DBC1  _ScrollManager_columnBuffer        scroll_manager
     0000DBF5  _ScrollManager_currentMapStrip     scroll_manager
     0000DBF7  _ScrollUtils_mapColumnToBuild      scroll_utils
     0000DBF9  _TerrainManager_terrain            terrain_manager
     0000DCF9  _TerrainManager_currentTerrainMa   terrain_manager
     0000DCFB  _VDPTileManager_spriteTileLocati   vdptile_manager
     0000DCFD  _VDPTileManager_backgroundTileLo   vdptile_manager
     0000DCFF  _colorTweakerVdpLocation           colorTweaker
     0000DD00  _colorTweakerCursorVdpLocation     colorTweakerCursor
     0000DD01  _explosionVdpLocation              explosion
     0000DD02  _impactVdpLocation                 impact
     0000DD03  _kunaiVdpLocation                  kunai
     0000DD04  _rock_particleVdpLocation          rock_particle
     0000DD05  _test_blockVdpLocation             test_block
     0000DD06  _waterfallVdpLocation              waterfall
     0000DD07  _breakable_rock_tilesetVdpLocati   breakable_rock_tileset
     0000DD09  _field_tilesetVdpLocation          field_tileset
     0000DD0B  _waterfall_tilesetVdpLocation      waterfall_tileset
     0000DD0D  _bulletVdpLocation                 bullet
ASxxxx Linker V03.00/V05.40 + sdld,  page 21.
Hexadecimal  [32-Bits]

Area                                    Addr        Size        Decimal Bytes (Attributes)
--------------------------------        ----        ----        ------- ----- ------------
_DATA                               0000C000    00001DEA =        7658. bytes (REL,CON)

      Value  Global                              Global Defined In Module
      -----  --------------------------------   ------------------------
     0000DD0E  _deliveryrobotVdpLocation          deliveryrobot
     0000DD0F  _shotgun_bulletVdpLocation         shotgun_bullet
     0000DD10  _shotgun_itemVdpLocation           shotgun_item
     0000DD11  _enemy_bulletVdpLocation           enemy_bullet
     0000DD12  _robotrunnerVdpLocation            robotrunner
     0000DD13  _robotspringVdpLocation            robotspring
     0000DD14  _threeshotflyerVdpLocation         threeshotflyer
     0000DD15  _walkerVdpLocation                 walker
     0000DD16  _walker_bigVdpLocation             walker_big
     0000DD17  _walker_smallVdpLocation           walker_small
     0000DD18  _wheelerVdpLocation                wheeler
     0000DD19  _gun_girlVdpLocation               gun_girl
     0000DD1A  _VDPBlank                          SMSlib
     0000DD1B  _SMS_VDPFlags                      SMSlib
     0000DD1C  _PauseRequested                    SMSlib
     0000DD1D  _SMS_Port3EBIOSvalue               SMSlib
     0000DD1E  _SMS_theFrameInterruptHandler      SMSlib
     0000DD20  _KeysStatus                        SMSlib
     0000DD22  _PreviousKeysStatus                SMSlib
     0000DD24  _SMS_theLineInterruptHandler       SMSlib
     0000DD26  _SpriteTableY                      SMSlib_sprite
     0000DD66  _SpriteTableXN                     SMSlib_sprite
     0000DDE6  _SpriteNextFree                    SMSlib_sprite
     0000DDE7  _MetaSpriteBaseTile                SMSlib_metasprite
     0000DDE8  _SMS_TextRenderer_offset           SMSlib_textrenderer
ASxxxx Linker V03.00/V05.40 + sdld,  page 22.
Hexadecimal  [32-Bits]

Area                                    Addr        Size        Decimal Bytes (Attributes)
--------------------------------        ----        ----        ------- ----- ------------
_INITIALIZED                        0000DDEA    00000036 =          54. bytes (REL,CON)

      Value  Global                              Global Defined In Module
      -----  --------------------------------   ------------------------
     0000DDEA  _colortweaker_templateExtraResou   colortweaker_template
     0000DDEE  _fireVerticalXOffset               weapon_manager
     0000DDF0  _fireDuckingYOffset                weapon_manager
     0000DDF2  _WeaponManager_FireDefaultWeapon   weapon_manager
     0000DDFA  _WeaponManager_FireShotgunWeapon   weapon_manager
     0000DE02  _weaponFireFunctions               weapon_manager
     0000DE06  _updateAnimationStream             player
     0000DE07  _oldBottomTileTypeLeft             player
     0000DE09  _oldBottomTileTypeRight            player
     0000DE0B  _oldBlockY                         player
     0000DE0D  _drawOrderToggle                   object_manager
     0000DE0E  _ObjectManager_objectId            object_manager_create
     0000DE0F  _ResourceManager_onResourceLoade   resource_manager
     0000DE11  _ScrollManager_Update              scroll_manager
     0000DE13  _ScrollManager_UpdateVDP           scroll_manager
     0000DE15  _ScrollManager_horizontalScroll    scroll_manager
     0000DE17  _ScrollManager_vdpHorizontalScro   scroll_manager
     0000DE18  _ScrollManager_verticalScroll      scroll_manager
     0000DE1A  _ScrollManager_updateMapVDP        scroll_manager
     0000DE1B  _VDPReg                            SMSlib
     0000DE1D  _spritesHeight                     SMSlib
     0000DE1E  _spritesWidth                      SMSlib
     0000DE1F  _spritesTileOffset                 SMSlib

ASxxxx Linker V03.00/V05.40 + sdld,  page 23.
Hexadecimal  [32-Bits]

Area                                    Addr        Size        Decimal Bytes (Attributes)
--------------------------------        ----        ----        ------- ----- ------------
_CABS0                              00000000    00000010 =          16. bytes (ABS,CON)

      Value  Global                              Global Defined In Module
      -----  --------------------------------   ------------------------
     00007FF0  ___SMS__SEGA_signature             main

ASxxxx Linker V03.00/V05.40 + sdld,  page 24.
Hexadecimal  [32-Bits]

Area                                    Addr        Size        Decimal Bytes (Attributes)
--------------------------------        ----        ----        ------- ----- ------------
_CABS1                              00000000    00000003 =           3. bytes (ABS,CON)

      Value  Global                              Global Defined In Module
      -----  --------------------------------   ------------------------
     00007FDD  ___SMS__SDSC_author                main

ASxxxx Linker V03.00/V05.40 + sdld,  page 25.
Hexadecimal  [32-Bits]

Area                                    Addr        Size        Decimal Bytes (Attributes)
--------------------------------        ----        ----        ------- ----- ------------
_CABS2                              00000000    00000010 =          16. bytes (ABS,CON)

      Value  Global                              Global Defined In Module
      -----  --------------------------------   ------------------------
     00007FCD  ___SMS__SDSC_name                  main

ASxxxx Linker V03.00/V05.40 + sdld,  page 26.
Hexadecimal  [32-Bits]

Area                                    Addr        Size        Decimal Bytes (Attributes)
--------------------------------        ----        ----        ------- ----- ------------
_CABS3                              00000000    0000002B =          43. bytes (ABS,CON)

      Value  Global                              Global Defined In Module
      -----  --------------------------------   ------------------------
     00007FA2  ___SMS__SDSC_descr                 main

ASxxxx Linker V03.00/V05.40 + sdld,  page 27.
Hexadecimal  [32-Bits]

Area                                    Addr        Size        Decimal Bytes (Attributes)
--------------------------------        ----        ----        ------- ----- ------------
_CABS4                              00000000    00000010 =          16. bytes (ABS,CON)

      Value  Global                              Global Defined In Module
      -----  --------------------------------   ------------------------
     00007FE0  ___SMS__SDSC_signature             main

ASxxxx Linker V03.00/V05.40 + sdld,  page 28.
Hexadecimal  [32-Bits]

Area                                    Addr        Size        Decimal Bytes (Attributes)
--------------------------------        ----        ----        ------- ----- ------------
_BANK2                              00008000    000014D1 =        5329. bytes (REL,CON)

      Value  Global                              Global Defined In Module
      -----  --------------------------------   ------------------------
     00008000  _colorTweakerTileData              colorTweaker
     00008480  _colorTweakerFrame0MetaSprites     colorTweaker
     0000848A  _colorTweakerFrame1MetaSprites     colorTweaker
     00008494  _colorTweakerFrame2MetaSprites     colorTweaker
     0000849E  _colorTweakerFrame3MetaSprites     colorTweaker
     000084A8  _colorTweakerFrame4MetaSprites     colorTweaker
     000084B2  _colorTweakerFrame5MetaSprites     colorTweaker
     000084BC  _colorTweakerFrame6MetaSprites     colorTweaker
     000084C6  _colorTweakerFrame7MetaSprites     colorTweaker
     000084D0  _colorTweakerFrame8MetaSprites     colorTweaker
     000084DA  _colorTweakerFrame9MetaSprites     colorTweaker
     000084E4  _colorTweakerFrame10MetaSprites    colorTweaker
     000084EE  _colorTweakerFrame11MetaSprites    colorTweaker
     000084F8  _colorTweakerFrame12MetaSprites    colorTweaker
     00008502  _colorTweakerFrame13MetaSprites    colorTweaker
     0000850C  _colorTweakerFrame14MetaSprites    colorTweaker
     00008516  _colorTweakerFrame15MetaSprites    colorTweaker
     00008520  _colorTweakerFrame0                colorTweaker
     00008525  _colorTweakerFrame1                colorTweaker
     0000852A  _colorTweakerFrame2                colorTweaker
     0000852F  _colorTweakerFrame3                colorTweaker
     00008534  _colorTweakerFrame4                colorTweaker
     00008539  _colorTweakerFrame5                colorTweaker
     0000853E  _colorTweakerFrame6                colorTweaker
     00008543  _colorTweakerFrame7                colorTweaker
     00008548  _colorTweakerFrame8                colorTweaker
     0000854D  _colorTweakerFrame9                colorTweaker
     00008552  _colorTweakerFrame10               colorTweaker
     00008557  _colorTweakerFrame11               colorTweaker
     0000855C  _colorTweakerFrame12               colorTweaker
     00008561  _colorTweakerFrame13               colorTweaker
     00008566  _colorTweakerFrame14               colorTweaker
     0000856B  _colorTweakerFrame15               colorTweaker
     00008570  _colorTweakerFrames                colorTweaker
     00008590  _colorTweakerSetup                 colorTweaker
     00008598  _colorTweaker                      colorTweaker
     000085A6  _colorTweakerCursorTileData        colorTweakerCursor
     000086E6  _colorTweakerCursorFrame0MetaSpr   colorTweakerCursor
     000086EA  _colorTweakerCursorFrame1MetaSpr   colorTweakerCursor
     000086EE  _colorTweakerCursorFrame2MetaSpr   colorTweakerCursor
     000086F2  _colorTweakerCursorFrame3MetaSpr   colorTweakerCursor
     000086F6  _colorTweakerCursorFrame4MetaSpr   colorTweakerCursor
     000086FA  _colorTweakerCursorFrame0          colorTweakerCursor
     000086FF  _colorTweakerCursorFrame1          colorTweakerCursor
     00008704  _colorTweakerCursorFrame2          colorTweakerCursor
     00008709  _colorTweakerCursorFrame3          colorTweakerCursor
     0000870E  _colorTweakerCursorFrame4          colorTweakerCursor
     00008713  _colorTweakerCursorFrames          colorTweakerCursor
     0000871D  _colorTweakerCursorSetup           colorTweakerCursor
     00008725  _colorTweakerCursor                colorTweakerCursor
ASxxxx Linker V03.00/V05.40 + sdld,  page 29.
Hexadecimal  [32-Bits]

Area                                    Addr        Size        Decimal Bytes (Attributes)
--------------------------------        ----        ----        ------- ----- ------------
_BANK2                              00008000    000014D1 =        5329. bytes (REL,CON)

      Value  Global                              Global Defined In Module
      -----  --------------------------------   ------------------------
     00008733  _explosionTileData                 explosion
     00008AB3  _explosionFrame0MetaSprites        explosion
     00008ABA  _explosionFrame1MetaSprites        explosion
     00008ACD  _explosionFrame2MetaSprites        explosion
     00008AE0  _explosionFrame3MetaSprites        explosion
     00008AE7  _explosionFrame4MetaSprites        explosion
     00008AFA  _explosionFrame5MetaSprites        explosion
     00008B0D  _explosionFrame6MetaSprites        explosion
     00008B14  _explosionFrame7MetaSprites        explosion
     00008B27  _explosionFrame8MetaSprites        explosion
     00008B3A  _explosionFrame0                   explosion
     00008B3F  _explosionFrame1                   explosion
     00008B44  _explosionFrame2                   explosion
     00008B49  _explosionFrame3                   explosion
     00008B4E  _explosionFrame4                   explosion
     00008B53  _explosionFrame5                   explosion
     00008B58  _explosionFrame6                   explosion
     00008B5D  _explosionFrame7                   explosion
     00008B62  _explosionFrame8                   explosion
     00008B67  _explosionFrames                   explosion
     00008B79  _explosionSetup                    explosion
     00008B81  _explosion                         explosion
     00008B8F  _impactTileData                    impact
     00008D0F  _impactFrame0MetaSprites           impact
     00008D16  _impactFrame1MetaSprites           impact
     00008D1D  _impactFrame2MetaSprites           impact
     00008D24  _impactFrame0                      impact
     00008D29  _impactFrame1                      impact
     00008D2E  _impactFrame2                      impact
     00008D33  _impactFrames                      impact
     00008D39  _impactSetup                       impact
     00008D41  _impact                            impact
     00008D4F  _kunaiTileData                     kunai
     00008FCF  _kunaiFrame0MetaSprites            kunai
     00008FD6  _kunaiFrame1MetaSprites            kunai
     00008FDD  _kunaiFrame2MetaSprites            kunai
     00008FE1  _kunaiFrame3MetaSprites            kunai
     00008FE5  _kunaiFrame4MetaSprites            kunai
     00008FE9  _kunaiFrame5MetaSprites            kunai
     00008FED  _kunaiFrame6MetaSprites            kunai
     00008FF1  _kunaiFrame7MetaSprites            kunai
     00008FF5  _kunaiFrame0                       kunai
     00008FFA  _kunaiFrame1                       kunai
     00008FFF  _kunaiFrame2                       kunai
     00009004  _kunaiFrame3                       kunai
     00009009  _kunaiFrame4                       kunai
     0000900E  _kunaiFrame5                       kunai
     00009013  _kunaiFrame6                       kunai
     00009018  _kunaiFrame7                       kunai
     0000901D  _kunaiFrames                       kunai
     0000902D  _kunaiSetup                        kunai
ASxxxx Linker V03.00/V05.40 + sdld,  page 30.
Hexadecimal  [32-Bits]

Area                                    Addr        Size        Decimal Bytes (Attributes)
--------------------------------        ----        ----        ------- ----- ------------
_BANK2                              00008000    000014D1 =        5329. bytes (REL,CON)

      Value  Global                              Global Defined In Module
      -----  --------------------------------   ------------------------
     00009035  _kunai                             kunai
     00009043  _rock_particleTileData             rock_particle
     00009143  _rock_particleFrame0MetaSprites    rock_particle
     00009147  _rock_particleFrame1MetaSprites    rock_particle
     0000914B  _rock_particleFrame2MetaSprites    rock_particle
     0000914F  _rock_particleFrame3MetaSprites    rock_particle
     00009153  _rock_particleFrame0               rock_particle
     00009158  _rock_particleFrame1               rock_particle
     0000915D  _rock_particleFrame2               rock_particle
     00009162  _rock_particleFrame3               rock_particle
     00009167  _rock_particleFrames               rock_particle
     0000916F  _rock_particleSetup                rock_particle
     00009177  _rock_particle                     rock_particle
     00009185  _test_blockTileData                test_block
     00009285  _test_blockFrame0MetaSprites       test_block
     00009292  _test_blockFrame0                  test_block
     00009297  _test_blockFrames                  test_block
     00009299  _test_blockSetup                   test_block
     000092A1  _test_block                        test_block
     000092AF  _waterfallTileData                 waterfall
     000094AF  _waterfallFrame0                   waterfall
     000094B3  _waterfallFrame1                   waterfall
     000094B7  _waterfallFrame2                   waterfall
     000094BB  _waterfallFrame3                   waterfall
     000094BF  _waterfallFrames                   waterfall
     000094C7  _waterfall                         waterfall

ASxxxx Linker V03.00/V05.40 + sdld,  page 31.
Hexadecimal  [32-Bits]

Area                                    Addr        Size        Decimal Bytes (Attributes)
--------------------------------        ----        ----        ------- ----- ------------
_BANK3                              00008000    00001CDC =        7388. bytes (REL,CON)

      Value  Global                              Global Defined In Module
      -----  --------------------------------   ------------------------
     00008000  _breakable_rock_tileset_metatile   breakable_rock_tileset
     00008008  _breakable_rock_tileset_tiles      breakable_rock_tileset
     00008088  _breakable_rock_tileset            breakable_rock_tileset
     00008094  _field_tileset_metatiles           field_tileset
     00008454  _field_tileset_tiles               field_tileset
     00009C34  _field_tileset                     field_tileset
     00009C40  _waterfall_tileset_metatiles       waterfall_tileset
     00009C50  _waterfall_tileset_tiles           waterfall_tileset
     00009CD0  _waterfall_tileset                 waterfall_tileset
ASxxxx Linker V03.00/V05.40 + sdld,  page 32.
Hexadecimal  [32-Bits]

Area                                    Addr        Size        Decimal Bytes (Attributes)
--------------------------------        ----        ----        ------- ----- ------------
_BANK4                              00008000    00001EB4 =        7860. bytes (REL,CON)

      Value  Global                              Global Defined In Module
      -----  --------------------------------   ------------------------
     00008000  _field_strip_map                   field
     00009B20  _field_terrain_map                 field
     00009E84  _field_map                         field
     00009E93  _waterfall_strip_map               waterfall
     00009EA3  _waterfall_terrain_map             waterfall
     00009EA5  _waterfall_map                     waterfall
ASxxxx Linker V03.00/V05.40 + sdld,  page 33.
Hexadecimal  [32-Bits]

Area                                    Addr        Size        Decimal Bytes (Attributes)
--------------------------------        ----        ----        ------- ----- ------------
_BANK5                              00008000    00000704 =        1796. bytes (REL,CON)

      Value  Global                              Global Defined In Module
      -----  --------------------------------   ------------------------
     00008000  _bulletTileData                    bullet
     00008040  _bulletFrame0MetaSprites           bullet
     00008044  _bulletFrame0                      bullet
     00008049  _bulletFrames                      bullet
     0000804B  _bulletSetup                       bullet
     00008053  _bullet                            bullet
     00008061  _deliveryrobotTileData             deliveryrobot
     000084E1  _deliveryrobotFrame0MetaSprites    deliveryrobot
     000084F1  _deliveryrobotFrame1MetaSprites    deliveryrobot
     00008501  _deliveryrobotFrame2MetaSprites    deliveryrobot
     00008511  _deliveryrobotFrame3MetaSprites    deliveryrobot
     00008521  _deliveryrobotFrame4MetaSprites    deliveryrobot
     00008525  _deliveryrobotFrame5MetaSprites    deliveryrobot
     00008529  _deliveryrobotFrame0               deliveryrobot
     0000852E  _deliveryrobotFrame1               deliveryrobot
     00008533  _deliveryrobotFrame2               deliveryrobot
     00008538  _deliveryrobotFrame3               deliveryrobot
     0000853D  _deliveryrobotFrame4               deliveryrobot
     00008542  _deliveryrobotFrame5               deliveryrobot
     00008547  _deliveryrobotFrames               deliveryrobot
     00008553  _deliveryrobotSetup                deliveryrobot
     0000855B  _deliveryrobot                     deliveryrobot
     00008569  _shotgun_bulletTileData            shotgun_bullet
     00008669  _shotgun_bulletFrame0MetaSprites   shotgun_bullet
     0000866D  _shotgun_bulletFrame1MetaSprites   shotgun_bullet
     00008671  _shotgun_bulletFrame2MetaSprites   shotgun_bullet
     00008678  _shotgun_bulletFrame0              shotgun_bullet
     0000867D  _shotgun_bulletFrame1              shotgun_bullet
     00008682  _shotgun_bulletFrame2              shotgun_bullet
     00008687  _shotgun_bulletFrames              shotgun_bullet
     0000868D  _shotgun_bulletSetup               shotgun_bullet
     00008695  _shotgun_bullet                    shotgun_bullet
     000086A3  _shotgun_itemTileData              shotgun_item
     000086E3  _shotgun_itemFrame0MetaSprites     shotgun_item
     000086E7  _shotgun_itemFrame0                shotgun_item
     000086EC  _shotgun_itemFrames                shotgun_item
     000086EE  _shotgun_itemSetup                 shotgun_item
     000086F6  _shotgun_item                      shotgun_item

ASxxxx Linker V03.00/V05.40 + sdld,  page 34.
Hexadecimal  [32-Bits]

Area                                    Addr        Size        Decimal Bytes (Attributes)
--------------------------------        ----        ----        ------- ----- ------------
_BANK6                              00008000    00001E54 =        7764. bytes (REL,CON)

      Value  Global                              Global Defined In Module
      -----  --------------------------------   ------------------------
     00008000  _enemy_bulletTileData              enemy_bullet
     00008080  _enemy_bulletFrame0MetaSprites     enemy_bullet
     00008084  _enemy_bulletFrame1MetaSprites     enemy_bullet
     00008088  _enemy_bulletFrame0                enemy_bullet
     0000808D  _enemy_bulletFrame1                enemy_bullet
     00008092  _enemy_bulletFrames                enemy_bullet
     00008096  _enemy_bulletSetup                 enemy_bullet
     0000809E  _enemy_bullet                      enemy_bullet
     000080AC  _robotrunnerTileData               robotrunner
     000084AC  _robotrunnerFrame0MetaSprites      robotrunner
     000084BC  _robotrunnerFrame1MetaSprites      robotrunner
     000084CC  _robotrunnerFrame2MetaSprites      robotrunner
     000084DC  _robotrunnerFrame3MetaSprites      robotrunner
     000084EC  _robotrunnerFrame0                 robotrunner
     000084F1  _robotrunnerFrame1                 robotrunner
     000084F6  _robotrunnerFrame2                 robotrunner
     000084FB  _robotrunnerFrame3                 robotrunner
     00008500  _robotrunnerFrames                 robotrunner
     00008508  _robotrunnerSetup                  robotrunner
     00008510  _robotrunner                       robotrunner
     0000851E  _robotspringTileData               robotspring
     0000871E  _robotspringFrame0MetaSprites      robotspring
     0000872B  _robotspringFrame1MetaSprites      robotspring
     00008738  _robotspringFrame2MetaSprites      robotspring
     00008745  _robotspringFrame0                 robotspring
     0000874A  _robotspringFrame1                 robotspring
     0000874F  _robotspringFrame2                 robotspring
     00008754  _robotspringFrames                 robotspring
     0000875A  _robotspringSetup                  robotspring
     00008762  _robotspring                       robotspring
     00008770  _threeshotflyerTileData            threeshotflyer
     000089B0  _threeshotflyerFrame0MetaSprites   threeshotflyer
     000089C3  _threeshotflyerFrame1MetaSprites   threeshotflyer
     000089D6  _threeshotflyerFrame0              threeshotflyer
     000089DB  _threeshotflyerFrame1              threeshotflyer
     000089E0  _threeshotflyerFrames              threeshotflyer
     000089E4  _threeshotflyerSetup               threeshotflyer
     000089EC  _threeshotflyer                    threeshotflyer
     000089FA  _walkerTileData                    walker
     00008AFA  _walkerFrame0MetaSprites           walker
     00008B01  _walkerFrame1MetaSprites           walker
     00008B08  _walkerFrame0                      walker
     00008B0D  _walkerFrame1                      walker
     00008B12  _walkerFrames                      walker
     00008B16  _walkerSetup                       walker
     00008B1E  _walker                            walker
     00008B2C  _walker_bigTileData                walker_big
     0000932C  _walker_bigFrame0MetaSprites       walker_big
     00009345  _walker_bigFrame1MetaSprites       walker_big
     0000935E  _walker_bigFrame2MetaSprites       walker_big
ASxxxx Linker V03.00/V05.40 + sdld,  page 35.
Hexadecimal  [32-Bits]

Area                                    Addr        Size        Decimal Bytes (Attributes)
--------------------------------        ----        ----        ------- ----- ------------
_BANK6                              00008000    00001E54 =        7764. bytes (REL,CON)

      Value  Global                              Global Defined In Module
      -----  --------------------------------   ------------------------
     00009377  _walker_bigFrame3MetaSprites       walker_big
     00009390  _walker_bigFrame4MetaSprites       walker_big
     000093A9  _walker_bigFrame5MetaSprites       walker_big
     000093C2  _walker_bigFrame6MetaSprites       walker_big
     000093DB  _walker_bigFrame7MetaSprites       walker_big
     000093F4  _walker_bigFrame0                  walker_big
     000093F9  _walker_bigFrame1                  walker_big
     000093FE  _walker_bigFrame2                  walker_big
     00009403  _walker_bigFrame3                  walker_big
     00009408  _walker_bigFrame4                  walker_big
     0000940D  _walker_bigFrame5                  walker_big
     00009412  _walker_bigFrame6                  walker_big
     00009417  _walker_bigFrame7                  walker_big
     0000941C  _walker_bigFrames                  walker_big
     0000942C  _walker_bigSetup                   walker_big
     00009434  _walker_big                        walker_big
     00009442  _walker_smallTileData              walker_small
     000094C2  _walker_smallFrame0MetaSprites     walker_small
     000094C6  _walker_smallFrame1MetaSprites     walker_small
     000094CA  _walker_smallFrame0                walker_small
     000094CF  _walker_smallFrame1                walker_small
     000094D4  _walker_smallFrames                walker_small
     000094D8  _walker_smallSetup                 walker_small
     000094E0  _walker_small                      walker_small
     000094EE  _wheelerTileData                   wheeler
     00009D6E  _wheelerFrame0MetaSprites          wheeler
     00009D7E  _wheelerFrame1MetaSprites          wheeler
     00009D8E  _wheelerFrame2MetaSprites          wheeler
     00009D9E  _wheelerFrame3MetaSprites          wheeler
     00009DAE  _wheelerFrame4MetaSprites          wheeler
     00009DC1  _wheelerFrame5MetaSprites          wheeler
     00009DCE  _wheelerFrame6MetaSprites          wheeler
     00009DDB  _wheelerFrame7MetaSprites          wheeler
     00009DE2  _wheelerFrame8MetaSprites          wheeler
     00009DE6  _wheelerFrame9MetaSprites          wheeler
     00009DEA  _wheelerFrame10MetaSprites         wheeler
     00009DF1  _wheelerFrame0                     wheeler
     00009DF6  _wheelerFrame1                     wheeler
     00009DFB  _wheelerFrame2                     wheeler
     00009E00  _wheelerFrame3                     wheeler
     00009E05  _wheelerFrame4                     wheeler
     00009E0A  _wheelerFrame5                     wheeler
     00009E0F  _wheelerFrame6                     wheeler
     00009E14  _wheelerFrame7                     wheeler
     00009E19  _wheelerFrame8                     wheeler
     00009E1E  _wheelerFrame9                     wheeler
     00009E23  _wheelerFrame10                    wheeler
     00009E28  _wheelerFrames                     wheeler
     00009E3E  _wheelerSetup                      wheeler
     00009E46  _wheeler                           wheeler

ASxxxx Linker V03.00/V05.40 + sdld,  page 36.
Hexadecimal  [32-Bits]

Area                                    Addr        Size        Decimal Bytes (Attributes)
--------------------------------        ----        ----        ------- ----- ------------
_BANK7                              00008000    0000177E =        6014. bytes (REL,CON)

      Value  Global                              Global Defined In Module
      -----  --------------------------------   ------------------------
     00008000  _gun_girlTileData                  gun_girl
     00009400  _gun_girlFrame0SpriteStrips        gun_girl
     0000940C  _gun_girlFrame1SpriteStrips        gun_girl
     00009418  _gun_girlFrame2SpriteStrips        gun_girl
     00009424  _gun_girlFrame3SpriteStrips        gun_girl
     00009430  _gun_girlFrame4SpriteStrips        gun_girl
     0000943C  _gun_girlFrame5SpriteStrips        gun_girl
     00009448  _gun_girlFrame6SpriteStrips        gun_girl
     00009454  _gun_girlFrame7SpriteStrips        gun_girl
     00009460  _gun_girlFrame8SpriteStrips        gun_girl
     0000946C  _gun_girlFrame9SpriteStrips        gun_girl
     00009478  _gun_girlFrame10SpriteStrips       gun_girl
     00009484  _gun_girlFrame11SpriteStrips       gun_girl
     00009490  _gun_girlFrame12SpriteStrips       gun_girl
     0000949C  _gun_girlFrame13SpriteStrips       gun_girl
     000094AC  _gun_girlFrame14SpriteStrips       gun_girl
     000094B8  _gun_girlFrame15SpriteStrips       gun_girl
     000094C8  _gun_girlFrame16SpriteStrips       gun_girl
     000094D4  _gun_girlFrame17SpriteStrips       gun_girl
     000094E0  _gun_girlFrame18SpriteStrips       gun_girl
     000094EC  _gun_girlFrame19SpriteStrips       gun_girl
     000094F8  _gun_girlFrame20SpriteStrips       gun_girl
     00009504  _gun_girlFrame21SpriteStrips       gun_girl
     00009510  _gun_girlFrame22SpriteStrips       gun_girl
     00009520  _gun_girlFrame23SpriteStrips       gun_girl
     00009530  _gun_girlFrame24SpriteStrips       gun_girl
     00009540  _gun_girlFrame25SpriteStrips       gun_girl
     00009550  _gun_girlFrame26SpriteStrips       gun_girl
     00009560  _gun_girlFrame27SpriteStrips       gun_girl
     00009570  _gun_girlFrame28SpriteStrips       gun_girl
     00009580  _gun_girlFrame29SpriteStrips       gun_girl
     00009590  _gun_girlFrame30SpriteStrips       gun_girl
     000095A0  _gun_girlFrame31SpriteStrips       gun_girl
     000095B0  _gun_girlFrame32SpriteStrips       gun_girl
     000095C0  _gun_girlFrame33SpriteStrips       gun_girl
     000095D0  _gun_girlFrame34SpriteStrips       gun_girl
     000095E0  _gun_girlFrame35SpriteStrips       gun_girl
     000095F0  _gun_girlFrame36SpriteStrips       gun_girl
     00009600  _gun_girlFrame37SpriteStrips       gun_girl
     00009610  _gun_girlFrame38SpriteStrips       gun_girl
     0000961C  _gun_girlFrame39SpriteStrips       gun_girl
     00009628  _gun_girlFrame0                    gun_girl
     0000962E  _gun_girlFrame1                    gun_girl
     00009634  _gun_girlFrame2                    gun_girl
     0000963A  _gun_girlFrame3                    gun_girl
     00009640  _gun_girlFrame4                    gun_girl
     00009646  _gun_girlFrame5                    gun_girl
     0000964C  _gun_girlFrame6                    gun_girl
     00009652  _gun_girlFrame7                    gun_girl
     00009658  _gun_girlFrame8                    gun_girl
ASxxxx Linker V03.00/V05.40 + sdld,  page 37.
Hexadecimal  [32-Bits]

Area                                    Addr        Size        Decimal Bytes (Attributes)
--------------------------------        ----        ----        ------- ----- ------------
_BANK7                              00008000    0000177E =        6014. bytes (REL,CON)

      Value  Global                              Global Defined In Module
      -----  --------------------------------   ------------------------
     0000965E  _gun_girlFrame9                    gun_girl
     00009664  _gun_girlFrame10                   gun_girl
     0000966A  _gun_girlFrame11                   gun_girl
     00009670  _gun_girlFrame12                   gun_girl
     00009676  _gun_girlFrame13                   gun_girl
     0000967C  _gun_girlFrame14                   gun_girl
     00009682  _gun_girlFrame15                   gun_girl
     00009688  _gun_girlFrame16                   gun_girl
     0000968E  _gun_girlFrame17                   gun_girl
     00009694  _gun_girlFrame18                   gun_girl
     0000969A  _gun_girlFrame19                   gun_girl
     000096A0  _gun_girlFrame20                   gun_girl
     000096A6  _gun_girlFrame21                   gun_girl
     000096AC  _gun_girlFrame22                   gun_girl
     000096B2  _gun_girlFrame23                   gun_girl
     000096B8  _gun_girlFrame24                   gun_girl
     000096BE  _gun_girlFrame25                   gun_girl
     000096C4  _gun_girlFrame26                   gun_girl
     000096CA  _gun_girlFrame27                   gun_girl
     000096D0  _gun_girlFrame28                   gun_girl
     000096D6  _gun_girlFrame29                   gun_girl
     000096DC  _gun_girlFrame30                   gun_girl
     000096E2  _gun_girlFrame31                   gun_girl
     000096E8  _gun_girlFrame32                   gun_girl
     000096EE  _gun_girlFrame33                   gun_girl
     000096F4  _gun_girlFrame34                   gun_girl
     000096FA  _gun_girlFrame35                   gun_girl
     00009700  _gun_girlFrame36                   gun_girl
     00009706  _gun_girlFrame37                   gun_girl
     0000970C  _gun_girlFrame38                   gun_girl
     00009712  _gun_girlFrame39                   gun_girl
     00009718  _gun_girlFrames                    gun_girl
     00009768  _gun_girlSetup                     gun_girl
     00009770  _gun_girl                          gun_girl
ASxxxx Linker V03.00/V05.40 + sdld,  page 38.
Hexadecimal  [32-Bits]

Area                                    Addr        Size        Decimal Bytes (Attributes)
--------------------------------        ----        ----        ------- ----- ------------
_BANK8                              00008000    0000276F =       10095. bytes (REL,CON)

      Value  Global                              Global Defined In Module
      -----  --------------------------------   ------------------------
     00008000  _level_001_strip_map               level_001
     0000A300  _level_001_terrain_map             level_001
     0000A760  _level_001_map                     level_001
ASxxxx Linker V03.00/V05.40 + sdld,  page 39.

Files Linked                              [ module(s) ]

..\..\..\devkitSMS-master\/crt0/crt0_sms.rel
                                          [ crt0 ]
..\..\..\devkitSMS-master\/PSGlib//PSGlib.rel
                                          [ PSGlib ]
out\source\client\generated\gameobjecttemplates\bullet_template.rel
                                          [ bullet_template ]
out\source\client\generated\gameobjecttemplates\colortweaker_template.rel
                                          [ colortweaker_template ]
out\source\client\generated\gameobjecttemplates\commandrunner_rightscroll_template.rel
                                          [ commandrunner_rightscroll_templa ]
out\source\client\generated\gameobjecttemplates\deliveryrobot_template.rel
                                          [ deliveryrobot_template ]
out\source\client\generated\gameobjecttemplates\enemy_bullet_template.rel
                                          [ enemy_bullet_template ]
out\source\client\generated\gameobjecttemplates\explosion_template.rel
                                          [ explosion_template ]
out\source\client\generated\gameobjecttemplates\gun_girl_template.rel
                                          [ gun_girl_template ]
out\source\client\generated\gameobjecttemplates\impact_template.rel
                                          [ impact_template ]
out\source\client\generated\gameobjecttemplates\kunai_template.rel
                                          [ kunai_template ]
out\source\client\generated\gameobjecttemplates\robotrunner_template.rel
                                          [ robotrunner_template ]
out\source\client\generated\gameobjecttemplates\robotspring_template.rel
                                          [ robotspring_template ]
out\source\client\generated\gameobjecttemplates\rock_particle_template.rel
                                          [ rock_particle_template ]
out\source\client\generated\gameobjecttemplates\shotgun_bullet_template.rel
                                          [ shotgun_bullet_template ]
out\source\client\generated\gameobjecttemplates\shotgun_item_template.rel
                                          [ shotgun_item_template ]
out\source\client\generated\gameobjecttemplates\test_block_template.rel
                                          [ test_block_template ]
out\source\client\generated\gameobjecttemplates\threeshotflyer_template.rel
                                          [ threeshotflyer_template ]
out\source\client\generated\gameobjecttemplates\walker_big_template.rel
                                          [ walker_big_template ]
out\source\client\generated\gameobjecttemplates\walker_small_template.rel
                                          [ walker_small_template ]
out\source\client\generated\gameobjecttemplates\walker_template.rel
                                          [ walker_template ]
out\source\client\generated\gameobjecttemplates\wheeler_template.rel
                                          [ wheeler_template ]
out\source\client\exported\scenes\scene003.rel
                                          [ scene003 ]
out\source\client\exported\palettes\globalPalette.rel
                                          [ globalPalette ]
out\source\client\ai_commands.rel         [ ai_commands ]
out\source\client\main.rel                [ main ]
out\source\client\motion_sequence.rel     [ motion_sequence ]
out\source\client\tileset_functions.rel   [ tileset_functions ]
out\source\client\managers\physics_manager.rel
                                          [ physics_manager ]
out\source\client\managers\weapon_manager.rel
                                          [ weapon_manager ]
out\source\client\exported\sceneMasterTemp.rel
                                          [ sceneMasterTemp ]
out\source\client\generated\bank2.rel     [ bank2 ]
out\source\client\generated\resource_infos.rel
                                          [ resource_infos ]
out\source\client\objects\basic_effect.rel
                                          [ basic_effect ]
out\source\client\objects\bird.rel        [ bird ]
out\source\client\objects\bullet.rel      [ bullet ]
out\source\client\objects\color_tweaker.rel
                                          [ color_tweaker ]
out\source\client\objects\commandrunner_rightscroll.rel
                                          [ commandrunner_rightscroll ]
out\source\client\objects\deliveryrobot.rel
                                          [ deliveryrobot ]
out\source\client\objects\enemy.rel       [ enemy ]
out\source\client\objects\kunai.rel       [ kunai ]
out\source\client\objects\on_resource_loaded_callback.rel
                                          [ on_resource_loaded_callback ]
out\source\client\objects\particle_effect.rel
                                          [ particle_effect ]
out\source\client\objects\player.rel      [ player ]
out\source\client\objects\right_scroller.rel
                                          [ right_scroller ]
out\source\client\objects\shotgun_bullet.rel
                                          [ shotgun_bullet ]
out\source\client\objects\shotgun_item.rel
                                          [ shotgun_item ]
out\source\client\objects\threeshotflyer.rel
                                          [ threeshotflyer ]
out\source\client\objects\tile_animator.rel
                                          [ tile_animator ]
out\source\client\objects\wheeler.rel     [ wheeler ]
out\source\engine\animation_utils.rel     [ animation_utils ]
out\source\engine\commandrunner_runall.rel
                                          [ commandrunner_runall ]
out\source\engine\command_manager.rel     [ command_manager ]
out\source\engine\command_types.rel       [ command_types ]
out\source\engine\draw_utils.rel          [ draw_utils ]
out\source\engine\joystick_manager.rel    [ joystick_manager ]
out\source\engine\map_load.rel            [ map_load ]
out\source\engine\map_manager.rel         [ map_manager ]
out\source\engine\map_types.rel           [ map_types ]
out\source\engine\object_manager.rel      [ object_manager ]
out\source\engine\object_manager_create.rel
                                          [ object_manager_create ]
out\source\engine\object_manager_slots.rel
                                          [ object_manager_slots ]
out\source\engine\object_manager_vdp.rel  [ object_manager_vdp ]
out\source\engine\object_utils.rel        [ object_utils ]
out\source\engine\resource_manager.rel    [ resource_manager ]
out\source\engine\scene_manager.rel       [ scene_manager ]
out\source\engine\scroll_manager.rel      [ scroll_manager ]
out\source\engine\scroll_utils.rel        [ scroll_utils ]
out\source\engine\terrain_manager.rel     [ terrain_manager ]
out\source\engine\vdptile_manager.rel     [ vdptile_manager ]
out\source\engine\commands\background_commands.rel
                                          [ background_commands ]
out\source\engine\commands\set_palette_commands.rel
                                          [ set_palette_commands ]
out\source\client\exported\animations\standard\colorTweaker.rel
                                          [ colorTweaker ]
out\source\client\exported\animations\standard\colorTweakerCursor.rel
                                          [ colorTweakerCursor ]
out\source\client\exported\animations\standard\explosion.rel
                                          [ explosion ]
out\source\client\exported\animations\standard\impact.rel
                                          [ impact ]
out\source\client\exported\animations\standard\kunai.rel
                                          [ kunai ]
out\source\client\exported\animations\standard\rock_particle.rel
                                          [ rock_particle ]
out\source\client\exported\animations\standard\test_block.rel
                                          [ test_block ]
out\source\client\exported\animations\animatedtilesets\waterfall.rel
                                          [ waterfall ]
out\source\client\generated\tilesets\breakable_rock_tileset.rel
                                          [ breakable_rock_tileset ]
out\source\client\generated\tilesets\field_tileset.rel
                                          [ field_tileset ]
out\source\client\generated\tilesets\waterfall_tileset.rel
                                          [ waterfall_tileset ]
out\source\client\exported\maps\bank4\field.rel
                                          [ field ]
out\source\client\exported\maps\bank4\waterfall.rel
                                          [ waterfall ]
out\source\client\exported\animations\weapons\bullet.rel
                                          [ bullet ]
out\source\client\exported\animations\weapons\deliveryrobot.rel
                                          [ deliveryrobot ]
out\source\client\exported\animations\weapons\shotgun_bullet.rel
                                          [ shotgun_bullet ]
out\source\client\exported\animations\weapons\shotgun_item.rel
                                          [ shotgun_item ]
out\source\client\exported\animations\enemies\enemy_bullet.rel
                                          [ enemy_bullet ]
out\source\client\exported\animations\enemies\robotrunner.rel
                                          [ robotrunner ]
out\source\client\exported\animations\enemies\robotspring.rel
                                          [ robotspring ]
out\source\client\exported\animations\enemies\threeshotflyer.rel
                                          [ threeshotflyer ]
out\source\client\exported\animations\enemies\walker.rel
                                          [ walker ]
out\source\client\exported\animations\enemies\walker_big.rel
                                          [ walker_big ]
out\source\client\exported\animations\enemies\walker_small.rel
                                          [ walker_small ]
out\source\client\exported\animations\enemies\wheeler.rel
                                          [ wheeler ]
out\source\client\exported\animations\streamed\gun_girl.rel
                                          [ gun_girl ]
out\source\client\exported\maps\bank8\level_001.rel
                                          [ level_001 ]


Libraries Linked                          [ object file ]

..\..\..\devkitSMS-master\/SMSlib/SMSlib.lib
                                          [ SMSlib.rel ]
..\..\..\devkitSMS-master\/SMSlib/SMSlib.lib
                                          [ SMSlib_VRAMmemset.rel ]
..\..\..\devkitSMS-master\/SMSlib/SMSlib.lib
                                          [ SMSlib_sprite.rel ]
..\..\..\devkitSMS-master\/SMSlib/SMSlib.lib
                                          [ SMSlib_threesprites_NO_ZOOM.rel ]
..\..\..\devkitSMS-master\/SMSlib/SMSlib.lib
                                          [ SMSlib_twosprites_NO_ZOOM.rel ]
..\..\..\devkitSMS-master\/SMSlib/SMSlib.lib
                                          [ SMSlib_metasprite_DELTA_TILES.re ]
C:\Program Files\SDCC\bin\..\lib\z80/z80.lib
                                          [ __sdcc_call_hl.rel ]
..\..\..\devkitSMS-master\/SMSlib/SMSlib.lib
                                          [ SMSlib_debug.rel ]
..\..\..\devkitSMS-master\/SMSlib/SMSlib.lib
                                          [ SMSlib_UNSAFE.rel ]
..\..\..\devkitSMS-master\/SMSlib/SMSlib.lib
                                          [ SMSlib_VRAMmemcpy.rel ]
C:\Program Files\SDCC\bin\..\lib\z80/z80.lib
                                          [ __sdcc_call_iy.rel ]
..\..\..\devkitSMS-master\/SMSlib/SMSlib.lib
                                          [ SMSlib_autotext.rel ]
..\..\..\devkitSMS-master\/SMSlib/SMSlib.lib
                                          [ SMSlib_foursprites_NO_ZOOM.rel ]
..\..\..\devkitSMS-master\/SMSlib/SMSlib.lib
                                          [ SMSlib_loadTileMapColumn.rel ]
..\..\..\devkitSMS-master\/SMSlib/SMSlib.lib
                                          [ SMSlib_load1bppTiles.rel ]
..\..\..\devkitSMS-master\/SMSlib/SMSlib.lib
                                          [ SMSlib_textrenderer.rel ]

ASxxxx Linker V03.00/V05.40 + sdld,  page 40.

User Base Address Definitions

_CODE = 0x0200
_DATA = 0xc000
_BANK3=0x8000
_BANK7=0x8000
_BANK2=0x8000
_BANK6=0x8000
_BANK5=0x8000
_BANK8=0x8000
_BANK4=0x8000


?ASlink-Warning-Undefined Global '_UNSAFE_SMS_VRAMmemcpy256' referenced by module 'animation_utils'
