ASxxxx Linker V03.00/V05.40 + sdld,  page 1.
Hexadecimal  [32-Bits]

Area                                    Addr        Size        Decimal Bytes (Attributes)
--------------------------------        ----        ----        ------- ----- ------------
.  .ABS.                            00000000    00000000 =           0. bytes (ABS,CON)

      Value  Global                              Global Defined In Module
      -----  --------------------------------   ------------------------
     00000000  .__.ABS.                           SMSlib_textrenderer
     00000000  _UNSAFE_SMS_VRAMmemcpy256       
     00000000  l__BSEG                         
     00000000  l__BSS                          
     00000000  l__CABS                         
     00000000  l__DABS                         
     00000000  l__HEADER                       
     00000000  l__HEAP                         
     00000000  l__HOME                         
     00000000  s__CABS                         
     00000000  s__CABS0                        
     00000000  s__CABS1                        
     00000000  s__CABS2                        
     00000000  s__CABS3                        
     00000000  s__CABS4                        
     00000000  s__DABS                         
     00000000  s__HEADER                       
     00000000  s__HEADER0                      
     00000000  s__HEADER1                      
     00000000  s__HEADER2                      
     00000000  s__HEADER3                      
     00000000  s__HEADER4                      
     00000001  l__GSFINAL                      
     00000003  l__CABS1                        
     00000008  l__HEADER0                      
     00000009  l__HEADER1                      
     0000000F  l__GSINIT                       
     00000010  l__CABS0                        
     00000010  l__CABS2                        
     00000010  l__CABS4                        
     0000001E  l__INITIALIZED                  
     0000001E  l__INITIALIZER                  
     0000001F  l__HEADER2                      
     0000002B  l__CABS3                        
     0000002B  l__HEADER3                      
     00000104  l__HEADER4                      
     00000200  s__CODE                         
     00000704  l__BANK5                        
     000014D1  l__BANK2                        
     0000177E  l__BANK7                        
     00001CDC  l__BANK3                        
     00001DEE  l__DATA                         
     00001E54  l__BANK6                        
     00001EB4  l__BANK4                        
     0000276F  l__BANK8                        
     0000765C  l__CODE                         
     0000785C  s__HOME                         
     0000785C  s__INITIALIZER                  
     0000787A  s__GSINIT                       
     00007889  s__GSFINAL                      
ASxxxx Linker V03.00/V05.40 + sdld,  page 2.
Hexadecimal  [32-Bits]

Area                                    Addr        Size        Decimal Bytes (Attributes)
--------------------------------        ----        ----        ------- ----- ------------
.  .ABS.                            00000000    00000000 =           0. bytes (ABS,CON)

      Value  Global                              Global Defined In Module
      -----  --------------------------------   ------------------------
     00008000  _SMS_SRAM                          SMSlib_textrenderer
     00008000  s__BANK2                        
     00008000  s__BANK3                        
     00008000  s__BANK4                        
     00008000  s__BANK5                        
     00008000  s__BANK6                        
     00008000  s__BANK7                        
     00008000  s__BANK8                        
     0000C000  s__DATA                         
     0000DDEE  s__INITIALIZED                  
     0000DE0C  s__BSEG                         
     0000DE0C  s__BSS                          
     0000DE0C  s__HEAP                         
     0000FFFC  _SRAM_bank_to_be_mapped_on_slot2   SMSlib_textrenderer
     0000FFFD  _ROM_bank_to_be_mapped_on_slot0    SMSlib_textrenderer
     0000FFFE  _ROM_bank_to_be_mapped_on_slot1    SMSlib_textrenderer
     0000FFFF  _ROM_bank_to_be_mapped_on_slot2    SMSlib_textrenderer

ASxxxx Linker V03.00/V05.40 + sdld,  page 3.
Hexadecimal  [32-Bits]

Area                                    Addr        Size        Decimal Bytes (Attributes)
--------------------------------        ----        ----        ------- ----- ------------
_CODE                               00000200    0000765C =       30300. bytes (REL,CON)

      Value  Global                              Global Defined In Module
      -----  --------------------------------   ------------------------
     00000200  _PSGStop                           PSGlib
     00000233  _PSGResume                         PSGlib
     00000354  _PSGPlay                           PSGlib
     0000037F  _PSGPlayLoops                      PSGlib
     00000396  _PSGCancelLoop                     PSGlib
     000003A1  _PSGPlayNoRepeat                   PSGlib
     000003AF  _PSGGetStatus                      PSGlib
     000003B3  _PSGSilenceChannels                PSGlib
     000003C4  _PSGRestoreVolumes                 PSGlib
     000004C1  _PSGSetMusicVolumeAttenuation      PSGlib
     000005A7  _PSGSFXStop                        PSGlib
     0000070C  _PSGSFXPlay                        PSGlib
     00000770  _PSGSFXCancelLoop                  PSGlib
     00000776  _PSGSFXGetStatus                   PSGlib
     0000077A  _PSGSFXPlayLoop                    PSGlib
     00000795  _PSGFrame                          PSGlib
     000008FD  _PSGSFXFrame                       PSGlib
     00000995  _bullet_template                   bullet_template
     000009A2  _colortweaker_template             colortweaker_template
     000009AF  _commandrunner_rightscroll_templ   commandrunner_rightscroll_te
     000009BC  _deliveryrobot_template            deliveryrobot_template
     000009C9  _enemy_bullet_template             enemy_bullet_template
     000009D6  _explosion_template                explosion_template
     000009E3  _gun_girl_template                 gun_girl_template
     000009F0  _impact_template                   impact_template
     000009FD  _kunai_template                    kunai_template
     00000A0A  _robotrunner_template              robotrunner_template
     00000A17  _robotspring_template              robotspring_template
     00000A24  _rock_particle_template            rock_particle_template
     00000A31  _shotgun_item_template             shotgun_item_template
     00000A3E  _shotgun_template                  shotgun_template
     00000A4B  _test_block_template               test_block_template
     00000A58  _threeshotflyer_template           threeshotflyer_template
     00000A65  _walker_big_template               walker_big_template
     00000A72  _walker_small_template             walker_small_template
     00000A7F  _walker_template                   walker_template
     00000A8C  _wheeler_template                  wheeler_template
     00000A99  _scene003_createInfoBootstrapper   scene003
     00000AA3  _scene003_createInfo3              scene003
     00000AAD  _scene003_createInfo6              scene003
     00000AB7  _scene003_createInfo7              scene003
     00000AC1  _scene003_createInfo8              scene003
     00000ACB  _scene003_createInfo9              scene003
     00000AD5  _setTilesetPropertiesParams        scene003
     00000ADA  _scene003_commands                 scene003
     00000B58  _scene003                          scene003
     00000B5A  _globalPaletteValues               globalPalette
     00000B6A  _globalPalette                     globalPalette
     00000B6D  _AICommandUtils_updateAICommands   ai_commands
     00000C6F  _PSGUpdate                         main
ASxxxx Linker V03.00/V05.40 + sdld,  page 4.
Hexadecimal  [32-Bits]

Area                                    Addr        Size        Decimal Bytes (Attributes)
--------------------------------        ----        ----        ------- ----- ------------
_CODE                               00000200    0000765C =       30300. bytes (REL,CON)

      Value  Global                              Global Defined In Module
      -----  --------------------------------   ------------------------
     00000C75  _main                              main
     00000D46  _MotionUtils_updateMotion          motion_sequence
     00000DB5  _breakable_rock_tileset_TilesetF   tileset_functions
     00000E09  _WeaponManager_InitGame            weapon_manager
     00000E25  _WeaponManager_InitLevel           weapon_manager
     00000E26  _WeaponManager_SwitchWeapon        weapon_manager
     00000E4B  _WeaponManager_FireDefault         weapon_manager
     00000EA8  _WeaponManager_FireDefaultVertic   weapon_manager
     00000F05  _WeaponManager_FireShotgun         weapon_manager
     00000FEE  _WeaponManager_FireShotgunVertic   weapon_manager
     000010BF  _sceneMasterTemp_createInfoBoots   sceneMasterTemp
     000010C9  _sceneMasterTemp_createInfo3       sceneMasterTemp
     000010D3  _sceneMasterTemp_createInfo6       sceneMasterTemp
     000010DD  _sceneMasterTemp_createInfo7       sceneMasterTemp
     000010E7  _sceneMasterTemp_createInfo8       sceneMasterTemp
     000010F1  _sceneMasterTemp_createInfo9       sceneMasterTemp
     000010FB  _sceneMasterTemp_createInfo10      sceneMasterTemp
     00001105  _sceneMasterTemp_createInfo11      sceneMasterTemp
     0000110F  _sceneMasterTemp_createInfo12      sceneMasterTemp
     00001119  _sceneMasterTemp_createInfo13      sceneMasterTemp
     00001123  _sceneMasterTemp_createInfo14      sceneMasterTemp
     0000112D  _sceneMasterTemp_createInfo15      sceneMasterTemp
     00001137  _sceneMasterTemp_createInfo16      sceneMasterTemp
     00001141  _sceneMasterTemp_createInfo17      sceneMasterTemp
     0000114B  _sceneMasterTemp_createInfo18      sceneMasterTemp
     00001155  _sceneMasterTemp_createInfo19      sceneMasterTemp
     0000115F  _sceneMasterTemp_createInfo20      sceneMasterTemp
     00001169  _sceneMasterTemp_createInfo21      sceneMasterTemp
     00001173  _sceneMasterTemp_createInfo22      sceneMasterTemp
     0000117D  _setTilesetPropertiesParams2       sceneMasterTemp
     00001182  _sceneMasterTemp_commands          sceneMasterTemp
     0000125A  _sceneMasterTemp                   sceneMasterTemp
     0000125C  _explosion_psg                     bank2
     00001277  _throw_psg                         bank2
     0000128D  _hit_psg                           bank2
     0000129E  _breakable_rock_tilesetResourceI   resource_infos
     000012A1  _field_tilesetResourceInfo         resource_infos
     000012A4  _waterfall_tilesetResourceInfo     resource_infos
     000012A7  _gun_girlResourceInfo              resource_infos
     000012AA  _colorTweakerResourceInfo          resource_infos
     000012AD  _colorTweakerCursorResourceInfo    resource_infos
     000012B0  _explosionResourceInfo             resource_infos
     000012B3  _impactResourceInfo                resource_infos
     000012B6  _kunaiResourceInfo                 resource_infos
     000012B9  _rock_particleResourceInfo         resource_infos
     000012BC  _test_blockResourceInfo            resource_infos
     000012BF  _enemy_bulletResourceInfo          resource_infos
     000012C2  _robotrunnerResourceInfo           resource_infos
     000012C5  _robotspringResourceInfo           resource_infos
     000012C8  _threeshotflyerResourceInfo        resource_infos
     000012CB  _walkerResourceInfo                resource_infos
ASxxxx Linker V03.00/V05.40 + sdld,  page 5.
Hexadecimal  [32-Bits]

Area                                    Addr        Size        Decimal Bytes (Attributes)
--------------------------------        ----        ----        ------- ----- ------------
_CODE                               00000200    0000765C =       30300. bytes (REL,CON)

      Value  Global                              Global Defined In Module
      -----  --------------------------------   ------------------------
     000012CE  _walker_bigResourceInfo            resource_infos
     000012D1  _walker_smallResourceInfo          resource_infos
     000012D4  _wheelerResourceInfo               resource_infos
     000012D7  _bulletResourceInfo                resource_infos
     000012DA  _deliveryrobotResourceInfo         resource_infos
     000012DD  _shotgunResourceInfo               resource_infos
     000012E0  _shotgun_itemResourceInfo          resource_infos
     000012E3  _waterfallResourceInfo             resource_infos
     000012E6  _globalPaletteResourceInfo         resource_infos
     000012E9  _level_001_mapResourceInfo         resource_infos
     000012EC  _field_mapResourceInfo             resource_infos
     000012EF  _waterfall_mapResourceInfo         resource_infos
     000012F2  _BasicEffect_Init                  basic_effect
     000012FA  _BasicEffect_Update                basic_effect
     000013EC  _Bird_Init                         bird
     00001423  _Bird_Update                       bird
     0000145E  _Bird_Draw                         bird
     0000145F  _Bullet_Init                       bullet
     000014DA  _Bullet_UpdateLeft                 bullet
     00001581  _Bullet_UpdateRight                bullet
     00001633  _Bullet_UpdateUp                   bullet
     000016DA  _Bullet_UpdateDown                 bullet
     0000178D  _Bullet_HandleCollision            bullet
     00001822  _ColorTweaker_Init                 color_tweaker
     00001957  _ColorTweaker_Update               color_tweaker
     00001DEF  _ColorTweaker_Draw                 color_tweaker
     00001DF2  _CommandRunner_RightScroll_Init    commandrunner_rightscroll
     00001E83  _CommandRunner_RightScroll_Updat   commandrunner_rightscroll
     00001F02  _DeliveryRobot_Init                deliveryrobot
     00001FD6  _deliveryRobotMotionSequenceNode   deliveryrobot
     00002003  _deliveryRobotMotionSequence       deliveryrobot
     00002008  _DeliveryRobot_Update              deliveryrobot
     00002137  _DeliveryRobot_HandleCollision     deliveryrobot
     000022EA  _Enemy_Init                        enemy
     000022FB  _Enemy_Update                      enemy
     000023BD  _Enemy_HandleCollision             enemy
     00002458  _Kunai_Init                        kunai
     00002475  _EraseTiles                        kunai
     00002518  _Kunai_Update                      kunai
     000026C3  _Kunai_HandleCollision             kunai
     00002758  _OnResourceLoaded                  on_resource_loaded_callback
     0000276B  _ParticleEffect_Init               particle_effect
     00002799  _ParticleEffect_Update             particle_effect
     000028CC  _setPlayerAnimation                player
     00002A43  _playerStateFunctions              player
     00002A4F  _setPlayerState                    player
     00002ACB  _Player_Init                       player
     00002B6C  _Player_BuildMetaSprite            player
     00002C8C  _Player_FireWeapon                 player
     00002DB0  _Player_UpdateX                    player
     00002FBE  _Player_UpdateStand                player
ASxxxx Linker V03.00/V05.40 + sdld,  page 6.
Hexadecimal  [32-Bits]

Area                                    Addr        Size        Decimal Bytes (Attributes)
--------------------------------        ----        ----        ------- ----- ------------
_CODE                               00000200    0000765C =       30300. bytes (REL,CON)

      Value  Global                              Global Defined In Module
      -----  --------------------------------   ------------------------
     000030E8  _Player_UpdateRun                  player
     000031C7  _Player_UpdateFall                 player
     00003372  _Player_UpdateJump                 player
     000034B5  _Player_UpdateDuck                 player
     00003594  _Player_Update                     player
     00003654  _Player_Draw                       player
     000036B2  _RightScroller_Init                right_scroller
     0000376A  _RightScroll_Update                right_scroller
     00003844  _RightScroll_Update_Strip          right_scroller
     00003938  _RightScroll_UpdateVDP             right_scroller
     00003961  _RightScroll_UpdateVDP_Strip       right_scroller
     00003992  _Shotgun_Init                      shotgun
     000039AF  _Shotgun_Update                    shotgun
     00003AAB  _Shotgun_HandleCollision           shotgun
     00003B40  _ShotgunItem_Init                  shotgun_item
     00003B81  _ShotgunItem_Update                shotgun_item
     00003C74  _ShotgunItem_Sit                   shotgun_item
     00003C75  _ShotgunItem_Fall                  shotgun_item
     00003D49  _ShotgunItem_HandleCollision       shotgun_item
     00003D51  _ThreeShotFlyer_Init               threeshotflyer
     00003D99  _threeShotFlyerAICommandItems      threeshotflyer
     00003DED  _threeShotFlyerAICommandItems_Si   threeshotflyer
     00003DF9  _ThreeShotFlyer_Update             threeshotflyer
     00003F36  _ThreeShotFlyer_HandleCollision    threeshotflyer
     00003FF1  _ThreeShotFlyer_Fire               threeshotflyer
     0000409E  _TileAnimator_Init                 tile_animator
     000040C7  _UpdateTiles                       tile_animator
     00004120  _TileAnimator_Update               tile_animator
     0000413D  _Wheeler_Init                      wheeler
     000041F6  _Wheeler_Update                    wheeler
     0000444F  _Wheeler_Roll                      wheeler
     0000447E  _Wheeler_Fall                      wheeler
     000044F4  _Wheeler_HandleCollision           wheeler
     000045AF  _AnimationUtils_updateBatchedAni   animation_utils
     000045E5  _AnimationUtils_updateMetaSprite   animation_utils
     0000461B  _AnimationUtils_updateBatchedAni   animation_utils
     0000469A  _AnimationUtils_updateStreamedBa   animation_utils
     000046E9  _AnimationUtils_updatePlaneAnima   animation_utils
     0000472B  _AnimationUtils_updateTileAnimat   animation_utils
     0000476B  _AnimationUtils_setBatchedAnimat   animation_utils
     000047B0  _AnimationUtils_setMetaSpriteAni   animation_utils
     000047F5  _Load_BatchedAnimationResource     animation_utils
     0000481D  _Load_MetaSpriteBatchedAnimation   animation_utils
     00004845  _Load_StreamedBatchedAnimationRe   animation_utils
     0000485E  _Load_PlaneAnimationResource       animation_utils
     00004884  _Load_TileAnimationResource        animation_utils
     000048AA  _Setup_BatchedAnimationResource    animation_utils
     000048CD  _Setup_MetaSpriteAnimationResour   animation_utils
     000048F0  _Setup_PlaneAnimationResource      animation_utils
     00004979  _Setup_TileAnimationResource       animation_utils
     000049C4  _UNSAFE_SMS_VRAMmemcpy192b         animation_utils
ASxxxx Linker V03.00/V05.40 + sdld,  page 7.
Hexadecimal  [32-Bits]

Area                                    Addr        Size        Decimal Bytes (Attributes)
--------------------------------        ----        ----        ------- ----- ------------
_CODE                               00000200    0000765C =       30300. bytes (REL,CON)

      Value  Global                              Global Defined In Module
      -----  --------------------------------   ------------------------
     000049D0  _AnimationUtils_UpdateStreamedBa   animation_utils
     00004A95  _CommandRunner_RunAll_Init         commandrunner_runall
     00004B05  _commandrunner_runall_template     commandrunner_runall
     00004B12  _DrawUtils_drawNothing             draw_utils
     00004B13  _DrawUtils_drawMetasprite          draw_utils
     00004B62  _DrawUtils_DrawBatched             draw_utils
     00004BEF  _SMS_addSprite_noreturn_f          draw_utils
     00004C11  _DrawUtils_DrawStreamedBatched     draw_utils
     00004C98  _drawSprite                        draw_utils
     00004CA2  _drawToPlane                       draw_utils
     00004F63  _DrawUtils_DrawPlaneAnimationFra   draw_utils
     00004FED  _JoystickManager_Update            joystick_manager
     00005028  _Load_MapResource                  map_load
     000050B4  _Load_StripMapResource             map_load
     00005131  _Load_TilesetResource              map_load
     00005220  _Load_TilesetResourceSimple        map_load
     0000524F  _Load_AnimatedTilesetResource      map_load
     0000530B  _MapManager_SetTilesetProperties   map_manager
     0000535F  _ObjectManager_Init                object_manager
     00005365  _ObjectManager_Update              object_manager
     00005619  _DrawEffectsAndEnemiesOrder1       object_manager
     0000583A  _DrawEffectsAndEnemiesOrder2       object_manager
     00005A5B  _ObjectManager_doProjectileColli   object_manager
     00005A80  _ObjectManagerUtils_collideAgain   object_manager
     00005B85  _ObjectManagerUtils_collideAgain   object_manager
     00005D11  _ObjectManager_InitCreate          object_manager_create
     00005D44  _ObjectManager_CreateObject        object_manager_create
     00005D8E  _ObjectManager_processEnemyDelet   object_manager_create
     00005E0E  _ObjectManager_processEffectDele   object_manager_create
     00005E8E  _ObjectManager_processProjectile   object_manager_create
     00005F0E  _ObjectManager_processEnemyProje   object_manager_create
     00005F8E  _ObjectManager_processNewObjects   object_manager_create
     0000601E  _FindFreeGameObject                object_manager_create
     0000607C  _ObjectManager_CreateObjectByCre   object_manager_create
     00006124  _ObjectManager_CreateEffect        object_manager_create
     000061E2  _ObjectManager_CreatePlayerProje   object_manager_create
     000062A0  _ObjectManager_CreateEnemyProjec   object_manager_create
     0000635B  _ObjectManager_DestroyObject       object_manager_create
     000063A4  _ObjectManager_InitSlots           object_manager_slots
     000063B9  _ObjectManager_QueueVDPDraw        object_manager_vdp
     000063E0  _ObjectManager_VDPDraw             object_manager_vdp
     0000642D  _ObjectUtils_gameObjectDoNothing   object_utils
     0000642E  _ObjectUtils_doNothing             object_utils
     0000642F  _ObjectUtils_twoGameObjectsDoNot   object_utils
     00006430  _printResourceTypeName             resource_manager
     00006543  _ResourceManager_Init              resource_manager
     000065CF  _ResourceManager_LoadResource      resource_manager
     00006605  _ResourceManager_SetupResource     resource_manager
     00006632  _ResourceManager_SetOnResourceLo   resource_manager
     00006636  _SceneManager_Init                 scene_manager
     0000665E  _ScrollUtils_buildColumn           scroll_utils
ASxxxx Linker V03.00/V05.40 + sdld,  page 8.
Hexadecimal  [32-Bits]

Area                                    Addr        Size        Decimal Bytes (Attributes)
--------------------------------        ----        ----        ------- ----- ------------
_CODE                               00000200    0000765C =       30300. bytes (REL,CON)

      Value  Global                              Global Defined In Module
      -----  --------------------------------   ------------------------
     00006C06  _ScrollUtils_InitTilemap           scroll_utils
     00006C71  _ScrollUtils_InitTilemapStrip      scroll_utils
     00006CE5  _TerrainManager_Init               terrain_manager
     00006D15  _TerrainManager_Init_Strip         terrain_manager
     00006D4F  _TerrainManager_UpdateTerrain      terrain_manager
     00006E72  _TerrainManager_UpdateTerrain_St   terrain_manager
     00006EBC  _VDPTileManager_Init               vdptile_manager
     00006EC9  _VDPTileManager_LoadSpriteTiles    vdptile_manager
     00006F2E  _VDPTileManager_ReserveSpriteTil   vdptile_manager
     00006F53  _VDPTileManager_LoadBackgroundTi   vdptile_manager
     00006F96  _SetBackgroundVerticalScroll       background_commands
     00006F99  _SetBackgroundPalette              set_palette_commands
     00006FF9  _SetSpritePalette                  set_palette_commands
     00007055  _SMS_init                          SMSlib
     00007081  _VDPReg_init                       SMSlib
     0000708C  _SMS_VDPturnOnFeature              SMSlib
     000070A1  _SMS_VDPturnOffFeature             SMSlib
     000070B9  _SMS_setBGScrollX                  SMSlib
     000070C3  _SMS_setBGScrollY                  SMSlib
     000070CD  _SMS_setBackdropColor              SMSlib
     000070D7  _SMS_useFirstHalfTilesforSprites   SMSlib
     000070ED  _SMS_setSpriteMode                 SMSlib
     0000713A  _SMS_setBGPaletteColor             SMSlib
     00007147  _SMS_setSpritePaletteColor         SMSlib
     00007154  _SMS_loadBGPalette                 SMSlib
     00007168  _SMS_loadSpritePalette             SMSlib
     0000717C  _SMS_setColor                      SMSlib
     00007180  _SMS_waitForVBlank                 SMSlib
     0000718D  _SMS_getKeysStatus                 SMSlib
     00007192  _SMS_getKeysPressed                SMSlib
     000071A7  _SMS_getKeysHeld                   SMSlib
     000071BA  _SMS_getKeysReleased               SMSlib
     000071D3  _SMS_queryPauseRequested           SMSlib
     000071D7  _SMS_resetPauseRequest             SMSlib
     000071DD  _SMS_setFrameInterruptHandler      SMSlib
     000071E1  _SMS_setLineInterruptHandler       SMSlib
     000071E5  _SMS_setLineCounter                SMSlib
     000071EF  _SMS_getVCount                     SMSlib
     000071F2  _SMS_getHCount                     SMSlib
     000071F5  _SMS_isr                           SMSlib
     00007234  _SMS_nmi_isr                       SMSlib
     0000723D  _SMS_VRAMmemset_f                  SMSlib_VRAMmemset
     00007259  _SMS_VRAMmemsetW                   SMSlib_VRAMmemset
     0000726C  _SMS_initSprites                   SMSlib_sprite
     00007272  _SMS_addSprite_f                   SMSlib_sprite
     0000729D  _SMS_copySpritestoSAT              SMSlib_sprite
     000072D1  _SMS_addThreeAdjoiningSprites_f    SMSlib_threesprites
     0000731F  _SMS_addTwoAdjoiningSprites_f      SMSlib_twosprites
     00007355  _SMS_addMetaSprite_f               SMSlib_metasprite
     000073A8  ___sdcc_call_hl                    
     000073A9  _SMS_debugPrintf                   SMSlib_debug
ASxxxx Linker V03.00/V05.40 + sdld,  page 9.
Hexadecimal  [32-Bits]

Area                                    Addr        Size        Decimal Bytes (Attributes)
--------------------------------        ----        ----        ------- ----- ------------
_CODE                               00000200    0000765C =       30300. bytes (REL,CON)

      Value  Global                              Global Defined In Module
      -----  --------------------------------   ------------------------
     000073B9  _UNSAFE_SMS_copySpritestoSAT       SMSlib_UNSAFE
     00007400  _UNSAFE_SMS_VRAMmemcpy32           SMSlib_UNSAFE
     00007409  _UNSAFE_SMS_VRAMmemcpy64           SMSlib_UNSAFE
     00007412  _UNSAFE_SMS_VRAMmemcpy128          SMSlib_UNSAFE
     0000741B  _SMS_VRAMmemcpy                    SMSlib_VRAMmemcpy
     00007432  ___sdcc_call_iy                    
     00007434  _SMS_autoSetUpTextRenderer         SMSlib_autotext
     00007463  _devkitSMS_font__tiles__1bpp       SMSlib_autotext
     00007763  _SMS_addFourAdjoiningSprites_f     SMSlib_foursprites
     000077CE  _SMS_loadTileMapColumnatAddr       SMSlib_loadTileMapColumn
     000077EE  _SMS_load1bppTiles                 SMSlib_load1bppTiles
     00007850  _SMS_configureTextRenderer         SMSlib_textrenderer
     00007854  _putchar                           SMSlib_textrenderer
ASxxxx Linker V03.00/V05.40 + sdld,  page 10.
Hexadecimal  [32-Bits]

Area                                    Addr        Size        Decimal Bytes (Attributes)
--------------------------------        ----        ----        ------- ----- ------------
_HEADER0                            00000000    00000008 =           8. bytes (ABS,CON)

      Value  Global                              Global Defined In Module
      -----  --------------------------------   ------------------------
ASxxxx Linker V03.00/V05.40 + sdld,  page 11.
Hexadecimal  [32-Bits]

Area                                    Addr        Size        Decimal Bytes (Attributes)
--------------------------------        ----        ----        ------- ----- ------------
_HEADER1                            00000000    00000009 =           9. bytes (ABS,CON)

      Value  Global                              Global Defined In Module
      -----  --------------------------------   ------------------------
     00000008  _SMS_crt0_RST08                    crt0

ASxxxx Linker V03.00/V05.40 + sdld,  page 12.
Hexadecimal  [32-Bits]

Area                                    Addr        Size        Decimal Bytes (Attributes)
--------------------------------        ----        ----        ------- ----- ------------
_HEADER2                            00000000    0000001F =          31. bytes (ABS,CON)

      Value  Global                              Global Defined In Module
      -----  --------------------------------   ------------------------
     00000018  _SMS_crt0_RST18                    crt0
     0000002F  get_bank                           crt0
     00000033  set_bank                           crt0
ASxxxx Linker V03.00/V05.40 + sdld,  page 13.
Hexadecimal  [32-Bits]

Area                                    Addr        Size        Decimal Bytes (Attributes)
--------------------------------        ----        ----        ------- ----- ------------
_HEADER3                            00000000    0000002B =          43. bytes (ABS,CON)

      Value  Global                              Global Defined In Module
      -----  --------------------------------   ------------------------
ASxxxx Linker V03.00/V05.40 + sdld,  page 14.
Hexadecimal  [32-Bits]

Area                                    Addr        Size        Decimal Bytes (Attributes)
--------------------------------        ----        ----        ------- ----- ------------
_HEADER4                            00000000    00000104 =         260. bytes (ABS,CON)

      Value  Global                              Global Defined In Module
      -----  --------------------------------   ------------------------
     00000069  _OUTI128                           crt0
     000000E9  _OUTI64                            crt0
     00000129  _OUTI32                            crt0
     00000169  _outi_block                        crt0

ASxxxx Linker V03.00/V05.40 + sdld,  page 15.
Hexadecimal  [32-Bits]

Area                                    Addr        Size        Decimal Bytes (Attributes)
--------------------------------        ----        ----        ------- ----- ------------
_INITIALIZER                        0000785C    0000001E =          30. bytes (REL,CON)

      Value  Global                              Global Defined In Module
      -----  --------------------------------   ------------------------
ASxxxx Linker V03.00/V05.40 + sdld,  page 16.
Hexadecimal  [32-Bits]

Area                                    Addr        Size        Decimal Bytes (Attributes)
--------------------------------        ----        ----        ------- ----- ------------
_GSINIT                             0000787A    0000000F =          15. bytes (REL,CON)

      Value  Global                              Global Defined In Module
      -----  --------------------------------   ------------------------
     0000787A  gsinit                             crt0

ASxxxx Linker V03.00/V05.40 + sdld,  page 17.
Hexadecimal  [32-Bits]

Area                                    Addr        Size        Decimal Bytes (Attributes)
--------------------------------        ----        ----        ------- ----- ------------
_GSFINAL                            00007889    00000001 =           1. bytes (REL,CON)

      Value  Global                              Global Defined In Module
      -----  --------------------------------   ------------------------
ASxxxx Linker V03.00/V05.40 + sdld,  page 18.
Hexadecimal  [32-Bits]

Area                                    Addr        Size        Decimal Bytes (Attributes)
--------------------------------        ----        ----        ------- ----- ------------
_DATA                               0000C000    00001DEE =        7662. bytes (REL,CON)

      Value  Global                              Global Defined In Module
      -----  --------------------------------   ------------------------
     0000C000  _PSGMusicStatus                    PSGlib
     0000C001  _PSGMusicStart                     PSGlib
     0000C003  _PSGMusicPointer                   PSGlib
     0000C005  _PSGMusicLoopPoint                 PSGlib
     0000C007  _PSGMusicSkipFrames                PSGlib
     0000C008  _PSGLoopFlag                       PSGlib
     0000C009  _PSGLoopCounter                    PSGlib
     0000C00A  _PSGMusicLastLatch                 PSGlib
     0000C00B  _PSGMusicVolumeAttenuation         PSGlib
     0000C00C  _PSGMusicSubstringLen              PSGlib
     0000C00D  _PSGMusicSubstringRetAddr          PSGlib
     0000C00F  _PSGChan0Volume                    PSGlib
     0000C010  _PSGChan1Volume                    PSGlib
     0000C011  _PSGChan2Volume                    PSGlib
     0000C012  _PSGChan3Volume                    PSGlib
     0000C013  _PSGChan0LowTone                   PSGlib
     0000C014  _PSGChan0HighTone                  PSGlib
     0000C015  _PSGChan1LowTone                   PSGlib
     0000C016  _PSGChan1HighTone                  PSGlib
     0000C017  _PSGChan2LowTone                   PSGlib
     0000C018  _PSGChan2HighTone                  PSGlib
     0000C019  _PSGChan3LowTone                   PSGlib
     0000C01A  _PSGChannel0SFX                    PSGlib
     0000C01B  _PSGChannel1SFX                    PSGlib
     0000C01C  _PSGChannel2SFX                    PSGlib
     0000C01D  _PSGChannel3SFX                    PSGlib
     0000C01E  _PSGSFXChan0Volume                 PSGlib
     0000C01F  _PSGSFXChan1Volume                 PSGlib
     0000C020  _PSGSFXChan2Volume                 PSGlib
     0000C021  _PSGSFXChan3Volume                 PSGlib
     0000C022  _PSGSFXStatus                      PSGlib
     0000C023  _PSGSFXStart                       PSGlib
     0000C025  _PSGSFXPointer                     PSGlib
     0000C027  _PSGSFXLoopPoint                   PSGlib
     0000C029  _PSGSFXSkipFrames                  PSGlib
     0000C02A  _PSGSFXLoopFlag                    PSGlib
     0000C02B  _PSGSFXSubstringLen                PSGlib
     0000C02C  _PSGSFXSubstringRetAddr            PSGlib
     0000C02E  _PhysicsVars_X                     physics_manager
     0000C030  _PhysicsVars_Y                     physics_manager
     0000C032  _PhysicsVars_GroundBlockX          physics_manager
     0000C034  _PhysicsVars_GroundBlockY          physics_manager
     0000C036  _WeaponManager_currentWeaponType   weapon_manager
     0000C037  _WeaponManager_FireWeapon          weapon_manager
     0000C039  _WeaponManager_FireWeaponVertica   weapon_manager
     0000C03B  _weaponFunctions                   weapon_manager
     0000C03F  _weaponVerticalFunctions           weapon_manager
     0000C043  _redChannel                        color_tweaker
     0000C053  _greenChannel                      color_tweaker
     0000C063  _blueChannel                       color_tweaker
ASxxxx Linker V03.00/V05.40 + sdld,  page 19.
Hexadecimal  [32-Bits]

Area                                    Addr        Size        Decimal Bytes (Attributes)
--------------------------------        ----        ----        ------- ----- ------------
_DATA                               0000C000    00001DEE =        7662. bytes (REL,CON)

      Value  Global                              Global Defined In Module
      -----  --------------------------------   ------------------------
     0000C073  _palette                           color_tweaker
     0000C083  _playerMetaSprites                 player
     0000C483  _playerMetaSpriteFrameIndexes      player
     0000C4D3  _playerX                           player
     0000C4D5  _playerY                           player
     0000C4D7  _playerSpeedX                      player
     0000C4D8  _playerSpeedY                      player
     0000C4D9  _playerRectLeftV                   player
     0000C4DB  _playerRectRightV                  player
     0000C4DD  _playerRectTopV                    player
     0000C4DF  _playerRectBottomV                 player
     0000C4E1  _playerFlipped                     player
     0000C4E2  _playerState                       player
     0000C4E3  _jumpPressCounter                  player
     0000C4E5  _jumpWhenLanding                   player
     0000C4E6  _canStillJumpFrames                player
     0000C4E7  _pointingUp                        player
     0000C4E8  _pointingDown                      player
     0000C4E9  _isPlayerShooting                  player
     0000C4EA  _player_SubUpdate                  player
     0000C4EC  _columnToUpdate                    right_scroller
     0000C4EE  _terrainColumnToUpdate             right_scroller
     0000C4EF  _CommandManager_commandRunnerObj   command_manager
     0000C527  _CommandManager_currentCommand     command_manager
     0000C529  _CommandRunner_counter             command_manager
     0000C52B  _DrawUtils_spriteCounter           draw_utils
     0000C52C  _DrawUtils_currentSpriteStrips     draw_utils
     0000C52E  _DrawUtils_vdpTileIndex            draw_utils
     0000C52F  _DrawUtils_screenX                 draw_utils
     0000C531  _DrawUtils_screenY                 draw_utils
     0000C533  _x                                 draw_utils
     0000C534  _y                                 draw_utils
     0000C535  _buffer                            draw_utils
     0000C537  _bufferWidth                       draw_utils
     0000C538  _bufferHeight                      draw_utils
     0000C539  _vdpOffset                         draw_utils
     0000C53B  _JoystickManager_buttonState       joystick_manager
     0000C53D  _JoystickManager_buttonsPressed    joystick_manager
     0000C53F  _JoystickManager_buttonsReleased   joystick_manager
     0000C541  _MapManager_numTilesets            map_manager
     0000C542  _MapManager_metatileLuts           map_manager
     0000C552  _MapManager_metatileLutsData       map_manager
     0000D552  _MapManager_metatileLutsDataSize   map_manager
     0000D554  _MapManager_tilesets               map_manager
     0000D5B4  _MapManager_tilesetVdpLocations    map_manager
     0000D5C4  _MapManager_tilesetFunctions       map_manager
     0000D5D4  _MapManager_tilesetGameObjectTem   map_manager
     0000D5E4  _MapManager_mapWidth               map_manager
     0000D5E6  _MapManager_mapHeight              map_manager
     0000D5E8  _MapManager_mapData                map_manager
     0000D5EA  _MapManager_mapResourceInfo        map_manager
ASxxxx Linker V03.00/V05.40 + sdld,  page 20.
Hexadecimal  [32-Bits]

Area                                    Addr        Size        Decimal Bytes (Attributes)
--------------------------------        ----        ----        ------- ----- ------------
_DATA                               0000C000    00001DEE =        7662. bytes (REL,CON)

      Value  Global                              Global Defined In Module
      -----  --------------------------------   ------------------------
     0000D5EC  _MapManager_terrainMapStrips       map_manager
     0000D5EE  _MapManager_terrainMapWidth        map_manager
     0000D5F0  _MapManager_terrainMapHeight       map_manager
     0000D5F2  _objectSlotRunner                  object_manager
     0000D5F4  _ObjectManager_currentEnemyIndex   object_manager
     0000D5F5  _ObjectManager_numNewObjects       object_manager_create
     0000D5F6  _ObjectManager_newObjects          object_manager_create
     0000D616  _ObjectManager_resetActiveEnemie   object_manager_create
     0000D617  _ObjectManager_resetActiveEffect   object_manager_create
     0000D618  _ObjectManager_resetActiveProjec   object_manager_create
     0000D619  _ObjectManager_resetActiveEnemyP   object_manager_create
     0000D61A  _ObjectManager_enemySlots          object_manager_slots
     0000D7DA  _ObjectManager_numActiveEnemies    object_manager_slots
     0000D7DB  _ObjectManager_activeEnemySlots    object_manager_slots
     0000D7EB  _ObjectManager_effectSlots         object_manager_slots
     0000D9AB  _ObjectManager_numActiveEffects    object_manager_slots
     0000D9AC  _ObjectManager_activeEffectSlots   object_manager_slots
     0000D9BC  _ObjectManager_projectileSlots     object_manager_slots
     0000DA64  _ObjectManager_numActiveProjecti   object_manager_slots
     0000DA65  _ObjectManager_activeProjectileS   object_manager_slots
     0000DA6B  _ObjectManager_enemyProjectileSl   object_manager_slots
     0000DB13  _ObjectManager_numActiveEnemyPro   object_manager_slots
     0000DB14  _ObjectManager_activeEnemyProjec   object_manager_slots
     0000DB1A  _ObjectManager_player              object_manager_slots
     0000DB52  _ObjectManager_Item                object_manager_slots
     0000DB8A  _ObjectManager_vdpDrawGameObject   object_manager_vdp
     0000DB92  _ObjectManager_vdpDrawFunctions    object_manager_vdp
     0000DB9A  _ObjectManager_numVdpDrawItems     object_manager_vdp
     0000DB9B  _ResourceManager_loadFunctions     resource_manager
     0000DBAF  _ResourceManager_setupFunctions    resource_manager
     0000DBC3  _ScrollManager_horizontalScrollL   scroll_manager
     0000DBC5  _ScrollManager_columnBuffer        scroll_manager
     0000DBF9  _ScrollManager_currentMapStrip     scroll_manager
     0000DBFB  _ScrollUtils_mapColumnToBuild      scroll_utils
     0000DBFD  _TerrainManager_terrain            terrain_manager
     0000DCFD  _TerrainManager_currentTerrainMa   terrain_manager
     0000DCFF  _VDPTileManager_spriteTileLocati   vdptile_manager
     0000DD01  _VDPTileManager_backgroundTileLo   vdptile_manager
     0000DD03  _colorTweakerVdpLocation           colorTweaker
     0000DD04  _colorTweakerCursorVdpLocation     colorTweakerCursor
     0000DD05  _explosionVdpLocation              explosion
     0000DD06  _impactVdpLocation                 impact
     0000DD07  _kunaiVdpLocation                  kunai
     0000DD08  _rock_particleVdpLocation          rock_particle
     0000DD09  _test_blockVdpLocation             test_block
     0000DD0A  _waterfallVdpLocation              waterfall
     0000DD0B  _breakable_rock_tilesetVdpLocati   breakable_rock_tileset
     0000DD0D  _field_tilesetVdpLocation          field_tileset
     0000DD0F  _waterfall_tilesetVdpLocation      waterfall_tileset
     0000DD11  _bulletVdpLocation                 bullet
     0000DD12  _deliveryrobotVdpLocation          deliveryrobot
ASxxxx Linker V03.00/V05.40 + sdld,  page 21.
Hexadecimal  [32-Bits]

Area                                    Addr        Size        Decimal Bytes (Attributes)
--------------------------------        ----        ----        ------- ----- ------------
_DATA                               0000C000    00001DEE =        7662. bytes (REL,CON)

      Value  Global                              Global Defined In Module
      -----  --------------------------------   ------------------------
     0000DD13  _shotgunVdpLocation                shotgun
     0000DD14  _shotgun_itemVdpLocation           shotgun_item
     0000DD15  _enemy_bulletVdpLocation           enemy_bullet
     0000DD16  _robotrunnerVdpLocation            robotrunner
     0000DD17  _robotspringVdpLocation            robotspring
     0000DD18  _threeshotflyerVdpLocation         threeshotflyer
     0000DD19  _walkerVdpLocation                 walker
     0000DD1A  _walker_bigVdpLocation             walker_big
     0000DD1B  _walker_smallVdpLocation           walker_small
     0000DD1C  _wheelerVdpLocation                wheeler
     0000DD1D  _gun_girlVdpLocation               gun_girl
     0000DD1E  _VDPBlank                          SMSlib
     0000DD1F  _SMS_VDPFlags                      SMSlib
     0000DD20  _PauseRequested                    SMSlib
     0000DD21  _SMS_Port3EBIOSvalue               SMSlib
     0000DD22  _SMS_theFrameInterruptHandler      SMSlib
     0000DD24  _KeysStatus                        SMSlib
     0000DD26  _PreviousKeysStatus                SMSlib
     0000DD28  _SMS_theLineInterruptHandler       SMSlib
     0000DD2A  _SpriteTableY                      SMSlib_sprite
     0000DD6A  _SpriteTableXN                     SMSlib_sprite
     0000DDEA  _SpriteNextFree                    SMSlib_sprite
     0000DDEB  _MetaSpriteBaseTile                SMSlib_metasprite
     0000DDEC  _SMS_TextRenderer_offset           SMSlib_textrenderer

ASxxxx Linker V03.00/V05.40 + sdld,  page 22.
Hexadecimal  [32-Bits]

Area                                    Addr        Size        Decimal Bytes (Attributes)
--------------------------------        ----        ----        ------- ----- ------------
_INITIALIZED                        0000DDEE    0000001E =          30. bytes (REL,CON)

      Value  Global                              Global Defined In Module
      -----  --------------------------------   ------------------------
     0000DDEE  _colortweaker_templateExtraResou   colortweaker_template
     0000DDF2  _updateAnimationStream             player
     0000DDF3  _oldBottomTileTypeLeft             player
     0000DDF5  _oldBottomTileTypeRight            player
     0000DDF7  _oldBlockY                         player
     0000DDF9  _drawOrderToggle                   object_manager
     0000DDFA  _ObjectManager_objectId            object_manager_create
     0000DDFB  _ResourceManager_onResourceLoade   resource_manager
     0000DDFD  _ScrollManager_Update              scroll_manager
     0000DDFF  _ScrollManager_UpdateVDP           scroll_manager
     0000DE01  _ScrollManager_horizontalScroll    scroll_manager
     0000DE03  _ScrollManager_vdpHorizontalScro   scroll_manager
     0000DE04  _ScrollManager_verticalScroll      scroll_manager
     0000DE06  _ScrollManager_updateMapVDP        scroll_manager
     0000DE07  _VDPReg                            SMSlib
     0000DE09  _spritesHeight                     SMSlib
     0000DE0A  _spritesWidth                      SMSlib
     0000DE0B  _spritesTileOffset                 SMSlib
ASxxxx Linker V03.00/V05.40 + sdld,  page 23.
Hexadecimal  [32-Bits]

Area                                    Addr        Size        Decimal Bytes (Attributes)
--------------------------------        ----        ----        ------- ----- ------------
_CABS0                              00000000    00000010 =          16. bytes (ABS,CON)

      Value  Global                              Global Defined In Module
      -----  --------------------------------   ------------------------
     00007FF0  ___SMS__SEGA_signature             main

ASxxxx Linker V03.00/V05.40 + sdld,  page 24.
Hexadecimal  [32-Bits]

Area                                    Addr        Size        Decimal Bytes (Attributes)
--------------------------------        ----        ----        ------- ----- ------------
_CABS1                              00000000    00000003 =           3. bytes (ABS,CON)

      Value  Global                              Global Defined In Module
      -----  --------------------------------   ------------------------
     00007FDD  ___SMS__SDSC_author                main

ASxxxx Linker V03.00/V05.40 + sdld,  page 25.
Hexadecimal  [32-Bits]

Area                                    Addr        Size        Decimal Bytes (Attributes)
--------------------------------        ----        ----        ------- ----- ------------
_CABS2                              00000000    00000010 =          16. bytes (ABS,CON)

      Value  Global                              Global Defined In Module
      -----  --------------------------------   ------------------------
     00007FCD  ___SMS__SDSC_name                  main

ASxxxx Linker V03.00/V05.40 + sdld,  page 26.
Hexadecimal  [32-Bits]

Area                                    Addr        Size        Decimal Bytes (Attributes)
--------------------------------        ----        ----        ------- ----- ------------
_CABS3                              00000000    0000002B =          43. bytes (ABS,CON)

      Value  Global                              Global Defined In Module
      -----  --------------------------------   ------------------------
     00007FA2  ___SMS__SDSC_descr                 main

ASxxxx Linker V03.00/V05.40 + sdld,  page 27.
Hexadecimal  [32-Bits]

Area                                    Addr        Size        Decimal Bytes (Attributes)
--------------------------------        ----        ----        ------- ----- ------------
_CABS4                              00000000    00000010 =          16. bytes (ABS,CON)

      Value  Global                              Global Defined In Module
      -----  --------------------------------   ------------------------
     00007FE0  ___SMS__SDSC_signature             main

ASxxxx Linker V03.00/V05.40 + sdld,  page 28.
Hexadecimal  [32-Bits]

Area                                    Addr        Size        Decimal Bytes (Attributes)
--------------------------------        ----        ----        ------- ----- ------------
_BANK2                              00008000    000014D1 =        5329. bytes (REL,CON)

      Value  Global                              Global Defined In Module
      -----  --------------------------------   ------------------------
     00008000  _colorTweakerTileData              colorTweaker
     00008480  _colorTweakerFrame0MetaSprites     colorTweaker
     0000848A  _colorTweakerFrame1MetaSprites     colorTweaker
     00008494  _colorTweakerFrame2MetaSprites     colorTweaker
     0000849E  _colorTweakerFrame3MetaSprites     colorTweaker
     000084A8  _colorTweakerFrame4MetaSprites     colorTweaker
     000084B2  _colorTweakerFrame5MetaSprites     colorTweaker
     000084BC  _colorTweakerFrame6MetaSprites     colorTweaker
     000084C6  _colorTweakerFrame7MetaSprites     colorTweaker
     000084D0  _colorTweakerFrame8MetaSprites     colorTweaker
     000084DA  _colorTweakerFrame9MetaSprites     colorTweaker
     000084E4  _colorTweakerFrame10MetaSprites    colorTweaker
     000084EE  _colorTweakerFrame11MetaSprites    colorTweaker
     000084F8  _colorTweakerFrame12MetaSprites    colorTweaker
     00008502  _colorTweakerFrame13MetaSprites    colorTweaker
     0000850C  _colorTweakerFrame14MetaSprites    colorTweaker
     00008516  _colorTweakerFrame15MetaSprites    colorTweaker
     00008520  _colorTweakerFrame0                colorTweaker
     00008525  _colorTweakerFrame1                colorTweaker
     0000852A  _colorTweakerFrame2                colorTweaker
     0000852F  _colorTweakerFrame3                colorTweaker
     00008534  _colorTweakerFrame4                colorTweaker
     00008539  _colorTweakerFrame5                colorTweaker
     0000853E  _colorTweakerFrame6                colorTweaker
     00008543  _colorTweakerFrame7                colorTweaker
     00008548  _colorTweakerFrame8                colorTweaker
     0000854D  _colorTweakerFrame9                colorTweaker
     00008552  _colorTweakerFrame10               colorTweaker
     00008557  _colorTweakerFrame11               colorTweaker
     0000855C  _colorTweakerFrame12               colorTweaker
     00008561  _colorTweakerFrame13               colorTweaker
     00008566  _colorTweakerFrame14               colorTweaker
     0000856B  _colorTweakerFrame15               colorTweaker
     00008570  _colorTweakerFrames                colorTweaker
     00008590  _colorTweakerSetup                 colorTweaker
     00008598  _colorTweaker                      colorTweaker
     000085A6  _colorTweakerCursorTileData        colorTweakerCursor
     000086E6  _colorTweakerCursorFrame0MetaSpr   colorTweakerCursor
     000086EA  _colorTweakerCursorFrame1MetaSpr   colorTweakerCursor
     000086EE  _colorTweakerCursorFrame2MetaSpr   colorTweakerCursor
     000086F2  _colorTweakerCursorFrame3MetaSpr   colorTweakerCursor
     000086F6  _colorTweakerCursorFrame4MetaSpr   colorTweakerCursor
     000086FA  _colorTweakerCursorFrame0          colorTweakerCursor
     000086FF  _colorTweakerCursorFrame1          colorTweakerCursor
     00008704  _colorTweakerCursorFrame2          colorTweakerCursor
     00008709  _colorTweakerCursorFrame3          colorTweakerCursor
     0000870E  _colorTweakerCursorFrame4          colorTweakerCursor
     00008713  _colorTweakerCursorFrames          colorTweakerCursor
     0000871D  _colorTweakerCursorSetup           colorTweakerCursor
     00008725  _colorTweakerCursor                colorTweakerCursor
ASxxxx Linker V03.00/V05.40 + sdld,  page 29.
Hexadecimal  [32-Bits]

Area                                    Addr        Size        Decimal Bytes (Attributes)
--------------------------------        ----        ----        ------- ----- ------------
_BANK2                              00008000    000014D1 =        5329. bytes (REL,CON)

      Value  Global                              Global Defined In Module
      -----  --------------------------------   ------------------------
     00008733  _explosionTileData                 explosion
     00008AB3  _explosionFrame0MetaSprites        explosion
     00008ABA  _explosionFrame1MetaSprites        explosion
     00008ACD  _explosionFrame2MetaSprites        explosion
     00008AE0  _explosionFrame3MetaSprites        explosion
     00008AE7  _explosionFrame4MetaSprites        explosion
     00008AFA  _explosionFrame5MetaSprites        explosion
     00008B0D  _explosionFrame6MetaSprites        explosion
     00008B14  _explosionFrame7MetaSprites        explosion
     00008B27  _explosionFrame8MetaSprites        explosion
     00008B3A  _explosionFrame0                   explosion
     00008B3F  _explosionFrame1                   explosion
     00008B44  _explosionFrame2                   explosion
     00008B49  _explosionFrame3                   explosion
     00008B4E  _explosionFrame4                   explosion
     00008B53  _explosionFrame5                   explosion
     00008B58  _explosionFrame6                   explosion
     00008B5D  _explosionFrame7                   explosion
     00008B62  _explosionFrame8                   explosion
     00008B67  _explosionFrames                   explosion
     00008B79  _explosionSetup                    explosion
     00008B81  _explosion                         explosion
     00008B8F  _impactTileData                    impact
     00008D0F  _impactFrame0MetaSprites           impact
     00008D16  _impactFrame1MetaSprites           impact
     00008D1D  _impactFrame2MetaSprites           impact
     00008D24  _impactFrame0                      impact
     00008D29  _impactFrame1                      impact
     00008D2E  _impactFrame2                      impact
     00008D33  _impactFrames                      impact
     00008D39  _impactSetup                       impact
     00008D41  _impact                            impact
     00008D4F  _kunaiTileData                     kunai
     00008FCF  _kunaiFrame0MetaSprites            kunai
     00008FD6  _kunaiFrame1MetaSprites            kunai
     00008FDD  _kunaiFrame2MetaSprites            kunai
     00008FE1  _kunaiFrame3MetaSprites            kunai
     00008FE5  _kunaiFrame4MetaSprites            kunai
     00008FE9  _kunaiFrame5MetaSprites            kunai
     00008FED  _kunaiFrame6MetaSprites            kunai
     00008FF1  _kunaiFrame7MetaSprites            kunai
     00008FF5  _kunaiFrame0                       kunai
     00008FFA  _kunaiFrame1                       kunai
     00008FFF  _kunaiFrame2                       kunai
     00009004  _kunaiFrame3                       kunai
     00009009  _kunaiFrame4                       kunai
     0000900E  _kunaiFrame5                       kunai
     00009013  _kunaiFrame6                       kunai
     00009018  _kunaiFrame7                       kunai
     0000901D  _kunaiFrames                       kunai
     0000902D  _kunaiSetup                        kunai
ASxxxx Linker V03.00/V05.40 + sdld,  page 30.
Hexadecimal  [32-Bits]

Area                                    Addr        Size        Decimal Bytes (Attributes)
--------------------------------        ----        ----        ------- ----- ------------
_BANK2                              00008000    000014D1 =        5329. bytes (REL,CON)

      Value  Global                              Global Defined In Module
      -----  --------------------------------   ------------------------
     00009035  _kunai                             kunai
     00009043  _rock_particleTileData             rock_particle
     00009143  _rock_particleFrame0MetaSprites    rock_particle
     00009147  _rock_particleFrame1MetaSprites    rock_particle
     0000914B  _rock_particleFrame2MetaSprites    rock_particle
     0000914F  _rock_particleFrame3MetaSprites    rock_particle
     00009153  _rock_particleFrame0               rock_particle
     00009158  _rock_particleFrame1               rock_particle
     0000915D  _rock_particleFrame2               rock_particle
     00009162  _rock_particleFrame3               rock_particle
     00009167  _rock_particleFrames               rock_particle
     0000916F  _rock_particleSetup                rock_particle
     00009177  _rock_particle                     rock_particle
     00009185  _test_blockTileData                test_block
     00009285  _test_blockFrame0MetaSprites       test_block
     00009292  _test_blockFrame0                  test_block
     00009297  _test_blockFrames                  test_block
     00009299  _test_blockSetup                   test_block
     000092A1  _test_block                        test_block
     000092AF  _waterfallTileData                 waterfall
     000094AF  _waterfallFrame0                   waterfall
     000094B3  _waterfallFrame1                   waterfall
     000094B7  _waterfallFrame2                   waterfall
     000094BB  _waterfallFrame3                   waterfall
     000094BF  _waterfallFrames                   waterfall
     000094C7  _waterfall                         waterfall

ASxxxx Linker V03.00/V05.40 + sdld,  page 31.
Hexadecimal  [32-Bits]

Area                                    Addr        Size        Decimal Bytes (Attributes)
--------------------------------        ----        ----        ------- ----- ------------
_BANK3                              00008000    00001CDC =        7388. bytes (REL,CON)

      Value  Global                              Global Defined In Module
      -----  --------------------------------   ------------------------
     00008000  _breakable_rock_tileset_metatile   breakable_rock_tileset
     00008008  _breakable_rock_tileset_tiles      breakable_rock_tileset
     00008088  _breakable_rock_tileset            breakable_rock_tileset
     00008094  _field_tileset_metatiles           field_tileset
     00008454  _field_tileset_tiles               field_tileset
     00009C34  _field_tileset                     field_tileset
     00009C40  _waterfall_tileset_metatiles       waterfall_tileset
     00009C50  _waterfall_tileset_tiles           waterfall_tileset
     00009CD0  _waterfall_tileset                 waterfall_tileset
ASxxxx Linker V03.00/V05.40 + sdld,  page 32.
Hexadecimal  [32-Bits]

Area                                    Addr        Size        Decimal Bytes (Attributes)
--------------------------------        ----        ----        ------- ----- ------------
_BANK4                              00008000    00001EB4 =        7860. bytes (REL,CON)

      Value  Global                              Global Defined In Module
      -----  --------------------------------   ------------------------
     00008000  _field_strip_map                   field
     00009B20  _field_terrain_map                 field
     00009E84  _field_map                         field
     00009E93  _waterfall_strip_map               waterfall
     00009EA3  _waterfall_terrain_map             waterfall
     00009EA5  _waterfall_map                     waterfall
ASxxxx Linker V03.00/V05.40 + sdld,  page 33.
Hexadecimal  [32-Bits]

Area                                    Addr        Size        Decimal Bytes (Attributes)
--------------------------------        ----        ----        ------- ----- ------------
_BANK5                              00008000    00000704 =        1796. bytes (REL,CON)

      Value  Global                              Global Defined In Module
      -----  --------------------------------   ------------------------
     00008000  _bulletTileData                    bullet
     00008040  _bulletFrame0MetaSprites           bullet
     00008044  _bulletFrame0                      bullet
     00008049  _bulletFrames                      bullet
     0000804B  _bulletSetup                       bullet
     00008053  _bullet                            bullet
     00008061  _deliveryrobotTileData             deliveryrobot
     000084E1  _deliveryrobotFrame0MetaSprites    deliveryrobot
     000084F1  _deliveryrobotFrame1MetaSprites    deliveryrobot
     00008501  _deliveryrobotFrame2MetaSprites    deliveryrobot
     00008511  _deliveryrobotFrame3MetaSprites    deliveryrobot
     00008521  _deliveryrobotFrame4MetaSprites    deliveryrobot
     00008525  _deliveryrobotFrame5MetaSprites    deliveryrobot
     00008529  _deliveryrobotFrame0               deliveryrobot
     0000852E  _deliveryrobotFrame1               deliveryrobot
     00008533  _deliveryrobotFrame2               deliveryrobot
     00008538  _deliveryrobotFrame3               deliveryrobot
     0000853D  _deliveryrobotFrame4               deliveryrobot
     00008542  _deliveryrobotFrame5               deliveryrobot
     00008547  _deliveryrobotFrames               deliveryrobot
     00008553  _deliveryrobotSetup                deliveryrobot
     0000855B  _deliveryrobot                     deliveryrobot
     00008569  _shotgunTileData                   shotgun
     00008669  _shotgunFrame0MetaSprites          shotgun
     0000866D  _shotgunFrame1MetaSprites          shotgun
     00008671  _shotgunFrame2MetaSprites          shotgun
     00008678  _shotgunFrame0                     shotgun
     0000867D  _shotgunFrame1                     shotgun
     00008682  _shotgunFrame2                     shotgun
     00008687  _shotgunFrames                     shotgun
     0000868D  _shotgunSetup                      shotgun
     00008695  _shotgun                           shotgun
     000086A3  _shotgun_itemTileData              shotgun_item
     000086E3  _shotgun_itemFrame0MetaSprites     shotgun_item
     000086E7  _shotgun_itemFrame0                shotgun_item
     000086EC  _shotgun_itemFrames                shotgun_item
     000086EE  _shotgun_itemSetup                 shotgun_item
     000086F6  _shotgun_item                      shotgun_item

ASxxxx Linker V03.00/V05.40 + sdld,  page 34.
Hexadecimal  [32-Bits]

Area                                    Addr        Size        Decimal Bytes (Attributes)
--------------------------------        ----        ----        ------- ----- ------------
_BANK6                              00008000    00001E54 =        7764. bytes (REL,CON)

      Value  Global                              Global Defined In Module
      -----  --------------------------------   ------------------------
     00008000  _enemy_bulletTileData              enemy_bullet
     00008080  _enemy_bulletFrame0MetaSprites     enemy_bullet
     00008084  _enemy_bulletFrame1MetaSprites     enemy_bullet
     00008088  _enemy_bulletFrame0                enemy_bullet
     0000808D  _enemy_bulletFrame1                enemy_bullet
     00008092  _enemy_bulletFrames                enemy_bullet
     00008096  _enemy_bulletSetup                 enemy_bullet
     0000809E  _enemy_bullet                      enemy_bullet
     000080AC  _robotrunnerTileData               robotrunner
     000084AC  _robotrunnerFrame0MetaSprites      robotrunner
     000084BC  _robotrunnerFrame1MetaSprites      robotrunner
     000084CC  _robotrunnerFrame2MetaSprites      robotrunner
     000084DC  _robotrunnerFrame3MetaSprites      robotrunner
     000084EC  _robotrunnerFrame0                 robotrunner
     000084F1  _robotrunnerFrame1                 robotrunner
     000084F6  _robotrunnerFrame2                 robotrunner
     000084FB  _robotrunnerFrame3                 robotrunner
     00008500  _robotrunnerFrames                 robotrunner
     00008508  _robotrunnerSetup                  robotrunner
     00008510  _robotrunner                       robotrunner
     0000851E  _robotspringTileData               robotspring
     0000871E  _robotspringFrame0MetaSprites      robotspring
     0000872B  _robotspringFrame1MetaSprites      robotspring
     00008738  _robotspringFrame2MetaSprites      robotspring
     00008745  _robotspringFrame0                 robotspring
     0000874A  _robotspringFrame1                 robotspring
     0000874F  _robotspringFrame2                 robotspring
     00008754  _robotspringFrames                 robotspring
     0000875A  _robotspringSetup                  robotspring
     00008762  _robotspring                       robotspring
     00008770  _threeshotflyerTileData            threeshotflyer
     000089B0  _threeshotflyerFrame0MetaSprites   threeshotflyer
     000089C3  _threeshotflyerFrame1MetaSprites   threeshotflyer
     000089D6  _threeshotflyerFrame0              threeshotflyer
     000089DB  _threeshotflyerFrame1              threeshotflyer
     000089E0  _threeshotflyerFrames              threeshotflyer
     000089E4  _threeshotflyerSetup               threeshotflyer
     000089EC  _threeshotflyer                    threeshotflyer
     000089FA  _walkerTileData                    walker
     00008AFA  _walkerFrame0MetaSprites           walker
     00008B01  _walkerFrame1MetaSprites           walker
     00008B08  _walkerFrame0                      walker
     00008B0D  _walkerFrame1                      walker
     00008B12  _walkerFrames                      walker
     00008B16  _walkerSetup                       walker
     00008B1E  _walker                            walker
     00008B2C  _walker_bigTileData                walker_big
     0000932C  _walker_bigFrame0MetaSprites       walker_big
     00009345  _walker_bigFrame1MetaSprites       walker_big
     0000935E  _walker_bigFrame2MetaSprites       walker_big
ASxxxx Linker V03.00/V05.40 + sdld,  page 35.
Hexadecimal  [32-Bits]

Area                                    Addr        Size        Decimal Bytes (Attributes)
--------------------------------        ----        ----        ------- ----- ------------
_BANK6                              00008000    00001E54 =        7764. bytes (REL,CON)

      Value  Global                              Global Defined In Module
      -----  --------------------------------   ------------------------
     00009377  _walker_bigFrame3MetaSprites       walker_big
     00009390  _walker_bigFrame4MetaSprites       walker_big
     000093A9  _walker_bigFrame5MetaSprites       walker_big
     000093C2  _walker_bigFrame6MetaSprites       walker_big
     000093DB  _walker_bigFrame7MetaSprites       walker_big
     000093F4  _walker_bigFrame0                  walker_big
     000093F9  _walker_bigFrame1                  walker_big
     000093FE  _walker_bigFrame2                  walker_big
     00009403  _walker_bigFrame3                  walker_big
     00009408  _walker_bigFrame4                  walker_big
     0000940D  _walker_bigFrame5                  walker_big
     00009412  _walker_bigFrame6                  walker_big
     00009417  _walker_bigFrame7                  walker_big
     0000941C  _walker_bigFrames                  walker_big
     0000942C  _walker_bigSetup                   walker_big
     00009434  _walker_big                        walker_big
     00009442  _walker_smallTileData              walker_small
     000094C2  _walker_smallFrame0MetaSprites     walker_small
     000094C6  _walker_smallFrame1MetaSprites     walker_small
     000094CA  _walker_smallFrame0                walker_small
     000094CF  _walker_smallFrame1                walker_small
     000094D4  _walker_smallFrames                walker_small
     000094D8  _walker_smallSetup                 walker_small
     000094E0  _walker_small                      walker_small
     000094EE  _wheelerTileData                   wheeler
     00009D6E  _wheelerFrame0MetaSprites          wheeler
     00009D7E  _wheelerFrame1MetaSprites          wheeler
     00009D8E  _wheelerFrame2MetaSprites          wheeler
     00009D9E  _wheelerFrame3MetaSprites          wheeler
     00009DAE  _wheelerFrame4MetaSprites          wheeler
     00009DC1  _wheelerFrame5MetaSprites          wheeler
     00009DCE  _wheelerFrame6MetaSprites          wheeler
     00009DDB  _wheelerFrame7MetaSprites          wheeler
     00009DE2  _wheelerFrame8MetaSprites          wheeler
     00009DE6  _wheelerFrame9MetaSprites          wheeler
     00009DEA  _wheelerFrame10MetaSprites         wheeler
     00009DF1  _wheelerFrame0                     wheeler
     00009DF6  _wheelerFrame1                     wheeler
     00009DFB  _wheelerFrame2                     wheeler
     00009E00  _wheelerFrame3                     wheeler
     00009E05  _wheelerFrame4                     wheeler
     00009E0A  _wheelerFrame5                     wheeler
     00009E0F  _wheelerFrame6                     wheeler
     00009E14  _wheelerFrame7                     wheeler
     00009E19  _wheelerFrame8                     wheeler
     00009E1E  _wheelerFrame9                     wheeler
     00009E23  _wheelerFrame10                    wheeler
     00009E28  _wheelerFrames                     wheeler
     00009E3E  _wheelerSetup                      wheeler
     00009E46  _wheeler                           wheeler

ASxxxx Linker V03.00/V05.40 + sdld,  page 36.
Hexadecimal  [32-Bits]

Area                                    Addr        Size        Decimal Bytes (Attributes)
--------------------------------        ----        ----        ------- ----- ------------
_BANK7                              00008000    0000177E =        6014. bytes (REL,CON)

      Value  Global                              Global Defined In Module
      -----  --------------------------------   ------------------------
     00008000  _gun_girlTileData                  gun_girl
     00009400  _gun_girlFrame0SpriteStrips        gun_girl
     0000940C  _gun_girlFrame1SpriteStrips        gun_girl
     00009418  _gun_girlFrame2SpriteStrips        gun_girl
     00009424  _gun_girlFrame3SpriteStrips        gun_girl
     00009430  _gun_girlFrame4SpriteStrips        gun_girl
     0000943C  _gun_girlFrame5SpriteStrips        gun_girl
     00009448  _gun_girlFrame6SpriteStrips        gun_girl
     00009454  _gun_girlFrame7SpriteStrips        gun_girl
     00009460  _gun_girlFrame8SpriteStrips        gun_girl
     0000946C  _gun_girlFrame9SpriteStrips        gun_girl
     00009478  _gun_girlFrame10SpriteStrips       gun_girl
     00009484  _gun_girlFrame11SpriteStrips       gun_girl
     00009490  _gun_girlFrame12SpriteStrips       gun_girl
     0000949C  _gun_girlFrame13SpriteStrips       gun_girl
     000094AC  _gun_girlFrame14SpriteStrips       gun_girl
     000094B8  _gun_girlFrame15SpriteStrips       gun_girl
     000094C8  _gun_girlFrame16SpriteStrips       gun_girl
     000094D4  _gun_girlFrame17SpriteStrips       gun_girl
     000094E0  _gun_girlFrame18SpriteStrips       gun_girl
     000094EC  _gun_girlFrame19SpriteStrips       gun_girl
     000094F8  _gun_girlFrame20SpriteStrips       gun_girl
     00009504  _gun_girlFrame21SpriteStrips       gun_girl
     00009510  _gun_girlFrame22SpriteStrips       gun_girl
     00009520  _gun_girlFrame23SpriteStrips       gun_girl
     00009530  _gun_girlFrame24SpriteStrips       gun_girl
     00009540  _gun_girlFrame25SpriteStrips       gun_girl
     00009550  _gun_girlFrame26SpriteStrips       gun_girl
     00009560  _gun_girlFrame27SpriteStrips       gun_girl
     00009570  _gun_girlFrame28SpriteStrips       gun_girl
     00009580  _gun_girlFrame29SpriteStrips       gun_girl
     00009590  _gun_girlFrame30SpriteStrips       gun_girl
     000095A0  _gun_girlFrame31SpriteStrips       gun_girl
     000095B0  _gun_girlFrame32SpriteStrips       gun_girl
     000095C0  _gun_girlFrame33SpriteStrips       gun_girl
     000095D0  _gun_girlFrame34SpriteStrips       gun_girl
     000095E0  _gun_girlFrame35SpriteStrips       gun_girl
     000095F0  _gun_girlFrame36SpriteStrips       gun_girl
     00009600  _gun_girlFrame37SpriteStrips       gun_girl
     00009610  _gun_girlFrame38SpriteStrips       gun_girl
     0000961C  _gun_girlFrame39SpriteStrips       gun_girl
     00009628  _gun_girlFrame0                    gun_girl
     0000962E  _gun_girlFrame1                    gun_girl
     00009634  _gun_girlFrame2                    gun_girl
     0000963A  _gun_girlFrame3                    gun_girl
     00009640  _gun_girlFrame4                    gun_girl
     00009646  _gun_girlFrame5                    gun_girl
     0000964C  _gun_girlFrame6                    gun_girl
     00009652  _gun_girlFrame7                    gun_girl
     00009658  _gun_girlFrame8                    gun_girl
ASxxxx Linker V03.00/V05.40 + sdld,  page 37.
Hexadecimal  [32-Bits]

Area                                    Addr        Size        Decimal Bytes (Attributes)
--------------------------------        ----        ----        ------- ----- ------------
_BANK7                              00008000    0000177E =        6014. bytes (REL,CON)

      Value  Global                              Global Defined In Module
      -----  --------------------------------   ------------------------
     0000965E  _gun_girlFrame9                    gun_girl
     00009664  _gun_girlFrame10                   gun_girl
     0000966A  _gun_girlFrame11                   gun_girl
     00009670  _gun_girlFrame12                   gun_girl
     00009676  _gun_girlFrame13                   gun_girl
     0000967C  _gun_girlFrame14                   gun_girl
     00009682  _gun_girlFrame15                   gun_girl
     00009688  _gun_girlFrame16                   gun_girl
     0000968E  _gun_girlFrame17                   gun_girl
     00009694  _gun_girlFrame18                   gun_girl
     0000969A  _gun_girlFrame19                   gun_girl
     000096A0  _gun_girlFrame20                   gun_girl
     000096A6  _gun_girlFrame21                   gun_girl
     000096AC  _gun_girlFrame22                   gun_girl
     000096B2  _gun_girlFrame23                   gun_girl
     000096B8  _gun_girlFrame24                   gun_girl
     000096BE  _gun_girlFrame25                   gun_girl
     000096C4  _gun_girlFrame26                   gun_girl
     000096CA  _gun_girlFrame27                   gun_girl
     000096D0  _gun_girlFrame28                   gun_girl
     000096D6  _gun_girlFrame29                   gun_girl
     000096DC  _gun_girlFrame30                   gun_girl
     000096E2  _gun_girlFrame31                   gun_girl
     000096E8  _gun_girlFrame32                   gun_girl
     000096EE  _gun_girlFrame33                   gun_girl
     000096F4  _gun_girlFrame34                   gun_girl
     000096FA  _gun_girlFrame35                   gun_girl
     00009700  _gun_girlFrame36                   gun_girl
     00009706  _gun_girlFrame37                   gun_girl
     0000970C  _gun_girlFrame38                   gun_girl
     00009712  _gun_girlFrame39                   gun_girl
     00009718  _gun_girlFrames                    gun_girl
     00009768  _gun_girlSetup                     gun_girl
     00009770  _gun_girl                          gun_girl
ASxxxx Linker V03.00/V05.40 + sdld,  page 38.
Hexadecimal  [32-Bits]

Area                                    Addr        Size        Decimal Bytes (Attributes)
--------------------------------        ----        ----        ------- ----- ------------
_BANK8                              00008000    0000276F =       10095. bytes (REL,CON)

      Value  Global                              Global Defined In Module
      -----  --------------------------------   ------------------------
     00008000  _level_001_strip_map               level_001
     0000A300  _level_001_terrain_map             level_001
     0000A760  _level_001_map                     level_001
ASxxxx Linker V03.00/V05.40 + sdld,  page 39.

Files Linked                              [ module(s) ]

..\..\..\devkitSMS-master\/crt0/crt0_sms.rel
                                          [ crt0 ]
..\..\..\devkitSMS-master\/PSGlib//PSGlib.rel
                                          [ PSGlib ]
out\source\client\generated\gameobjecttemplates\bullet_template.rel
                                          [ bullet_template ]
out\source\client\generated\gameobjecttemplates\colortweaker_template.rel
                                          [ colortweaker_template ]
out\source\client\generated\gameobjecttemplates\commandrunner_rightscroll_template.rel
                                          [ commandrunner_rightscroll_templa ]
out\source\client\generated\gameobjecttemplates\deliveryrobot_template.rel
                                          [ deliveryrobot_template ]
out\source\client\generated\gameobjecttemplates\enemy_bullet_template.rel
                                          [ enemy_bullet_template ]
out\source\client\generated\gameobjecttemplates\explosion_template.rel
                                          [ explosion_template ]
out\source\client\generated\gameobjecttemplates\gun_girl_template.rel
                                          [ gun_girl_template ]
out\source\client\generated\gameobjecttemplates\impact_template.rel
                                          [ impact_template ]
out\source\client\generated\gameobjecttemplates\kunai_template.rel
                                          [ kunai_template ]
out\source\client\generated\gameobjecttemplates\robotrunner_template.rel
                                          [ robotrunner_template ]
out\source\client\generated\gameobjecttemplates\robotspring_template.rel
                                          [ robotspring_template ]
out\source\client\generated\gameobjecttemplates\rock_particle_template.rel
                                          [ rock_particle_template ]
out\source\client\generated\gameobjecttemplates\shotgun_item_template.rel
                                          [ shotgun_item_template ]
out\source\client\generated\gameobjecttemplates\shotgun_template.rel
                                          [ shotgun_template ]
out\source\client\generated\gameobjecttemplates\test_block_template.rel
                                          [ test_block_template ]
out\source\client\generated\gameobjecttemplates\threeshotflyer_template.rel
                                          [ threeshotflyer_template ]
out\source\client\generated\gameobjecttemplates\walker_big_template.rel
                                          [ walker_big_template ]
out\source\client\generated\gameobjecttemplates\walker_small_template.rel
                                          [ walker_small_template ]
out\source\client\generated\gameobjecttemplates\walker_template.rel
                                          [ walker_template ]
out\source\client\generated\gameobjecttemplates\wheeler_template.rel
                                          [ wheeler_template ]
out\source\client\exported\scenes\scene003.rel
                                          [ scene003 ]
out\source\client\exported\palettes\globalPalette.rel
                                          [ globalPalette ]
out\source\client\ai_commands.rel         [ ai_commands ]
out\source\client\main.rel                [ main ]
out\source\client\motion_sequence.rel     [ motion_sequence ]
out\source\client\tileset_functions.rel   [ tileset_functions ]
out\source\client\managers\physics_manager.rel
                                          [ physics_manager ]
out\source\client\managers\weapon_manager.rel
                                          [ weapon_manager ]
out\source\client\exported\sceneMasterTemp.rel
                                          [ sceneMasterTemp ]
out\source\client\generated\bank2.rel     [ bank2 ]
out\source\client\generated\resource_infos.rel
                                          [ resource_infos ]
out\source\client\objects\basic_effect.rel
                                          [ basic_effect ]
out\source\client\objects\bird.rel        [ bird ]
out\source\client\objects\bullet.rel      [ bullet ]
out\source\client\objects\color_tweaker.rel
                                          [ color_tweaker ]
out\source\client\objects\commandrunner_rightscroll.rel
                                          [ commandrunner_rightscroll ]
out\source\client\objects\deliveryrobot.rel
                                          [ deliveryrobot ]
out\source\client\objects\enemy.rel       [ enemy ]
out\source\client\objects\kunai.rel       [ kunai ]
out\source\client\objects\on_resource_loaded_callback.rel
                                          [ on_resource_loaded_callback ]
out\source\client\objects\particle_effect.rel
                                          [ particle_effect ]
out\source\client\objects\player.rel      [ player ]
out\source\client\objects\right_scroller.rel
                                          [ right_scroller ]
out\source\client\objects\shotgun.rel     [ shotgun ]
out\source\client\objects\shotgun_item.rel
                                          [ shotgun_item ]
out\source\client\objects\threeshotflyer.rel
                                          [ threeshotflyer ]
out\source\client\objects\tile_animator.rel
                                          [ tile_animator ]
out\source\client\objects\wheeler.rel     [ wheeler ]
out\source\engine\animation_utils.rel     [ animation_utils ]
out\source\engine\commandrunner_runall.rel
                                          [ commandrunner_runall ]
out\source\engine\command_manager.rel     [ command_manager ]
out\source\engine\command_types.rel       [ command_types ]
out\source\engine\draw_utils.rel          [ draw_utils ]
out\source\engine\joystick_manager.rel    [ joystick_manager ]
out\source\engine\map_load.rel            [ map_load ]
out\source\engine\map_manager.rel         [ map_manager ]
out\source\engine\map_types.rel           [ map_types ]
out\source\engine\object_manager.rel      [ object_manager ]
out\source\engine\object_manager_create.rel
                                          [ object_manager_create ]
out\source\engine\object_manager_slots.rel
                                          [ object_manager_slots ]
out\source\engine\object_manager_vdp.rel  [ object_manager_vdp ]
out\source\engine\object_utils.rel        [ object_utils ]
out\source\engine\resource_manager.rel    [ resource_manager ]
out\source\engine\scene_manager.rel       [ scene_manager ]
out\source\engine\scroll_manager.rel      [ scroll_manager ]
out\source\engine\scroll_utils.rel        [ scroll_utils ]
out\source\engine\terrain_manager.rel     [ terrain_manager ]
out\source\engine\vdptile_manager.rel     [ vdptile_manager ]
out\source\engine\commands\background_commands.rel
                                          [ background_commands ]
out\source\engine\commands\set_palette_commands.rel
                                          [ set_palette_commands ]
out\source\client\exported\animations\standard\colorTweaker.rel
                                          [ colorTweaker ]
out\source\client\exported\animations\standard\colorTweakerCursor.rel
                                          [ colorTweakerCursor ]
out\source\client\exported\animations\standard\explosion.rel
                                          [ explosion ]
out\source\client\exported\animations\standard\impact.rel
                                          [ impact ]
out\source\client\exported\animations\standard\kunai.rel
                                          [ kunai ]
out\source\client\exported\animations\standard\rock_particle.rel
                                          [ rock_particle ]
out\source\client\exported\animations\standard\test_block.rel
                                          [ test_block ]
out\source\client\exported\animations\animatedtilesets\waterfall.rel
                                          [ waterfall ]
out\source\client\generated\tilesets\breakable_rock_tileset.rel
                                          [ breakable_rock_tileset ]
out\source\client\generated\tilesets\field_tileset.rel
                                          [ field_tileset ]
out\source\client\generated\tilesets\waterfall_tileset.rel
                                          [ waterfall_tileset ]
out\source\client\exported\maps\bank4\field.rel
                                          [ field ]
out\source\client\exported\maps\bank4\waterfall.rel
                                          [ waterfall ]
out\source\client\exported\animations\weapons\bullet.rel
                                          [ bullet ]
out\source\client\exported\animations\weapons\deliveryrobot.rel
                                          [ deliveryrobot ]
out\source\client\exported\animations\weapons\shotgun.rel
                                          [ shotgun ]
out\source\client\exported\animations\weapons\shotgun_item.rel
                                          [ shotgun_item ]
out\source\client\exported\animations\enemies\enemy_bullet.rel
                                          [ enemy_bullet ]
out\source\client\exported\animations\enemies\robotrunner.rel
                                          [ robotrunner ]
out\source\client\exported\animations\enemies\robotspring.rel
                                          [ robotspring ]
out\source\client\exported\animations\enemies\threeshotflyer.rel
                                          [ threeshotflyer ]
out\source\client\exported\animations\enemies\walker.rel
                                          [ walker ]
out\source\client\exported\animations\enemies\walker_big.rel
                                          [ walker_big ]
out\source\client\exported\animations\enemies\walker_small.rel
                                          [ walker_small ]
out\source\client\exported\animations\enemies\wheeler.rel
                                          [ wheeler ]
out\source\client\exported\animations\streamed\gun_girl.rel
                                          [ gun_girl ]
out\source\client\exported\maps\bank8\level_001.rel
                                          [ level_001 ]


Libraries Linked                          [ object file ]

..\..\..\devkitSMS-master\/SMSlib/SMSlib.lib
                                          [ SMSlib.rel ]
..\..\..\devkitSMS-master\/SMSlib/SMSlib.lib
                                          [ SMSlib_VRAMmemset.rel ]
..\..\..\devkitSMS-master\/SMSlib/SMSlib.lib
                                          [ SMSlib_sprite.rel ]
..\..\..\devkitSMS-master\/SMSlib/SMSlib.lib
                                          [ SMSlib_threesprites_NO_ZOOM.rel ]
..\..\..\devkitSMS-master\/SMSlib/SMSlib.lib
                                          [ SMSlib_twosprites_NO_ZOOM.rel ]
..\..\..\devkitSMS-master\/SMSlib/SMSlib.lib
                                          [ SMSlib_metasprite_DELTA_TILES.re ]
C:\Program Files\SDCC\bin\..\lib\z80/z80.lib
                                          [ __sdcc_call_hl.rel ]
..\..\..\devkitSMS-master\/SMSlib/SMSlib.lib
                                          [ SMSlib_debug.rel ]
..\..\..\devkitSMS-master\/SMSlib/SMSlib.lib
                                          [ SMSlib_UNSAFE.rel ]
..\..\..\devkitSMS-master\/SMSlib/SMSlib.lib
                                          [ SMSlib_VRAMmemcpy.rel ]
C:\Program Files\SDCC\bin\..\lib\z80/z80.lib
                                          [ __sdcc_call_iy.rel ]
..\..\..\devkitSMS-master\/SMSlib/SMSlib.lib
                                          [ SMSlib_autotext.rel ]
..\..\..\devkitSMS-master\/SMSlib/SMSlib.lib
                                          [ SMSlib_foursprites_NO_ZOOM.rel ]
..\..\..\devkitSMS-master\/SMSlib/SMSlib.lib
                                          [ SMSlib_loadTileMapColumn.rel ]
..\..\..\devkitSMS-master\/SMSlib/SMSlib.lib
                                          [ SMSlib_load1bppTiles.rel ]
..\..\..\devkitSMS-master\/SMSlib/SMSlib.lib
                                          [ SMSlib_textrenderer.rel ]

ASxxxx Linker V03.00/V05.40 + sdld,  page 40.

User Base Address Definitions

_CODE = 0x0200
_DATA = 0xc000
_BANK3=0x8000
_BANK7=0x8000
_BANK2=0x8000
_BANK6=0x8000
_BANK5=0x8000
_BANK8=0x8000
_BANK4=0x8000


?ASlink-Warning-Undefined Global '_UNSAFE_SMS_VRAMmemcpy256' referenced by module 'animation_utils'
