ASxxxx Linker V03.00/V05.40 + sdld,  page 1.
Hexadecimal  [32-Bits]

Area                                    Addr        Size        Decimal Bytes (Attributes)
--------------------------------        ----        ----        ------- ----- ------------
.  .ABS.                            00000000    00000000 =           0. bytes (ABS,CON)

      Value  Global                              Global Defined In Module
      -----  --------------------------------   ------------------------
     00000000  .__.ABS.                           SMSlib_textrenderer
     00000000  l__BSEG                         
     00000000  l__BSS                          
     00000000  l__CABS                         
     00000000  l__DABS                         
     00000000  l__HEADER                       
     00000000  l__HEAP                         
     00000000  l__HOME                         
     00000000  s__CABS                         
     00000000  s__CABS0                        
     00000000  s__CABS1                        
     00000000  s__CABS2                        
     00000000  s__CABS3                        
     00000000  s__CABS4                        
     00000000  s__DABS                         
     00000000  s__HEADER                       
     00000000  s__HEADER0                      
     00000000  s__HEADER1                      
     00000000  s__HEADER2                      
     00000000  s__HEADER3                      
     00000000  s__HEADER4                      
     00000001  l__GSFINAL                      
     00000003  l__CABS1                        
     00000008  l__HEADER0                      
     00000009  l__HEADER1                      
     0000000F  l__GSINIT                       
     00000010  l__CABS0                        
     00000010  l__CABS2                        
     00000010  l__CABS4                        
     0000001F  l__HEADER2                      
     0000002A  l__INITIALIZED                  
     0000002A  l__INITIALIZER                  
     0000002B  l__CABS3                        
     0000002B  l__HEADER3                      
     00000104  l__HEADER4                      
     00000200  s__CODE                         
     000008E2  l__BANK4                        
     0000163F  l__DATA                         
     000021CC  l__BANK3                        
     00002C38  l__BANK2                        
     00004FFF  l__CODE                         
     000051FF  s__HOME                         
     000051FF  s__INITIALIZER                  
     00005229  s__GSINIT                       
     00005238  s__GSFINAL                      
     00008000  _SMS_SRAM                          SMSlib_textrenderer
     00008000  s__BANK2                        
     00008000  s__BANK3                        
     00008000  s__BANK4                        
     0000C000  s__DATA                         
ASxxxx Linker V03.00/V05.40 + sdld,  page 2.
Hexadecimal  [32-Bits]

Area                                    Addr        Size        Decimal Bytes (Attributes)
--------------------------------        ----        ----        ------- ----- ------------
.  .ABS.                            00000000    00000000 =           0. bytes (ABS,CON)

      Value  Global                              Global Defined In Module
      -----  --------------------------------   ------------------------
     0000D63F  s__INITIALIZED                  
     0000D669  s__BSEG                         
     0000D669  s__BSS                          
     0000D669  s__HEAP                         
     0000FFFC  _SRAM_bank_to_be_mapped_on_slot2   SMSlib_textrenderer
     0000FFFD  _ROM_bank_to_be_mapped_on_slot0    SMSlib_textrenderer
     0000FFFE  _ROM_bank_to_be_mapped_on_slot1    SMSlib_textrenderer
     0000FFFF  _ROM_bank_to_be_mapped_on_slot2    SMSlib_textrenderer

ASxxxx Linker V03.00/V05.40 + sdld,  page 3.
Hexadecimal  [32-Bits]

Area                                    Addr        Size        Decimal Bytes (Attributes)
--------------------------------        ----        ----        ------- ----- ------------
_CODE                               00000200    00004FFF =       20479. bytes (REL,CON)

      Value  Global                              Global Defined In Module
      -----  --------------------------------   ------------------------
     00000200  _PSGStop                           PSGlib
     00000227  _PSGResume                         PSGlib
     00000273  _PSGPlay                           PSGlib
     0000029E  _PSGPlayLoops                      PSGlib
     000002B5  _PSGCancelLoop                     PSGlib
     000002C0  _PSGPlayNoRepeat                   PSGlib
     000002CE  _PSGGetStatus                      PSGlib
     000002D2  _PSGSilenceChannels                PSGlib
     000002E3  _PSGRestoreVolumes                 PSGlib
     000003BC  _PSGSetMusicVolumeAttenuation      PSGlib
     00000496  _PSGSFXStop                        PSGlib
     00000559  _PSGSFXPlay                        PSGlib
     000005A9  _PSGSFXCancelLoop                  PSGlib
     000005AF  _PSGSFXGetStatus                   PSGlib
     000005B3  _PSGSFXPlayLoop                    PSGlib
     000005CE  _PSGFrame                          PSGlib
     000006F2  _PSGSFXFrame                       PSGlib
     00000778  _bullet_template                   bullet_template
     00000783  _commandrunner_rightscroll_templ   commandrunner_rightscroll_te
     0000078E  _explosion_template                explosion_template
     00000799  _gun_girl_template                 gun_girl_template
     000007A4  _impact_template                   impact_template
     000007AF  _kunai_template                    kunai_template
     000007BA  _robotrunner_template              robotrunner_template
     000007C5  _robotspring_template              robotspring_template
     000007D0  _rock_particle_template            rock_particle_template
     000007DB  _walker_big_template               walker_big_template
     000007E6  _walker_small_template             walker_small_template
     000007F1  _walker_template                   walker_template
     000007FC  _scene003_createInfoBootstrapper   scene003
     00000804  _scene003_createInfo2              scene003
     0000080C  _scene003_createInfo5              scene003
     00000812  _scene003_createInfo6              scene003
     00000818  _scene003_createInfo7              scene003
     0000081E  _scene003_createInfo8              scene003
     00000824  _scene003_createInfo9              scene003
     0000082A  _scene003_createInfo10             scene003
     00000830  _scene003_createInfo11             scene003
     00000836  _scene003_createInfo12             scene003
     00000841  _scene003_commands                 scene003
     000008CB  _scene003                          scene003
     000008CD  _globalPaletteValues               globalPalette
     000008DD  _globalPalette                     globalPalette
     000008E0  _PSGUpdate                         main
     000008E6  _main                              main
     0000099C  _breakable_rock_tileset_TilesetF   tileset_functions
     00000A6F  _sceneMasterTemp_createInfoBoots   sceneMasterTemp
     00000A77  _sceneMasterTemp_createInfo2       sceneMasterTemp
     00000A7F  _sceneMasterTemp_createInfo5       sceneMasterTemp
     00000A85  _sceneMasterTemp_createInfo6       sceneMasterTemp
ASxxxx Linker V03.00/V05.40 + sdld,  page 4.
Hexadecimal  [32-Bits]

Area                                    Addr        Size        Decimal Bytes (Attributes)
--------------------------------        ----        ----        ------- ----- ------------
_CODE                               00000200    00004FFF =       20479. bytes (REL,CON)

      Value  Global                              Global Defined In Module
      -----  --------------------------------   ------------------------
     00000A8B  _sceneMasterTemp_createInfo7       sceneMasterTemp
     00000A91  _sceneMasterTemp_createInfo8       sceneMasterTemp
     00000A97  _sceneMasterTemp_createInfo9       sceneMasterTemp
     00000A9D  _sceneMasterTemp_createInfo10      sceneMasterTemp
     00000AA3  _sceneMasterTemp_createInfo11      sceneMasterTemp
     00000AA9  _sceneMasterTemp_createInfo12      sceneMasterTemp
     00000AAF  _setTilesetPropertiesParams        sceneMasterTemp
     00000AB4  _sceneMasterTemp_commands          sceneMasterTemp
     00000B3E  _sceneMasterTemp                   sceneMasterTemp
     00000B40  _explosion_psg                     bank2
     00000B5B  _throw_psg                         bank2
     00000B71  _hit_psg                           bank2
     00000B82  _background3_tilesetResourceInfo   resource_infos
     00000B85  _breakable_rock_tilesetResourceI   resource_infos
     00000B88  _waterfall_tilesetResourceInfo     resource_infos
     00000B8B  _bulletResourceInfo                resource_infos
     00000B8E  _explosionResourceInfo             resource_infos
     00000B91  _gun_girlResourceInfo              resource_infos
     00000B94  _impactResourceInfo                resource_infos
     00000B97  _kunaiResourceInfo                 resource_infos
     00000B9A  _robotrunnerResourceInfo           resource_infos
     00000B9D  _robotspringResourceInfo           resource_infos
     00000BA0  _rock_particleResourceInfo         resource_infos
     00000BA3  _walkerResourceInfo                resource_infos
     00000BA6  _walker_bigResourceInfo            resource_infos
     00000BA9  _walker_smallResourceInfo          resource_infos
     00000BAC  _waterfallResourceInfo             resource_infos
     00000BAF  _globalPaletteResourceInfo         resource_infos
     00000BB2  _background3_mapResourceInfo       resource_infos
     00000BB5  _background3_test_mapResourceInf   resource_infos
     00000BB8  _waterfall_mapResourceInfo         resource_infos
     00000BBB  _BasicEffect_Init                  basic_effect
     00000BDD  _BasicEffect_Update                basic_effect
     00000C8B  _BasicEffect_Draw                  basic_effect
     00000CE2  _Bird_Init                         bird
     00000D19  _Bird_Update                       bird
     00000D54  _Bird_Draw                         bird
     00000D56  _Bullet_Init                       bullet
     00000E22  _Bullet_Update                     bullet
     000011B4  _Bullet_Draw                       bullet
     0000120B  _Bullet_HandleCollision            bullet
     000012CC  _CommandRunner_RightScroll_Init    commandrunner_rightscroll
     00001366  _CommandRunner_RightScroll_Updat   commandrunner_rightscroll
     000013E4  _Enemy_Init                        enemy
     000013FE  _Enemy_Update                      enemy
     000014AA  _Enemy_Draw                        enemy
     000014F3  _Enemy_HandleCollision             enemy
     00001581  _Kunai_Init                        kunai
     000015A7  _EraseTiles                        kunai
     0000164D  _Kunai_Update                      kunai
     000019DF  _Kunai_Draw                        kunai
ASxxxx Linker V03.00/V05.40 + sdld,  page 5.
Hexadecimal  [32-Bits]

Area                                    Addr        Size        Decimal Bytes (Attributes)
--------------------------------        ----        ----        ------- ----- ------------
_CODE                               00000200    00004FFF =       20479. bytes (REL,CON)

      Value  Global                              Global Defined In Module
      -----  --------------------------------   ------------------------
     00001A36  _Kunai_HandleCollision             kunai
     00001AF7  _OnResourceLoaded                  on_resource_loaded_callback
     00001B0A  _ParticleEffect_Init               particle_effect
     00001B41  _ParticleEffect_Update             particle_effect
     00001C3C  _ParticleEffect_Draw               particle_effect
     00001CC4  _setPlayerAnimation                player
     00001D62  _playerStateFunctions              player
     00001D6E  _setPlayerState                    player
     00001DE6  _Player_Init                       player
     00001E38  _Player_FireWeapon                 player
     00001EDC  _Player_UpdateX                    player
     00002100  _Player_UpdateStand                player
     000021C3  _Player_UpdateRun                  player
     000022A3  _Player_UpdateFall                 player
     00002455  _Player_UpdateJump                 player
     00002597  _Player_UpdateDuck                 player
     00002649  _Player_Update                     player
     000026F0  _Player_Draw                       player
     00002747  _RightScroller_Init                right_scroller
     00002792  _RightScroll_Update                right_scroller
     000028A4  _RightScroll_UpdateVDP             right_scroller
     000028D2  _TileAnimator_Init                 tile_animator
     000028FB  _UpdateTiles                       tile_animator
     00002953  _TileAnimator_Update               tile_animator
     00002970  _AnimationUtils_updateBatchedAni   animation_utils
     000029BD  _AnimationUtils_updateBatchedAni   animation_utils
     00002A37  _AnimationUtils_updateStreamedBa   animation_utils
     00002A84  _AnimationUtils_updatePlaneAnima   animation_utils
     00002AC5  _AnimationUtils_updateTileAnimat   animation_utils
     00002B04  _AnimationUtils_setBatchedAnimat   animation_utils
     00002B47  _Load_BatchedAnimationResource     animation_utils
     00002B6F  _Load_StreamedBatchedAnimationRe   animation_utils
     00002B88  _Load_PlaneAnimationResource       animation_utils
     00002BAE  _Load_TileAnimationResource        animation_utils
     00002BD4  _Setup_BatchedAnimationResource    animation_utils
     00002C57  _Setup_PlaneAnimationResource      animation_utils
     00002CDD  _Setup_TileAnimationResource       animation_utils
     00002D28  _AnimationUtils_UpdateStreamedBa   animation_utils
     00002E53  _CommandRunner_RunAll_Init         commandrunner_runall
     00002EC7  _commandrunner_runall_template     commandrunner_runall
     00002ED2  _DrawUtils_addSprite               draw_utils
     00002EF4  _DrawUtils_addTwoAdjoiningSprite   draw_utils
     00002F2A  _DrawUtils_addThreeAdjoiningSpri   draw_utils
     00002F7B  _DrawUtils_addFourAdjoiningSprit   draw_utils
     00002FE2  _DrawUtils_DrawBatched             draw_utils
     00003065  _DrawUtils_DrawStreamedBatched     draw_utils
     000030F8  _drawToPlane                       draw_utils
     000033B9  _DrawUtils_DrawPlaneAnimationFra   draw_utils
     00003443  _Load_MapResource                  map_load
     000034D9  _Load_TilesetResource              map_load
     000035C8  _Load_AnimatedTilesetResource      map_load
ASxxxx Linker V03.00/V05.40 + sdld,  page 6.
Hexadecimal  [32-Bits]

Area                                    Addr        Size        Decimal Bytes (Attributes)
--------------------------------        ----        ----        ------- ----- ------------
_CODE                               00000200    00004FFF =       20479. bytes (REL,CON)

      Value  Global                              Global Defined In Module
      -----  --------------------------------   ------------------------
     0000367F  _MapManager_SetTilesetProperties   map_manager
     000036D3  _ObjectManager_Init                object_manager
     00003751  _ObjectManager_Update              object_manager
     000039AE  _ObjectManager_CreateObject        object_manager
     00003A16  _ApplyGameObjectTemplate           object_manager
     00003A8F  _ObjectManager_CreateObjectByTem   object_manager
     00003B4F  _FindFreeGameObject                object_manager
     00003BC9  _ObjectManager_CreateObjectByCre   object_manager
     00003C7D  _ObjectManager_DestroyObject       object_manager
     00003C94  _ObjectManagerUtils_doProjectCol   object_manager
     00003E2F  _ObjectManager_QueueVDPDraw        object_manager
     00003E5F  _ObjectManager_VDPDraw             object_manager
     00003EAE  _ObjectUtils_gameObjectDoNothing   object_utils
     00003EAF  _ObjectUtils_doNothing             object_utils
     00003EB0  _ObjectUtils_twoGameObjectsDoNot   object_utils
     00003EB1  _ObjectUtils_drawNothing           object_utils
     00003EB3  _printResourceTypeName             resource_manager
     00003F90  _ResourceManager_Init              resource_manager
     00003FF3  _ResourceManager_LoadResource      resource_manager
     0000412A  _ResourceManager_SetupResource     resource_manager
     00004230  _ResourceManager_SetOnResourceLo   resource_manager
     00004234  _SceneManager_Init                 scene_manager
     0000425C  _ScrollUtils_buildColumn           scroll_utils
     0000489D  _ScrollUtils_InitTilemap           scroll_utils
     00004907  _TerrainManager_Init               terrain_manager
     00004933  _TerrainManager_UpdateTerrain      terrain_manager
     00004982  _VDPTileManager_Init               vdptile_manager
     0000498D  _VDPTileManager_LoadSpriteTiles    vdptile_manager
     000049EF  _VDPTileManager_ReserveSpriteTil   vdptile_manager
     00004A13  _VDPTileManager_LoadBackgroundTi   vdptile_manager
     00004A5E  _SetBackgroundPalette              set_palette_commands
     00004ABE  _SetSpritePalette                  set_palette_commands
     00004B1A  _SMS_VRAMmemset_f                  SMSlib_VRAMmemset
     00004B36  _SMS_VRAMmemsetW                   SMSlib_VRAMmemset
     00004B49  _SMS_init                          SMSlib
     00004B75  _VDPReg_init                       SMSlib
     00004B80  _SMS_VDPturnOnFeature              SMSlib
     00004B95  _SMS_VDPturnOffFeature             SMSlib
     00004BAD  _SMS_setBGScrollX                  SMSlib
     00004BB7  _SMS_setBGScrollY                  SMSlib
     00004BC1  _SMS_setBackdropColor              SMSlib
     00004BCB  _SMS_useFirstHalfTilesforSprites   SMSlib
     00004BE1  _SMS_setSpriteMode                 SMSlib
     00004C2E  _SMS_setBGPaletteColor             SMSlib
     00004C3B  _SMS_setSpritePaletteColor         SMSlib
     00004C48  _SMS_loadBGPalette                 SMSlib
     00004C5C  _SMS_loadSpritePalette             SMSlib
     00004C70  _SMS_setColor                      SMSlib
     00004C74  _SMS_waitForVBlank                 SMSlib
     00004C81  _SMS_getKeysStatus                 SMSlib
     00004C86  _SMS_getKeysPressed                SMSlib
ASxxxx Linker V03.00/V05.40 + sdld,  page 7.
Hexadecimal  [32-Bits]

Area                                    Addr        Size        Decimal Bytes (Attributes)
--------------------------------        ----        ----        ------- ----- ------------
_CODE                               00000200    00004FFF =       20479. bytes (REL,CON)

      Value  Global                              Global Defined In Module
      -----  --------------------------------   ------------------------
     00004C9B  _SMS_getKeysHeld                   SMSlib
     00004CAE  _SMS_getKeysReleased               SMSlib
     00004CC7  _SMS_queryPauseRequested           SMSlib
     00004CCB  _SMS_resetPauseRequest             SMSlib
     00004CD1  _SMS_setFrameInterruptHandler      SMSlib
     00004CD5  _SMS_setLineInterruptHandler       SMSlib
     00004CD9  _SMS_setLineCounter                SMSlib
     00004CE3  _SMS_getVCount                     SMSlib
     00004CE6  _SMS_getHCount                     SMSlib
     00004CE9  _SMS_isr                           SMSlib
     00004D31  _SMS_nmi_isr                       SMSlib
     00004D3A  _SMS_initSprites                   SMSlib_sprite
     00004D40  _SMS_addSprite_f                   SMSlib_sprite
     00004D6B  _SMS_copySpritestoSAT              SMSlib_sprite
     00004D9F  __mulint                           
     00004DA1  __mul16                            
     00004DB6  ___sdcc_call_hl                    
     00004DB7  _SMS_debugPrintf                   SMSlib_debug
     00004DC7  _UNSAFE_SMS_copySpritestoSAT       SMSlib_UNSAFE
     00004E0E  _UNSAFE_SMS_VRAMmemcpy32           SMSlib_UNSAFE
     00004E17  _UNSAFE_SMS_VRAMmemcpy64           SMSlib_UNSAFE
     00004E20  _UNSAFE_SMS_VRAMmemcpy128          SMSlib_UNSAFE
     00004E29  _SMS_VRAMmemcpy                    SMSlib_VRAMmemcpy
     00004E40  ___sdcc_call_iy                    
     00004E42  _SMS_autoSetUpTextRenderer         SMSlib_autotext
     00004E71  _devkitSMS_font__tiles__1bpp       SMSlib_autotext
     00005171  _SMS_loadTileMapColumnatAddr       SMSlib_loadTileMapColumn
     00005191  _SMS_load1bppTiles                 SMSlib_load1bppTiles
     000051F3  _SMS_configureTextRenderer         SMSlib_textrenderer
     000051F7  _putchar                           SMSlib_textrenderer

ASxxxx Linker V03.00/V05.40 + sdld,  page 8.
Hexadecimal  [32-Bits]

Area                                    Addr        Size        Decimal Bytes (Attributes)
--------------------------------        ----        ----        ------- ----- ------------
_HEADER0                            00000000    00000008 =           8. bytes (ABS,CON)

      Value  Global                              Global Defined In Module
      -----  --------------------------------   ------------------------
ASxxxx Linker V03.00/V05.40 + sdld,  page 9.
Hexadecimal  [32-Bits]

Area                                    Addr        Size        Decimal Bytes (Attributes)
--------------------------------        ----        ----        ------- ----- ------------
_HEADER1                            00000000    00000009 =           9. bytes (ABS,CON)

      Value  Global                              Global Defined In Module
      -----  --------------------------------   ------------------------
     00000008  _SMS_crt0_RST08                    crt0

ASxxxx Linker V03.00/V05.40 + sdld,  page 10.
Hexadecimal  [32-Bits]

Area                                    Addr        Size        Decimal Bytes (Attributes)
--------------------------------        ----        ----        ------- ----- ------------
_HEADER2                            00000000    0000001F =          31. bytes (ABS,CON)

      Value  Global                              Global Defined In Module
      -----  --------------------------------   ------------------------
     00000018  _SMS_crt0_RST18                    crt0
     0000002F  get_bank                           crt0
     00000033  set_bank                           crt0
ASxxxx Linker V03.00/V05.40 + sdld,  page 11.
Hexadecimal  [32-Bits]

Area                                    Addr        Size        Decimal Bytes (Attributes)
--------------------------------        ----        ----        ------- ----- ------------
_HEADER3                            00000000    0000002B =          43. bytes (ABS,CON)

      Value  Global                              Global Defined In Module
      -----  --------------------------------   ------------------------
ASxxxx Linker V03.00/V05.40 + sdld,  page 12.
Hexadecimal  [32-Bits]

Area                                    Addr        Size        Decimal Bytes (Attributes)
--------------------------------        ----        ----        ------- ----- ------------
_HEADER4                            00000000    00000104 =         260. bytes (ABS,CON)

      Value  Global                              Global Defined In Module
      -----  --------------------------------   ------------------------
     00000069  _OUTI128                           crt0
     000000E9  _OUTI64                            crt0
     00000129  _OUTI32                            crt0
     00000169  _outi_block                        crt0

ASxxxx Linker V03.00/V05.40 + sdld,  page 13.
Hexadecimal  [32-Bits]

Area                                    Addr        Size        Decimal Bytes (Attributes)
--------------------------------        ----        ----        ------- ----- ------------
_INITIALIZER                        000051FF    0000002A =          42. bytes (REL,CON)

      Value  Global                              Global Defined In Module
      -----  --------------------------------   ------------------------
ASxxxx Linker V03.00/V05.40 + sdld,  page 14.
Hexadecimal  [32-Bits]

Area                                    Addr        Size        Decimal Bytes (Attributes)
--------------------------------        ----        ----        ------- ----- ------------
_GSINIT                             00005229    0000000F =          15. bytes (REL,CON)

      Value  Global                              Global Defined In Module
      -----  --------------------------------   ------------------------
     00005229  gsinit                             crt0

ASxxxx Linker V03.00/V05.40 + sdld,  page 15.
Hexadecimal  [32-Bits]

Area                                    Addr        Size        Decimal Bytes (Attributes)
--------------------------------        ----        ----        ------- ----- ------------
_GSFINAL                            00005238    00000001 =           1. bytes (REL,CON)

      Value  Global                              Global Defined In Module
      -----  --------------------------------   ------------------------
ASxxxx Linker V03.00/V05.40 + sdld,  page 16.
Hexadecimal  [32-Bits]

Area                                    Addr        Size        Decimal Bytes (Attributes)
--------------------------------        ----        ----        ------- ----- ------------
_DATA                               0000C000    0000163F =        5695. bytes (REL,CON)

      Value  Global                              Global Defined In Module
      -----  --------------------------------   ------------------------
     0000C000  _PSGMusicStatus                    PSGlib
     0000C001  _PSGMusicStart                     PSGlib
     0000C003  _PSGMusicPointer                   PSGlib
     0000C005  _PSGMusicLoopPoint                 PSGlib
     0000C007  _PSGMusicSkipFrames                PSGlib
     0000C008  _PSGLoopFlag                       PSGlib
     0000C009  _PSGLoopCounter                    PSGlib
     0000C00A  _PSGMusicLastLatch                 PSGlib
     0000C00B  _PSGMusicVolumeAttenuation         PSGlib
     0000C00C  _PSGMusicSubstringLen              PSGlib
     0000C00D  _PSGMusicSubstringRetAddr          PSGlib
     0000C00F  _PSGChan0Volume                    PSGlib
     0000C010  _PSGChan1Volume                    PSGlib
     0000C011  _PSGChan2Volume                    PSGlib
     0000C012  _PSGChan3Volume                    PSGlib
     0000C013  _PSGChan2LowTone                   PSGlib
     0000C014  _PSGChan2HighTone                  PSGlib
     0000C015  _PSGChan3LowTone                   PSGlib
     0000C016  _PSGChannel2SFX                    PSGlib
     0000C017  _PSGChannel3SFX                    PSGlib
     0000C018  _PSGSFXChan2Volume                 PSGlib
     0000C019  _PSGSFXChan3Volume                 PSGlib
     0000C01A  _PSGSFXStatus                      PSGlib
     0000C01B  _PSGSFXStart                       PSGlib
     0000C01D  _PSGSFXPointer                     PSGlib
     0000C01F  _PSGSFXLoopPoint                   PSGlib
     0000C021  _PSGSFXSkipFrames                  PSGlib
     0000C022  _PSGSFXLoopFlag                    PSGlib
     0000C023  _PSGSFXSubstringLen                PSGlib
     0000C024  _PSGSFXSubstringRetAddr            PSGlib
     0000C026  _playerX                           player
     0000C028  _playerY                           player
     0000C02A  _playerSpeedX                      player
     0000C02C  _playerSpeedY                      player
     0000C02E  _playerState                       player
     0000C02F  _jumpPressCounter                  player
     0000C031  _jumpWhenLanding                   player
     0000C032  _isPlayerShooting                  player
     0000C033  _player_SubUpdate                  player
     0000C035  _buttonState                       player
     0000C037  _buttonsPressed                    player
     0000C039  _buttonsReleased                   player
     0000C03B  _columnToUpdate                    right_scroller
     0000C03D  _terrainColumnToUpdate             right_scroller
     0000C03E  _CommandManager_commandRunnerObj   command_manager
     0000C064  _CommandManager_currentCommand     command_manager
     0000C066  _CommandRunner_counter             command_manager
     0000C068  _DrawUtils_spriteCounter           draw_utils
     0000C069  _DrawUtils_currentSpriteStrips     draw_utils
     0000C06B  _DrawUtils_vdpTileIndex            draw_utils
ASxxxx Linker V03.00/V05.40 + sdld,  page 17.
Hexadecimal  [32-Bits]

Area                                    Addr        Size        Decimal Bytes (Attributes)
--------------------------------        ----        ----        ------- ----- ------------
_DATA                               0000C000    0000163F =        5695. bytes (REL,CON)

      Value  Global                              Global Defined In Module
      -----  --------------------------------   ------------------------
     0000C06C  _DrawUtils_screenX                 draw_utils
     0000C06E  _DrawUtils_screenY                 draw_utils
     0000C070  _DrawUtils_spritesDrawn            draw_utils
     0000C071  _x                                 draw_utils
     0000C072  _y                                 draw_utils
     0000C073  _buffer                            draw_utils
     0000C075  _bufferWidth                       draw_utils
     0000C076  _bufferHeight                      draw_utils
     0000C077  _vdpOffset                         draw_utils
     0000C079  _MapManager_numTilesets            map_manager
     0000C07A  _MapManager_metatileLuts           map_manager
     0000C08A  _MapManager_metatileLutsData       map_manager
     0000D08A  _MapManager_metatileLutsDataSize   map_manager
     0000D08C  _MapManager_tilesets               map_manager
     0000D0EC  _MapManager_tilesetVdpLocations    map_manager
     0000D0FC  _MapManager_tilesetFunctions       map_manager
     0000D10C  _MapManager_tilesetGameObjectTem   map_manager
     0000D11C  _MapManager_mapWidth               map_manager
     0000D11E  _MapManager_mapHeight              map_manager
     0000D120  _MapManager_mapData                map_manager
     0000D122  _MapManager_mapResourceInfo        map_manager
     0000D124  _ObjectManager_player              object_manager
     0000D14A  _ObjectManager_projectileSlots     object_manager
     0000D1BC  _ObjectManager_enemySlots          object_manager
     0000D2EC  _ObjectManager_effectSlots         object_manager
     0000D41C  _ObjectManager_numEffects          object_manager
     0000D41D  _ObjectManager_activeProjectiles   object_manager
     0000D423  _ObjectManager_activeProjectiles   object_manager
     0000D424  _ObjectManager_currentEnemyIndex   object_manager
     0000D425  _ObjectManager_vdpDrawGameObject   object_manager
     0000D435  _ObjectManager_vdpDrawFunctions    object_manager
     0000D445  _ObjectManager_numVdpDrawItems     object_manager
     0000D446  _ResourceManager_loadFunctions     resource_manager
     0000D456  _ResourceManager_setupFunctions    resource_manager
     0000D466  _ScrollManager_horizontalScrollL   scroll_manager
     0000D468  _ScrollManager_columnBuffer        scroll_manager
     0000D498  _ScrollUtils_mapColumnToBuild      scroll_utils
     0000D49A  _TerrainManager_terrain            terrain_manager
     0000D55A  _VDPTileManager_spriteTileLocati   vdptile_manager
     0000D55C  _VDPTileManager_backgroundTileLo   vdptile_manager
     0000D55E  _bulletVdpLocation                 bullet
     0000D55F  _explosionVdpLocation              explosion
     0000D560  _gun_girlVdpLocation               gun_girl
     0000D561  _impactVdpLocation                 impact
     0000D562  _kunaiVdpLocation                  kunai
     0000D563  _robotrunnerVdpLocation            robotrunner
     0000D564  _robotspringVdpLocation            robotspring
     0000D565  _rock_particleVdpLocation          rock_particle
     0000D566  _walkerVdpLocation                 walker
     0000D567  _walker_bigVdpLocation             walker_big
     0000D568  _walker_smallVdpLocation           walker_small
ASxxxx Linker V03.00/V05.40 + sdld,  page 18.
Hexadecimal  [32-Bits]

Area                                    Addr        Size        Decimal Bytes (Attributes)
--------------------------------        ----        ----        ------- ----- ------------
_DATA                               0000C000    0000163F =        5695. bytes (REL,CON)

      Value  Global                              Global Defined In Module
      -----  --------------------------------   ------------------------
     0000D569  _waterfallVdpLocation              waterfall
     0000D56A  _background3_tilesetVdpLocation    background3_tileset
     0000D56C  _breakable_rock_tilesetVdpLocati   breakable_rock_tileset
     0000D56E  _waterfall_tilesetVdpLocation      waterfall_tileset
     0000D570  _VDPBlank                          SMSlib
     0000D571  _SMS_VDPFlags                      SMSlib
     0000D572  _PauseRequested                    SMSlib
     0000D573  _SMS_Port3EBIOSvalue               SMSlib
     0000D574  _SMS_theFrameInterruptHandler      SMSlib
     0000D576  _KeysStatus                        SMSlib
     0000D578  _PreviousKeysStatus                SMSlib
     0000D57A  _SMS_theLineInterruptHandler       SMSlib
     0000D57C  _SpriteTableY                      SMSlib_sprite
     0000D5BC  _SpriteTableXN                     SMSlib_sprite
     0000D63C  _SpriteNextFree                    SMSlib_sprite
     0000D63D  _SMS_TextRenderer_offset           SMSlib_textrenderer
ASxxxx Linker V03.00/V05.40 + sdld,  page 19.
Hexadecimal  [32-Bits]

Area                                    Addr        Size        Decimal Bytes (Attributes)
--------------------------------        ----        ----        ------- ----- ------------
_INITIALIZED                        0000D63F    0000002A =          42. bytes (REL,CON)

      Value  Global                              Global Defined In Module
      -----  --------------------------------   ------------------------
     0000D63F  _updateAnimationStream             player
     0000D640  _oldBottomTileTypeLeft             player
     0000D642  _oldBottomTileTypeRight            player
     0000D644  _oldBlockY                         player
     0000D646  _drawSprite                        draw_utils
     0000D650  _ObjectManager_objectId            object_manager
     0000D651  _projectileFlicker                 object_manager
     0000D652  _ResourceManager_onResourceLoade   resource_manager
     0000D654  _ScrollManager_Update              scroll_manager
     0000D656  _ScrollManager_UpdateVDP           scroll_manager
     0000D658  _ScrollManager_horizontalScroll    scroll_manager
     0000D65A  _ScrollManager_vdpHorizontalScro   scroll_manager
     0000D65B  _ScrollManager_verticalScroll      scroll_manager
     0000D65D  _ScrollManager_updateMapVDP        scroll_manager
     0000D65E  _background3_tilesetResourceInfo   background3
     0000D660  _background3_test_tilesetResourc   background3_test
     0000D662  _waterfall_tilesetResourceInfos    waterfall
     0000D664  _VDPReg                            SMSlib
     0000D666  _spritesHeight                     SMSlib
     0000D667  _spritesWidth                      SMSlib
     0000D668  _spritesTileOffset                 SMSlib
ASxxxx Linker V03.00/V05.40 + sdld,  page 20.
Hexadecimal  [32-Bits]

Area                                    Addr        Size        Decimal Bytes (Attributes)
--------------------------------        ----        ----        ------- ----- ------------
_CABS0                              00000000    00000010 =          16. bytes (ABS,CON)

      Value  Global                              Global Defined In Module
      -----  --------------------------------   ------------------------
     00007FF0  ___SMS__SEGA_signature             main

ASxxxx Linker V03.00/V05.40 + sdld,  page 21.
Hexadecimal  [32-Bits]

Area                                    Addr        Size        Decimal Bytes (Attributes)
--------------------------------        ----        ----        ------- ----- ------------
_CABS1                              00000000    00000003 =           3. bytes (ABS,CON)

      Value  Global                              Global Defined In Module
      -----  --------------------------------   ------------------------
     00007FDD  ___SMS__SDSC_author                main

ASxxxx Linker V03.00/V05.40 + sdld,  page 22.
Hexadecimal  [32-Bits]

Area                                    Addr        Size        Decimal Bytes (Attributes)
--------------------------------        ----        ----        ------- ----- ------------
_CABS2                              00000000    00000010 =          16. bytes (ABS,CON)

      Value  Global                              Global Defined In Module
      -----  --------------------------------   ------------------------
     00007FCD  ___SMS__SDSC_name                  main

ASxxxx Linker V03.00/V05.40 + sdld,  page 23.
Hexadecimal  [32-Bits]

Area                                    Addr        Size        Decimal Bytes (Attributes)
--------------------------------        ----        ----        ------- ----- ------------
_CABS3                              00000000    0000002B =          43. bytes (ABS,CON)

      Value  Global                              Global Defined In Module
      -----  --------------------------------   ------------------------
     00007FA2  ___SMS__SDSC_descr                 main

ASxxxx Linker V03.00/V05.40 + sdld,  page 24.
Hexadecimal  [32-Bits]

Area                                    Addr        Size        Decimal Bytes (Attributes)
--------------------------------        ----        ----        ------- ----- ------------
_CABS4                              00000000    00000010 =          16. bytes (ABS,CON)

      Value  Global                              Global Defined In Module
      -----  --------------------------------   ------------------------
     00007FE0  ___SMS__SDSC_signature             main

ASxxxx Linker V03.00/V05.40 + sdld,  page 25.
Hexadecimal  [32-Bits]

Area                                    Addr        Size        Decimal Bytes (Attributes)
--------------------------------        ----        ----        ------- ----- ------------
_BANK2                              00008000    00002C38 =       11320. bytes (REL,CON)

      Value  Global                              Global Defined In Module
      -----  --------------------------------   ------------------------
     00008000  _bulletTileData                    bullet
     00008040  _bulletFrame0SpriteStrips          bullet
     00008048  _bulletFrame0                      bullet
     0000804D  _bulletFrames                      bullet
     0000804F  _bullet                            bullet
     0000805B  _explosionTileData                 explosion
     000084DB  _explosionFrame0SpriteStrips       explosion
     000084E3  _explosionFrame1SpriteStrips       explosion
     000084EF  _explosionFrame2SpriteStrips       explosion
     000084FB  _explosionFrame0                   explosion
     00008500  _explosionFrame1                   explosion
     00008505  _explosionFrame2                   explosion
     0000850A  _explosionFrames                   explosion
     00008510  _explosion                         explosion
     0000851C  _gun_girlTileData                  gun_girl
     0000911C  _gun_girlFrame0SpriteStrips        gun_girl
     00009128  _gun_girlFrame1SpriteStrips        gun_girl
     00009134  _gun_girlFrame2SpriteStrips        gun_girl
     00009140  _gun_girlFrame3SpriteStrips        gun_girl
     0000914C  _gun_girlFrame4SpriteStrips        gun_girl
     00009158  _gun_girlFrame5SpriteStrips        gun_girl
     00009164  _gun_girlFrame6SpriteStrips        gun_girl
     00009170  _gun_girlFrame7SpriteStrips        gun_girl
     0000917C  _gun_girlFrame8SpriteStrips        gun_girl
     00009188  _gun_girlFrame9SpriteStrips        gun_girl
     00009194  _gun_girlFrame10SpriteStrips       gun_girl
     000091A0  _gun_girlFrame11SpriteStrips       gun_girl
     000091AC  _gun_girlFrame12SpriteStrips       gun_girl
     000091B8  _gun_girlFrame13SpriteStrips       gun_girl
     000091C4  _gun_girlFrame14SpriteStrips       gun_girl
     000091D0  _gun_girlFrame15SpriteStrips       gun_girl
     000091DC  _gun_girlFrame16SpriteStrips       gun_girl
     000091E8  _gun_girlFrame17SpriteStrips       gun_girl
     000091F4  _gun_girlFrame18SpriteStrips       gun_girl
     00009200  _gun_girlFrame19SpriteStrips       gun_girl
     0000920C  _gun_girlFrame20SpriteStrips       gun_girl
     00009218  _gun_girlFrame21SpriteStrips       gun_girl
     00009224  _gun_girlFrame22SpriteStrips       gun_girl
     00009230  _gun_girlFrame23SpriteStrips       gun_girl
     0000923C  _gun_girlFrame24SpriteStrips       gun_girl
     00009248  _gun_girlFrame25SpriteStrips       gun_girl
     00009254  _gun_girlFrame26SpriteStrips       gun_girl
     00009260  _gun_girlFrame27SpriteStrips       gun_girl
     0000926C  _gun_girlFrame0                    gun_girl
     00009271  _gun_girlFrame1                    gun_girl
     00009276  _gun_girlFrame2                    gun_girl
     0000927B  _gun_girlFrame3                    gun_girl
     00009280  _gun_girlFrame4                    gun_girl
     00009285  _gun_girlFrame5                    gun_girl
     0000928A  _gun_girlFrame6                    gun_girl
ASxxxx Linker V03.00/V05.40 + sdld,  page 26.
Hexadecimal  [32-Bits]

Area                                    Addr        Size        Decimal Bytes (Attributes)
--------------------------------        ----        ----        ------- ----- ------------
_BANK2                              00008000    00002C38 =       11320. bytes (REL,CON)

      Value  Global                              Global Defined In Module
      -----  --------------------------------   ------------------------
     0000928F  _gun_girlFrame7                    gun_girl
     00009294  _gun_girlFrame8                    gun_girl
     00009299  _gun_girlFrame9                    gun_girl
     0000929E  _gun_girlFrame10                   gun_girl
     000092A3  _gun_girlFrame11                   gun_girl
     000092A8  _gun_girlFrame12                   gun_girl
     000092AD  _gun_girlFrame13                   gun_girl
     000092B2  _gun_girlFrame14                   gun_girl
     000092B7  _gun_girlFrame15                   gun_girl
     000092BC  _gun_girlFrame16                   gun_girl
     000092C1  _gun_girlFrame17                   gun_girl
     000092C6  _gun_girlFrame18                   gun_girl
     000092CB  _gun_girlFrame19                   gun_girl
     000092D0  _gun_girlFrame20                   gun_girl
     000092D5  _gun_girlFrame21                   gun_girl
     000092DA  _gun_girlFrame22                   gun_girl
     000092DF  _gun_girlFrame23                   gun_girl
     000092E4  _gun_girlFrame24                   gun_girl
     000092E9  _gun_girlFrame25                   gun_girl
     000092EE  _gun_girlFrame26                   gun_girl
     000092F3  _gun_girlFrame27                   gun_girl
     000092F8  _gun_girlFrames                    gun_girl
     00009330  _gun_girl                          gun_girl
     0000933C  _impactTileData                    impact
     0000947C  _impactFrame0SpriteStrips          impact
     00009484  _impactFrame1SpriteStrips          impact
     0000948C  _impactFrame2SpriteStrips          impact
     00009494  _impactFrame0                      impact
     00009499  _impactFrame1                      impact
     0000949E  _impactFrame2                      impact
     000094A3  _impactFrames                      impact
     000094A9  _impact                            impact
     000094B5  _kunaiTileData                     kunai
     00009735  _kunaiFrame0SpriteStrips           kunai
     0000973D  _kunaiFrame1SpriteStrips           kunai
     00009745  _kunaiFrame2SpriteStrips           kunai
     0000974D  _kunaiFrame3SpriteStrips           kunai
     00009755  _kunaiFrame4SpriteStrips           kunai
     0000975D  _kunaiFrame5SpriteStrips           kunai
     00009765  _kunaiFrame6SpriteStrips           kunai
     0000976D  _kunaiFrame7SpriteStrips           kunai
     00009775  _kunaiFrame0                       kunai
     0000977A  _kunaiFrame1                       kunai
     0000977F  _kunaiFrame2                       kunai
     00009784  _kunaiFrame3                       kunai
     00009789  _kunaiFrame4                       kunai
     0000978E  _kunaiFrame5                       kunai
     00009793  _kunaiFrame6                       kunai
     00009798  _kunaiFrame7                       kunai
     0000979D  _kunaiFrames                       kunai
     000097AD  _kunai                             kunai
ASxxxx Linker V03.00/V05.40 + sdld,  page 27.
Hexadecimal  [32-Bits]

Area                                    Addr        Size        Decimal Bytes (Attributes)
--------------------------------        ----        ----        ------- ----- ------------
_BANK2                              00008000    00002C38 =       11320. bytes (REL,CON)

      Value  Global                              Global Defined In Module
      -----  --------------------------------   ------------------------
     000097B9  _robotrunnerTileData               robotrunner
     00009BB9  _robotrunnerFrame0SpriteStrips     robotrunner
     00009BC5  _robotrunnerFrame1SpriteStrips     robotrunner
     00009BD1  _robotrunnerFrame2SpriteStrips     robotrunner
     00009BDD  _robotrunnerFrame3SpriteStrips     robotrunner
     00009BE9  _robotrunnerFrame0                 robotrunner
     00009BEE  _robotrunnerFrame1                 robotrunner
     00009BF3  _robotrunnerFrame2                 robotrunner
     00009BF8  _robotrunnerFrame3                 robotrunner
     00009BFD  _robotrunnerFrames                 robotrunner
     00009C05  _robotrunner                       robotrunner
     00009C11  _robotspringTileData               robotspring
     00009E11  _robotspringFrame0SpriteStrips     robotspring
     00009E1D  _robotspringFrame1SpriteStrips     robotspring
     00009E29  _robotspringFrame2SpriteStrips     robotspring
     00009E35  _robotspringFrame0                 robotspring
     00009E3A  _robotspringFrame1                 robotspring
     00009E3F  _robotspringFrame2                 robotspring
     00009E44  _robotspringFrames                 robotspring
     00009E4A  _robotspring                       robotspring
     00009E56  _rock_particleTileData             rock_particle
     00009F56  _rock_particleFrame0SpriteStrips   rock_particle
     00009F5E  _rock_particleFrame1SpriteStrips   rock_particle
     00009F66  _rock_particleFrame2SpriteStrips   rock_particle
     00009F6E  _rock_particleFrame3SpriteStrips   rock_particle
     00009F76  _rock_particleFrame0               rock_particle
     00009F7B  _rock_particleFrame1               rock_particle
     00009F80  _rock_particleFrame2               rock_particle
     00009F85  _rock_particleFrame3               rock_particle
     00009F8A  _rock_particleFrames               rock_particle
     00009F92  _rock_particle                     rock_particle
     00009F9E  _walkerTileData                    walker
     0000A09E  _walkerFrame0SpriteStrips          walker
     0000A0A6  _walkerFrame1SpriteStrips          walker
     0000A0AE  _walkerFrame0                      walker
     0000A0B3  _walkerFrame1                      walker
     0000A0B8  _walkerFrames                      walker
     0000A0BC  _walker                            walker
     0000A0C8  _walker_bigTileData                walker_big
     0000A8C8  _walker_bigFrame0SpriteStrips      walker_big
     0000A8D4  _walker_bigFrame1SpriteStrips      walker_big
     0000A8E0  _walker_bigFrame2SpriteStrips      walker_big
     0000A8EC  _walker_bigFrame3SpriteStrips      walker_big
     0000A8F8  _walker_bigFrame4SpriteStrips      walker_big
     0000A904  _walker_bigFrame5SpriteStrips      walker_big
     0000A910  _walker_bigFrame6SpriteStrips      walker_big
     0000A91C  _walker_bigFrame7SpriteStrips      walker_big
     0000A928  _walker_bigFrame0                  walker_big
     0000A92D  _walker_bigFrame1                  walker_big
     0000A932  _walker_bigFrame2                  walker_big
     0000A937  _walker_bigFrame3                  walker_big
ASxxxx Linker V03.00/V05.40 + sdld,  page 28.
Hexadecimal  [32-Bits]

Area                                    Addr        Size        Decimal Bytes (Attributes)
--------------------------------        ----        ----        ------- ----- ------------
_BANK2                              00008000    00002C38 =       11320. bytes (REL,CON)

      Value  Global                              Global Defined In Module
      -----  --------------------------------   ------------------------
     0000A93C  _walker_bigFrame4                  walker_big
     0000A941  _walker_bigFrame5                  walker_big
     0000A946  _walker_bigFrame6                  walker_big
     0000A94B  _walker_bigFrame7                  walker_big
     0000A950  _walker_bigFrames                  walker_big
     0000A960  _walker_big                        walker_big
     0000A96C  _walker_smallTileData              walker_small
     0000A9EC  _walker_smallFrame0SpriteStrips    walker_small
     0000A9F4  _walker_smallFrame1SpriteStrips    walker_small
     0000A9FC  _walker_smallFrame0                walker_small
     0000AA01  _walker_smallFrame1                walker_small
     0000AA06  _walker_smallFrames                walker_small
     0000AA0A  _walker_small                      walker_small
     0000AA16  _waterfallTileData                 waterfall
     0000AC16  _waterfallFrame0                   waterfall
     0000AC1A  _waterfallFrame1                   waterfall
     0000AC1E  _waterfallFrame2                   waterfall
     0000AC22  _waterfallFrame3                   waterfall
     0000AC26  _waterfallFrames                   waterfall
     0000AC2E  _waterfall                         waterfall

ASxxxx Linker V03.00/V05.40 + sdld,  page 29.
Hexadecimal  [32-Bits]

Area                                    Addr        Size        Decimal Bytes (Attributes)
--------------------------------        ----        ----        ------- ----- ------------
_BANK3                              00008000    000021CC =        8652. bytes (REL,CON)

      Value  Global                              Global Defined In Module
      -----  --------------------------------   ------------------------
     00008000  _background3_tileset_metatiles     background3_tileset
     00008410  _background3_tileset_tiles         background3_tileset
     0000A090  _background3_tileset               background3_tileset
     0000A09C  _breakable_rock_tileset_metatile   breakable_rock_tileset
     0000A0A4  _breakable_rock_tileset_tiles      breakable_rock_tileset
     0000A124  _breakable_rock_tileset            breakable_rock_tileset
     0000A130  _waterfall_tileset_metatiles       waterfall_tileset
     0000A140  _waterfall_tileset_tiles           waterfall_tileset
     0000A1C0  _waterfall_tileset                 waterfall_tileset
ASxxxx Linker V03.00/V05.40 + sdld,  page 30.
Hexadecimal  [32-Bits]

Area                                    Addr        Size        Decimal Bytes (Attributes)
--------------------------------        ----        ----        ------- ----- ------------
_BANK4                              00008000    000008E2 =        2274. bytes (REL,CON)

      Value  Global                              Global Defined In Module
      -----  --------------------------------   ------------------------
     00008000  _background3_metatile_map          background3
     00008460  _background3_map                   background3
     0000846A  _background3_test_metatile_map     background3_test
     000088CA  _background3_test_map              background3_test
     000088D4  _waterfall_metatile_map            waterfall
     000088D8  _waterfall_map                     waterfall
ASxxxx Linker V03.00/V05.40 + sdld,  page 31.

Files Linked                              [ module(s) ]

..\..\..\devkitSMS-master\/crt0/crt0_sms.rel
                                          [ crt0 ]
..\..\..\devkitSMS-master\/PSGlib//PSGlib.rel
                                          [ PSGlib ]
out\source\client\generated\gameobjecttemplates\bullet_template.rel
                                          [ bullet_template ]
out\source\client\generated\gameobjecttemplates\commandrunner_rightscroll_template.rel
                                          [ commandrunner_rightscroll_templa ]
out\source\client\generated\gameobjecttemplates\explosion_template.rel
                                          [ explosion_template ]
out\source\client\generated\gameobjecttemplates\gun_girl_template.rel
                                          [ gun_girl_template ]
out\source\client\generated\gameobjecttemplates\impact_template.rel
                                          [ impact_template ]
out\source\client\generated\gameobjecttemplates\kunai_template.rel
                                          [ kunai_template ]
out\source\client\generated\gameobjecttemplates\robotrunner_template.rel
                                          [ robotrunner_template ]
out\source\client\generated\gameobjecttemplates\robotspring_template.rel
                                          [ robotspring_template ]
out\source\client\generated\gameobjecttemplates\rock_particle_template.rel
                                          [ rock_particle_template ]
out\source\client\generated\gameobjecttemplates\walker_big_template.rel
                                          [ walker_big_template ]
out\source\client\generated\gameobjecttemplates\walker_small_template.rel
                                          [ walker_small_template ]
out\source\client\generated\gameobjecttemplates\walker_template.rel
                                          [ walker_template ]
out\source\client\exported\scenes\scene003.rel
                                          [ scene003 ]
out\source\client\exported\palettes\globalPalette.rel
                                          [ globalPalette ]
out\source\client\main.rel                [ main ]
out\source\client\tileset_functions.rel   [ tileset_functions ]
out\source\client\exported\sceneMasterTemp.rel
                                          [ sceneMasterTemp ]
out\source\client\generated\bank2.rel     [ bank2 ]
out\source\client\generated\resource_infos.rel
                                          [ resource_infos ]
out\source\client\objects\basic_effect.rel
                                          [ basic_effect ]
out\source\client\objects\bird.rel        [ bird ]
out\source\client\objects\bullet.rel      [ bullet ]
out\source\client\objects\commandrunner_rightscroll.rel
                                          [ commandrunner_rightscroll ]
out\source\client\objects\enemy.rel       [ enemy ]
out\source\client\objects\kunai.rel       [ kunai ]
out\source\client\objects\on_resource_loaded_callback.rel
                                          [ on_resource_loaded_callback ]
out\source\client\objects\particle_effect.rel
                                          [ particle_effect ]
out\source\client\objects\player.rel      [ player ]
out\source\client\objects\right_scroller.rel
                                          [ right_scroller ]
out\source\client\objects\tile_animator.rel
                                          [ tile_animator ]
out\source\engine\animation_utils.rel     [ animation_utils ]
out\source\engine\commandrunner_runall.rel
                                          [ commandrunner_runall ]
out\source\engine\command_manager.rel     [ command_manager ]
out\source\engine\command_types.rel       [ command_types ]
out\source\engine\draw_utils.rel          [ draw_utils ]
out\source\engine\map_load.rel            [ map_load ]
out\source\engine\map_manager.rel         [ map_manager ]
out\source\engine\map_types.rel           [ map_types ]
out\source\engine\object_manager.rel      [ object_manager ]
out\source\engine\object_utils.rel        [ object_utils ]
out\source\engine\resource_manager.rel    [ resource_manager ]
out\source\engine\scene_manager.rel       [ scene_manager ]
out\source\engine\scroll_manager.rel      [ scroll_manager ]
out\source\engine\scroll_utils.rel        [ scroll_utils ]
out\source\engine\terrain_manager.rel     [ terrain_manager ]
out\source\engine\vdptile_manager.rel     [ vdptile_manager ]
out\source\engine\commands\set_palette_commands.rel
                                          [ set_palette_commands ]
out\source\client\exported\animations\bullet.rel
                                          [ bullet ]
out\source\client\exported\animations\explosion.rel
                                          [ explosion ]
out\source\client\exported\animations\gun_girl.rel
                                          [ gun_girl ]
out\source\client\exported\animations\impact.rel
                                          [ impact ]
out\source\client\exported\animations\kunai.rel
                                          [ kunai ]
out\source\client\exported\animations\robotrunner.rel
                                          [ robotrunner ]
out\source\client\exported\animations\robotspring.rel
                                          [ robotspring ]
out\source\client\exported\animations\rock_particle.rel
                                          [ rock_particle ]
out\source\client\exported\animations\walker.rel
                                          [ walker ]
out\source\client\exported\animations\walker_big.rel
                                          [ walker_big ]
out\source\client\exported\animations\walker_small.rel
                                          [ walker_small ]
out\source\client\exported\animations\waterfall.rel
                                          [ waterfall ]
out\source\client\generated\tilesets\background3_tileset.rel
                                          [ background3_tileset ]
out\source\client\generated\tilesets\breakable_rock_tileset.rel
                                          [ breakable_rock_tileset ]
out\source\client\generated\tilesets\waterfall_tileset.rel
                                          [ waterfall_tileset ]
out\source\client\exported\maps\background3.rel
                                          [ background3 ]
out\source\client\exported\maps\background3_test.rel
                                          [ background3_test ]
out\source\client\exported\maps\waterfall.rel
                                          [ waterfall ]


Libraries Linked                          [ object file ]

..\..\..\devkitSMS-master\/SMSlib/SMSlib.lib
                                          [ SMSlib_VRAMmemset.rel ]
..\..\..\devkitSMS-master\/SMSlib/SMSlib.lib
                                          [ SMSlib.rel ]
..\..\..\devkitSMS-master\/SMSlib/SMSlib.lib
                                          [ SMSlib_sprite.rel ]
C:\Program Files\SDCC\bin\..\lib\z80/z80.lib
                                          [ mul.rel ]
C:\Program Files\SDCC\bin\..\lib\z80/z80.lib
                                          [ __sdcc_call_hl.rel ]
..\..\..\devkitSMS-master\/SMSlib/SMSlib.lib
                                          [ SMSlib_debug.rel ]
..\..\..\devkitSMS-master\/SMSlib/SMSlib.lib
                                          [ SMSlib_UNSAFE.rel ]
..\..\..\devkitSMS-master\/SMSlib/SMSlib.lib
                                          [ SMSlib_VRAMmemcpy.rel ]
C:\Program Files\SDCC\bin\..\lib\z80/z80.lib
                                          [ __sdcc_call_iy.rel ]
..\..\..\devkitSMS-master\/SMSlib/SMSlib.lib
                                          [ SMSlib_autotext.rel ]
..\..\..\devkitSMS-master\/SMSlib/SMSlib.lib
                                          [ SMSlib_loadTileMapColumn.rel ]
..\..\..\devkitSMS-master\/SMSlib/SMSlib.lib
                                          [ SMSlib_load1bppTiles.rel ]
..\..\..\devkitSMS-master\/SMSlib/SMSlib.lib
                                          [ SMSlib_textrenderer.rel ]

ASxxxx Linker V03.00/V05.40 + sdld,  page 32.

User Base Address Definitions

_CODE = 0x0200
_DATA = 0xc000
_BANK3=0x8000
_BANK2=0x8000
_BANK4=0x8000

