ASxxxx Linker V03.00/V05.40 + sdld,  page 1.
Hexadecimal  [32-Bits]

Area                                    Addr        Size        Decimal Bytes (Attributes)
--------------------------------        ----        ----        ------- ----- ------------
.  .ABS.                            00000000    00000000 =           0. bytes (ABS,CON)

      Value  Global                              Global Defined In Module
      -----  --------------------------------   ------------------------
     00000000  .__.ABS.                           SMSlib_textrenderer
     00000000  l__BSEG                         
     00000000  l__BSS                          
     00000000  l__CABS                         
     00000000  l__DABS                         
     00000000  l__HEADER                       
     00000000  l__HEAP                         
     00000000  l__HOME                         
     00000000  s__CABS                         
     00000000  s__CABS0                        
     00000000  s__CABS1                        
     00000000  s__CABS2                        
     00000000  s__CABS3                        
     00000000  s__CABS4                        
     00000000  s__DABS                         
     00000000  s__HEADER                       
     00000000  s__HEADER0                      
     00000000  s__HEADER1                      
     00000000  s__HEADER2                      
     00000000  s__HEADER3                      
     00000000  s__HEADER4                      
     00000001  l__GSFINAL                      
     00000003  l__CABS1                        
     00000008  l__HEADER0                      
     00000009  l__HEADER1                      
     0000000F  l__GSINIT                       
     00000010  l__CABS0                        
     00000010  l__CABS2                        
     00000010  l__CABS4                        
     0000001F  l__HEADER2                      
     0000002B  l__CABS3                        
     0000002B  l__HEADER3                      
     0000002E  l__INITIALIZED                  
     0000002E  l__INITIALIZER                  
     00000104  l__HEADER4                      
     00000200  s__CODE                         
     000008E2  l__BANK4                        
     0000172B  l__DATA                         
     000021CC  l__BANK3                        
     000034EA  l__BANK2                        
     00005808  l__CODE                         
     00005A08  s__HOME                         
     00005A08  s__INITIALIZER                  
     00005A36  s__GSINIT                       
     00005A45  s__GSFINAL                      
     00008000  _SMS_SRAM                          SMSlib_textrenderer
     00008000  s__BANK2                        
     00008000  s__BANK3                        
     00008000  s__BANK4                        
     0000C000  s__DATA                         
ASxxxx Linker V03.00/V05.40 + sdld,  page 2.
Hexadecimal  [32-Bits]

Area                                    Addr        Size        Decimal Bytes (Attributes)
--------------------------------        ----        ----        ------- ----- ------------
.  .ABS.                            00000000    00000000 =           0. bytes (ABS,CON)

      Value  Global                              Global Defined In Module
      -----  --------------------------------   ------------------------
     0000D72B  s__INITIALIZED                  
     0000D759  s__BSEG                         
     0000D759  s__BSS                          
     0000D759  s__HEAP                         
     0000FFFC  _SRAM_bank_to_be_mapped_on_slot2   SMSlib_textrenderer
     0000FFFD  _ROM_bank_to_be_mapped_on_slot0    SMSlib_textrenderer
     0000FFFE  _ROM_bank_to_be_mapped_on_slot1    SMSlib_textrenderer
     0000FFFF  _ROM_bank_to_be_mapped_on_slot2    SMSlib_textrenderer

ASxxxx Linker V03.00/V05.40 + sdld,  page 3.
Hexadecimal  [32-Bits]

Area                                    Addr        Size        Decimal Bytes (Attributes)
--------------------------------        ----        ----        ------- ----- ------------
_CODE                               00000200    00005808 =       22536. bytes (REL,CON)

      Value  Global                              Global Defined In Module
      -----  --------------------------------   ------------------------
     00000200  _PSGStop                           PSGlib
     00000227  _PSGResume                         PSGlib
     00000273  _PSGPlay                           PSGlib
     0000029E  _PSGPlayLoops                      PSGlib
     000002B5  _PSGCancelLoop                     PSGlib
     000002C0  _PSGPlayNoRepeat                   PSGlib
     000002CE  _PSGGetStatus                      PSGlib
     000002D2  _PSGSilenceChannels                PSGlib
     000002E3  _PSGRestoreVolumes                 PSGlib
     000003BC  _PSGSetMusicVolumeAttenuation      PSGlib
     00000496  _PSGSFXStop                        PSGlib
     00000559  _PSGSFXPlay                        PSGlib
     000005A9  _PSGSFXCancelLoop                  PSGlib
     000005AF  _PSGSFXGetStatus                   PSGlib
     000005B3  _PSGSFXPlayLoop                    PSGlib
     000005CE  _PSGFrame                          PSGlib
     000006F2  _PSGSFXFrame                       PSGlib
     00000778  _bullet_template                   bullet_template
     00000785  _colortweaker_template             colortweaker_template
     00000792  _commandrunner_rightscroll_templ   commandrunner_rightscroll_te
     0000079F  _explosion_template                explosion_template
     000007AC  _gun_girl_template                 gun_girl_template
     000007B9  _impact_template                   impact_template
     000007C6  _kunai_template                    kunai_template
     000007D3  _robotrunner_template              robotrunner_template
     000007E0  _robotspring_template              robotspring_template
     000007ED  _rock_particle_template            rock_particle_template
     000007FA  _test_block_template               test_block_template
     00000807  _walker_big_template               walker_big_template
     00000814  _walker_small_template             walker_small_template
     00000821  _walker_template                   walker_template
     0000082E  _scene003_createInfoBootstrapper   scene003
     00000836  _scene003_createInfo2              scene003
     0000083E  _scene003_createInfo5              scene003
     00000844  _scene003_createInfo6              scene003
     0000084A  _scene003_createInfo7              scene003
     00000850  _scene003_createInfo8              scene003
     00000856  _scene003_createInfo9              scene003
     0000085C  _scene003_createInfo10             scene003
     00000862  _scene003_createInfo11             scene003
     00000868  _scene003_createInfo12             scene003
     0000086E  _scene003_createInfo13             scene003
     00000879  _scene003_commands                 scene003
     000008FD  _scene003                          scene003
     000008FF  _globalPaletteValues               globalPalette
     0000090F  _globalPalette                     globalPalette
     00000912  _PSGUpdate                         main
     00000918  _main                              main
     000009D6  _breakable_rock_tileset_TilesetF   tileset_functions
     00000AA9  _sceneMasterTemp_createInfoBoots   sceneMasterTemp
ASxxxx Linker V03.00/V05.40 + sdld,  page 4.
Hexadecimal  [32-Bits]

Area                                    Addr        Size        Decimal Bytes (Attributes)
--------------------------------        ----        ----        ------- ----- ------------
_CODE                               00000200    00005808 =       22536. bytes (REL,CON)

      Value  Global                              Global Defined In Module
      -----  --------------------------------   ------------------------
     00000AB1  _sceneMasterTemp_createInfo2       sceneMasterTemp
     00000AB9  _sceneMasterTemp_createInfo5       sceneMasterTemp
     00000ABF  _sceneMasterTemp_createInfo6       sceneMasterTemp
     00000AC5  _sceneMasterTemp_createInfo7       sceneMasterTemp
     00000ACB  _sceneMasterTemp_createInfo8       sceneMasterTemp
     00000AD1  _sceneMasterTemp_createInfo9       sceneMasterTemp
     00000AD7  _sceneMasterTemp_createInfo10      sceneMasterTemp
     00000ADD  _sceneMasterTemp_createInfo11      sceneMasterTemp
     00000AE3  _sceneMasterTemp_createInfo12      sceneMasterTemp
     00000AE9  _sceneMasterTemp_createInfo13      sceneMasterTemp
     00000AEF  _sceneMasterTemp_createInfo14      sceneMasterTemp
     00000AF5  _setTilesetPropertiesParams        sceneMasterTemp
     00000AFA  _sceneMasterTemp_commands          sceneMasterTemp
     00000B8A  _sceneMasterTemp                   sceneMasterTemp
     00000B8C  _explosion_psg                     bank2
     00000BA7  _throw_psg                         bank2
     00000BBD  _hit_psg                           bank2
     00000BCE  _background3_tilesetResourceInfo   resource_infos
     00000BD1  _breakable_rock_tilesetResourceI   resource_infos
     00000BD4  _waterfall_tilesetResourceInfo     resource_infos
     00000BD7  _bulletResourceInfo                resource_infos
     00000BDA  _colorTweakerResourceInfo          resource_infos
     00000BDD  _colorTweakerCursorResourceInfo    resource_infos
     00000BE0  _explosionResourceInfo             resource_infos
     00000BE3  _gun_girlResourceInfo              resource_infos
     00000BE6  _impactResourceInfo                resource_infos
     00000BE9  _kunaiResourceInfo                 resource_infos
     00000BEC  _robotrunnerResourceInfo           resource_infos
     00000BEF  _robotspringResourceInfo           resource_infos
     00000BF2  _rock_particleResourceInfo         resource_infos
     00000BF5  _test_blockResourceInfo            resource_infos
     00000BF8  _walkerResourceInfo                resource_infos
     00000BFB  _walker_bigResourceInfo            resource_infos
     00000BFE  _walker_smallResourceInfo          resource_infos
     00000C01  _waterfallResourceInfo             resource_infos
     00000C04  _globalPaletteResourceInfo         resource_infos
     00000C07  _background3_mapResourceInfo       resource_infos
     00000C0A  _background3_test_mapResourceInf   resource_infos
     00000C0D  _waterfall_mapResourceInfo         resource_infos
     00000C10  _BasicEffect_Init                  basic_effect
     00000C32  _BasicEffect_Update                basic_effect
     00000CE0  _BasicEffect_Draw                  basic_effect
     00000D37  _Bird_Init                         bird
     00000D6E  _Bird_Update                       bird
     00000DA9  _Bird_Draw                         bird
     00000DAB  _Bullet_Init                       bullet
     00000E77  _Bullet_Update                     bullet
     00001209  _Bullet_Draw                       bullet
     00001260  _Bullet_HandleCollision            bullet
     00001321  _ColorTweaker_Init                 color_tweaker
     0000145A  _ColorTweaker_Update               color_tweaker
ASxxxx Linker V03.00/V05.40 + sdld,  page 5.
Hexadecimal  [32-Bits]

Area                                    Addr        Size        Decimal Bytes (Attributes)
--------------------------------        ----        ----        ------- ----- ------------
_CODE                               00000200    00005808 =       22536. bytes (REL,CON)

      Value  Global                              Global Defined In Module
      -----  --------------------------------   ------------------------
     00001866  _ColorTweaker_Draw                 color_tweaker
     00001A21  _CommandRunner_RightScroll_Init    commandrunner_rightscroll
     00001ABD  _CommandRunner_RightScroll_Updat   commandrunner_rightscroll
     00001B3B  _Enemy_Init                        enemy
     00001B55  _Enemy_Update                      enemy
     00001C17  _Enemy_Draw                        enemy
     00001C60  _Enemy_HandleCollision             enemy
     00001CEE  _Kunai_Init                        kunai
     00001D14  _EraseTiles                        kunai
     00001DBA  _Kunai_Update                      kunai
     0000214C  _Kunai_Draw                        kunai
     000021A3  _Kunai_HandleCollision             kunai
     00002264  _OnResourceLoaded                  on_resource_loaded_callback
     00002277  _ParticleEffect_Init               particle_effect
     000022AE  _ParticleEffect_Update             particle_effect
     000023A9  _ParticleEffect_Draw               particle_effect
     00002431  _setPlayerAnimation                player
     000024CF  _playerStateFunctions              player
     000024DB  _setPlayerState                    player
     00002553  _Player_Init                       player
     000025A5  _Player_FireWeapon                 player
     00002649  _Player_UpdateX                    player
     0000286D  _Player_UpdateStand                player
     00002936  _Player_UpdateRun                  player
     00002A1B  _Player_UpdateFall                 player
     00002BD1  _Player_UpdateJump                 player
     00002D1D  _Player_UpdateDuck                 player
     00002DD4  _Player_Update                     player
     00002E61  _Player_Draw                       player
     00002EB8  _RightScroller_Init                right_scroller
     00002F03  _RightScroll_Update                right_scroller
     00003015  _RightScroll_UpdateVDP             right_scroller
     00003043  _TileAnimator_Init                 tile_animator
     0000306C  _UpdateTiles                       tile_animator
     000030C5  _TileAnimator_Update               tile_animator
     000030E2  _AnimationUtils_updateBatchedAni   animation_utils
     0000312F  _AnimationUtils_updateBatchedAni   animation_utils
     000031A9  _AnimationUtils_updateStreamedBa   animation_utils
     000031F6  _AnimationUtils_updatePlaneAnima   animation_utils
     00003237  _AnimationUtils_updateTileAnimat   animation_utils
     00003276  _AnimationUtils_setBatchedAnimat   animation_utils
     000032B9  _Load_BatchedAnimationResource     animation_utils
     000032E1  _Load_StreamedBatchedAnimationRe   animation_utils
     000032FA  _Load_PlaneAnimationResource       animation_utils
     00003320  _Load_TileAnimationResource        animation_utils
     00003346  _Setup_BatchedAnimationResource    animation_utils
     000033C9  _Setup_PlaneAnimationResource      animation_utils
     0000344F  _Setup_TileAnimationResource       animation_utils
     0000349A  _AnimationUtils_UpdateStreamedBa   animation_utils
     0000359A  _CommandRunner_RunAll_Init         commandrunner_runall
     0000360E  _commandrunner_runall_template     commandrunner_runall
ASxxxx Linker V03.00/V05.40 + sdld,  page 6.
Hexadecimal  [32-Bits]

Area                                    Addr        Size        Decimal Bytes (Attributes)
--------------------------------        ----        ----        ------- ----- ------------
_CODE                               00000200    00005808 =       22536. bytes (REL,CON)

      Value  Global                              Global Defined In Module
      -----  --------------------------------   ------------------------
     0000361B  _DrawUtils_addSprite               draw_utils
     0000363D  _DrawUtils_addTwoAdjoiningSprite   draw_utils
     00003673  _DrawUtils_addThreeAdjoiningSpri   draw_utils
     000036C4  _DrawUtils_addFourAdjoiningSprit   draw_utils
     0000372B  _DrawUtils_DrawBatched             draw_utils
     000037AE  _DrawUtils_DrawStreamedBatched     draw_utils
     00003841  _drawToPlane                       draw_utils
     00003B02  _DrawUtils_DrawPlaneAnimationFra   draw_utils
     00003B8C  _JoystickManager_Update            joystick_manager
     00003BA2  _Load_MapResource                  map_load
     00003C38  _Load_TilesetResource              map_load
     00003D9E  _Load_AnimatedTilesetResource      map_load
     00003E55  _MapManager_SetTilesetProperties   map_manager
     00003EA9  _ObjectManager_Init                object_manager
     00003F27  _ObjectManager_Update              object_manager
     00004185  _ObjectManager_CreateObject        object_manager
     000041EE  _ApplyGameObjectTemplate           object_manager
     00004267  _ObjectManager_CreateObjectByTem   object_manager
     00004328  _FindFreeGameObject                object_manager
     000043A3  _ObjectManager_CreateObjectByCre   object_manager
     00004457  _ObjectManager_DestroyObject       object_manager
     0000446E  _ObjectManagerUtils_doProjectCol   object_manager
     00004609  _ObjectManager_QueueVDPDraw        object_manager
     00004639  _ObjectManager_VDPDraw             object_manager
     00004688  _ObjectUtils_gameObjectDoNothing   object_utils
     00004689  _ObjectUtils_doNothing             object_utils
     0000468A  _ObjectUtils_twoGameObjectsDoNot   object_utils
     0000468B  _ObjectUtils_drawNothing           object_utils
     0000468D  _printResourceTypeName             resource_manager
     0000476A  _ResourceManager_Init              resource_manager
     000047CD  _ResourceManager_LoadResource      resource_manager
     00004904  _ResourceManager_SetupResource     resource_manager
     00004A0A  _ResourceManager_SetOnResourceLo   resource_manager
     00004A0E  _SceneManager_Init                 scene_manager
     00004A36  _ScrollUtils_buildColumn           scroll_utils
     000050A5  _ScrollUtils_InitTilemap           scroll_utils
     0000510F  _TerrainManager_Init               terrain_manager
     0000513B  _TerrainManager_UpdateTerrain      terrain_manager
     0000518A  _VDPTileManager_Init               vdptile_manager
     00005196  _VDPTileManager_LoadSpriteTiles    vdptile_manager
     000051F8  _VDPTileManager_ReserveSpriteTil   vdptile_manager
     0000521C  _VDPTileManager_LoadBackgroundTi   vdptile_manager
     00005267  _SetBackgroundPalette              set_palette_commands
     000052C7  _SetSpritePalette                  set_palette_commands
     00005323  _SMS_init                          SMSlib
     0000534F  _VDPReg_init                       SMSlib
     0000535A  _SMS_VDPturnOnFeature              SMSlib
     0000536F  _SMS_VDPturnOffFeature             SMSlib
     00005387  _SMS_setBGScrollX                  SMSlib
     00005391  _SMS_setBGScrollY                  SMSlib
     0000539B  _SMS_setBackdropColor              SMSlib
ASxxxx Linker V03.00/V05.40 + sdld,  page 7.
Hexadecimal  [32-Bits]

Area                                    Addr        Size        Decimal Bytes (Attributes)
--------------------------------        ----        ----        ------- ----- ------------
_CODE                               00000200    00005808 =       22536. bytes (REL,CON)

      Value  Global                              Global Defined In Module
      -----  --------------------------------   ------------------------
     000053A5  _SMS_useFirstHalfTilesforSprites   SMSlib
     000053BB  _SMS_setSpriteMode                 SMSlib
     00005408  _SMS_setBGPaletteColor             SMSlib
     00005415  _SMS_setSpritePaletteColor         SMSlib
     00005422  _SMS_loadBGPalette                 SMSlib
     00005436  _SMS_loadSpritePalette             SMSlib
     0000544A  _SMS_setColor                      SMSlib
     0000544E  _SMS_waitForVBlank                 SMSlib
     0000545B  _SMS_getKeysStatus                 SMSlib
     00005460  _SMS_getKeysPressed                SMSlib
     00005475  _SMS_getKeysHeld                   SMSlib
     00005488  _SMS_getKeysReleased               SMSlib
     000054A1  _SMS_queryPauseRequested           SMSlib
     000054A5  _SMS_resetPauseRequest             SMSlib
     000054AB  _SMS_setFrameInterruptHandler      SMSlib
     000054AF  _SMS_setLineInterruptHandler       SMSlib
     000054B3  _SMS_setLineCounter                SMSlib
     000054BD  _SMS_getVCount                     SMSlib
     000054C0  _SMS_getHCount                     SMSlib
     000054C3  _SMS_isr                           SMSlib
     0000550B  _SMS_nmi_isr                       SMSlib
     00005514  _SMS_VRAMmemset_f                  SMSlib_VRAMmemset
     00005530  _SMS_VRAMmemsetW                   SMSlib_VRAMmemset
     00005543  _SMS_initSprites                   SMSlib_sprite
     00005549  _SMS_addSprite_f                   SMSlib_sprite
     00005574  _SMS_copySpritestoSAT              SMSlib_sprite
     000055A8  __mulint                           
     000055AA  __mul16                            
     000055BF  ___sdcc_call_hl                    
     000055C0  _SMS_debugPrintf                   SMSlib_debug
     000055D0  _UNSAFE_SMS_copySpritestoSAT       SMSlib_UNSAFE
     00005617  _UNSAFE_SMS_VRAMmemcpy32           SMSlib_UNSAFE
     00005620  _UNSAFE_SMS_VRAMmemcpy64           SMSlib_UNSAFE
     00005629  _UNSAFE_SMS_VRAMmemcpy128          SMSlib_UNSAFE
     00005632  _SMS_VRAMmemcpy                    SMSlib_VRAMmemcpy
     00005649  ___sdcc_call_iy                    
     0000564B  _SMS_autoSetUpTextRenderer         SMSlib_autotext
     0000567A  _devkitSMS_font__tiles__1bpp       SMSlib_autotext
     0000597A  _SMS_loadTileMapColumnatAddr       SMSlib_loadTileMapColumn
     0000599A  _SMS_load1bppTiles                 SMSlib_load1bppTiles
     000059FC  _SMS_configureTextRenderer         SMSlib_textrenderer
     00005A00  _putchar                           SMSlib_textrenderer

ASxxxx Linker V03.00/V05.40 + sdld,  page 8.
Hexadecimal  [32-Bits]

Area                                    Addr        Size        Decimal Bytes (Attributes)
--------------------------------        ----        ----        ------- ----- ------------
_HEADER0                            00000000    00000008 =           8. bytes (ABS,CON)

      Value  Global                              Global Defined In Module
      -----  --------------------------------   ------------------------
ASxxxx Linker V03.00/V05.40 + sdld,  page 9.
Hexadecimal  [32-Bits]

Area                                    Addr        Size        Decimal Bytes (Attributes)
--------------------------------        ----        ----        ------- ----- ------------
_HEADER1                            00000000    00000009 =           9. bytes (ABS,CON)

      Value  Global                              Global Defined In Module
      -----  --------------------------------   ------------------------
     00000008  _SMS_crt0_RST08                    crt0

ASxxxx Linker V03.00/V05.40 + sdld,  page 10.
Hexadecimal  [32-Bits]

Area                                    Addr        Size        Decimal Bytes (Attributes)
--------------------------------        ----        ----        ------- ----- ------------
_HEADER2                            00000000    0000001F =          31. bytes (ABS,CON)

      Value  Global                              Global Defined In Module
      -----  --------------------------------   ------------------------
     00000018  _SMS_crt0_RST18                    crt0
     0000002F  get_bank                           crt0
     00000033  set_bank                           crt0
ASxxxx Linker V03.00/V05.40 + sdld,  page 11.
Hexadecimal  [32-Bits]

Area                                    Addr        Size        Decimal Bytes (Attributes)
--------------------------------        ----        ----        ------- ----- ------------
_HEADER3                            00000000    0000002B =          43. bytes (ABS,CON)

      Value  Global                              Global Defined In Module
      -----  --------------------------------   ------------------------
ASxxxx Linker V03.00/V05.40 + sdld,  page 12.
Hexadecimal  [32-Bits]

Area                                    Addr        Size        Decimal Bytes (Attributes)
--------------------------------        ----        ----        ------- ----- ------------
_HEADER4                            00000000    00000104 =         260. bytes (ABS,CON)

      Value  Global                              Global Defined In Module
      -----  --------------------------------   ------------------------
     00000069  _OUTI128                           crt0
     000000E9  _OUTI64                            crt0
     00000129  _OUTI32                            crt0
     00000169  _outi_block                        crt0

ASxxxx Linker V03.00/V05.40 + sdld,  page 13.
Hexadecimal  [32-Bits]

Area                                    Addr        Size        Decimal Bytes (Attributes)
--------------------------------        ----        ----        ------- ----- ------------
_INITIALIZER                        00005A08    0000002E =          46. bytes (REL,CON)

      Value  Global                              Global Defined In Module
      -----  --------------------------------   ------------------------
ASxxxx Linker V03.00/V05.40 + sdld,  page 14.
Hexadecimal  [32-Bits]

Area                                    Addr        Size        Decimal Bytes (Attributes)
--------------------------------        ----        ----        ------- ----- ------------
_GSINIT                             00005A36    0000000F =          15. bytes (REL,CON)

      Value  Global                              Global Defined In Module
      -----  --------------------------------   ------------------------
     00005A36  gsinit                             crt0

ASxxxx Linker V03.00/V05.40 + sdld,  page 15.
Hexadecimal  [32-Bits]

Area                                    Addr        Size        Decimal Bytes (Attributes)
--------------------------------        ----        ----        ------- ----- ------------
_GSFINAL                            00005A45    00000001 =           1. bytes (REL,CON)

      Value  Global                              Global Defined In Module
      -----  --------------------------------   ------------------------
ASxxxx Linker V03.00/V05.40 + sdld,  page 16.
Hexadecimal  [32-Bits]

Area                                    Addr        Size        Decimal Bytes (Attributes)
--------------------------------        ----        ----        ------- ----- ------------
_DATA                               0000C000    0000172B =        5931. bytes (REL,CON)

      Value  Global                              Global Defined In Module
      -----  --------------------------------   ------------------------
     0000C000  _PSGMusicStatus                    PSGlib
     0000C001  _PSGMusicStart                     PSGlib
     0000C003  _PSGMusicPointer                   PSGlib
     0000C005  _PSGMusicLoopPoint                 PSGlib
     0000C007  _PSGMusicSkipFrames                PSGlib
     0000C008  _PSGLoopFlag                       PSGlib
     0000C009  _PSGLoopCounter                    PSGlib
     0000C00A  _PSGMusicLastLatch                 PSGlib
     0000C00B  _PSGMusicVolumeAttenuation         PSGlib
     0000C00C  _PSGMusicSubstringLen              PSGlib
     0000C00D  _PSGMusicSubstringRetAddr          PSGlib
     0000C00F  _PSGChan0Volume                    PSGlib
     0000C010  _PSGChan1Volume                    PSGlib
     0000C011  _PSGChan2Volume                    PSGlib
     0000C012  _PSGChan3Volume                    PSGlib
     0000C013  _PSGChan2LowTone                   PSGlib
     0000C014  _PSGChan2HighTone                  PSGlib
     0000C015  _PSGChan3LowTone                   PSGlib
     0000C016  _PSGChannel2SFX                    PSGlib
     0000C017  _PSGChannel3SFX                    PSGlib
     0000C018  _PSGSFXChan2Volume                 PSGlib
     0000C019  _PSGSFXChan3Volume                 PSGlib
     0000C01A  _PSGSFXStatus                      PSGlib
     0000C01B  _PSGSFXStart                       PSGlib
     0000C01D  _PSGSFXPointer                     PSGlib
     0000C01F  _PSGSFXLoopPoint                   PSGlib
     0000C021  _PSGSFXSkipFrames                  PSGlib
     0000C022  _PSGSFXLoopFlag                    PSGlib
     0000C023  _PSGSFXSubstringLen                PSGlib
     0000C024  _PSGSFXSubstringRetAddr            PSGlib
     0000C026  _redChannel                        color_tweaker
     0000C036  _greenChannel                      color_tweaker
     0000C046  _blueChannel                       color_tweaker
     0000C056  _palette                           color_tweaker
     0000C066  _playerX                           player
     0000C068  _playerY                           player
     0000C06A  _playerSpeedX                      player
     0000C06C  _playerSpeedY                      player
     0000C06E  _playerState                       player
     0000C06F  _jumpPressCounter                  player
     0000C071  _jumpWhenLanding                   player
     0000C072  _canStillJumpFrames                player
     0000C073  _isPlayerShooting                  player
     0000C074  _player_SubUpdate                  player
     0000C076  _columnToUpdate                    right_scroller
     0000C078  _terrainColumnToUpdate             right_scroller
     0000C079  _CommandManager_commandRunnerObj   command_manager
     0000C0A7  _CommandManager_currentCommand     command_manager
     0000C0A9  _CommandRunner_counter             command_manager
     0000C0AB  _DrawUtils_spriteCounter           draw_utils
ASxxxx Linker V03.00/V05.40 + sdld,  page 17.
Hexadecimal  [32-Bits]

Area                                    Addr        Size        Decimal Bytes (Attributes)
--------------------------------        ----        ----        ------- ----- ------------
_DATA                               0000C000    0000172B =        5931. bytes (REL,CON)

      Value  Global                              Global Defined In Module
      -----  --------------------------------   ------------------------
     0000C0AC  _DrawUtils_currentSpriteStrips     draw_utils
     0000C0AE  _DrawUtils_vdpTileIndex            draw_utils
     0000C0AF  _DrawUtils_screenX                 draw_utils
     0000C0B1  _DrawUtils_screenY                 draw_utils
     0000C0B3  _DrawUtils_spritesDrawn            draw_utils
     0000C0B4  _x                                 draw_utils
     0000C0B5  _y                                 draw_utils
     0000C0B6  _buffer                            draw_utils
     0000C0B8  _bufferWidth                       draw_utils
     0000C0B9  _bufferHeight                      draw_utils
     0000C0BA  _vdpOffset                         draw_utils
     0000C0BC  _JoystickManager_buttonState       joystick_manager
     0000C0BE  _JoystickManager_buttonsPressed    joystick_manager
     0000C0C0  _JoystickManager_buttonsReleased   joystick_manager
     0000C0C2  _MapManager_numTilesets            map_manager
     0000C0C3  _MapManager_metatileLuts           map_manager
     0000C0D3  _MapManager_metatileLutsData       map_manager
     0000D0D3  _MapManager_metatileLutsDataSize   map_manager
     0000D0D5  _MapManager_tilesets               map_manager
     0000D135  _MapManager_tilesetVdpLocations    map_manager
     0000D145  _MapManager_tilesetFunctions       map_manager
     0000D155  _MapManager_tilesetGameObjectTem   map_manager
     0000D165  _MapManager_mapWidth               map_manager
     0000D167  _MapManager_mapHeight              map_manager
     0000D169  _MapManager_mapData                map_manager
     0000D16B  _MapManager_mapResourceInfo        map_manager
     0000D16D  _ObjectManager_player              object_manager
     0000D19B  _ObjectManager_projectileSlots     object_manager
     0000D225  _ObjectManager_enemySlots          object_manager
     0000D395  _ObjectManager_effectSlots         object_manager
     0000D505  _ObjectManager_numEffects          object_manager
     0000D506  _ObjectManager_activeProjectiles   object_manager
     0000D50C  _ObjectManager_activeProjectiles   object_manager
     0000D50D  _ObjectManager_currentEnemyIndex   object_manager
     0000D50E  _ObjectManager_vdpDrawGameObject   object_manager
     0000D51E  _ObjectManager_vdpDrawFunctions    object_manager
     0000D52E  _ObjectManager_numVdpDrawItems     object_manager
     0000D52F  _ResourceManager_loadFunctions     resource_manager
     0000D53F  _ResourceManager_setupFunctions    resource_manager
     0000D54F  _ScrollManager_horizontalScrollL   scroll_manager
     0000D551  _ScrollManager_columnBuffer        scroll_manager
     0000D581  _ScrollUtils_mapColumnToBuild      scroll_utils
     0000D583  _TerrainManager_terrain            terrain_manager
     0000D643  _VDPTileManager_spriteTileLocati   vdptile_manager
     0000D645  _VDPTileManager_backgroundTileLo   vdptile_manager
     0000D647  _bulletVdpLocation                 bullet
     0000D648  _colorTweakerVdpLocation           colorTweaker
     0000D649  _colorTweakerCursorVdpLocation     colorTweakerCursor
     0000D64A  _explosionVdpLocation              explosion
     0000D64B  _gun_girlVdpLocation               gun_girl
     0000D64C  _impactVdpLocation                 impact
ASxxxx Linker V03.00/V05.40 + sdld,  page 18.
Hexadecimal  [32-Bits]

Area                                    Addr        Size        Decimal Bytes (Attributes)
--------------------------------        ----        ----        ------- ----- ------------
_DATA                               0000C000    0000172B =        5931. bytes (REL,CON)

      Value  Global                              Global Defined In Module
      -----  --------------------------------   ------------------------
     0000D64D  _kunaiVdpLocation                  kunai
     0000D64E  _robotrunnerVdpLocation            robotrunner
     0000D64F  _robotspringVdpLocation            robotspring
     0000D650  _rock_particleVdpLocation          rock_particle
     0000D651  _test_blockVdpLocation             test_block
     0000D652  _walkerVdpLocation                 walker
     0000D653  _walker_bigVdpLocation             walker_big
     0000D654  _walker_smallVdpLocation           walker_small
     0000D655  _waterfallVdpLocation              waterfall
     0000D656  _background3_tilesetVdpLocation    background3_tileset
     0000D658  _breakable_rock_tilesetVdpLocati   breakable_rock_tileset
     0000D65A  _waterfall_tilesetVdpLocation      waterfall_tileset
     0000D65C  _VDPBlank                          SMSlib
     0000D65D  _SMS_VDPFlags                      SMSlib
     0000D65E  _PauseRequested                    SMSlib
     0000D65F  _SMS_Port3EBIOSvalue               SMSlib
     0000D660  _SMS_theFrameInterruptHandler      SMSlib
     0000D662  _KeysStatus                        SMSlib
     0000D664  _PreviousKeysStatus                SMSlib
     0000D666  _SMS_theLineInterruptHandler       SMSlib
     0000D668  _SpriteTableY                      SMSlib_sprite
     0000D6A8  _SpriteTableXN                     SMSlib_sprite
     0000D728  _SpriteNextFree                    SMSlib_sprite
     0000D729  _SMS_TextRenderer_offset           SMSlib_textrenderer

ASxxxx Linker V03.00/V05.40 + sdld,  page 19.
Hexadecimal  [32-Bits]

Area                                    Addr        Size        Decimal Bytes (Attributes)
--------------------------------        ----        ----        ------- ----- ------------
_INITIALIZED                        0000D72B    0000002E =          46. bytes (REL,CON)

      Value  Global                              Global Defined In Module
      -----  --------------------------------   ------------------------
     0000D72B  _colortweaker_templateExtraResou   colortweaker_template
     0000D72F  _updateAnimationStream             player
     0000D730  _oldBottomTileTypeLeft             player
     0000D732  _oldBottomTileTypeRight            player
     0000D734  _oldBlockY                         player
     0000D736  _drawSprite                        draw_utils
     0000D740  _ObjectManager_objectId            object_manager
     0000D741  _projectileFlicker                 object_manager
     0000D742  _ResourceManager_onResourceLoade   resource_manager
     0000D744  _ScrollManager_Update              scroll_manager
     0000D746  _ScrollManager_UpdateVDP           scroll_manager
     0000D748  _ScrollManager_horizontalScroll    scroll_manager
     0000D74A  _ScrollManager_vdpHorizontalScro   scroll_manager
     0000D74B  _ScrollManager_verticalScroll      scroll_manager
     0000D74D  _ScrollManager_updateMapVDP        scroll_manager
     0000D74E  _background3_tilesetResourceInfo   background3
     0000D750  _background3_test_tilesetResourc   background3_test
     0000D752  _waterfall_tilesetResourceInfos    waterfall
     0000D754  _VDPReg                            SMSlib
     0000D756  _spritesHeight                     SMSlib
     0000D757  _spritesWidth                      SMSlib
     0000D758  _spritesTileOffset                 SMSlib

ASxxxx Linker V03.00/V05.40 + sdld,  page 20.
Hexadecimal  [32-Bits]

Area                                    Addr        Size        Decimal Bytes (Attributes)
--------------------------------        ----        ----        ------- ----- ------------
_CABS0                              00000000    00000010 =          16. bytes (ABS,CON)

      Value  Global                              Global Defined In Module
      -----  --------------------------------   ------------------------
     00007FF0  ___SMS__SEGA_signature             main

ASxxxx Linker V03.00/V05.40 + sdld,  page 21.
Hexadecimal  [32-Bits]

Area                                    Addr        Size        Decimal Bytes (Attributes)
--------------------------------        ----        ----        ------- ----- ------------
_CABS1                              00000000    00000003 =           3. bytes (ABS,CON)

      Value  Global                              Global Defined In Module
      -----  --------------------------------   ------------------------
     00007FDD  ___SMS__SDSC_author                main

ASxxxx Linker V03.00/V05.40 + sdld,  page 22.
Hexadecimal  [32-Bits]

Area                                    Addr        Size        Decimal Bytes (Attributes)
--------------------------------        ----        ----        ------- ----- ------------
_CABS2                              00000000    00000010 =          16. bytes (ABS,CON)

      Value  Global                              Global Defined In Module
      -----  --------------------------------   ------------------------
     00007FCD  ___SMS__SDSC_name                  main

ASxxxx Linker V03.00/V05.40 + sdld,  page 23.
Hexadecimal  [32-Bits]

Area                                    Addr        Size        Decimal Bytes (Attributes)
--------------------------------        ----        ----        ------- ----- ------------
_CABS3                              00000000    0000002B =          43. bytes (ABS,CON)

      Value  Global                              Global Defined In Module
      -----  --------------------------------   ------------------------
     00007FA2  ___SMS__SDSC_descr                 main

ASxxxx Linker V03.00/V05.40 + sdld,  page 24.
Hexadecimal  [32-Bits]

Area                                    Addr        Size        Decimal Bytes (Attributes)
--------------------------------        ----        ----        ------- ----- ------------
_CABS4                              00000000    00000010 =          16. bytes (ABS,CON)

      Value  Global                              Global Defined In Module
      -----  --------------------------------   ------------------------
     00007FE0  ___SMS__SDSC_signature             main

ASxxxx Linker V03.00/V05.40 + sdld,  page 25.
Hexadecimal  [32-Bits]

Area                                    Addr        Size        Decimal Bytes (Attributes)
--------------------------------        ----        ----        ------- ----- ------------
_BANK2                              00008000    000034EA =       13546. bytes (REL,CON)

      Value  Global                              Global Defined In Module
      -----  --------------------------------   ------------------------
     00008000  _bulletTileData                    bullet
     00008040  _bulletFrame0SpriteStrips          bullet
     00008048  _bulletFrame0                      bullet
     0000804D  _bulletFrames                      bullet
     0000804F  _bullet                            bullet
     0000805B  _colorTweakerTileData              colorTweaker
     000084DB  _colorTweakerFrame0SpriteStrips    colorTweaker
     000084EB  _colorTweakerFrame1SpriteStrips    colorTweaker
     000084FB  _colorTweakerFrame2SpriteStrips    colorTweaker
     0000850B  _colorTweakerFrame3SpriteStrips    colorTweaker
     0000851B  _colorTweakerFrame4SpriteStrips    colorTweaker
     0000852B  _colorTweakerFrame5SpriteStrips    colorTweaker
     0000853B  _colorTweakerFrame6SpriteStrips    colorTweaker
     0000854B  _colorTweakerFrame7SpriteStrips    colorTweaker
     0000855B  _colorTweakerFrame8SpriteStrips    colorTweaker
     0000856B  _colorTweakerFrame9SpriteStrips    colorTweaker
     0000857B  _colorTweakerFrame10SpriteStrips   colorTweaker
     0000858B  _colorTweakerFrame11SpriteStrips   colorTweaker
     0000859B  _colorTweakerFrame12SpriteStrips   colorTweaker
     000085AB  _colorTweakerFrame13SpriteStrips   colorTweaker
     000085BB  _colorTweakerFrame14SpriteStrips   colorTweaker
     000085CB  _colorTweakerFrame15SpriteStrips   colorTweaker
     000085DB  _colorTweakerFrame0                colorTweaker
     000085E0  _colorTweakerFrame1                colorTweaker
     000085E5  _colorTweakerFrame2                colorTweaker
     000085EA  _colorTweakerFrame3                colorTweaker
     000085EF  _colorTweakerFrame4                colorTweaker
     000085F4  _colorTweakerFrame5                colorTweaker
     000085F9  _colorTweakerFrame6                colorTweaker
     000085FE  _colorTweakerFrame7                colorTweaker
     00008603  _colorTweakerFrame8                colorTweaker
     00008608  _colorTweakerFrame9                colorTweaker
     0000860D  _colorTweakerFrame10               colorTweaker
     00008612  _colorTweakerFrame11               colorTweaker
     00008617  _colorTweakerFrame12               colorTweaker
     0000861C  _colorTweakerFrame13               colorTweaker
     00008621  _colorTweakerFrame14               colorTweaker
     00008626  _colorTweakerFrame15               colorTweaker
     0000862B  _colorTweakerFrames                colorTweaker
     0000864B  _colorTweaker                      colorTweaker
     00008657  _colorTweakerCursorTileData        colorTweakerCursor
     00008797  _colorTweakerCursorFrame0SpriteS   colorTweakerCursor
     0000879F  _colorTweakerCursorFrame1SpriteS   colorTweakerCursor
     000087A7  _colorTweakerCursorFrame2SpriteS   colorTweakerCursor
     000087AF  _colorTweakerCursorFrame3SpriteS   colorTweakerCursor
     000087B7  _colorTweakerCursorFrame4SpriteS   colorTweakerCursor
     000087BF  _colorTweakerCursorFrame0          colorTweakerCursor
     000087C4  _colorTweakerCursorFrame1          colorTweakerCursor
     000087C9  _colorTweakerCursorFrame2          colorTweakerCursor
     000087CE  _colorTweakerCursorFrame3          colorTweakerCursor
ASxxxx Linker V03.00/V05.40 + sdld,  page 26.
Hexadecimal  [32-Bits]

Area                                    Addr        Size        Decimal Bytes (Attributes)
--------------------------------        ----        ----        ------- ----- ------------
_BANK2                              00008000    000034EA =       13546. bytes (REL,CON)

      Value  Global                              Global Defined In Module
      -----  --------------------------------   ------------------------
     000087D3  _colorTweakerCursorFrame4          colorTweakerCursor
     000087D8  _colorTweakerCursorFrames          colorTweakerCursor
     000087E2  _colorTweakerCursor                colorTweakerCursor
     000087EE  _explosionTileData                 explosion
     00008C6E  _explosionFrame0SpriteStrips       explosion
     00008C76  _explosionFrame1SpriteStrips       explosion
     00008C82  _explosionFrame2SpriteStrips       explosion
     00008C8E  _explosionFrame0                   explosion
     00008C93  _explosionFrame1                   explosion
     00008C98  _explosionFrame2                   explosion
     00008C9D  _explosionFrames                   explosion
     00008CA3  _explosion                         explosion
     00008CAF  _gun_girlTileData                  gun_girl
     000098AF  _gun_girlFrame0SpriteStrips        gun_girl
     000098BB  _gun_girlFrame1SpriteStrips        gun_girl
     000098C7  _gun_girlFrame2SpriteStrips        gun_girl
     000098D3  _gun_girlFrame3SpriteStrips        gun_girl
     000098DF  _gun_girlFrame4SpriteStrips        gun_girl
     000098EB  _gun_girlFrame5SpriteStrips        gun_girl
     000098F7  _gun_girlFrame6SpriteStrips        gun_girl
     00009903  _gun_girlFrame7SpriteStrips        gun_girl
     0000990F  _gun_girlFrame8SpriteStrips        gun_girl
     0000991B  _gun_girlFrame9SpriteStrips        gun_girl
     00009927  _gun_girlFrame10SpriteStrips       gun_girl
     00009933  _gun_girlFrame11SpriteStrips       gun_girl
     0000993F  _gun_girlFrame12SpriteStrips       gun_girl
     0000994B  _gun_girlFrame13SpriteStrips       gun_girl
     00009957  _gun_girlFrame14SpriteStrips       gun_girl
     00009963  _gun_girlFrame15SpriteStrips       gun_girl
     0000996F  _gun_girlFrame16SpriteStrips       gun_girl
     0000997B  _gun_girlFrame17SpriteStrips       gun_girl
     00009987  _gun_girlFrame18SpriteStrips       gun_girl
     00009993  _gun_girlFrame19SpriteStrips       gun_girl
     0000999F  _gun_girlFrame20SpriteStrips       gun_girl
     000099AB  _gun_girlFrame21SpriteStrips       gun_girl
     000099B7  _gun_girlFrame22SpriteStrips       gun_girl
     000099C3  _gun_girlFrame23SpriteStrips       gun_girl
     000099CF  _gun_girlFrame24SpriteStrips       gun_girl
     000099DB  _gun_girlFrame25SpriteStrips       gun_girl
     000099E7  _gun_girlFrame26SpriteStrips       gun_girl
     000099F3  _gun_girlFrame27SpriteStrips       gun_girl
     000099FF  _gun_girlFrame0                    gun_girl
     00009A04  _gun_girlFrame1                    gun_girl
     00009A09  _gun_girlFrame2                    gun_girl
     00009A0E  _gun_girlFrame3                    gun_girl
     00009A13  _gun_girlFrame4                    gun_girl
     00009A18  _gun_girlFrame5                    gun_girl
     00009A1D  _gun_girlFrame6                    gun_girl
     00009A22  _gun_girlFrame7                    gun_girl
     00009A27  _gun_girlFrame8                    gun_girl
     00009A2C  _gun_girlFrame9                    gun_girl
ASxxxx Linker V03.00/V05.40 + sdld,  page 27.
Hexadecimal  [32-Bits]

Area                                    Addr        Size        Decimal Bytes (Attributes)
--------------------------------        ----        ----        ------- ----- ------------
_BANK2                              00008000    000034EA =       13546. bytes (REL,CON)

      Value  Global                              Global Defined In Module
      -----  --------------------------------   ------------------------
     00009A31  _gun_girlFrame10                   gun_girl
     00009A36  _gun_girlFrame11                   gun_girl
     00009A3B  _gun_girlFrame12                   gun_girl
     00009A40  _gun_girlFrame13                   gun_girl
     00009A45  _gun_girlFrame14                   gun_girl
     00009A4A  _gun_girlFrame15                   gun_girl
     00009A4F  _gun_girlFrame16                   gun_girl
     00009A54  _gun_girlFrame17                   gun_girl
     00009A59  _gun_girlFrame18                   gun_girl
     00009A5E  _gun_girlFrame19                   gun_girl
     00009A63  _gun_girlFrame20                   gun_girl
     00009A68  _gun_girlFrame21                   gun_girl
     00009A6D  _gun_girlFrame22                   gun_girl
     00009A72  _gun_girlFrame23                   gun_girl
     00009A77  _gun_girlFrame24                   gun_girl
     00009A7C  _gun_girlFrame25                   gun_girl
     00009A81  _gun_girlFrame26                   gun_girl
     00009A86  _gun_girlFrame27                   gun_girl
     00009A8B  _gun_girlFrames                    gun_girl
     00009AC3  _gun_girl                          gun_girl
     00009ACF  _impactTileData                    impact
     00009C0F  _impactFrame0SpriteStrips          impact
     00009C17  _impactFrame1SpriteStrips          impact
     00009C1F  _impactFrame2SpriteStrips          impact
     00009C27  _impactFrame0                      impact
     00009C2C  _impactFrame1                      impact
     00009C31  _impactFrame2                      impact
     00009C36  _impactFrames                      impact
     00009C3C  _impact                            impact
     00009C48  _kunaiTileData                     kunai
     00009EC8  _kunaiFrame0SpriteStrips           kunai
     00009ED0  _kunaiFrame1SpriteStrips           kunai
     00009ED8  _kunaiFrame2SpriteStrips           kunai
     00009EE0  _kunaiFrame3SpriteStrips           kunai
     00009EE8  _kunaiFrame4SpriteStrips           kunai
     00009EF0  _kunaiFrame5SpriteStrips           kunai
     00009EF8  _kunaiFrame6SpriteStrips           kunai
     00009F00  _kunaiFrame7SpriteStrips           kunai
     00009F08  _kunaiFrame0                       kunai
     00009F0D  _kunaiFrame1                       kunai
     00009F12  _kunaiFrame2                       kunai
     00009F17  _kunaiFrame3                       kunai
     00009F1C  _kunaiFrame4                       kunai
     00009F21  _kunaiFrame5                       kunai
     00009F26  _kunaiFrame6                       kunai
     00009F2B  _kunaiFrame7                       kunai
     00009F30  _kunaiFrames                       kunai
     00009F40  _kunai                             kunai
     00009F4C  _robotrunnerTileData               robotrunner
     0000A34C  _robotrunnerFrame0SpriteStrips     robotrunner
     0000A358  _robotrunnerFrame1SpriteStrips     robotrunner
ASxxxx Linker V03.00/V05.40 + sdld,  page 28.
Hexadecimal  [32-Bits]

Area                                    Addr        Size        Decimal Bytes (Attributes)
--------------------------------        ----        ----        ------- ----- ------------
_BANK2                              00008000    000034EA =       13546. bytes (REL,CON)

      Value  Global                              Global Defined In Module
      -----  --------------------------------   ------------------------
     0000A364  _robotrunnerFrame2SpriteStrips     robotrunner
     0000A370  _robotrunnerFrame3SpriteStrips     robotrunner
     0000A37C  _robotrunnerFrame0                 robotrunner
     0000A381  _robotrunnerFrame1                 robotrunner
     0000A386  _robotrunnerFrame2                 robotrunner
     0000A38B  _robotrunnerFrame3                 robotrunner
     0000A390  _robotrunnerFrames                 robotrunner
     0000A398  _robotrunner                       robotrunner
     0000A3A4  _robotspringTileData               robotspring
     0000A5A4  _robotspringFrame0SpriteStrips     robotspring
     0000A5B0  _robotspringFrame1SpriteStrips     robotspring
     0000A5BC  _robotspringFrame2SpriteStrips     robotspring
     0000A5C8  _robotspringFrame0                 robotspring
     0000A5CD  _robotspringFrame1                 robotspring
     0000A5D2  _robotspringFrame2                 robotspring
     0000A5D7  _robotspringFrames                 robotspring
     0000A5DD  _robotspring                       robotspring
     0000A5E9  _rock_particleTileData             rock_particle
     0000A6E9  _rock_particleFrame0SpriteStrips   rock_particle
     0000A6F1  _rock_particleFrame1SpriteStrips   rock_particle
     0000A6F9  _rock_particleFrame2SpriteStrips   rock_particle
     0000A701  _rock_particleFrame3SpriteStrips   rock_particle
     0000A709  _rock_particleFrame0               rock_particle
     0000A70E  _rock_particleFrame1               rock_particle
     0000A713  _rock_particleFrame2               rock_particle
     0000A718  _rock_particleFrame3               rock_particle
     0000A71D  _rock_particleFrames               rock_particle
     0000A725  _rock_particle                     rock_particle
     0000A731  _test_blockTileData                test_block
     0000A831  _test_blockFrame0SpriteStrips      test_block
     0000A83D  _test_blockFrame0                  test_block
     0000A842  _test_blockFrames                  test_block
     0000A844  _test_block                        test_block
     0000A850  _walkerTileData                    walker
     0000A950  _walkerFrame0SpriteStrips          walker
     0000A958  _walkerFrame1SpriteStrips          walker
     0000A960  _walkerFrame0                      walker
     0000A965  _walkerFrame1                      walker
     0000A96A  _walkerFrames                      walker
     0000A96E  _walker                            walker
     0000A97A  _walker_bigTileData                walker_big
     0000B17A  _walker_bigFrame0SpriteStrips      walker_big
     0000B186  _walker_bigFrame1SpriteStrips      walker_big
     0000B192  _walker_bigFrame2SpriteStrips      walker_big
     0000B19E  _walker_bigFrame3SpriteStrips      walker_big
     0000B1AA  _walker_bigFrame4SpriteStrips      walker_big
     0000B1B6  _walker_bigFrame5SpriteStrips      walker_big
     0000B1C2  _walker_bigFrame6SpriteStrips      walker_big
     0000B1CE  _walker_bigFrame7SpriteStrips      walker_big
     0000B1DA  _walker_bigFrame0                  walker_big
     0000B1DF  _walker_bigFrame1                  walker_big
ASxxxx Linker V03.00/V05.40 + sdld,  page 29.
Hexadecimal  [32-Bits]

Area                                    Addr        Size        Decimal Bytes (Attributes)
--------------------------------        ----        ----        ------- ----- ------------
_BANK2                              00008000    000034EA =       13546. bytes (REL,CON)

      Value  Global                              Global Defined In Module
      -----  --------------------------------   ------------------------
     0000B1E4  _walker_bigFrame2                  walker_big
     0000B1E9  _walker_bigFrame3                  walker_big
     0000B1EE  _walker_bigFrame4                  walker_big
     0000B1F3  _walker_bigFrame5                  walker_big
     0000B1F8  _walker_bigFrame6                  walker_big
     0000B1FD  _walker_bigFrame7                  walker_big
     0000B202  _walker_bigFrames                  walker_big
     0000B212  _walker_big                        walker_big
     0000B21E  _walker_smallTileData              walker_small
     0000B29E  _walker_smallFrame0SpriteStrips    walker_small
     0000B2A6  _walker_smallFrame1SpriteStrips    walker_small
     0000B2AE  _walker_smallFrame0                walker_small
     0000B2B3  _walker_smallFrame1                walker_small
     0000B2B8  _walker_smallFrames                walker_small
     0000B2BC  _walker_small                      walker_small
     0000B2C8  _waterfallTileData                 waterfall
     0000B4C8  _waterfallFrame0                   waterfall
     0000B4CC  _waterfallFrame1                   waterfall
     0000B4D0  _waterfallFrame2                   waterfall
     0000B4D4  _waterfallFrame3                   waterfall
     0000B4D8  _waterfallFrames                   waterfall
     0000B4E0  _waterfall                         waterfall
ASxxxx Linker V03.00/V05.40 + sdld,  page 30.
Hexadecimal  [32-Bits]

Area                                    Addr        Size        Decimal Bytes (Attributes)
--------------------------------        ----        ----        ------- ----- ------------
_BANK3                              00008000    000021CC =        8652. bytes (REL,CON)

      Value  Global                              Global Defined In Module
      -----  --------------------------------   ------------------------
     00008000  _background3_tileset_metatiles     background3_tileset
     00008410  _background3_tileset_tiles         background3_tileset
     0000A090  _background3_tileset               background3_tileset
     0000A09C  _breakable_rock_tileset_metatile   breakable_rock_tileset
     0000A0A4  _breakable_rock_tileset_tiles      breakable_rock_tileset
     0000A124  _breakable_rock_tileset            breakable_rock_tileset
     0000A130  _waterfall_tileset_metatiles       waterfall_tileset
     0000A140  _waterfall_tileset_tiles           waterfall_tileset
     0000A1C0  _waterfall_tileset                 waterfall_tileset
ASxxxx Linker V03.00/V05.40 + sdld,  page 31.
Hexadecimal  [32-Bits]

Area                                    Addr        Size        Decimal Bytes (Attributes)
--------------------------------        ----        ----        ------- ----- ------------
_BANK4                              00008000    000008E2 =        2274. bytes (REL,CON)

      Value  Global                              Global Defined In Module
      -----  --------------------------------   ------------------------
     00008000  _background3_metatile_map          background3
     00008460  _background3_map                   background3
     0000846A  _background3_test_metatile_map     background3_test
     000088CA  _background3_test_map              background3_test
     000088D4  _waterfall_metatile_map            waterfall
     000088D8  _waterfall_map                     waterfall
ASxxxx Linker V03.00/V05.40 + sdld,  page 32.

Files Linked                              [ module(s) ]

..\..\..\devkitSMS-master\/crt0/crt0_sms.rel
                                          [ crt0 ]
..\..\..\devkitSMS-master\/PSGlib//PSGlib.rel
                                          [ PSGlib ]
out\source\client\generated\gameobjecttemplates\bullet_template.rel
                                          [ bullet_template ]
out\source\client\generated\gameobjecttemplates\colortweaker_template.rel
                                          [ colortweaker_template ]
out\source\client\generated\gameobjecttemplates\commandrunner_rightscroll_template.rel
                                          [ commandrunner_rightscroll_templa ]
out\source\client\generated\gameobjecttemplates\explosion_template.rel
                                          [ explosion_template ]
out\source\client\generated\gameobjecttemplates\gun_girl_template.rel
                                          [ gun_girl_template ]
out\source\client\generated\gameobjecttemplates\impact_template.rel
                                          [ impact_template ]
out\source\client\generated\gameobjecttemplates\kunai_template.rel
                                          [ kunai_template ]
out\source\client\generated\gameobjecttemplates\robotrunner_template.rel
                                          [ robotrunner_template ]
out\source\client\generated\gameobjecttemplates\robotspring_template.rel
                                          [ robotspring_template ]
out\source\client\generated\gameobjecttemplates\rock_particle_template.rel
                                          [ rock_particle_template ]
out\source\client\generated\gameobjecttemplates\test_block_template.rel
                                          [ test_block_template ]
out\source\client\generated\gameobjecttemplates\walker_big_template.rel
                                          [ walker_big_template ]
out\source\client\generated\gameobjecttemplates\walker_small_template.rel
                                          [ walker_small_template ]
out\source\client\generated\gameobjecttemplates\walker_template.rel
                                          [ walker_template ]
out\source\client\exported\scenes\scene003.rel
                                          [ scene003 ]
out\source\client\exported\palettes\globalPalette.rel
                                          [ globalPalette ]
out\source\client\main.rel                [ main ]
out\source\client\tileset_functions.rel   [ tileset_functions ]
out\source\client\exported\sceneMasterTemp.rel
                                          [ sceneMasterTemp ]
out\source\client\generated\bank2.rel     [ bank2 ]
out\source\client\generated\resource_infos.rel
                                          [ resource_infos ]
out\source\client\objects\basic_effect.rel
                                          [ basic_effect ]
out\source\client\objects\bird.rel        [ bird ]
out\source\client\objects\bullet.rel      [ bullet ]
out\source\client\objects\color_tweaker.rel
                                          [ color_tweaker ]
out\source\client\objects\commandrunner_rightscroll.rel
                                          [ commandrunner_rightscroll ]
out\source\client\objects\enemy.rel       [ enemy ]
out\source\client\objects\kunai.rel       [ kunai ]
out\source\client\objects\on_resource_loaded_callback.rel
                                          [ on_resource_loaded_callback ]
out\source\client\objects\particle_effect.rel
                                          [ particle_effect ]
out\source\client\objects\player.rel      [ player ]
out\source\client\objects\right_scroller.rel
                                          [ right_scroller ]
out\source\client\objects\tile_animator.rel
                                          [ tile_animator ]
out\source\engine\animation_utils.rel     [ animation_utils ]
out\source\engine\commandrunner_runall.rel
                                          [ commandrunner_runall ]
out\source\engine\command_manager.rel     [ command_manager ]
out\source\engine\command_types.rel       [ command_types ]
out\source\engine\draw_utils.rel          [ draw_utils ]
out\source\engine\joystick_manager.rel    [ joystick_manager ]
out\source\engine\map_load.rel            [ map_load ]
out\source\engine\map_manager.rel         [ map_manager ]
out\source\engine\map_types.rel           [ map_types ]
out\source\engine\object_manager.rel      [ object_manager ]
out\source\engine\object_utils.rel        [ object_utils ]
out\source\engine\resource_manager.rel    [ resource_manager ]
out\source\engine\scene_manager.rel       [ scene_manager ]
out\source\engine\scroll_manager.rel      [ scroll_manager ]
out\source\engine\scroll_utils.rel        [ scroll_utils ]
out\source\engine\terrain_manager.rel     [ terrain_manager ]
out\source\engine\vdptile_manager.rel     [ vdptile_manager ]
out\source\engine\commands\set_palette_commands.rel
                                          [ set_palette_commands ]
out\source\client\exported\animations\bullet.rel
                                          [ bullet ]
out\source\client\exported\animations\colorTweaker.rel
                                          [ colorTweaker ]
out\source\client\exported\animations\colorTweakerCursor.rel
                                          [ colorTweakerCursor ]
out\source\client\exported\animations\explosion.rel
                                          [ explosion ]
out\source\client\exported\animations\gun_girl.rel
                                          [ gun_girl ]
out\source\client\exported\animations\impact.rel
                                          [ impact ]
out\source\client\exported\animations\kunai.rel
                                          [ kunai ]
out\source\client\exported\animations\robotrunner.rel
                                          [ robotrunner ]
out\source\client\exported\animations\robotspring.rel
                                          [ robotspring ]
out\source\client\exported\animations\rock_particle.rel
                                          [ rock_particle ]
out\source\client\exported\animations\test_block.rel
                                          [ test_block ]
out\source\client\exported\animations\walker.rel
                                          [ walker ]
out\source\client\exported\animations\walker_big.rel
                                          [ walker_big ]
out\source\client\exported\animations\walker_small.rel
                                          [ walker_small ]
out\source\client\exported\animations\waterfall.rel
                                          [ waterfall ]
out\source\client\generated\tilesets\background3_tileset.rel
                                          [ background3_tileset ]
out\source\client\generated\tilesets\breakable_rock_tileset.rel
                                          [ breakable_rock_tileset ]
out\source\client\generated\tilesets\waterfall_tileset.rel
                                          [ waterfall_tileset ]
out\source\client\exported\maps\background3.rel
                                          [ background3 ]
out\source\client\exported\maps\background3_test.rel
                                          [ background3_test ]
out\source\client\exported\maps\waterfall.rel
                                          [ waterfall ]


Libraries Linked                          [ object file ]

..\..\..\devkitSMS-master\/SMSlib/SMSlib.lib
                                          [ SMSlib.rel ]
..\..\..\devkitSMS-master\/SMSlib/SMSlib.lib
                                          [ SMSlib_VRAMmemset.rel ]
..\..\..\devkitSMS-master\/SMSlib/SMSlib.lib
                                          [ SMSlib_sprite.rel ]
C:\Program Files\SDCC\bin\..\lib\z80/z80.lib
                                          [ mul.rel ]
C:\Program Files\SDCC\bin\..\lib\z80/z80.lib
                                          [ __sdcc_call_hl.rel ]
..\..\..\devkitSMS-master\/SMSlib/SMSlib.lib
                                          [ SMSlib_debug.rel ]
..\..\..\devkitSMS-master\/SMSlib/SMSlib.lib
                                          [ SMSlib_UNSAFE.rel ]
..\..\..\devkitSMS-master\/SMSlib/SMSlib.lib
                                          [ SMSlib_VRAMmemcpy.rel ]
C:\Program Files\SDCC\bin\..\lib\z80/z80.lib
                                          [ __sdcc_call_iy.rel ]
..\..\..\devkitSMS-master\/SMSlib/SMSlib.lib
                                          [ SMSlib_autotext.rel ]
..\..\..\devkitSMS-master\/SMSlib/SMSlib.lib
                                          [ SMSlib_loadTileMapColumn.rel ]
..\..\..\devkitSMS-master\/SMSlib/SMSlib.lib
                                          [ SMSlib_load1bppTiles.rel ]
..\..\..\devkitSMS-master\/SMSlib/SMSlib.lib
                                          [ SMSlib_textrenderer.rel ]

ASxxxx Linker V03.00/V05.40 + sdld,  page 33.

User Base Address Definitions

_CODE = 0x0200
_DATA = 0xc000
_BANK3=0x8000
_BANK2=0x8000
_BANK4=0x8000

