ASxxxx Linker V03.00/V05.40 + sdld,  page 1.
Hexadecimal  [32-Bits]

Area                                    Addr        Size        Decimal Bytes (Attributes)
--------------------------------        ----        ----        ------- ----- ------------
.  .ABS.                            00000000    00000000 =           0. bytes (ABS,CON)

      Value  Global                              Global Defined In Module
      -----  --------------------------------   ------------------------
     00000000  .__.ABS.                           SMSlib_textrenderer
     00000000  l__BSEG                         
     00000000  l__BSS                          
     00000000  l__CABS                         
     00000000  l__DABS                         
     00000000  l__HEADER                       
     00000000  l__HEAP                         
     00000000  l__HOME                         
     00000000  s__CABS                         
     00000000  s__CABS0                        
     00000000  s__CABS1                        
     00000000  s__CABS2                        
     00000000  s__CABS3                        
     00000000  s__CABS4                        
     00000000  s__DABS                         
     00000000  s__HEADER                       
     00000000  s__HEADER0                      
     00000000  s__HEADER1                      
     00000000  s__HEADER2                      
     00000000  s__HEADER3                      
     00000000  s__HEADER4                      
     00000001  l__GSFINAL                      
     00000003  l__CABS1                        
     00000008  l__HEADER0                      
     00000009  l__HEADER1                      
     0000000F  l__GSINIT                       
     00000010  l__CABS0                        
     00000010  l__CABS2                        
     00000010  l__CABS4                        
     0000001F  l__HEADER2                      
     0000002B  l__CABS3                        
     0000002B  l__HEADER3                      
     00000031  l__INITIALIZED                  
     00000031  l__INITIALIZER                  
     00000104  l__HEADER4                      
     00000200  s__CODE                         
     000006E5  l__BANK5                        
     00000FAA  l__BANK4                        
     00001504  l__BANK2                        
     0000174C  l__BANK7                        
     00001868  l__DATA                         
     00001CDC  l__BANK3                        
     00001D7E  l__BANK6                        
     00007406  l__CODE                         
     00007606  s__HOME                         
     00007606  s__INITIALIZER                  
     00007637  s__GSINIT                       
     00007646  s__GSFINAL                      
     00008000  _SMS_SRAM                          SMSlib_textrenderer
     00008000  s__BANK2                        
ASxxxx Linker V03.00/V05.40 + sdld,  page 2.
Hexadecimal  [32-Bits]

Area                                    Addr        Size        Decimal Bytes (Attributes)
--------------------------------        ----        ----        ------- ----- ------------
.  .ABS.                            00000000    00000000 =           0. bytes (ABS,CON)

      Value  Global                              Global Defined In Module
      -----  --------------------------------   ------------------------
     00008000  s__BANK3                        
     00008000  s__BANK4                        
     00008000  s__BANK5                        
     00008000  s__BANK6                        
     00008000  s__BANK7                        
     0000C000  s__DATA                         
     0000D868  s__INITIALIZED                  
     0000D899  s__BSEG                         
     0000D899  s__BSS                          
     0000D899  s__HEAP                         
     0000FFFC  _SRAM_bank_to_be_mapped_on_slot2   SMSlib_textrenderer
     0000FFFD  _ROM_bank_to_be_mapped_on_slot0    SMSlib_textrenderer
     0000FFFE  _ROM_bank_to_be_mapped_on_slot1    SMSlib_textrenderer
     0000FFFF  _ROM_bank_to_be_mapped_on_slot2    SMSlib_textrenderer

ASxxxx Linker V03.00/V05.40 + sdld,  page 3.
Hexadecimal  [32-Bits]

Area                                    Addr        Size        Decimal Bytes (Attributes)
--------------------------------        ----        ----        ------- ----- ------------
_CODE                               00000200    00007406 =       29702. bytes (REL,CON)

      Value  Global                              Global Defined In Module
      -----  --------------------------------   ------------------------
     00000200  _PSGStop                           PSGlib
     00000227  _PSGResume                         PSGlib
     00000273  _PSGPlay                           PSGlib
     0000029E  _PSGPlayLoops                      PSGlib
     000002B5  _PSGCancelLoop                     PSGlib
     000002C0  _PSGPlayNoRepeat                   PSGlib
     000002CE  _PSGGetStatus                      PSGlib
     000002D2  _PSGSilenceChannels                PSGlib
     000002E3  _PSGRestoreVolumes                 PSGlib
     000003BC  _PSGSetMusicVolumeAttenuation      PSGlib
     00000496  _PSGSFXStop                        PSGlib
     00000559  _PSGSFXPlay                        PSGlib
     000005A9  _PSGSFXCancelLoop                  PSGlib
     000005AF  _PSGSFXGetStatus                   PSGlib
     000005B3  _PSGSFXPlayLoop                    PSGlib
     000005CE  _PSGFrame                          PSGlib
     000006F2  _PSGSFXFrame                       PSGlib
     00000778  _bullet_template                   bullet_template
     00000785  _colortweaker_template             colortweaker_template
     00000792  _commandrunner_rightscroll_templ   commandrunner_rightscroll_te
     0000079F  _deliveryrobot_template            deliveryrobot_template
     000007AC  _enemy_bullet_template             enemy_bullet_template
     000007B9  _explosion_template                explosion_template
     000007C6  _gun_girl_template                 gun_girl_template
     000007D3  _impact_template                   impact_template
     000007E0  _kunai_template                    kunai_template
     000007ED  _robotrunner_template              robotrunner_template
     000007FA  _robotspring_template              robotspring_template
     00000807  _rock_particle_template            rock_particle_template
     00000814  _shotgun_item_template             shotgun_item_template
     00000821  _shotgun_template                  shotgun_template
     0000082E  _test_block_template               test_block_template
     0000083B  _threeshotflyer_template           threeshotflyer_template
     00000848  _walker_big_template               walker_big_template
     00000855  _walker_small_template             walker_small_template
     00000862  _walker_template                   walker_template
     0000086F  _wheeler_template                  wheeler_template
     0000087C  _scene003_createInfoBootstrapper   scene003
     00000884  _scene003_createInfo3              scene003
     0000088C  _scene003_createInfo6              scene003
     00000892  _scene003_createInfo7              scene003
     0000089D  _scene003_commands                 scene003
     00000903  _scene003                          scene003
     00000905  _globalPaletteValues               globalPalette
     00000915  _globalPalette                     globalPalette
     00000918  _AICommandUtils_updateAICommands   ai_commands
     00000A3C  _PSGUpdate                         main
     00000A42  _main                              main
     00000B03  _MotionUtils_updateMotion          motion_sequence
     00000B71  _breakable_rock_tileset_TilesetF   tileset_functions
ASxxxx Linker V03.00/V05.40 + sdld,  page 4.
Hexadecimal  [32-Bits]

Area                                    Addr        Size        Decimal Bytes (Attributes)
--------------------------------        ----        ----        ------- ----- ------------
_CODE                               00000200    00007406 =       29702. bytes (REL,CON)

      Value  Global                              Global Defined In Module
      -----  --------------------------------   ------------------------
     00000C44  _WeaponManager_InitGame            weapon_manager
     00000C60  _WeaponManager_InitLevel           weapon_manager
     00000C61  _WeaponManager_SwitchWeapon        weapon_manager
     00000C86  _WeaponManager_FireDefault         weapon_manager
     00000CE3  _WeaponManager_FireDefaultVertic   weapon_manager
     00000D2F  _WeaponManager_FireShotgun         weapon_manager
     00000E36  _WeaponManager_FireShotgunVertic   weapon_manager
     00000F05  _sceneMasterTemp_createInfoBoots   sceneMasterTemp
     00000F0D  _sceneMasterTemp_createInfo3       sceneMasterTemp
     00000F15  _sceneMasterTemp_createInfo6       sceneMasterTemp
     00000F1B  _sceneMasterTemp_createInfo7       sceneMasterTemp
     00000F21  _sceneMasterTemp_createInfo8       sceneMasterTemp
     00000F27  _sceneMasterTemp_createInfo9       sceneMasterTemp
     00000F2D  _sceneMasterTemp_createInfo10      sceneMasterTemp
     00000F33  _sceneMasterTemp_createInfo11      sceneMasterTemp
     00000F39  _sceneMasterTemp_createInfo12      sceneMasterTemp
     00000F3F  _sceneMasterTemp_createInfo13      sceneMasterTemp
     00000F45  _sceneMasterTemp_createInfo14      sceneMasterTemp
     00000F4B  _sceneMasterTemp_createInfo15      sceneMasterTemp
     00000F51  _sceneMasterTemp_createInfo16      sceneMasterTemp
     00000F57  _sceneMasterTemp_createInfo17      sceneMasterTemp
     00000F5D  _sceneMasterTemp_createInfo18      sceneMasterTemp
     00000F63  _sceneMasterTemp_createInfo19      sceneMasterTemp
     00000F69  _sceneMasterTemp_createInfo20      sceneMasterTemp
     00000F6F  _sceneMasterTemp_createInfo21      sceneMasterTemp
     00000F75  _sceneMasterTemp_createInfo22      sceneMasterTemp
     00000F7B  _setTilesetPropertiesParams        sceneMasterTemp
     00000F80  _sceneMasterTemp_commands          sceneMasterTemp
     00001058  _sceneMasterTemp                   sceneMasterTemp
     0000105A  _explosion_psg                     bank2
     00001075  _throw_psg                         bank2
     0000108B  _hit_psg                           bank2
     0000109C  _breakable_rock_tilesetResourceI   resource_infos
     0000109F  _field_tilesetResourceInfo         resource_infos
     000010A2  _waterfall_tilesetResourceInfo     resource_infos
     000010A5  _gun_girlResourceInfo              resource_infos
     000010A8  _colorTweakerResourceInfo          resource_infos
     000010AB  _colorTweakerCursorResourceInfo    resource_infos
     000010AE  _explosionResourceInfo             resource_infos
     000010B1  _impactResourceInfo                resource_infos
     000010B4  _kunaiResourceInfo                 resource_infos
     000010B7  _rock_particleResourceInfo         resource_infos
     000010BA  _test_blockResourceInfo            resource_infos
     000010BD  _enemy_bulletResourceInfo          resource_infos
     000010C0  _robotrunnerResourceInfo           resource_infos
     000010C3  _robotspringResourceInfo           resource_infos
     000010C6  _threeshotflyerResourceInfo        resource_infos
     000010C9  _walkerResourceInfo                resource_infos
     000010CC  _walker_bigResourceInfo            resource_infos
     000010CF  _walker_smallResourceInfo          resource_infos
     000010D2  _wheelerResourceInfo               resource_infos
ASxxxx Linker V03.00/V05.40 + sdld,  page 5.
Hexadecimal  [32-Bits]

Area                                    Addr        Size        Decimal Bytes (Attributes)
--------------------------------        ----        ----        ------- ----- ------------
_CODE                               00000200    00007406 =       29702. bytes (REL,CON)

      Value  Global                              Global Defined In Module
      -----  --------------------------------   ------------------------
     000010D5  _bulletResourceInfo                resource_infos
     000010D8  _deliveryrobotResourceInfo         resource_infos
     000010DB  _shotgunResourceInfo               resource_infos
     000010DE  _shotgun_itemResourceInfo          resource_infos
     000010E1  _waterfallResourceInfo             resource_infos
     000010E4  _globalPaletteResourceInfo         resource_infos
     000010E7  _field_mapResourceInfo             resource_infos
     000010EA  _level_001_mapResourceInfo         resource_infos
     000010ED  _waterfall_mapResourceInfo         resource_infos
     000010F0  _BasicEffect_Init                  basic_effect
     00001112  _BasicEffect_Update                basic_effect
     000011CD  _BasicEffect_Draw                  basic_effect
     00001231  _Bird_Init                         bird
     00001268  _Bird_Update                       bird
     000012A3  _Bird_Draw                         bird
     000012A5  _Bullet_Init                       bullet
     00001371  _Bullet_Update                     bullet
     0000179B  _Bullet_Draw                       bullet
     000017FF  _Bullet_HandleCollision            bullet
     000018C0  _ColorTweaker_Init                 color_tweaker
     000019EE  _ColorTweaker_Update               color_tweaker
     00001E45  _ColorTweaker_Draw                 color_tweaker
     00002007  _CommandRunner_RightScroll_Init    commandrunner_rightscroll
     000020A3  _CommandRunner_RightScroll_Updat   commandrunner_rightscroll
     00002121  _DeliveryRobot_Init                deliveryrobot
     00002203  _deliveryRobotMotionSequenceNode   deliveryrobot
     00002230  _deliveryRobotMotionSequence       deliveryrobot
     00002235  _DeliveryRobot_Update              deliveryrobot
     00002363  _DeliveryRobot_Draw                deliveryrobot
     000023B9  _DeliveryRobot_HandleCollision     deliveryrobot
     00002586  _Enemy_Init                        enemy
     000025A0  _Enemy_Update                      enemy
     00002662  _Enemy_Draw                        enemy
     000026AB  _Enemy_HandleCollision             enemy
     00002739  _Kunai_Init                        kunai
     0000275F  _EraseTiles                        kunai
     00002805  _Kunai_Update                      kunai
     00002B97  _Kunai_Draw                        kunai
     00002BEE  _Kunai_HandleCollision             kunai
     00002CAF  _OnResourceLoaded                  on_resource_loaded_callback
     00002CC2  _ParticleEffect_Init               particle_effect
     00002CF9  _ParticleEffect_Update             particle_effect
     00002E05  _ParticleEffect_Draw               particle_effect
     00002E9A  _setPlayerAnimation                player
     00002FEA  _playerStateFunctions              player
     00002FF6  _setPlayerState                    player
     00003071  _Player_Init                       player
     000030C3  _Player_FireWeapon                 player
     000031AC  _Player_UpdateX                    player
     000033D0  _Player_UpdateStand                player
     000034A6  _Player_UpdateRun                  player
ASxxxx Linker V03.00/V05.40 + sdld,  page 6.
Hexadecimal  [32-Bits]

Area                                    Addr        Size        Decimal Bytes (Attributes)
--------------------------------        ----        ----        ------- ----- ------------
_CODE                               00000200    00007406 =       29702. bytes (REL,CON)

      Value  Global                              Global Defined In Module
      -----  --------------------------------   ------------------------
     00003598  _Player_UpdateFall                 player
     0000375D  _Player_UpdateJump                 player
     000038BF  _Player_UpdateDuck                 player
     000039B0  _AnimationUtils_UpdateStreamedBa   player
     000039C2  _Player_Update                     player
     00003A78  _Player_Draw                       player
     00003ACE  _RightScroller_Init                right_scroller
     00003B19  _RightScroll_Update                right_scroller
     00003C2B  _RightScroll_UpdateVDP             right_scroller
     00003C59  _Shotgun_Init                      shotgun
     00003C7F  _Shotgun_Update                    shotgun
     00003D83  _Shotgun_Draw                      shotgun
     00003DE7  _Shotgun_HandleCollision           shotgun
     00003EA8  _ShotgunItem_Init                  shotgun_item
     00003EF2  _ShotgunItem_Update                shotgun_item
     00003FE5  _ShotgunItem_Sit                   shotgun_item
     00003FE6  _ShotgunItem_Fall                  shotgun_item
     000040BD  _ShotgunItem_Draw                  shotgun_item
     00004113  _ShotgunItem_HandleCollision       shotgun_item
     0000411B  _ThreeShotFlyer_Init               threeshotflyer
     0000416C  _threeShotFlyerAICommandItems      threeshotflyer
     000041C0  _threeShotFlyerAICommandItems_Si   threeshotflyer
     000041CC  _ThreeShotFlyer_Update             threeshotflyer
     00004327  _ThreeShotFlyer_Draw               threeshotflyer
     0000437D  _ThreeShotFlyer_HandleCollision    threeshotflyer
     0000442B  _ThreeShotFlyer_Fire               threeshotflyer
     0000452D  _TileAnimator_Init                 tile_animator
     00004556  _UpdateTiles                       tile_animator
     000045AF  _TileAnimator_Update               tile_animator
     000045CC  _Wheeler_Init                      wheeler
     00004694  _Wheeler_Update                    wheeler
     00004879  _Wheeler_Roll                      wheeler
     000048A5  _Wheeler_Fall                      wheeler
     0000491C  _Wheeler_Draw                      wheeler
     00004972  _Wheeler_HandleCollision           wheeler
     00004A20  _AnimationUtils_updateBatchedAni   animation_utils
     00004A6D  _AnimationUtils_updateBatchedAni   animation_utils
     00004AE7  _AnimationUtils_updateStreamedBa   animation_utils
     00004B34  _AnimationUtils_updatePlaneAnima   animation_utils
     00004B75  _AnimationUtils_updateTileAnimat   animation_utils
     00004BB4  _AnimationUtils_setBatchedAnimat   animation_utils
     00004BF7  _Load_BatchedAnimationResource     animation_utils
     00004C1F  _Load_StreamedBatchedAnimationRe   animation_utils
     00004C38  _Load_PlaneAnimationResource       animation_utils
     00004C5E  _Load_TileAnimationResource        animation_utils
     00004C84  _Setup_BatchedAnimationResource    animation_utils
     00004D07  _Setup_PlaneAnimationResource      animation_utils
     00004D8D  _Setup_TileAnimationResource       animation_utils
     00004DD8  _AnimationUtils_UpdateStreamedBa   animation_utils
     00004ED8  _CommandRunner_RunAll_Init         commandrunner_runall
     00004F4C  _commandrunner_runall_template     commandrunner_runall
ASxxxx Linker V03.00/V05.40 + sdld,  page 7.
Hexadecimal  [32-Bits]

Area                                    Addr        Size        Decimal Bytes (Attributes)
--------------------------------        ----        ----        ------- ----- ------------
_CODE                               00000200    00007406 =       29702. bytes (REL,CON)

      Value  Global                              Global Defined In Module
      -----  --------------------------------   ------------------------
     00004F59  _DrawUtils_addSprite               draw_utils
     00004F7B  _DrawUtils_addTwoAdjoiningSprite   draw_utils
     00004FB1  _DrawUtils_addThreeAdjoiningSpri   draw_utils
     00005002  _DrawUtils_addFourAdjoiningSprit   draw_utils
     00005069  _DrawUtils_DrawBatched             draw_utils
     000050EC  _DrawUtils_DrawStreamedBatched     draw_utils
     0000517F  _drawToPlane                       draw_utils
     00005440  _DrawUtils_DrawPlaneAnimationFra   draw_utils
     000054CA  _JoystickManager_Update            joystick_manager
     000054E0  _Load_MapResource                  map_load
     00005576  _Load_TilesetResource              map_load
     00005665  _Load_AnimatedTilesetResource      map_load
     0000571C  _MapManager_SetTilesetProperties   map_manager
     00005770  _ObjectManager_Init                object_manager
     0000581E  _ObjectManager_Update              object_manager
     00005CB7  _ObjectManager_CreateObject        object_manager
     00005D86  _ApplyGameObjectTemplate           object_manager
     00005DFF  _ObjectManager_CreateObjectByTem   object_manager
     00005EF7  _FindFreeGameObject                object_manager
     00005F8D  _ObjectManager_CreateObjectByCre   object_manager
     00006084  _ObjectManager_DestroyObject       object_manager
     0000609B  _ObjectManagerUtils_doProjectCol   object_manager
     00006236  _ObjectManager_QueueVDPDraw        object_manager
     00006266  _ObjectManager_VDPDraw             object_manager
     000062B5  _ObjectUtils_gameObjectDoNothing   object_utils
     000062B6  _ObjectUtils_doNothing             object_utils
     000062B7  _ObjectUtils_twoGameObjectsDoNot   object_utils
     000062B8  _ObjectUtils_drawNothing           object_utils
     000062BA  _printResourceTypeName             resource_manager
     00006397  _ResourceManager_Init              resource_manager
     000063FA  _ResourceManager_LoadResource      resource_manager
     000064DE  _ResourceManager_SetupResource     resource_manager
     00006588  _ResourceManager_SetOnResourceLo   resource_manager
     0000658C  _SceneManager_Init                 scene_manager
     000065B4  _ScrollUtils_buildColumn           scroll_utils
     00006CA7  _ScrollUtils_InitTilemap           scroll_utils
     00006D11  _TerrainManager_Init               terrain_manager
     00006D3D  _TerrainManager_UpdateTerrain      terrain_manager
     00006D8C  _VDPTileManager_Init               vdptile_manager
     00006D99  _VDPTileManager_LoadSpriteTiles    vdptile_manager
     00006DFB  _VDPTileManager_ReserveSpriteTil   vdptile_manager
     00006E1F  _VDPTileManager_LoadBackgroundTi   vdptile_manager
     00006E62  _SetBackgroundVerticalScroll       background_commands
     00006E65  _SetBackgroundPalette              set_palette_commands
     00006EC5  _SetSpritePalette                  set_palette_commands
     00006F21  _SMS_init                          SMSlib
     00006F4D  _VDPReg_init                       SMSlib
     00006F58  _SMS_VDPturnOnFeature              SMSlib
     00006F6D  _SMS_VDPturnOffFeature             SMSlib
     00006F85  _SMS_setBGScrollX                  SMSlib
     00006F8F  _SMS_setBGScrollY                  SMSlib
ASxxxx Linker V03.00/V05.40 + sdld,  page 8.
Hexadecimal  [32-Bits]

Area                                    Addr        Size        Decimal Bytes (Attributes)
--------------------------------        ----        ----        ------- ----- ------------
_CODE                               00000200    00007406 =       29702. bytes (REL,CON)

      Value  Global                              Global Defined In Module
      -----  --------------------------------   ------------------------
     00006F99  _SMS_setBackdropColor              SMSlib
     00006FA3  _SMS_useFirstHalfTilesforSprites   SMSlib
     00006FB9  _SMS_setSpriteMode                 SMSlib
     00007006  _SMS_setBGPaletteColor             SMSlib
     00007013  _SMS_setSpritePaletteColor         SMSlib
     00007020  _SMS_loadBGPalette                 SMSlib
     00007034  _SMS_loadSpritePalette             SMSlib
     00007048  _SMS_setColor                      SMSlib
     0000704C  _SMS_waitForVBlank                 SMSlib
     00007059  _SMS_getKeysStatus                 SMSlib
     0000705E  _SMS_getKeysPressed                SMSlib
     00007073  _SMS_getKeysHeld                   SMSlib
     00007086  _SMS_getKeysReleased               SMSlib
     0000709F  _SMS_queryPauseRequested           SMSlib
     000070A3  _SMS_resetPauseRequest             SMSlib
     000070A9  _SMS_setFrameInterruptHandler      SMSlib
     000070AD  _SMS_setLineInterruptHandler       SMSlib
     000070B1  _SMS_setLineCounter                SMSlib
     000070BB  _SMS_getVCount                     SMSlib
     000070BE  _SMS_getHCount                     SMSlib
     000070C1  _SMS_isr                           SMSlib
     00007109  _SMS_nmi_isr                       SMSlib
     00007112  _SMS_VRAMmemset_f                  SMSlib_VRAMmemset
     0000712E  _SMS_VRAMmemsetW                   SMSlib_VRAMmemset
     00007141  _SMS_initSprites                   SMSlib_sprite
     00007147  _SMS_addSprite_f                   SMSlib_sprite
     00007172  _SMS_copySpritestoSAT              SMSlib_sprite
     000071A6  __mulint                           
     000071A8  __mul16                            
     000071BD  ___sdcc_call_hl                    
     000071BE  _SMS_debugPrintf                   SMSlib_debug
     000071CE  _UNSAFE_SMS_copySpritestoSAT       SMSlib_UNSAFE
     00007215  _UNSAFE_SMS_VRAMmemcpy32           SMSlib_UNSAFE
     0000721E  _UNSAFE_SMS_VRAMmemcpy64           SMSlib_UNSAFE
     00007227  _UNSAFE_SMS_VRAMmemcpy128          SMSlib_UNSAFE
     00007230  _SMS_VRAMmemcpy                    SMSlib_VRAMmemcpy
     00007247  ___sdcc_call_iy                    
     00007249  _SMS_autoSetUpTextRenderer         SMSlib_autotext
     00007278  _devkitSMS_font__tiles__1bpp       SMSlib_autotext
     00007578  _SMS_loadTileMapColumnatAddr       SMSlib_loadTileMapColumn
     00007598  _SMS_load1bppTiles                 SMSlib_load1bppTiles
     000075FA  _SMS_configureTextRenderer         SMSlib_textrenderer
     000075FE  _putchar                           SMSlib_textrenderer
ASxxxx Linker V03.00/V05.40 + sdld,  page 9.
Hexadecimal  [32-Bits]

Area                                    Addr        Size        Decimal Bytes (Attributes)
--------------------------------        ----        ----        ------- ----- ------------
_HEADER0                            00000000    00000008 =           8. bytes (ABS,CON)

      Value  Global                              Global Defined In Module
      -----  --------------------------------   ------------------------
ASxxxx Linker V03.00/V05.40 + sdld,  page 10.
Hexadecimal  [32-Bits]

Area                                    Addr        Size        Decimal Bytes (Attributes)
--------------------------------        ----        ----        ------- ----- ------------
_HEADER1                            00000000    00000009 =           9. bytes (ABS,CON)

      Value  Global                              Global Defined In Module
      -----  --------------------------------   ------------------------
     00000008  _SMS_crt0_RST08                    crt0

ASxxxx Linker V03.00/V05.40 + sdld,  page 11.
Hexadecimal  [32-Bits]

Area                                    Addr        Size        Decimal Bytes (Attributes)
--------------------------------        ----        ----        ------- ----- ------------
_HEADER2                            00000000    0000001F =          31. bytes (ABS,CON)

      Value  Global                              Global Defined In Module
      -----  --------------------------------   ------------------------
     00000018  _SMS_crt0_RST18                    crt0
     0000002F  get_bank                           crt0
     00000033  set_bank                           crt0
ASxxxx Linker V03.00/V05.40 + sdld,  page 12.
Hexadecimal  [32-Bits]

Area                                    Addr        Size        Decimal Bytes (Attributes)
--------------------------------        ----        ----        ------- ----- ------------
_HEADER3                            00000000    0000002B =          43. bytes (ABS,CON)

      Value  Global                              Global Defined In Module
      -----  --------------------------------   ------------------------
ASxxxx Linker V03.00/V05.40 + sdld,  page 13.
Hexadecimal  [32-Bits]

Area                                    Addr        Size        Decimal Bytes (Attributes)
--------------------------------        ----        ----        ------- ----- ------------
_HEADER4                            00000000    00000104 =         260. bytes (ABS,CON)

      Value  Global                              Global Defined In Module
      -----  --------------------------------   ------------------------
     00000069  _OUTI128                           crt0
     000000E9  _OUTI64                            crt0
     00000129  _OUTI32                            crt0
     00000169  _outi_block                        crt0

ASxxxx Linker V03.00/V05.40 + sdld,  page 14.
Hexadecimal  [32-Bits]

Area                                    Addr        Size        Decimal Bytes (Attributes)
--------------------------------        ----        ----        ------- ----- ------------
_INITIALIZER                        00007606    00000031 =          49. bytes (REL,CON)

      Value  Global                              Global Defined In Module
      -----  --------------------------------   ------------------------
ASxxxx Linker V03.00/V05.40 + sdld,  page 15.
Hexadecimal  [32-Bits]

Area                                    Addr        Size        Decimal Bytes (Attributes)
--------------------------------        ----        ----        ------- ----- ------------
_GSINIT                             00007637    0000000F =          15. bytes (REL,CON)

      Value  Global                              Global Defined In Module
      -----  --------------------------------   ------------------------
     00007637  gsinit                             crt0

ASxxxx Linker V03.00/V05.40 + sdld,  page 16.
Hexadecimal  [32-Bits]

Area                                    Addr        Size        Decimal Bytes (Attributes)
--------------------------------        ----        ----        ------- ----- ------------
_GSFINAL                            00007646    00000001 =           1. bytes (REL,CON)

      Value  Global                              Global Defined In Module
      -----  --------------------------------   ------------------------
ASxxxx Linker V03.00/V05.40 + sdld,  page 17.
Hexadecimal  [32-Bits]

Area                                    Addr        Size        Decimal Bytes (Attributes)
--------------------------------        ----        ----        ------- ----- ------------
_DATA                               0000C000    00001868 =        6248. bytes (REL,CON)

      Value  Global                              Global Defined In Module
      -----  --------------------------------   ------------------------
     0000C000  _PSGMusicStatus                    PSGlib
     0000C001  _PSGMusicStart                     PSGlib
     0000C003  _PSGMusicPointer                   PSGlib
     0000C005  _PSGMusicLoopPoint                 PSGlib
     0000C007  _PSGMusicSkipFrames                PSGlib
     0000C008  _PSGLoopFlag                       PSGlib
     0000C009  _PSGLoopCounter                    PSGlib
     0000C00A  _PSGMusicLastLatch                 PSGlib
     0000C00B  _PSGMusicVolumeAttenuation         PSGlib
     0000C00C  _PSGMusicSubstringLen              PSGlib
     0000C00D  _PSGMusicSubstringRetAddr          PSGlib
     0000C00F  _PSGChan0Volume                    PSGlib
     0000C010  _PSGChan1Volume                    PSGlib
     0000C011  _PSGChan2Volume                    PSGlib
     0000C012  _PSGChan3Volume                    PSGlib
     0000C013  _PSGChan2LowTone                   PSGlib
     0000C014  _PSGChan2HighTone                  PSGlib
     0000C015  _PSGChan3LowTone                   PSGlib
     0000C016  _PSGChannel2SFX                    PSGlib
     0000C017  _PSGChannel3SFX                    PSGlib
     0000C018  _PSGSFXChan2Volume                 PSGlib
     0000C019  _PSGSFXChan3Volume                 PSGlib
     0000C01A  _PSGSFXStatus                      PSGlib
     0000C01B  _PSGSFXStart                       PSGlib
     0000C01D  _PSGSFXPointer                     PSGlib
     0000C01F  _PSGSFXLoopPoint                   PSGlib
     0000C021  _PSGSFXSkipFrames                  PSGlib
     0000C022  _PSGSFXLoopFlag                    PSGlib
     0000C023  _PSGSFXSubstringLen                PSGlib
     0000C024  _PSGSFXSubstringRetAddr            PSGlib
     0000C026  _PhysicsVars_X                     physics_manager
     0000C028  _PhysicsVars_Y                     physics_manager
     0000C02A  _PhysicsVars_GroundBlockX          physics_manager
     0000C02C  _PhysicsVars_GroundBlockY          physics_manager
     0000C02E  _WeaponManager_currentWeaponType   weapon_manager
     0000C02F  _WeaponManager_FireWeapon          weapon_manager
     0000C031  _WeaponManager_FireWeaponVertica   weapon_manager
     0000C033  _weaponFunctions                   weapon_manager
     0000C037  _weaponVerticalFunctions           weapon_manager
     0000C03B  _redChannel                        color_tweaker
     0000C04B  _greenChannel                      color_tweaker
     0000C05B  _blueChannel                       color_tweaker
     0000C06B  _palette                           color_tweaker
     0000C07B  _playerX                           player
     0000C07D  _playerY                           player
     0000C07F  _playerSpeedX                      player
     0000C081  _playerSpeedY                      player
     0000C083  _playerState                       player
     0000C084  _jumpPressCounter                  player
     0000C086  _jumpWhenLanding                   player
ASxxxx Linker V03.00/V05.40 + sdld,  page 18.
Hexadecimal  [32-Bits]

Area                                    Addr        Size        Decimal Bytes (Attributes)
--------------------------------        ----        ----        ------- ----- ------------
_DATA                               0000C000    00001868 =        6248. bytes (REL,CON)

      Value  Global                              Global Defined In Module
      -----  --------------------------------   ------------------------
     0000C087  _canStillJumpFrames                player
     0000C088  _pointingUp                        player
     0000C089  _pointingDown                      player
     0000C08A  _isPlayerShooting                  player
     0000C08B  _player_SubUpdate                  player
     0000C08D  _columnToUpdate                    right_scroller
     0000C08F  _terrainColumnToUpdate             right_scroller
     0000C090  _CommandManager_commandRunnerObj   command_manager
     0000C0C2  _CommandManager_currentCommand     command_manager
     0000C0C4  _CommandRunner_counter             command_manager
     0000C0C6  _DrawUtils_spriteCounter           draw_utils
     0000C0C7  _DrawUtils_currentSpriteStrips     draw_utils
     0000C0C9  _DrawUtils_vdpTileIndex            draw_utils
     0000C0CA  _DrawUtils_screenX                 draw_utils
     0000C0CC  _DrawUtils_screenY                 draw_utils
     0000C0CE  _DrawUtils_spritesDrawn            draw_utils
     0000C0CF  _x                                 draw_utils
     0000C0D0  _y                                 draw_utils
     0000C0D1  _buffer                            draw_utils
     0000C0D3  _bufferWidth                       draw_utils
     0000C0D4  _bufferHeight                      draw_utils
     0000C0D5  _vdpOffset                         draw_utils
     0000C0D7  _JoystickManager_buttonState       joystick_manager
     0000C0D9  _JoystickManager_buttonsPressed    joystick_manager
     0000C0DB  _JoystickManager_buttonsReleased   joystick_manager
     0000C0DD  _MapManager_numTilesets            map_manager
     0000C0DE  _MapManager_metatileLuts           map_manager
     0000C0EE  _MapManager_metatileLutsData       map_manager
     0000D0EE  _MapManager_metatileLutsDataSize   map_manager
     0000D0F0  _MapManager_tilesets               map_manager
     0000D150  _MapManager_tilesetVdpLocations    map_manager
     0000D160  _MapManager_tilesetFunctions       map_manager
     0000D170  _MapManager_tilesetGameObjectTem   map_manager
     0000D180  _MapManager_mapWidth               map_manager
     0000D182  _MapManager_mapHeight              map_manager
     0000D184  _MapManager_mapData                map_manager
     0000D186  _MapManager_mapResourceInfo        map_manager
     0000D188  _ObjectManager_player              object_manager
     0000D1BA  _ObjectManager_Item                object_manager
     0000D1EC  _ObjectManager_projectileSlots     object_manager
     0000D282  _ObjectManager_enemyProjectileSl   object_manager
     0000D318  _ObjectManager_enemySlots          object_manager
     0000D4A8  _ObjectManager_effectSlots         object_manager
     0000D638  _ObjectManager_numEffects          object_manager
     0000D639  _ObjectManager_activeProjectiles   object_manager
     0000D63F  _ObjectManager_activeProjectiles   object_manager
     0000D640  _ObjectManager_currentEnemyIndex   object_manager
     0000D641  _ObjectManager_vdpDrawGameObject   object_manager
     0000D651  _ObjectManager_vdpDrawFunctions    object_manager
     0000D661  _ObjectManager_numVdpDrawItems     object_manager
     0000D662  _ResourceManager_loadFunctions     resource_manager
ASxxxx Linker V03.00/V05.40 + sdld,  page 19.
Hexadecimal  [32-Bits]

Area                                    Addr        Size        Decimal Bytes (Attributes)
--------------------------------        ----        ----        ------- ----- ------------
_DATA                               0000C000    00001868 =        6248. bytes (REL,CON)

      Value  Global                              Global Defined In Module
      -----  --------------------------------   ------------------------
     0000D672  _ResourceManager_setupFunctions    resource_manager
     0000D682  _ScrollManager_horizontalScrollL   scroll_manager
     0000D684  _ScrollManager_columnBuffer        scroll_manager
     0000D6B8  _ScrollUtils_mapColumnToBuild      scroll_utils
     0000D6BA  _TerrainManager_terrain            terrain_manager
     0000D77A  _VDPTileManager_spriteTileLocati   vdptile_manager
     0000D77C  _VDPTileManager_backgroundTileLo   vdptile_manager
     0000D77E  _colorTweakerVdpLocation           colorTweaker
     0000D77F  _colorTweakerCursorVdpLocation     colorTweakerCursor
     0000D780  _explosionVdpLocation              explosion
     0000D781  _impactVdpLocation                 impact
     0000D782  _kunaiVdpLocation                  kunai
     0000D783  _rock_particleVdpLocation          rock_particle
     0000D784  _test_blockVdpLocation             test_block
     0000D785  _waterfallVdpLocation              waterfall
     0000D786  _breakable_rock_tilesetVdpLocati   breakable_rock_tileset
     0000D788  _field_tilesetVdpLocation          field_tileset
     0000D78A  _waterfall_tilesetVdpLocation      waterfall_tileset
     0000D78C  _bulletVdpLocation                 bullet
     0000D78D  _deliveryrobotVdpLocation          deliveryrobot
     0000D78E  _shotgunVdpLocation                shotgun
     0000D78F  _shotgun_itemVdpLocation           shotgun_item
     0000D790  _enemy_bulletVdpLocation           enemy_bullet
     0000D791  _robotrunnerVdpLocation            robotrunner
     0000D792  _robotspringVdpLocation            robotspring
     0000D793  _threeshotflyerVdpLocation         threeshotflyer
     0000D794  _walkerVdpLocation                 walker
     0000D795  _walker_bigVdpLocation             walker_big
     0000D796  _walker_smallVdpLocation           walker_small
     0000D797  _wheelerVdpLocation                wheeler
     0000D798  _gun_girlVdpLocation               gun_girl
     0000D799  _VDPBlank                          SMSlib
     0000D79A  _SMS_VDPFlags                      SMSlib
     0000D79B  _PauseRequested                    SMSlib
     0000D79C  _SMS_Port3EBIOSvalue               SMSlib
     0000D79D  _SMS_theFrameInterruptHandler      SMSlib
     0000D79F  _KeysStatus                        SMSlib
     0000D7A1  _PreviousKeysStatus                SMSlib
     0000D7A3  _SMS_theLineInterruptHandler       SMSlib
     0000D7A5  _SpriteTableY                      SMSlib_sprite
     0000D7E5  _SpriteTableXN                     SMSlib_sprite
     0000D865  _SpriteNextFree                    SMSlib_sprite
     0000D866  _SMS_TextRenderer_offset           SMSlib_textrenderer
ASxxxx Linker V03.00/V05.40 + sdld,  page 20.
Hexadecimal  [32-Bits]

Area                                    Addr        Size        Decimal Bytes (Attributes)
--------------------------------        ----        ----        ------- ----- ------------
_INITIALIZED                        0000D868    00000031 =          49. bytes (REL,CON)

      Value  Global                              Global Defined In Module
      -----  --------------------------------   ------------------------
     0000D868  _colortweaker_templateExtraResou   colortweaker_template
     0000D86C  _updateAnimationStream             player
     0000D86D  _oldBottomTileTypeLeft             player
     0000D86F  _oldBottomTileTypeRight            player
     0000D871  _oldBlockY                         player
     0000D873  _drawSprite                        draw_utils
     0000D87D  _ObjectManager_objectId            object_manager
     0000D87E  _projectileFlicker                 object_manager
     0000D87F  _drawOrderToggle                   object_manager
     0000D880  _ResourceManager_onResourceLoade   resource_manager
     0000D882  _ScrollManager_Update              scroll_manager
     0000D884  _ScrollManager_UpdateVDP           scroll_manager
     0000D886  _ScrollManager_horizontalScroll    scroll_manager
     0000D888  _ScrollManager_vdpHorizontalScro   scroll_manager
     0000D889  _ScrollManager_verticalScroll      scroll_manager
     0000D88B  _ScrollManager_updateMapVDP        scroll_manager
     0000D88C  _field_tilesetResourceInfos        field
     0000D88E  _level_001_tilesetResourceInfos    level_001
     0000D892  _waterfall_tilesetResourceInfos    waterfall
     0000D894  _VDPReg                            SMSlib
     0000D896  _spritesHeight                     SMSlib
     0000D897  _spritesWidth                      SMSlib
     0000D898  _spritesTileOffset                 SMSlib

ASxxxx Linker V03.00/V05.40 + sdld,  page 21.
Hexadecimal  [32-Bits]

Area                                    Addr        Size        Decimal Bytes (Attributes)
--------------------------------        ----        ----        ------- ----- ------------
_CABS0                              00000000    00000010 =          16. bytes (ABS,CON)

      Value  Global                              Global Defined In Module
      -----  --------------------------------   ------------------------
     00007FF0  ___SMS__SEGA_signature             main

ASxxxx Linker V03.00/V05.40 + sdld,  page 22.
Hexadecimal  [32-Bits]

Area                                    Addr        Size        Decimal Bytes (Attributes)
--------------------------------        ----        ----        ------- ----- ------------
_CABS1                              00000000    00000003 =           3. bytes (ABS,CON)

      Value  Global                              Global Defined In Module
      -----  --------------------------------   ------------------------
     00007FDD  ___SMS__SDSC_author                main

ASxxxx Linker V03.00/V05.40 + sdld,  page 23.
Hexadecimal  [32-Bits]

Area                                    Addr        Size        Decimal Bytes (Attributes)
--------------------------------        ----        ----        ------- ----- ------------
_CABS2                              00000000    00000010 =          16. bytes (ABS,CON)

      Value  Global                              Global Defined In Module
      -----  --------------------------------   ------------------------
     00007FCD  ___SMS__SDSC_name                  main

ASxxxx Linker V03.00/V05.40 + sdld,  page 24.
Hexadecimal  [32-Bits]

Area                                    Addr        Size        Decimal Bytes (Attributes)
--------------------------------        ----        ----        ------- ----- ------------
_CABS3                              00000000    0000002B =          43. bytes (ABS,CON)

      Value  Global                              Global Defined In Module
      -----  --------------------------------   ------------------------
     00007FA2  ___SMS__SDSC_descr                 main

ASxxxx Linker V03.00/V05.40 + sdld,  page 25.
Hexadecimal  [32-Bits]

Area                                    Addr        Size        Decimal Bytes (Attributes)
--------------------------------        ----        ----        ------- ----- ------------
_CABS4                              00000000    00000010 =          16. bytes (ABS,CON)

      Value  Global                              Global Defined In Module
      -----  --------------------------------   ------------------------
     00007FE0  ___SMS__SDSC_signature             main

ASxxxx Linker V03.00/V05.40 + sdld,  page 26.
Hexadecimal  [32-Bits]

Area                                    Addr        Size        Decimal Bytes (Attributes)
--------------------------------        ----        ----        ------- ----- ------------
_BANK2                              00008000    00001504 =        5380. bytes (REL,CON)

      Value  Global                              Global Defined In Module
      -----  --------------------------------   ------------------------
     00008000  _colorTweakerTileData              colorTweaker
     00008480  _colorTweakerFrame0SpriteStrips    colorTweaker
     00008490  _colorTweakerFrame1SpriteStrips    colorTweaker
     000084A0  _colorTweakerFrame2SpriteStrips    colorTweaker
     000084B0  _colorTweakerFrame3SpriteStrips    colorTweaker
     000084C0  _colorTweakerFrame4SpriteStrips    colorTweaker
     000084D0  _colorTweakerFrame5SpriteStrips    colorTweaker
     000084E0  _colorTweakerFrame6SpriteStrips    colorTweaker
     000084F0  _colorTweakerFrame7SpriteStrips    colorTweaker
     00008500  _colorTweakerFrame8SpriteStrips    colorTweaker
     00008510  _colorTweakerFrame9SpriteStrips    colorTweaker
     00008520  _colorTweakerFrame10SpriteStrips   colorTweaker
     00008530  _colorTweakerFrame11SpriteStrips   colorTweaker
     00008540  _colorTweakerFrame12SpriteStrips   colorTweaker
     00008550  _colorTweakerFrame13SpriteStrips   colorTweaker
     00008560  _colorTweakerFrame14SpriteStrips   colorTweaker
     00008570  _colorTweakerFrame15SpriteStrips   colorTweaker
     00008580  _colorTweakerFrame0                colorTweaker
     00008585  _colorTweakerFrame1                colorTweaker
     0000858A  _colorTweakerFrame2                colorTweaker
     0000858F  _colorTweakerFrame3                colorTweaker
     00008594  _colorTweakerFrame4                colorTweaker
     00008599  _colorTweakerFrame5                colorTweaker
     0000859E  _colorTweakerFrame6                colorTweaker
     000085A3  _colorTweakerFrame7                colorTweaker
     000085A8  _colorTweakerFrame8                colorTweaker
     000085AD  _colorTweakerFrame9                colorTweaker
     000085B2  _colorTweakerFrame10               colorTweaker
     000085B7  _colorTweakerFrame11               colorTweaker
     000085BC  _colorTweakerFrame12               colorTweaker
     000085C1  _colorTweakerFrame13               colorTweaker
     000085C6  _colorTweakerFrame14               colorTweaker
     000085CB  _colorTweakerFrame15               colorTweaker
     000085D0  _colorTweakerFrames                colorTweaker
     000085F0  _colorTweaker                      colorTweaker
     000085FC  _colorTweakerCursorTileData        colorTweakerCursor
     0000873C  _colorTweakerCursorFrame0SpriteS   colorTweakerCursor
     00008744  _colorTweakerCursorFrame1SpriteS   colorTweakerCursor
     0000874C  _colorTweakerCursorFrame2SpriteS   colorTweakerCursor
     00008754  _colorTweakerCursorFrame3SpriteS   colorTweakerCursor
     0000875C  _colorTweakerCursorFrame4SpriteS   colorTweakerCursor
     00008764  _colorTweakerCursorFrame0          colorTweakerCursor
     00008769  _colorTweakerCursorFrame1          colorTweakerCursor
     0000876E  _colorTweakerCursorFrame2          colorTweakerCursor
     00008773  _colorTweakerCursorFrame3          colorTweakerCursor
     00008778  _colorTweakerCursorFrame4          colorTweakerCursor
     0000877D  _colorTweakerCursorFrames          colorTweakerCursor
     00008787  _colorTweakerCursor                colorTweakerCursor
     00008793  _explosionTileData                 explosion
     00008B13  _explosionFrame0SpriteStrips       explosion
ASxxxx Linker V03.00/V05.40 + sdld,  page 27.
Hexadecimal  [32-Bits]

Area                                    Addr        Size        Decimal Bytes (Attributes)
--------------------------------        ----        ----        ------- ----- ------------
_BANK2                              00008000    00001504 =        5380. bytes (REL,CON)

      Value  Global                              Global Defined In Module
      -----  --------------------------------   ------------------------
     00008B1B  _explosionFrame1SpriteStrips       explosion
     00008B27  _explosionFrame2SpriteStrips       explosion
     00008B33  _explosionFrame3SpriteStrips       explosion
     00008B3B  _explosionFrame4SpriteStrips       explosion
     00008B47  _explosionFrame5SpriteStrips       explosion
     00008B53  _explosionFrame6SpriteStrips       explosion
     00008B5B  _explosionFrame7SpriteStrips       explosion
     00008B67  _explosionFrame8SpriteStrips       explosion
     00008B73  _explosionFrame0                   explosion
     00008B78  _explosionFrame1                   explosion
     00008B7D  _explosionFrame2                   explosion
     00008B82  _explosionFrame3                   explosion
     00008B87  _explosionFrame4                   explosion
     00008B8C  _explosionFrame5                   explosion
     00008B91  _explosionFrame6                   explosion
     00008B96  _explosionFrame7                   explosion
     00008B9B  _explosionFrame8                   explosion
     00008BA0  _explosionFrames                   explosion
     00008BB2  _explosion                         explosion
     00008BBE  _impactTileData                    impact
     00008D3E  _impactFrame0SpriteStrips          impact
     00008D46  _impactFrame1SpriteStrips          impact
     00008D4E  _impactFrame2SpriteStrips          impact
     00008D56  _impactFrame0                      impact
     00008D5B  _impactFrame1                      impact
     00008D60  _impactFrame2                      impact
     00008D65  _impactFrames                      impact
     00008D6B  _impact                            impact
     00008D77  _kunaiTileData                     kunai
     00008FF7  _kunaiFrame0SpriteStrips           kunai
     00008FFF  _kunaiFrame1SpriteStrips           kunai
     00009007  _kunaiFrame2SpriteStrips           kunai
     0000900F  _kunaiFrame3SpriteStrips           kunai
     00009017  _kunaiFrame4SpriteStrips           kunai
     0000901F  _kunaiFrame5SpriteStrips           kunai
     00009027  _kunaiFrame6SpriteStrips           kunai
     0000902F  _kunaiFrame7SpriteStrips           kunai
     00009037  _kunaiFrame0                       kunai
     0000903C  _kunaiFrame1                       kunai
     00009041  _kunaiFrame2                       kunai
     00009046  _kunaiFrame3                       kunai
     0000904B  _kunaiFrame4                       kunai
     00009050  _kunaiFrame5                       kunai
     00009055  _kunaiFrame6                       kunai
     0000905A  _kunaiFrame7                       kunai
     0000905F  _kunaiFrames                       kunai
     0000906F  _kunai                             kunai
     0000907B  _rock_particleTileData             rock_particle
     0000917B  _rock_particleFrame0SpriteStrips   rock_particle
     00009183  _rock_particleFrame1SpriteStrips   rock_particle
     0000918B  _rock_particleFrame2SpriteStrips   rock_particle
ASxxxx Linker V03.00/V05.40 + sdld,  page 28.
Hexadecimal  [32-Bits]

Area                                    Addr        Size        Decimal Bytes (Attributes)
--------------------------------        ----        ----        ------- ----- ------------
_BANK2                              00008000    00001504 =        5380. bytes (REL,CON)

      Value  Global                              Global Defined In Module
      -----  --------------------------------   ------------------------
     00009193  _rock_particleFrame3SpriteStrips   rock_particle
     0000919B  _rock_particleFrame0               rock_particle
     000091A0  _rock_particleFrame1               rock_particle
     000091A5  _rock_particleFrame2               rock_particle
     000091AA  _rock_particleFrame3               rock_particle
     000091AF  _rock_particleFrames               rock_particle
     000091B7  _rock_particle                     rock_particle
     000091C3  _test_blockTileData                test_block
     000092C3  _test_blockFrame0SpriteStrips      test_block
     000092CF  _test_blockFrame0                  test_block
     000092D4  _test_blockFrames                  test_block
     000092D6  _test_block                        test_block
     000092E2  _waterfallTileData                 waterfall
     000094E2  _waterfallFrame0                   waterfall
     000094E6  _waterfallFrame1                   waterfall
     000094EA  _waterfallFrame2                   waterfall
     000094EE  _waterfallFrame3                   waterfall
     000094F2  _waterfallFrames                   waterfall
     000094FA  _waterfall                         waterfall
ASxxxx Linker V03.00/V05.40 + sdld,  page 29.
Hexadecimal  [32-Bits]

Area                                    Addr        Size        Decimal Bytes (Attributes)
--------------------------------        ----        ----        ------- ----- ------------
_BANK3                              00008000    00001CDC =        7388. bytes (REL,CON)

      Value  Global                              Global Defined In Module
      -----  --------------------------------   ------------------------
     00008000  _breakable_rock_tileset_metatile   breakable_rock_tileset
     00008008  _breakable_rock_tileset_tiles      breakable_rock_tileset
     00008088  _breakable_rock_tileset            breakable_rock_tileset
     00008094  _field_tileset_metatiles           field_tileset
     00008454  _field_tileset_tiles               field_tileset
     00009C34  _field_tileset                     field_tileset
     00009C40  _waterfall_tileset_metatiles       waterfall_tileset
     00009C50  _waterfall_tileset_tiles           waterfall_tileset
     00009CD0  _waterfall_tileset                 waterfall_tileset
ASxxxx Linker V03.00/V05.40 + sdld,  page 30.
Hexadecimal  [32-Bits]

Area                                    Addr        Size        Decimal Bytes (Attributes)
--------------------------------        ----        ----        ------- ----- ------------
_BANK4                              00008000    00000FAA =        4010. bytes (REL,CON)

      Value  Global                              Global Defined In Module
      -----  --------------------------------   ------------------------
     00008000  _field_metatile_map                field
     000086C8  _field_map                         field
     000086D2  _level_001_metatile_map            level_001
     00008F92  _level_001_map                     level_001
     00008F9C  _waterfall_metatile_map            waterfall
     00008FA0  _waterfall_map                     waterfall
ASxxxx Linker V03.00/V05.40 + sdld,  page 31.
Hexadecimal  [32-Bits]

Area                                    Addr        Size        Decimal Bytes (Attributes)
--------------------------------        ----        ----        ------- ----- ------------
_BANK5                              00008000    000006E5 =        1765. bytes (REL,CON)

      Value  Global                              Global Defined In Module
      -----  --------------------------------   ------------------------
     00008000  _bulletTileData                    bullet
     00008040  _bulletFrame0SpriteStrips          bullet
     00008048  _bulletFrame0                      bullet
     0000804D  _bulletFrames                      bullet
     0000804F  _bullet                            bullet
     0000805B  _deliveryrobotTileData             deliveryrobot
     000084DB  _deliveryrobotFrame0SpriteStrips   deliveryrobot
     000084E7  _deliveryrobotFrame1SpriteStrips   deliveryrobot
     000084F3  _deliveryrobotFrame2SpriteStrips   deliveryrobot
     000084FF  _deliveryrobotFrame3SpriteStrips   deliveryrobot
     0000850B  _deliveryrobotFrame4SpriteStrips   deliveryrobot
     00008513  _deliveryrobotFrame5SpriteStrips   deliveryrobot
     0000851B  _deliveryrobotFrame0               deliveryrobot
     00008520  _deliveryrobotFrame1               deliveryrobot
     00008525  _deliveryrobotFrame2               deliveryrobot
     0000852A  _deliveryrobotFrame3               deliveryrobot
     0000852F  _deliveryrobotFrame4               deliveryrobot
     00008534  _deliveryrobotFrame5               deliveryrobot
     00008539  _deliveryrobotFrames               deliveryrobot
     00008545  _deliveryrobot                     deliveryrobot
     00008551  _shotgunTileData                   shotgun
     00008651  _shotgunFrame0SpriteStrips         shotgun
     00008659  _shotgunFrame1SpriteStrips         shotgun
     00008661  _shotgunFrame2SpriteStrips         shotgun
     00008669  _shotgunFrame0                     shotgun
     0000866E  _shotgunFrame1                     shotgun
     00008673  _shotgunFrame2                     shotgun
     00008678  _shotgunFrames                     shotgun
     0000867E  _shotgun                           shotgun
     0000868A  _shotgun_itemTileData              shotgun_item
     000086CA  _shotgun_itemFrame0SpriteStrips    shotgun_item
     000086D2  _shotgun_itemFrame0                shotgun_item
     000086D7  _shotgun_itemFrames                shotgun_item
     000086D9  _shotgun_item                      shotgun_item

ASxxxx Linker V03.00/V05.40 + sdld,  page 32.
Hexadecimal  [32-Bits]

Area                                    Addr        Size        Decimal Bytes (Attributes)
--------------------------------        ----        ----        ------- ----- ------------
_BANK6                              00008000    00001D7E =        7550. bytes (REL,CON)

      Value  Global                              Global Defined In Module
      -----  --------------------------------   ------------------------
     00008000  _enemy_bulletTileData              enemy_bullet
     00008080  _enemy_bulletFrame0SpriteStrips    enemy_bullet
     00008088  _enemy_bulletFrame1SpriteStrips    enemy_bullet
     00008090  _enemy_bulletFrame0                enemy_bullet
     00008095  _enemy_bulletFrame1                enemy_bullet
     0000809A  _enemy_bulletFrames                enemy_bullet
     0000809E  _enemy_bullet                      enemy_bullet
     000080AA  _robotrunnerTileData               robotrunner
     000084AA  _robotrunnerFrame0SpriteStrips     robotrunner
     000084B6  _robotrunnerFrame1SpriteStrips     robotrunner
     000084C2  _robotrunnerFrame2SpriteStrips     robotrunner
     000084CE  _robotrunnerFrame3SpriteStrips     robotrunner
     000084DA  _robotrunnerFrame0                 robotrunner
     000084DF  _robotrunnerFrame1                 robotrunner
     000084E4  _robotrunnerFrame2                 robotrunner
     000084E9  _robotrunnerFrame3                 robotrunner
     000084EE  _robotrunnerFrames                 robotrunner
     000084F6  _robotrunner                       robotrunner
     00008502  _robotspringTileData               robotspring
     00008702  _robotspringFrame0SpriteStrips     robotspring
     0000870E  _robotspringFrame1SpriteStrips     robotspring
     0000871A  _robotspringFrame2SpriteStrips     robotspring
     00008726  _robotspringFrame0                 robotspring
     0000872B  _robotspringFrame1                 robotspring
     00008730  _robotspringFrame2                 robotspring
     00008735  _robotspringFrames                 robotspring
     0000873B  _robotspring                       robotspring
     00008747  _threeshotflyerTileData            threeshotflyer
     00008987  _threeshotflyerFrame0SpriteStrip   threeshotflyer
     00008993  _threeshotflyerFrame1SpriteStrip   threeshotflyer
     0000899F  _threeshotflyerFrame0              threeshotflyer
     000089A4  _threeshotflyerFrame1              threeshotflyer
     000089A9  _threeshotflyerFrames              threeshotflyer
     000089AD  _threeshotflyer                    threeshotflyer
     000089B9  _walkerTileData                    walker
     00008AB9  _walkerFrame0SpriteStrips          walker
     00008AC1  _walkerFrame1SpriteStrips          walker
     00008AC9  _walkerFrame0                      walker
     00008ACE  _walkerFrame1                      walker
     00008AD3  _walkerFrames                      walker
     00008AD7  _walker                            walker
     00008AE3  _walker_bigTileData                walker_big
     000092E3  _walker_bigFrame0SpriteStrips      walker_big
     000092EF  _walker_bigFrame1SpriteStrips      walker_big
     000092FB  _walker_bigFrame2SpriteStrips      walker_big
     00009307  _walker_bigFrame3SpriteStrips      walker_big
     00009313  _walker_bigFrame4SpriteStrips      walker_big
     0000931F  _walker_bigFrame5SpriteStrips      walker_big
     0000932B  _walker_bigFrame6SpriteStrips      walker_big
     00009337  _walker_bigFrame7SpriteStrips      walker_big
ASxxxx Linker V03.00/V05.40 + sdld,  page 33.
Hexadecimal  [32-Bits]

Area                                    Addr        Size        Decimal Bytes (Attributes)
--------------------------------        ----        ----        ------- ----- ------------
_BANK6                              00008000    00001D7E =        7550. bytes (REL,CON)

      Value  Global                              Global Defined In Module
      -----  --------------------------------   ------------------------
     00009343  _walker_bigFrame0                  walker_big
     00009348  _walker_bigFrame1                  walker_big
     0000934D  _walker_bigFrame2                  walker_big
     00009352  _walker_bigFrame3                  walker_big
     00009357  _walker_bigFrame4                  walker_big
     0000935C  _walker_bigFrame5                  walker_big
     00009361  _walker_bigFrame6                  walker_big
     00009366  _walker_bigFrame7                  walker_big
     0000936B  _walker_bigFrames                  walker_big
     0000937B  _walker_big                        walker_big
     00009387  _walker_smallTileData              walker_small
     00009407  _walker_smallFrame0SpriteStrips    walker_small
     0000940F  _walker_smallFrame1SpriteStrips    walker_small
     00009417  _walker_smallFrame0                walker_small
     0000941C  _walker_smallFrame1                walker_small
     00009421  _walker_smallFrames                walker_small
     00009425  _walker_small                      walker_small
     00009431  _wheelerTileData                   wheeler
     00009CB1  _wheelerFrame0SpriteStrips         wheeler
     00009CBD  _wheelerFrame1SpriteStrips         wheeler
     00009CC9  _wheelerFrame2SpriteStrips         wheeler
     00009CD5  _wheelerFrame3SpriteStrips         wheeler
     00009CE1  _wheelerFrame4SpriteStrips         wheeler
     00009CED  _wheelerFrame5SpriteStrips         wheeler
     00009CF9  _wheelerFrame6SpriteStrips         wheeler
     00009D05  _wheelerFrame7SpriteStrips         wheeler
     00009D0D  _wheelerFrame8SpriteStrips         wheeler
     00009D15  _wheelerFrame9SpriteStrips         wheeler
     00009D1D  _wheelerFrame10SpriteStrips        wheeler
     00009D25  _wheelerFrame0                     wheeler
     00009D2A  _wheelerFrame1                     wheeler
     00009D2F  _wheelerFrame2                     wheeler
     00009D34  _wheelerFrame3                     wheeler
     00009D39  _wheelerFrame4                     wheeler
     00009D3E  _wheelerFrame5                     wheeler
     00009D43  _wheelerFrame6                     wheeler
     00009D48  _wheelerFrame7                     wheeler
     00009D4D  _wheelerFrame8                     wheeler
     00009D52  _wheelerFrame9                     wheeler
     00009D57  _wheelerFrame10                    wheeler
     00009D5C  _wheelerFrames                     wheeler
     00009D72  _wheeler                           wheeler

ASxxxx Linker V03.00/V05.40 + sdld,  page 34.
Hexadecimal  [32-Bits]

Area                                    Addr        Size        Decimal Bytes (Attributes)
--------------------------------        ----        ----        ------- ----- ------------
_BANK7                              00008000    0000174C =        5964. bytes (REL,CON)

      Value  Global                              Global Defined In Module
      -----  --------------------------------   ------------------------
     00008000  _gun_girlTileData                  gun_girl
     00009400  _gun_girlFrame0SpriteStrips        gun_girl
     0000940C  _gun_girlFrame1SpriteStrips        gun_girl
     00009418  _gun_girlFrame2SpriteStrips        gun_girl
     00009424  _gun_girlFrame3SpriteStrips        gun_girl
     00009430  _gun_girlFrame4SpriteStrips        gun_girl
     0000943C  _gun_girlFrame5SpriteStrips        gun_girl
     00009448  _gun_girlFrame6SpriteStrips        gun_girl
     00009454  _gun_girlFrame7SpriteStrips        gun_girl
     00009460  _gun_girlFrame8SpriteStrips        gun_girl
     0000946C  _gun_girlFrame9SpriteStrips        gun_girl
     00009478  _gun_girlFrame10SpriteStrips       gun_girl
     00009484  _gun_girlFrame11SpriteStrips       gun_girl
     00009490  _gun_girlFrame12SpriteStrips       gun_girl
     0000949C  _gun_girlFrame13SpriteStrips       gun_girl
     000094AC  _gun_girlFrame14SpriteStrips       gun_girl
     000094B8  _gun_girlFrame15SpriteStrips       gun_girl
     000094C8  _gun_girlFrame16SpriteStrips       gun_girl
     000094D4  _gun_girlFrame17SpriteStrips       gun_girl
     000094E0  _gun_girlFrame18SpriteStrips       gun_girl
     000094EC  _gun_girlFrame19SpriteStrips       gun_girl
     000094F8  _gun_girlFrame20SpriteStrips       gun_girl
     00009504  _gun_girlFrame21SpriteStrips       gun_girl
     00009510  _gun_girlFrame22SpriteStrips       gun_girl
     00009520  _gun_girlFrame23SpriteStrips       gun_girl
     00009530  _gun_girlFrame24SpriteStrips       gun_girl
     00009540  _gun_girlFrame25SpriteStrips       gun_girl
     00009550  _gun_girlFrame26SpriteStrips       gun_girl
     00009560  _gun_girlFrame27SpriteStrips       gun_girl
     00009570  _gun_girlFrame28SpriteStrips       gun_girl
     00009580  _gun_girlFrame29SpriteStrips       gun_girl
     00009590  _gun_girlFrame30SpriteStrips       gun_girl
     000095A0  _gun_girlFrame31SpriteStrips       gun_girl
     000095B0  _gun_girlFrame32SpriteStrips       gun_girl
     000095C0  _gun_girlFrame33SpriteStrips       gun_girl
     000095D0  _gun_girlFrame34SpriteStrips       gun_girl
     000095E0  _gun_girlFrame35SpriteStrips       gun_girl
     000095F0  _gun_girlFrame36SpriteStrips       gun_girl
     00009600  _gun_girlFrame37SpriteStrips       gun_girl
     00009610  _gun_girlFrame38SpriteStrips       gun_girl
     0000961C  _gun_girlFrame39SpriteStrips       gun_girl
     00009628  _gun_girlFrame0                    gun_girl
     0000962D  _gun_girlFrame1                    gun_girl
     00009632  _gun_girlFrame2                    gun_girl
     00009637  _gun_girlFrame3                    gun_girl
     0000963C  _gun_girlFrame4                    gun_girl
     00009641  _gun_girlFrame5                    gun_girl
     00009646  _gun_girlFrame6                    gun_girl
     0000964B  _gun_girlFrame7                    gun_girl
     00009650  _gun_girlFrame8                    gun_girl
ASxxxx Linker V03.00/V05.40 + sdld,  page 35.
Hexadecimal  [32-Bits]

Area                                    Addr        Size        Decimal Bytes (Attributes)
--------------------------------        ----        ----        ------- ----- ------------
_BANK7                              00008000    0000174C =        5964. bytes (REL,CON)

      Value  Global                              Global Defined In Module
      -----  --------------------------------   ------------------------
     00009655  _gun_girlFrame9                    gun_girl
     0000965A  _gun_girlFrame10                   gun_girl
     0000965F  _gun_girlFrame11                   gun_girl
     00009664  _gun_girlFrame12                   gun_girl
     00009669  _gun_girlFrame13                   gun_girl
     0000966E  _gun_girlFrame14                   gun_girl
     00009673  _gun_girlFrame15                   gun_girl
     00009678  _gun_girlFrame16                   gun_girl
     0000967D  _gun_girlFrame17                   gun_girl
     00009682  _gun_girlFrame18                   gun_girl
     00009687  _gun_girlFrame19                   gun_girl
     0000968C  _gun_girlFrame20                   gun_girl
     00009691  _gun_girlFrame21                   gun_girl
     00009696  _gun_girlFrame22                   gun_girl
     0000969B  _gun_girlFrame23                   gun_girl
     000096A0  _gun_girlFrame24                   gun_girl
     000096A5  _gun_girlFrame25                   gun_girl
     000096AA  _gun_girlFrame26                   gun_girl
     000096AF  _gun_girlFrame27                   gun_girl
     000096B4  _gun_girlFrame28                   gun_girl
     000096B9  _gun_girlFrame29                   gun_girl
     000096BE  _gun_girlFrame30                   gun_girl
     000096C3  _gun_girlFrame31                   gun_girl
     000096C8  _gun_girlFrame32                   gun_girl
     000096CD  _gun_girlFrame33                   gun_girl
     000096D2  _gun_girlFrame34                   gun_girl
     000096D7  _gun_girlFrame35                   gun_girl
     000096DC  _gun_girlFrame36                   gun_girl
     000096E1  _gun_girlFrame37                   gun_girl
     000096E6  _gun_girlFrame38                   gun_girl
     000096EB  _gun_girlFrame39                   gun_girl
     000096F0  _gun_girlFrames                    gun_girl
     00009740  _gun_girl                          gun_girl

ASxxxx Linker V03.00/V05.40 + sdld,  page 36.

Files Linked                              [ module(s) ]

..\..\..\devkitSMS-master\/crt0/crt0_sms.rel
                                          [ crt0 ]
..\..\..\devkitSMS-master\/PSGlib//PSGlib.rel
                                          [ PSGlib ]
out\source\client\generated\gameobjecttemplates\bullet_template.rel
                                          [ bullet_template ]
out\source\client\generated\gameobjecttemplates\colortweaker_template.rel
                                          [ colortweaker_template ]
out\source\client\generated\gameobjecttemplates\commandrunner_rightscroll_template.rel
                                          [ commandrunner_rightscroll_templa ]
out\source\client\generated\gameobjecttemplates\deliveryrobot_template.rel
                                          [ deliveryrobot_template ]
out\source\client\generated\gameobjecttemplates\enemy_bullet_template.rel
                                          [ enemy_bullet_template ]
out\source\client\generated\gameobjecttemplates\explosion_template.rel
                                          [ explosion_template ]
out\source\client\generated\gameobjecttemplates\gun_girl_template.rel
                                          [ gun_girl_template ]
out\source\client\generated\gameobjecttemplates\impact_template.rel
                                          [ impact_template ]
out\source\client\generated\gameobjecttemplates\kunai_template.rel
                                          [ kunai_template ]
out\source\client\generated\gameobjecttemplates\robotrunner_template.rel
                                          [ robotrunner_template ]
out\source\client\generated\gameobjecttemplates\robotspring_template.rel
                                          [ robotspring_template ]
out\source\client\generated\gameobjecttemplates\rock_particle_template.rel
                                          [ rock_particle_template ]
out\source\client\generated\gameobjecttemplates\shotgun_item_template.rel
                                          [ shotgun_item_template ]
out\source\client\generated\gameobjecttemplates\shotgun_template.rel
                                          [ shotgun_template ]
out\source\client\generated\gameobjecttemplates\test_block_template.rel
                                          [ test_block_template ]
out\source\client\generated\gameobjecttemplates\threeshotflyer_template.rel
                                          [ threeshotflyer_template ]
out\source\client\generated\gameobjecttemplates\walker_big_template.rel
                                          [ walker_big_template ]
out\source\client\generated\gameobjecttemplates\walker_small_template.rel
                                          [ walker_small_template ]
out\source\client\generated\gameobjecttemplates\walker_template.rel
                                          [ walker_template ]
out\source\client\generated\gameobjecttemplates\wheeler_template.rel
                                          [ wheeler_template ]
out\source\client\exported\scenes\scene003.rel
                                          [ scene003 ]
out\source\client\exported\palettes\globalPalette.rel
                                          [ globalPalette ]
out\source\client\ai_commands.rel         [ ai_commands ]
out\source\client\main.rel                [ main ]
out\source\client\motion_sequence.rel     [ motion_sequence ]
out\source\client\tileset_functions.rel   [ tileset_functions ]
out\source\client\managers\physics_manager.rel
                                          [ physics_manager ]
out\source\client\managers\weapon_manager.rel
                                          [ weapon_manager ]
out\source\client\exported\sceneMasterTemp.rel
                                          [ sceneMasterTemp ]
out\source\client\generated\bank2.rel     [ bank2 ]
out\source\client\generated\resource_infos.rel
                                          [ resource_infos ]
out\source\client\objects\basic_effect.rel
                                          [ basic_effect ]
out\source\client\objects\bird.rel        [ bird ]
out\source\client\objects\bullet.rel      [ bullet ]
out\source\client\objects\color_tweaker.rel
                                          [ color_tweaker ]
out\source\client\objects\commandrunner_rightscroll.rel
                                          [ commandrunner_rightscroll ]
out\source\client\objects\deliveryrobot.rel
                                          [ deliveryrobot ]
out\source\client\objects\enemy.rel       [ enemy ]
out\source\client\objects\kunai.rel       [ kunai ]
out\source\client\objects\on_resource_loaded_callback.rel
                                          [ on_resource_loaded_callback ]
out\source\client\objects\particle_effect.rel
                                          [ particle_effect ]
out\source\client\objects\player.rel      [ player ]
out\source\client\objects\right_scroller.rel
                                          [ right_scroller ]
out\source\client\objects\shotgun.rel     [ shotgun ]
out\source\client\objects\shotgun_item.rel
                                          [ shotgun_item ]
out\source\client\objects\threeshotflyer.rel
                                          [ threeshotflyer ]
out\source\client\objects\tile_animator.rel
                                          [ tile_animator ]
out\source\client\objects\wheeler.rel     [ wheeler ]
out\source\engine\animation_utils.rel     [ animation_utils ]
out\source\engine\commandrunner_runall.rel
                                          [ commandrunner_runall ]
out\source\engine\command_manager.rel     [ command_manager ]
out\source\engine\command_types.rel       [ command_types ]
out\source\engine\draw_utils.rel          [ draw_utils ]
out\source\engine\joystick_manager.rel    [ joystick_manager ]
out\source\engine\map_load.rel            [ map_load ]
out\source\engine\map_manager.rel         [ map_manager ]
out\source\engine\map_types.rel           [ map_types ]
out\source\engine\object_manager.rel      [ object_manager ]
out\source\engine\object_utils.rel        [ object_utils ]
out\source\engine\resource_manager.rel    [ resource_manager ]
out\source\engine\scene_manager.rel       [ scene_manager ]
out\source\engine\scroll_manager.rel      [ scroll_manager ]
out\source\engine\scroll_utils.rel        [ scroll_utils ]
out\source\engine\terrain_manager.rel     [ terrain_manager ]
out\source\engine\vdptile_manager.rel     [ vdptile_manager ]
out\source\engine\commands\background_commands.rel
                                          [ background_commands ]
out\source\engine\commands\set_palette_commands.rel
                                          [ set_palette_commands ]
out\source\client\exported\animations\standard\colorTweaker.rel
                                          [ colorTweaker ]
out\source\client\exported\animations\standard\colorTweakerCursor.rel
                                          [ colorTweakerCursor ]
out\source\client\exported\animations\standard\explosion.rel
                                          [ explosion ]
out\source\client\exported\animations\standard\impact.rel
                                          [ impact ]
out\source\client\exported\animations\standard\kunai.rel
                                          [ kunai ]
out\source\client\exported\animations\standard\rock_particle.rel
                                          [ rock_particle ]
out\source\client\exported\animations\standard\test_block.rel
                                          [ test_block ]
out\source\client\exported\animations\animatedtilesets\waterfall.rel
                                          [ waterfall ]
out\source\client\generated\tilesets\breakable_rock_tileset.rel
                                          [ breakable_rock_tileset ]
out\source\client\generated\tilesets\field_tileset.rel
                                          [ field_tileset ]
out\source\client\generated\tilesets\waterfall_tileset.rel
                                          [ waterfall_tileset ]
out\source\client\exported\maps\field.rel
                                          [ field ]
out\source\client\exported\maps\level_001.rel
                                          [ level_001 ]
out\source\client\exported\maps\waterfall.rel
                                          [ waterfall ]
out\source\client\exported\animations\weapons\bullet.rel
                                          [ bullet ]
out\source\client\exported\animations\weapons\deliveryrobot.rel
                                          [ deliveryrobot ]
out\source\client\exported\animations\weapons\shotgun.rel
                                          [ shotgun ]
out\source\client\exported\animations\weapons\shotgun_item.rel
                                          [ shotgun_item ]
out\source\client\exported\animations\enemies\enemy_bullet.rel
                                          [ enemy_bullet ]
out\source\client\exported\animations\enemies\robotrunner.rel
                                          [ robotrunner ]
out\source\client\exported\animations\enemies\robotspring.rel
                                          [ robotspring ]
out\source\client\exported\animations\enemies\threeshotflyer.rel
                                          [ threeshotflyer ]
out\source\client\exported\animations\enemies\walker.rel
                                          [ walker ]
out\source\client\exported\animations\enemies\walker_big.rel
                                          [ walker_big ]
out\source\client\exported\animations\enemies\walker_small.rel
                                          [ walker_small ]
out\source\client\exported\animations\enemies\wheeler.rel
                                          [ wheeler ]
out\source\client\exported\animations\streamed\gun_girl.rel
                                          [ gun_girl ]


Libraries Linked                          [ object file ]

..\..\..\devkitSMS-master\/SMSlib/SMSlib.lib
                                          [ SMSlib.rel ]
..\..\..\devkitSMS-master\/SMSlib/SMSlib.lib
                                          [ SMSlib_VRAMmemset.rel ]
..\..\..\devkitSMS-master\/SMSlib/SMSlib.lib
                                          [ SMSlib_sprite.rel ]
C:\Program Files\SDCC\bin\..\lib\z80/z80.lib
                                          [ mul.rel ]
C:\Program Files\SDCC\bin\..\lib\z80/z80.lib
                                          [ __sdcc_call_hl.rel ]
..\..\..\devkitSMS-master\/SMSlib/SMSlib.lib
                                          [ SMSlib_debug.rel ]
..\..\..\devkitSMS-master\/SMSlib/SMSlib.lib
                                          [ SMSlib_UNSAFE.rel ]
..\..\..\devkitSMS-master\/SMSlib/SMSlib.lib
                                          [ SMSlib_VRAMmemcpy.rel ]
C:\Program Files\SDCC\bin\..\lib\z80/z80.lib
                                          [ __sdcc_call_iy.rel ]
..\..\..\devkitSMS-master\/SMSlib/SMSlib.lib
                                          [ SMSlib_autotext.rel ]
..\..\..\devkitSMS-master\/SMSlib/SMSlib.lib
                                          [ SMSlib_loadTileMapColumn.rel ]
..\..\..\devkitSMS-master\/SMSlib/SMSlib.lib
                                          [ SMSlib_load1bppTiles.rel ]
..\..\..\devkitSMS-master\/SMSlib/SMSlib.lib
                                          [ SMSlib_textrenderer.rel ]

ASxxxx Linker V03.00/V05.40 + sdld,  page 37.

User Base Address Definitions

_CODE = 0x0200
_DATA = 0xc000
_BANK3=0x8000
_BANK7=0x8000
_BANK2=0x8000
_BANK6=0x8000
_BANK5=0x8000
_BANK4=0x8000

