ASxxxx Linker V03.00/V05.40 + sdld,  page 1.
Hexadecimal  [32-Bits]

Area                                    Addr        Size        Decimal Bytes (Attributes)
--------------------------------        ----        ----        ------- ----- ------------
.  .ABS.                            00000000    00000000 =           0. bytes (ABS,CON)

      Value  Global                              Global Defined In Module
      -----  --------------------------------   ------------------------
     00000000  .__.ABS.                           SMSlib_textrenderer
     00000000  l__BSEG                         
     00000000  l__BSS                          
     00000000  l__CABS                         
     00000000  l__DABS                         
     00000000  l__HEADER                       
     00000000  l__HEAP                         
     00000000  l__HOME                         
     00000000  s__CABS                         
     00000000  s__CABS0                        
     00000000  s__CABS1                        
     00000000  s__CABS2                        
     00000000  s__CABS3                        
     00000000  s__CABS4                        
     00000000  s__DABS                         
     00000000  s__HEADER                       
     00000000  s__HEADER0                      
     00000000  s__HEADER1                      
     00000000  s__HEADER2                      
     00000000  s__HEADER3                      
     00000000  s__HEADER4                      
     00000001  l__GSFINAL                      
     00000003  l__CABS1                        
     00000008  l__HEADER0                      
     00000009  l__HEADER1                      
     0000000F  l__GSINIT                       
     00000010  l__CABS0                        
     00000010  l__CABS2                        
     00000010  l__CABS4                        
     0000001F  l__HEADER2                      
     0000002B  l__CABS3                        
     0000002B  l__HEADER3                      
     00000035  l__INITIALIZED                  
     00000035  l__INITIALIZER                  
     00000104  l__HEADER4                      
     00000200  s__CODE                         
     000006E5  l__BANK5                        
     00001504  l__BANK2                        
     0000174C  l__BANK7                        
     000017D3  l__DATA                         
     0000187E  l__BANK4                        
     00001C54  l__BANK6                        
     00003CB8  l__BANK3                        
     000070CA  l__CODE                         
     000072CA  s__HOME                         
     000072CA  s__INITIALIZER                  
     000072FF  s__GSINIT                       
     0000730E  s__GSFINAL                      
     00008000  _SMS_SRAM                          SMSlib_textrenderer
     00008000  s__BANK2                        
ASxxxx Linker V03.00/V05.40 + sdld,  page 2.
Hexadecimal  [32-Bits]

Area                                    Addr        Size        Decimal Bytes (Attributes)
--------------------------------        ----        ----        ------- ----- ------------
.  .ABS.                            00000000    00000000 =           0. bytes (ABS,CON)

      Value  Global                              Global Defined In Module
      -----  --------------------------------   ------------------------
     00008000  s__BANK3                        
     00008000  s__BANK4                        
     00008000  s__BANK5                        
     00008000  s__BANK6                        
     00008000  s__BANK7                        
     0000C000  s__DATA                         
     0000D7D3  s__INITIALIZED                  
     0000D808  s__BSEG                         
     0000D808  s__BSS                          
     0000D808  s__HEAP                         
     0000FFFC  _SRAM_bank_to_be_mapped_on_slot2   SMSlib_textrenderer
     0000FFFD  _ROM_bank_to_be_mapped_on_slot0    SMSlib_textrenderer
     0000FFFE  _ROM_bank_to_be_mapped_on_slot1    SMSlib_textrenderer
     0000FFFF  _ROM_bank_to_be_mapped_on_slot2    SMSlib_textrenderer

ASxxxx Linker V03.00/V05.40 + sdld,  page 3.
Hexadecimal  [32-Bits]

Area                                    Addr        Size        Decimal Bytes (Attributes)
--------------------------------        ----        ----        ------- ----- ------------
_CODE                               00000200    000070CA =       28874. bytes (REL,CON)

      Value  Global                              Global Defined In Module
      -----  --------------------------------   ------------------------
     00000200  _PSGStop                           PSGlib
     00000227  _PSGResume                         PSGlib
     00000273  _PSGPlay                           PSGlib
     0000029E  _PSGPlayLoops                      PSGlib
     000002B5  _PSGCancelLoop                     PSGlib
     000002C0  _PSGPlayNoRepeat                   PSGlib
     000002CE  _PSGGetStatus                      PSGlib
     000002D2  _PSGSilenceChannels                PSGlib
     000002E3  _PSGRestoreVolumes                 PSGlib
     000003BC  _PSGSetMusicVolumeAttenuation      PSGlib
     00000496  _PSGSFXStop                        PSGlib
     00000559  _PSGSFXPlay                        PSGlib
     000005A9  _PSGSFXCancelLoop                  PSGlib
     000005AF  _PSGSFXGetStatus                   PSGlib
     000005B3  _PSGSFXPlayLoop                    PSGlib
     000005CE  _PSGFrame                          PSGlib
     000006F2  _PSGSFXFrame                       PSGlib
     00000778  _bullet_template                   bullet_template
     00000785  _colortweaker_template             colortweaker_template
     00000792  _commandrunner_rightscroll_templ   commandrunner_rightscroll_te
     0000079F  _deliveryrobot_template            deliveryrobot_template
     000007AC  _explosion_template                explosion_template
     000007B9  _gun_girl_template                 gun_girl_template
     000007C6  _impact_template                   impact_template
     000007D3  _kunai_template                    kunai_template
     000007E0  _robotrunner_template              robotrunner_template
     000007ED  _robotspring_template              robotspring_template
     000007FA  _rock_particle_template            rock_particle_template
     00000807  _shotgun_item_template             shotgun_item_template
     00000814  _shotgun_template                  shotgun_template
     00000821  _test_block_template               test_block_template
     0000082E  _threeshotflyer_template           threeshotflyer_template
     0000083B  _walker_big_template               walker_big_template
     00000848  _walker_small_template             walker_small_template
     00000855  _walker_template                   walker_template
     00000862  _wheeler_template                  wheeler_template
     0000086F  _scene003_createInfoBootstrapper   scene003
     00000877  _scene003_createInfo3              scene003
     0000087F  _scene003_createInfo6              scene003
     00000885  _scene003_createInfo7              scene003
     0000088B  _scene003_createInfo8              scene003
     00000891  _scene003_createInfo9              scene003
     00000897  _scene003_createInfo10             scene003
     0000089D  _scene003_createInfo11             scene003
     000008A3  _scene003_createInfo12             scene003
     000008A9  _scene003_createInfo13             scene003
     000008AF  _scene003_createInfo14             scene003
     000008B5  _scene003_createInfo15             scene003
     000008BB  _scene003_createInfo16             scene003
     000008C1  _scene003_createInfo17             scene003
ASxxxx Linker V03.00/V05.40 + sdld,  page 4.
Hexadecimal  [32-Bits]

Area                                    Addr        Size        Decimal Bytes (Attributes)
--------------------------------        ----        ----        ------- ----- ------------
_CODE                               00000200    000070CA =       28874. bytes (REL,CON)

      Value  Global                              Global Defined In Module
      -----  --------------------------------   ------------------------
     000008C7  _scene003_createInfo18             scene003
     000008CD  _scene003_createInfo19             scene003
     000008D3  _scene003_createInfo20             scene003
     000008D9  _scene003_createInfo21             scene003
     000008E4  _scene003_commands                 scene003
     000009B0  _scene003                          scene003
     000009B2  _globalPaletteValues               globalPalette
     000009C2  _globalPalette                     globalPalette
     000009C5  _PSGUpdate                         main
     000009CB  _main                              main
     00000A8C  _MotionUtils_updateMotion          motion_sequence
     00000AFA  _breakable_rock_tileset_TilesetF   tileset_functions
     00000BCD  _WeaponManager_InitGame            weapon_manager
     00000BE9  _WeaponManager_InitLevel           weapon_manager
     00000BEA  _WeaponManager_SwitchWeapon        weapon_manager
     00000C0F  _WeaponManager_FireDefault         weapon_manager
     00000C6C  _WeaponManager_FireDefaultVertic   weapon_manager
     00000CB8  _WeaponManager_FireShotgun         weapon_manager
     00000DBF  _WeaponManager_FireShotgunVertic   weapon_manager
     00000E8E  _sceneMasterTemp_createInfoBoots   sceneMasterTemp
     00000E96  _sceneMasterTemp_createInfo3       sceneMasterTemp
     00000E9E  _sceneMasterTemp_createInfo6       sceneMasterTemp
     00000EA4  _sceneMasterTemp_createInfo7       sceneMasterTemp
     00000EAA  _sceneMasterTemp_createInfo8       sceneMasterTemp
     00000EB0  _sceneMasterTemp_createInfo9       sceneMasterTemp
     00000EB6  _sceneMasterTemp_createInfo10      sceneMasterTemp
     00000EBC  _sceneMasterTemp_createInfo11      sceneMasterTemp
     00000EC2  _sceneMasterTemp_createInfo12      sceneMasterTemp
     00000EC8  _sceneMasterTemp_createInfo13      sceneMasterTemp
     00000ECE  _sceneMasterTemp_createInfo14      sceneMasterTemp
     00000ED4  _setTilesetPropertiesParams        sceneMasterTemp
     00000ED9  _sceneMasterTemp_commands          sceneMasterTemp
     00000F63  _sceneMasterTemp                   sceneMasterTemp
     00000F65  _explosion_psg                     bank2
     00000F80  _throw_psg                         bank2
     00000F96  _hit_psg                           bank2
     00000FA7  _background3_tilesetResourceInfo   resource_infos
     00000FAA  _breakable_rock_tilesetResourceI   resource_infos
     00000FAD  _field_tilesetResourceInfo         resource_infos
     00000FB0  _waterfall_tilesetResourceInfo     resource_infos
     00000FB3  _gun_girlResourceInfo              resource_infos
     00000FB6  _colorTweakerResourceInfo          resource_infos
     00000FB9  _colorTweakerCursorResourceInfo    resource_infos
     00000FBC  _explosionResourceInfo             resource_infos
     00000FBF  _impactResourceInfo                resource_infos
     00000FC2  _kunaiResourceInfo                 resource_infos
     00000FC5  _rock_particleResourceInfo         resource_infos
     00000FC8  _test_blockResourceInfo            resource_infos
     00000FCB  _robotrunnerResourceInfo           resource_infos
     00000FCE  _robotspringResourceInfo           resource_infos
     00000FD1  _threeshotflyerResourceInfo        resource_infos
ASxxxx Linker V03.00/V05.40 + sdld,  page 5.
Hexadecimal  [32-Bits]

Area                                    Addr        Size        Decimal Bytes (Attributes)
--------------------------------        ----        ----        ------- ----- ------------
_CODE                               00000200    000070CA =       28874. bytes (REL,CON)

      Value  Global                              Global Defined In Module
      -----  --------------------------------   ------------------------
     00000FD4  _walkerResourceInfo                resource_infos
     00000FD7  _walker_bigResourceInfo            resource_infos
     00000FDA  _walker_smallResourceInfo          resource_infos
     00000FDD  _wheelerResourceInfo               resource_infos
     00000FE0  _bulletResourceInfo                resource_infos
     00000FE3  _deliveryrobotResourceInfo         resource_infos
     00000FE6  _shotgunResourceInfo               resource_infos
     00000FE9  _shotgun_itemResourceInfo          resource_infos
     00000FEC  _waterfallResourceInfo             resource_infos
     00000FEF  _globalPaletteResourceInfo         resource_infos
     00000FF2  _background3_mapResourceInfo       resource_infos
     00000FF5  _background3_test_mapResourceInf   resource_infos
     00000FF8  _field_mapResourceInfo             resource_infos
     00000FFB  _level_001_mapResourceInfo         resource_infos
     00000FFE  _waterfall_mapResourceInfo         resource_infos
     00001001  _BasicEffect_Init                  basic_effect
     00001023  _BasicEffect_Update                basic_effect
     000010DE  _BasicEffect_Draw                  basic_effect
     00001142  _Bird_Init                         bird
     00001179  _Bird_Update                       bird
     000011B4  _Bird_Draw                         bird
     000011B6  _Bullet_Init                       bullet
     00001282  _Bullet_Update                     bullet
     000016AC  _Bullet_Draw                       bullet
     00001710  _Bullet_HandleCollision            bullet
     000017D1  _ColorTweaker_Init                 color_tweaker
     000018FF  _ColorTweaker_Update               color_tweaker
     00001D43  _ColorTweaker_Draw                 color_tweaker
     00001EF8  _CommandRunner_RightScroll_Init    commandrunner_rightscroll
     00001F94  _CommandRunner_RightScroll_Updat   commandrunner_rightscroll
     00002012  _DeliveryRobot_Init                deliveryrobot
     000020F4  _deliveryRobotMotionSequenceNode   deliveryrobot
     00002121  _deliveryRobotMotionSequence       deliveryrobot
     00002126  _DeliveryRobot_Update              deliveryrobot
     00002254  _DeliveryRobot_Draw                deliveryrobot
     000022AA  _DeliveryRobot_HandleCollision     deliveryrobot
     00002477  _Enemy_Init                        enemy
     00002491  _Enemy_Update                      enemy
     00002553  _Enemy_Draw                        enemy
     0000259C  _Enemy_HandleCollision             enemy
     0000262A  _Kunai_Init                        kunai
     00002650  _EraseTiles                        kunai
     000026F6  _Kunai_Update                      kunai
     00002A88  _Kunai_Draw                        kunai
     00002ADF  _Kunai_HandleCollision             kunai
     00002BA0  _OnResourceLoaded                  on_resource_loaded_callback
     00002BB3  _ParticleEffect_Init               particle_effect
     00002BEA  _ParticleEffect_Update             particle_effect
     00002CF6  _ParticleEffect_Draw               particle_effect
     00002D8B  _setPlayerAnimation                player
     00002EDB  _playerStateFunctions              player
ASxxxx Linker V03.00/V05.40 + sdld,  page 6.
Hexadecimal  [32-Bits]

Area                                    Addr        Size        Decimal Bytes (Attributes)
--------------------------------        ----        ----        ------- ----- ------------
_CODE                               00000200    000070CA =       28874. bytes (REL,CON)

      Value  Global                              Global Defined In Module
      -----  --------------------------------   ------------------------
     00002EE7  _setPlayerState                    player
     00002F62  _Player_Init                       player
     00002FB4  _Player_FireWeapon                 player
     0000309D  _Player_UpdateX                    player
     000032C1  _Player_UpdateStand                player
     00003397  _Player_UpdateRun                  player
     00003489  _Player_UpdateFall                 player
     0000364E  _Player_UpdateJump                 player
     000037B0  _Player_UpdateDuck                 player
     000038A1  _AnimationUtils_UpdateStreamedBa   player
     000038B3  _Player_Update                     player
     00003969  _Player_Draw                       player
     000039BF  _RightScroller_Init                right_scroller
     00003A0A  _RightScroll_Update                right_scroller
     00003B1C  _RightScroll_UpdateVDP             right_scroller
     00003B4A  _Shotgun_Init                      shotgun
     00003B70  _Shotgun_Update                    shotgun
     00003C74  _Shotgun_Draw                      shotgun
     00003CD8  _Shotgun_HandleCollision           shotgun
     00003D99  _ShotgunItem_Init                  shotgun_item
     00003DE3  _ShotgunItem_Update                shotgun_item
     00003ED6  _ShotgunItem_Sit                   shotgun_item
     00003ED7  _ShotgunItem_Fall                  shotgun_item
     00003FAE  _ShotgunItem_Draw                  shotgun_item
     00004004  _ShotgunItem_HandleCollision       shotgun_item
     0000400C  _ThreeShotFlyer_Init               threeshotflyer
     0000404D  _ThreeShotFlyer_Update             threeshotflyer
     00004197  _ThreeShotFlyer_Draw               threeshotflyer
     000041ED  _ThreeShotFlyer_HandleCollision    threeshotflyer
     0000429B  _TileAnimator_Init                 tile_animator
     000042C4  _UpdateTiles                       tile_animator
     0000431D  _TileAnimator_Update               tile_animator
     0000433A  _Wheeler_Init                      wheeler
     00004402  _Wheeler_Update                    wheeler
     000045E7  _Wheeler_Roll                      wheeler
     00004613  _Wheeler_Fall                      wheeler
     0000468A  _Wheeler_Draw                      wheeler
     000046E0  _Wheeler_HandleCollision           wheeler
     0000478E  _AnimationUtils_updateBatchedAni   animation_utils
     000047DB  _AnimationUtils_updateBatchedAni   animation_utils
     00004855  _AnimationUtils_updateStreamedBa   animation_utils
     000048A2  _AnimationUtils_updatePlaneAnima   animation_utils
     000048E3  _AnimationUtils_updateTileAnimat   animation_utils
     00004922  _AnimationUtils_setBatchedAnimat   animation_utils
     00004965  _Load_BatchedAnimationResource     animation_utils
     0000498D  _Load_StreamedBatchedAnimationRe   animation_utils
     000049A6  _Load_PlaneAnimationResource       animation_utils
     000049CC  _Load_TileAnimationResource        animation_utils
     000049F2  _Setup_BatchedAnimationResource    animation_utils
     00004A75  _Setup_PlaneAnimationResource      animation_utils
     00004AFB  _Setup_TileAnimationResource       animation_utils
ASxxxx Linker V03.00/V05.40 + sdld,  page 7.
Hexadecimal  [32-Bits]

Area                                    Addr        Size        Decimal Bytes (Attributes)
--------------------------------        ----        ----        ------- ----- ------------
_CODE                               00000200    000070CA =       28874. bytes (REL,CON)

      Value  Global                              Global Defined In Module
      -----  --------------------------------   ------------------------
     00004B46  _AnimationUtils_UpdateStreamedBa   animation_utils
     00004C46  _CommandRunner_RunAll_Init         commandrunner_runall
     00004CBA  _commandrunner_runall_template     commandrunner_runall
     00004CC7  _DrawUtils_addSprite               draw_utils
     00004CE9  _DrawUtils_addTwoAdjoiningSprite   draw_utils
     00004D1F  _DrawUtils_addThreeAdjoiningSpri   draw_utils
     00004D70  _DrawUtils_addFourAdjoiningSprit   draw_utils
     00004DD7  _DrawUtils_DrawBatched             draw_utils
     00004E5A  _DrawUtils_DrawStreamedBatched     draw_utils
     00004EED  _drawToPlane                       draw_utils
     000051AE  _DrawUtils_DrawPlaneAnimationFra   draw_utils
     00005238  _JoystickManager_Update            joystick_manager
     0000524E  _Load_MapResource                  map_load
     000052E4  _Load_TilesetResource              map_load
     000053D3  _Load_AnimatedTilesetResource      map_load
     0000548A  _MapManager_SetTilesetProperties   map_manager
     000054DE  _ObjectManager_Init                object_manager
     00005567  _ObjectManager_Update              object_manager
     000059B2  _ObjectManager_CreateObject        object_manager
     00005A6C  _ApplyGameObjectTemplate           object_manager
     00005AE5  _ObjectManager_CreateObjectByTem   object_manager
     00005BC8  _FindFreeGameObject                object_manager
     00005C51  _ObjectManager_CreateObjectByCre   object_manager
     00005D48  _ObjectManager_DestroyObject       object_manager
     00005D5F  _ObjectManagerUtils_doProjectCol   object_manager
     00005EFA  _ObjectManager_QueueVDPDraw        object_manager
     00005F2A  _ObjectManager_VDPDraw             object_manager
     00005F79  _ObjectUtils_gameObjectDoNothing   object_utils
     00005F7A  _ObjectUtils_doNothing             object_utils
     00005F7B  _ObjectUtils_twoGameObjectsDoNot   object_utils
     00005F7C  _ObjectUtils_drawNothing           object_utils
     00005F7E  _printResourceTypeName             resource_manager
     0000605B  _ResourceManager_Init              resource_manager
     000060BE  _ResourceManager_LoadResource      resource_manager
     000061A2  _ResourceManager_SetupResource     resource_manager
     0000624C  _ResourceManager_SetOnResourceLo   resource_manager
     00006250  _SceneManager_Init                 scene_manager
     00006278  _ScrollUtils_buildColumn           scroll_utils
     0000696B  _ScrollUtils_InitTilemap           scroll_utils
     000069D5  _TerrainManager_Init               terrain_manager
     00006A01  _TerrainManager_UpdateTerrain      terrain_manager
     00006A50  _VDPTileManager_Init               vdptile_manager
     00006A5D  _VDPTileManager_LoadSpriteTiles    vdptile_manager
     00006ABF  _VDPTileManager_ReserveSpriteTil   vdptile_manager
     00006AE3  _VDPTileManager_LoadBackgroundTi   vdptile_manager
     00006B26  _SetBackgroundVerticalScroll       background_commands
     00006B29  _SetBackgroundPalette              set_palette_commands
     00006B89  _SetSpritePalette                  set_palette_commands
     00006BE5  _SMS_init                          SMSlib
     00006C11  _VDPReg_init                       SMSlib
     00006C1C  _SMS_VDPturnOnFeature              SMSlib
ASxxxx Linker V03.00/V05.40 + sdld,  page 8.
Hexadecimal  [32-Bits]

Area                                    Addr        Size        Decimal Bytes (Attributes)
--------------------------------        ----        ----        ------- ----- ------------
_CODE                               00000200    000070CA =       28874. bytes (REL,CON)

      Value  Global                              Global Defined In Module
      -----  --------------------------------   ------------------------
     00006C31  _SMS_VDPturnOffFeature             SMSlib
     00006C49  _SMS_setBGScrollX                  SMSlib
     00006C53  _SMS_setBGScrollY                  SMSlib
     00006C5D  _SMS_setBackdropColor              SMSlib
     00006C67  _SMS_useFirstHalfTilesforSprites   SMSlib
     00006C7D  _SMS_setSpriteMode                 SMSlib
     00006CCA  _SMS_setBGPaletteColor             SMSlib
     00006CD7  _SMS_setSpritePaletteColor         SMSlib
     00006CE4  _SMS_loadBGPalette                 SMSlib
     00006CF8  _SMS_loadSpritePalette             SMSlib
     00006D0C  _SMS_setColor                      SMSlib
     00006D10  _SMS_waitForVBlank                 SMSlib
     00006D1D  _SMS_getKeysStatus                 SMSlib
     00006D22  _SMS_getKeysPressed                SMSlib
     00006D37  _SMS_getKeysHeld                   SMSlib
     00006D4A  _SMS_getKeysReleased               SMSlib
     00006D63  _SMS_queryPauseRequested           SMSlib
     00006D67  _SMS_resetPauseRequest             SMSlib
     00006D6D  _SMS_setFrameInterruptHandler      SMSlib
     00006D71  _SMS_setLineInterruptHandler       SMSlib
     00006D75  _SMS_setLineCounter                SMSlib
     00006D7F  _SMS_getVCount                     SMSlib
     00006D82  _SMS_getHCount                     SMSlib
     00006D85  _SMS_isr                           SMSlib
     00006DCD  _SMS_nmi_isr                       SMSlib
     00006DD6  _SMS_VRAMmemset_f                  SMSlib_VRAMmemset
     00006DF2  _SMS_VRAMmemsetW                   SMSlib_VRAMmemset
     00006E05  _SMS_initSprites                   SMSlib_sprite
     00006E0B  _SMS_addSprite_f                   SMSlib_sprite
     00006E36  _SMS_copySpritestoSAT              SMSlib_sprite
     00006E6A  __mulint                           
     00006E6C  __mul16                            
     00006E81  ___sdcc_call_hl                    
     00006E82  _SMS_debugPrintf                   SMSlib_debug
     00006E92  _UNSAFE_SMS_copySpritestoSAT       SMSlib_UNSAFE
     00006ED9  _UNSAFE_SMS_VRAMmemcpy32           SMSlib_UNSAFE
     00006EE2  _UNSAFE_SMS_VRAMmemcpy64           SMSlib_UNSAFE
     00006EEB  _UNSAFE_SMS_VRAMmemcpy128          SMSlib_UNSAFE
     00006EF4  _SMS_VRAMmemcpy                    SMSlib_VRAMmemcpy
     00006F0B  ___sdcc_call_iy                    
     00006F0D  _SMS_autoSetUpTextRenderer         SMSlib_autotext
     00006F3C  _devkitSMS_font__tiles__1bpp       SMSlib_autotext
     0000723C  _SMS_loadTileMapColumnatAddr       SMSlib_loadTileMapColumn
     0000725C  _SMS_load1bppTiles                 SMSlib_load1bppTiles
     000072BE  _SMS_configureTextRenderer         SMSlib_textrenderer
     000072C2  _putchar                           SMSlib_textrenderer
ASxxxx Linker V03.00/V05.40 + sdld,  page 9.
Hexadecimal  [32-Bits]

Area                                    Addr        Size        Decimal Bytes (Attributes)
--------------------------------        ----        ----        ------- ----- ------------
_HEADER0                            00000000    00000008 =           8. bytes (ABS,CON)

      Value  Global                              Global Defined In Module
      -----  --------------------------------   ------------------------
ASxxxx Linker V03.00/V05.40 + sdld,  page 10.
Hexadecimal  [32-Bits]

Area                                    Addr        Size        Decimal Bytes (Attributes)
--------------------------------        ----        ----        ------- ----- ------------
_HEADER1                            00000000    00000009 =           9. bytes (ABS,CON)

      Value  Global                              Global Defined In Module
      -----  --------------------------------   ------------------------
     00000008  _SMS_crt0_RST08                    crt0

ASxxxx Linker V03.00/V05.40 + sdld,  page 11.
Hexadecimal  [32-Bits]

Area                                    Addr        Size        Decimal Bytes (Attributes)
--------------------------------        ----        ----        ------- ----- ------------
_HEADER2                            00000000    0000001F =          31. bytes (ABS,CON)

      Value  Global                              Global Defined In Module
      -----  --------------------------------   ------------------------
     00000018  _SMS_crt0_RST18                    crt0
     0000002F  get_bank                           crt0
     00000033  set_bank                           crt0
ASxxxx Linker V03.00/V05.40 + sdld,  page 12.
Hexadecimal  [32-Bits]

Area                                    Addr        Size        Decimal Bytes (Attributes)
--------------------------------        ----        ----        ------- ----- ------------
_HEADER3                            00000000    0000002B =          43. bytes (ABS,CON)

      Value  Global                              Global Defined In Module
      -----  --------------------------------   ------------------------
ASxxxx Linker V03.00/V05.40 + sdld,  page 13.
Hexadecimal  [32-Bits]

Area                                    Addr        Size        Decimal Bytes (Attributes)
--------------------------------        ----        ----        ------- ----- ------------
_HEADER4                            00000000    00000104 =         260. bytes (ABS,CON)

      Value  Global                              Global Defined In Module
      -----  --------------------------------   ------------------------
     00000069  _OUTI128                           crt0
     000000E9  _OUTI64                            crt0
     00000129  _OUTI32                            crt0
     00000169  _outi_block                        crt0

ASxxxx Linker V03.00/V05.40 + sdld,  page 14.
Hexadecimal  [32-Bits]

Area                                    Addr        Size        Decimal Bytes (Attributes)
--------------------------------        ----        ----        ------- ----- ------------
_INITIALIZER                        000072CA    00000035 =          53. bytes (REL,CON)

      Value  Global                              Global Defined In Module
      -----  --------------------------------   ------------------------
ASxxxx Linker V03.00/V05.40 + sdld,  page 15.
Hexadecimal  [32-Bits]

Area                                    Addr        Size        Decimal Bytes (Attributes)
--------------------------------        ----        ----        ------- ----- ------------
_GSINIT                             000072FF    0000000F =          15. bytes (REL,CON)

      Value  Global                              Global Defined In Module
      -----  --------------------------------   ------------------------
     000072FF  gsinit                             crt0

ASxxxx Linker V03.00/V05.40 + sdld,  page 16.
Hexadecimal  [32-Bits]

Area                                    Addr        Size        Decimal Bytes (Attributes)
--------------------------------        ----        ----        ------- ----- ------------
_GSFINAL                            0000730E    00000001 =           1. bytes (REL,CON)

      Value  Global                              Global Defined In Module
      -----  --------------------------------   ------------------------
ASxxxx Linker V03.00/V05.40 + sdld,  page 17.
Hexadecimal  [32-Bits]

Area                                    Addr        Size        Decimal Bytes (Attributes)
--------------------------------        ----        ----        ------- ----- ------------
_DATA                               0000C000    000017D3 =        6099. bytes (REL,CON)

      Value  Global                              Global Defined In Module
      -----  --------------------------------   ------------------------
     0000C000  _PSGMusicStatus                    PSGlib
     0000C001  _PSGMusicStart                     PSGlib
     0000C003  _PSGMusicPointer                   PSGlib
     0000C005  _PSGMusicLoopPoint                 PSGlib
     0000C007  _PSGMusicSkipFrames                PSGlib
     0000C008  _PSGLoopFlag                       PSGlib
     0000C009  _PSGLoopCounter                    PSGlib
     0000C00A  _PSGMusicLastLatch                 PSGlib
     0000C00B  _PSGMusicVolumeAttenuation         PSGlib
     0000C00C  _PSGMusicSubstringLen              PSGlib
     0000C00D  _PSGMusicSubstringRetAddr          PSGlib
     0000C00F  _PSGChan0Volume                    PSGlib
     0000C010  _PSGChan1Volume                    PSGlib
     0000C011  _PSGChan2Volume                    PSGlib
     0000C012  _PSGChan3Volume                    PSGlib
     0000C013  _PSGChan2LowTone                   PSGlib
     0000C014  _PSGChan2HighTone                  PSGlib
     0000C015  _PSGChan3LowTone                   PSGlib
     0000C016  _PSGChannel2SFX                    PSGlib
     0000C017  _PSGChannel3SFX                    PSGlib
     0000C018  _PSGSFXChan2Volume                 PSGlib
     0000C019  _PSGSFXChan3Volume                 PSGlib
     0000C01A  _PSGSFXStatus                      PSGlib
     0000C01B  _PSGSFXStart                       PSGlib
     0000C01D  _PSGSFXPointer                     PSGlib
     0000C01F  _PSGSFXLoopPoint                   PSGlib
     0000C021  _PSGSFXSkipFrames                  PSGlib
     0000C022  _PSGSFXLoopFlag                    PSGlib
     0000C023  _PSGSFXSubstringLen                PSGlib
     0000C024  _PSGSFXSubstringRetAddr            PSGlib
     0000C026  _PhysicsVars_X                     physics_manager
     0000C028  _PhysicsVars_Y                     physics_manager
     0000C02A  _PhysicsVars_GroundBlockX          physics_manager
     0000C02C  _PhysicsVars_GroundBlockY          physics_manager
     0000C02E  _WeaponManager_currentWeaponType   weapon_manager
     0000C02F  _WeaponManager_FireWeapon          weapon_manager
     0000C031  _WeaponManager_FireWeaponVertica   weapon_manager
     0000C033  _weaponFunctions                   weapon_manager
     0000C037  _weaponVerticalFunctions           weapon_manager
     0000C03B  _redChannel                        color_tweaker
     0000C04B  _greenChannel                      color_tweaker
     0000C05B  _blueChannel                       color_tweaker
     0000C06B  _palette                           color_tweaker
     0000C07B  _playerX                           player
     0000C07D  _playerY                           player
     0000C07F  _playerSpeedX                      player
     0000C081  _playerSpeedY                      player
     0000C083  _playerState                       player
     0000C084  _jumpPressCounter                  player
     0000C086  _jumpWhenLanding                   player
ASxxxx Linker V03.00/V05.40 + sdld,  page 18.
Hexadecimal  [32-Bits]

Area                                    Addr        Size        Decimal Bytes (Attributes)
--------------------------------        ----        ----        ------- ----- ------------
_DATA                               0000C000    000017D3 =        6099. bytes (REL,CON)

      Value  Global                              Global Defined In Module
      -----  --------------------------------   ------------------------
     0000C087  _canStillJumpFrames                player
     0000C088  _pointingUp                        player
     0000C089  _pointingDown                      player
     0000C08A  _isPlayerShooting                  player
     0000C08B  _player_SubUpdate                  player
     0000C08D  _columnToUpdate                    right_scroller
     0000C08F  _terrainColumnToUpdate             right_scroller
     0000C090  _CommandManager_commandRunnerObj   command_manager
     0000C0C2  _CommandManager_currentCommand     command_manager
     0000C0C4  _CommandRunner_counter             command_manager
     0000C0C6  _DrawUtils_spriteCounter           draw_utils
     0000C0C7  _DrawUtils_currentSpriteStrips     draw_utils
     0000C0C9  _DrawUtils_vdpTileIndex            draw_utils
     0000C0CA  _DrawUtils_screenX                 draw_utils
     0000C0CC  _DrawUtils_screenY                 draw_utils
     0000C0CE  _DrawUtils_spritesDrawn            draw_utils
     0000C0CF  _x                                 draw_utils
     0000C0D0  _y                                 draw_utils
     0000C0D1  _buffer                            draw_utils
     0000C0D3  _bufferWidth                       draw_utils
     0000C0D4  _bufferHeight                      draw_utils
     0000C0D5  _vdpOffset                         draw_utils
     0000C0D7  _JoystickManager_buttonState       joystick_manager
     0000C0D9  _JoystickManager_buttonsPressed    joystick_manager
     0000C0DB  _JoystickManager_buttonsReleased   joystick_manager
     0000C0DD  _MapManager_numTilesets            map_manager
     0000C0DE  _MapManager_metatileLuts           map_manager
     0000C0EE  _MapManager_metatileLutsData       map_manager
     0000D0EE  _MapManager_metatileLutsDataSize   map_manager
     0000D0F0  _MapManager_tilesets               map_manager
     0000D150  _MapManager_tilesetVdpLocations    map_manager
     0000D160  _MapManager_tilesetFunctions       map_manager
     0000D170  _MapManager_tilesetGameObjectTem   map_manager
     0000D180  _MapManager_mapWidth               map_manager
     0000D182  _MapManager_mapHeight              map_manager
     0000D184  _MapManager_mapData                map_manager
     0000D186  _MapManager_mapResourceInfo        map_manager
     0000D188  _ObjectManager_player              object_manager
     0000D1BA  _ObjectManager_Item                object_manager
     0000D1EC  _ObjectManager_projectileSlots     object_manager
     0000D282  _ObjectManager_enemySlots          object_manager
     0000D412  _ObjectManager_effectSlots         object_manager
     0000D5A2  _ObjectManager_numEffects          object_manager
     0000D5A3  _ObjectManager_activeProjectiles   object_manager
     0000D5A9  _ObjectManager_activeProjectiles   object_manager
     0000D5AA  _ObjectManager_currentEnemyIndex   object_manager
     0000D5AB  _ObjectManager_vdpDrawGameObject   object_manager
     0000D5BB  _ObjectManager_vdpDrawFunctions    object_manager
     0000D5CB  _ObjectManager_numVdpDrawItems     object_manager
     0000D5CC  _ResourceManager_loadFunctions     resource_manager
     0000D5DC  _ResourceManager_setupFunctions    resource_manager
ASxxxx Linker V03.00/V05.40 + sdld,  page 19.
Hexadecimal  [32-Bits]

Area                                    Addr        Size        Decimal Bytes (Attributes)
--------------------------------        ----        ----        ------- ----- ------------
_DATA                               0000C000    000017D3 =        6099. bytes (REL,CON)

      Value  Global                              Global Defined In Module
      -----  --------------------------------   ------------------------
     0000D5EC  _ScrollManager_horizontalScrollL   scroll_manager
     0000D5EE  _ScrollManager_columnBuffer        scroll_manager
     0000D622  _ScrollUtils_mapColumnToBuild      scroll_utils
     0000D624  _TerrainManager_terrain            terrain_manager
     0000D6E4  _VDPTileManager_spriteTileLocati   vdptile_manager
     0000D6E6  _VDPTileManager_backgroundTileLo   vdptile_manager
     0000D6E8  _colorTweakerVdpLocation           colorTweaker
     0000D6E9  _colorTweakerCursorVdpLocation     colorTweakerCursor
     0000D6EA  _explosionVdpLocation              explosion
     0000D6EB  _impactVdpLocation                 impact
     0000D6EC  _kunaiVdpLocation                  kunai
     0000D6ED  _rock_particleVdpLocation          rock_particle
     0000D6EE  _test_blockVdpLocation             test_block
     0000D6EF  _waterfallVdpLocation              waterfall
     0000D6F0  _background3_tilesetVdpLocation    background3_tileset
     0000D6F2  _breakable_rock_tilesetVdpLocati   breakable_rock_tileset
     0000D6F4  _field_tilesetVdpLocation          field_tileset
     0000D6F6  _waterfall_tilesetVdpLocation      waterfall_tileset
     0000D6F8  _bulletVdpLocation                 bullet
     0000D6F9  _deliveryrobotVdpLocation          deliveryrobot
     0000D6FA  _shotgunVdpLocation                shotgun
     0000D6FB  _shotgun_itemVdpLocation           shotgun_item
     0000D6FC  _robotrunnerVdpLocation            robotrunner
     0000D6FD  _robotspringVdpLocation            robotspring
     0000D6FE  _threeshotflyerVdpLocation         threeshotflyer
     0000D6FF  _walkerVdpLocation                 walker
     0000D700  _walker_bigVdpLocation             walker_big
     0000D701  _walker_smallVdpLocation           walker_small
     0000D702  _wheelerVdpLocation                wheeler
     0000D703  _gun_girlVdpLocation               gun_girl
     0000D704  _VDPBlank                          SMSlib
     0000D705  _SMS_VDPFlags                      SMSlib
     0000D706  _PauseRequested                    SMSlib
     0000D707  _SMS_Port3EBIOSvalue               SMSlib
     0000D708  _SMS_theFrameInterruptHandler      SMSlib
     0000D70A  _KeysStatus                        SMSlib
     0000D70C  _PreviousKeysStatus                SMSlib
     0000D70E  _SMS_theLineInterruptHandler       SMSlib
     0000D710  _SpriteTableY                      SMSlib_sprite
     0000D750  _SpriteTableXN                     SMSlib_sprite
     0000D7D0  _SpriteNextFree                    SMSlib_sprite
     0000D7D1  _SMS_TextRenderer_offset           SMSlib_textrenderer

ASxxxx Linker V03.00/V05.40 + sdld,  page 20.
Hexadecimal  [32-Bits]

Area                                    Addr        Size        Decimal Bytes (Attributes)
--------------------------------        ----        ----        ------- ----- ------------
_INITIALIZED                        0000D7D3    00000035 =          53. bytes (REL,CON)

      Value  Global                              Global Defined In Module
      -----  --------------------------------   ------------------------
     0000D7D3  _colortweaker_templateExtraResou   colortweaker_template
     0000D7D7  _updateAnimationStream             player
     0000D7D8  _oldBottomTileTypeLeft             player
     0000D7DA  _oldBottomTileTypeRight            player
     0000D7DC  _oldBlockY                         player
     0000D7DE  _drawSprite                        draw_utils
     0000D7E8  _ObjectManager_objectId            object_manager
     0000D7E9  _projectileFlicker                 object_manager
     0000D7EA  _drawOrderToggle                   object_manager
     0000D7EB  _ResourceManager_onResourceLoade   resource_manager
     0000D7ED  _ScrollManager_Update              scroll_manager
     0000D7EF  _ScrollManager_UpdateVDP           scroll_manager
     0000D7F1  _ScrollManager_horizontalScroll    scroll_manager
     0000D7F3  _ScrollManager_vdpHorizontalScro   scroll_manager
     0000D7F4  _ScrollManager_verticalScroll      scroll_manager
     0000D7F6  _ScrollManager_updateMapVDP        scroll_manager
     0000D7F7  _background3_tilesetResourceInfo   background3
     0000D7F9  _background3_test_tilesetResourc   background3_test
     0000D7FB  _field_tilesetResourceInfos        field
     0000D7FD  _level_001_tilesetResourceInfos    level_001
     0000D801  _waterfall_tilesetResourceInfos    waterfall
     0000D803  _VDPReg                            SMSlib
     0000D805  _spritesHeight                     SMSlib
     0000D806  _spritesWidth                      SMSlib
     0000D807  _spritesTileOffset                 SMSlib

ASxxxx Linker V03.00/V05.40 + sdld,  page 21.
Hexadecimal  [32-Bits]

Area                                    Addr        Size        Decimal Bytes (Attributes)
--------------------------------        ----        ----        ------- ----- ------------
_CABS0                              00000000    00000010 =          16. bytes (ABS,CON)

      Value  Global                              Global Defined In Module
      -----  --------------------------------   ------------------------
     00007FF0  ___SMS__SEGA_signature             main

ASxxxx Linker V03.00/V05.40 + sdld,  page 22.
Hexadecimal  [32-Bits]

Area                                    Addr        Size        Decimal Bytes (Attributes)
--------------------------------        ----        ----        ------- ----- ------------
_CABS1                              00000000    00000003 =           3. bytes (ABS,CON)

      Value  Global                              Global Defined In Module
      -----  --------------------------------   ------------------------
     00007FDD  ___SMS__SDSC_author                main

ASxxxx Linker V03.00/V05.40 + sdld,  page 23.
Hexadecimal  [32-Bits]

Area                                    Addr        Size        Decimal Bytes (Attributes)
--------------------------------        ----        ----        ------- ----- ------------
_CABS2                              00000000    00000010 =          16. bytes (ABS,CON)

      Value  Global                              Global Defined In Module
      -----  --------------------------------   ------------------------
     00007FCD  ___SMS__SDSC_name                  main

ASxxxx Linker V03.00/V05.40 + sdld,  page 24.
Hexadecimal  [32-Bits]

Area                                    Addr        Size        Decimal Bytes (Attributes)
--------------------------------        ----        ----        ------- ----- ------------
_CABS3                              00000000    0000002B =          43. bytes (ABS,CON)

      Value  Global                              Global Defined In Module
      -----  --------------------------------   ------------------------
     00007FA2  ___SMS__SDSC_descr                 main

ASxxxx Linker V03.00/V05.40 + sdld,  page 25.
Hexadecimal  [32-Bits]

Area                                    Addr        Size        Decimal Bytes (Attributes)
--------------------------------        ----        ----        ------- ----- ------------
_CABS4                              00000000    00000010 =          16. bytes (ABS,CON)

      Value  Global                              Global Defined In Module
      -----  --------------------------------   ------------------------
     00007FE0  ___SMS__SDSC_signature             main

ASxxxx Linker V03.00/V05.40 + sdld,  page 26.
Hexadecimal  [32-Bits]

Area                                    Addr        Size        Decimal Bytes (Attributes)
--------------------------------        ----        ----        ------- ----- ------------
_BANK2                              00008000    00001504 =        5380. bytes (REL,CON)

      Value  Global                              Global Defined In Module
      -----  --------------------------------   ------------------------
     00008000  _colorTweakerTileData              colorTweaker
     00008480  _colorTweakerFrame0SpriteStrips    colorTweaker
     00008490  _colorTweakerFrame1SpriteStrips    colorTweaker
     000084A0  _colorTweakerFrame2SpriteStrips    colorTweaker
     000084B0  _colorTweakerFrame3SpriteStrips    colorTweaker
     000084C0  _colorTweakerFrame4SpriteStrips    colorTweaker
     000084D0  _colorTweakerFrame5SpriteStrips    colorTweaker
     000084E0  _colorTweakerFrame6SpriteStrips    colorTweaker
     000084F0  _colorTweakerFrame7SpriteStrips    colorTweaker
     00008500  _colorTweakerFrame8SpriteStrips    colorTweaker
     00008510  _colorTweakerFrame9SpriteStrips    colorTweaker
     00008520  _colorTweakerFrame10SpriteStrips   colorTweaker
     00008530  _colorTweakerFrame11SpriteStrips   colorTweaker
     00008540  _colorTweakerFrame12SpriteStrips   colorTweaker
     00008550  _colorTweakerFrame13SpriteStrips   colorTweaker
     00008560  _colorTweakerFrame14SpriteStrips   colorTweaker
     00008570  _colorTweakerFrame15SpriteStrips   colorTweaker
     00008580  _colorTweakerFrame0                colorTweaker
     00008585  _colorTweakerFrame1                colorTweaker
     0000858A  _colorTweakerFrame2                colorTweaker
     0000858F  _colorTweakerFrame3                colorTweaker
     00008594  _colorTweakerFrame4                colorTweaker
     00008599  _colorTweakerFrame5                colorTweaker
     0000859E  _colorTweakerFrame6                colorTweaker
     000085A3  _colorTweakerFrame7                colorTweaker
     000085A8  _colorTweakerFrame8                colorTweaker
     000085AD  _colorTweakerFrame9                colorTweaker
     000085B2  _colorTweakerFrame10               colorTweaker
     000085B7  _colorTweakerFrame11               colorTweaker
     000085BC  _colorTweakerFrame12               colorTweaker
     000085C1  _colorTweakerFrame13               colorTweaker
     000085C6  _colorTweakerFrame14               colorTweaker
     000085CB  _colorTweakerFrame15               colorTweaker
     000085D0  _colorTweakerFrames                colorTweaker
     000085F0  _colorTweaker                      colorTweaker
     000085FC  _colorTweakerCursorTileData        colorTweakerCursor
     0000873C  _colorTweakerCursorFrame0SpriteS   colorTweakerCursor
     00008744  _colorTweakerCursorFrame1SpriteS   colorTweakerCursor
     0000874C  _colorTweakerCursorFrame2SpriteS   colorTweakerCursor
     00008754  _colorTweakerCursorFrame3SpriteS   colorTweakerCursor
     0000875C  _colorTweakerCursorFrame4SpriteS   colorTweakerCursor
     00008764  _colorTweakerCursorFrame0          colorTweakerCursor
     00008769  _colorTweakerCursorFrame1          colorTweakerCursor
     0000876E  _colorTweakerCursorFrame2          colorTweakerCursor
     00008773  _colorTweakerCursorFrame3          colorTweakerCursor
     00008778  _colorTweakerCursorFrame4          colorTweakerCursor
     0000877D  _colorTweakerCursorFrames          colorTweakerCursor
     00008787  _colorTweakerCursor                colorTweakerCursor
     00008793  _explosionTileData                 explosion
     00008B13  _explosionFrame0SpriteStrips       explosion
ASxxxx Linker V03.00/V05.40 + sdld,  page 27.
Hexadecimal  [32-Bits]

Area                                    Addr        Size        Decimal Bytes (Attributes)
--------------------------------        ----        ----        ------- ----- ------------
_BANK2                              00008000    00001504 =        5380. bytes (REL,CON)

      Value  Global                              Global Defined In Module
      -----  --------------------------------   ------------------------
     00008B1B  _explosionFrame1SpriteStrips       explosion
     00008B27  _explosionFrame2SpriteStrips       explosion
     00008B33  _explosionFrame3SpriteStrips       explosion
     00008B3B  _explosionFrame4SpriteStrips       explosion
     00008B47  _explosionFrame5SpriteStrips       explosion
     00008B53  _explosionFrame6SpriteStrips       explosion
     00008B5B  _explosionFrame7SpriteStrips       explosion
     00008B67  _explosionFrame8SpriteStrips       explosion
     00008B73  _explosionFrame0                   explosion
     00008B78  _explosionFrame1                   explosion
     00008B7D  _explosionFrame2                   explosion
     00008B82  _explosionFrame3                   explosion
     00008B87  _explosionFrame4                   explosion
     00008B8C  _explosionFrame5                   explosion
     00008B91  _explosionFrame6                   explosion
     00008B96  _explosionFrame7                   explosion
     00008B9B  _explosionFrame8                   explosion
     00008BA0  _explosionFrames                   explosion
     00008BB2  _explosion                         explosion
     00008BBE  _impactTileData                    impact
     00008D3E  _impactFrame0SpriteStrips          impact
     00008D46  _impactFrame1SpriteStrips          impact
     00008D4E  _impactFrame2SpriteStrips          impact
     00008D56  _impactFrame0                      impact
     00008D5B  _impactFrame1                      impact
     00008D60  _impactFrame2                      impact
     00008D65  _impactFrames                      impact
     00008D6B  _impact                            impact
     00008D77  _kunaiTileData                     kunai
     00008FF7  _kunaiFrame0SpriteStrips           kunai
     00008FFF  _kunaiFrame1SpriteStrips           kunai
     00009007  _kunaiFrame2SpriteStrips           kunai
     0000900F  _kunaiFrame3SpriteStrips           kunai
     00009017  _kunaiFrame4SpriteStrips           kunai
     0000901F  _kunaiFrame5SpriteStrips           kunai
     00009027  _kunaiFrame6SpriteStrips           kunai
     0000902F  _kunaiFrame7SpriteStrips           kunai
     00009037  _kunaiFrame0                       kunai
     0000903C  _kunaiFrame1                       kunai
     00009041  _kunaiFrame2                       kunai
     00009046  _kunaiFrame3                       kunai
     0000904B  _kunaiFrame4                       kunai
     00009050  _kunaiFrame5                       kunai
     00009055  _kunaiFrame6                       kunai
     0000905A  _kunaiFrame7                       kunai
     0000905F  _kunaiFrames                       kunai
     0000906F  _kunai                             kunai
     0000907B  _rock_particleTileData             rock_particle
     0000917B  _rock_particleFrame0SpriteStrips   rock_particle
     00009183  _rock_particleFrame1SpriteStrips   rock_particle
     0000918B  _rock_particleFrame2SpriteStrips   rock_particle
ASxxxx Linker V03.00/V05.40 + sdld,  page 28.
Hexadecimal  [32-Bits]

Area                                    Addr        Size        Decimal Bytes (Attributes)
--------------------------------        ----        ----        ------- ----- ------------
_BANK2                              00008000    00001504 =        5380. bytes (REL,CON)

      Value  Global                              Global Defined In Module
      -----  --------------------------------   ------------------------
     00009193  _rock_particleFrame3SpriteStrips   rock_particle
     0000919B  _rock_particleFrame0               rock_particle
     000091A0  _rock_particleFrame1               rock_particle
     000091A5  _rock_particleFrame2               rock_particle
     000091AA  _rock_particleFrame3               rock_particle
     000091AF  _rock_particleFrames               rock_particle
     000091B7  _rock_particle                     rock_particle
     000091C3  _test_blockTileData                test_block
     000092C3  _test_blockFrame0SpriteStrips      test_block
     000092CF  _test_blockFrame0                  test_block
     000092D4  _test_blockFrames                  test_block
     000092D6  _test_block                        test_block
     000092E2  _waterfallTileData                 waterfall
     000094E2  _waterfallFrame0                   waterfall
     000094E6  _waterfallFrame1                   waterfall
     000094EA  _waterfallFrame2                   waterfall
     000094EE  _waterfallFrame3                   waterfall
     000094F2  _waterfallFrames                   waterfall
     000094FA  _waterfall                         waterfall
ASxxxx Linker V03.00/V05.40 + sdld,  page 29.
Hexadecimal  [32-Bits]

Area                                    Addr        Size        Decimal Bytes (Attributes)
--------------------------------        ----        ----        ------- ----- ------------
_BANK3                              00008000    00003CB8 =       15544. bytes (REL,CON)

      Value  Global                              Global Defined In Module
      -----  --------------------------------   ------------------------
     00008000  _background3_tileset_metatiles     background3_tileset
     00008410  _background3_tileset_tiles         background3_tileset
     0000A090  _background3_tileset               background3_tileset
     0000A09C  _breakable_rock_tileset_metatile   breakable_rock_tileset
     0000A0A4  _breakable_rock_tileset_tiles      breakable_rock_tileset
     0000A124  _breakable_rock_tileset            breakable_rock_tileset
     0000A130  _field_tileset_metatiles           field_tileset
     0000A4F0  _field_tileset_tiles               field_tileset
     0000BC10  _field_tileset                     field_tileset
     0000BC1C  _waterfall_tileset_metatiles       waterfall_tileset
     0000BC2C  _waterfall_tileset_tiles           waterfall_tileset
     0000BCAC  _waterfall_tileset                 waterfall_tileset
ASxxxx Linker V03.00/V05.40 + sdld,  page 30.
Hexadecimal  [32-Bits]

Area                                    Addr        Size        Decimal Bytes (Attributes)
--------------------------------        ----        ----        ------- ----- ------------
_BANK4                              00008000    0000187E =        6270. bytes (REL,CON)

      Value  Global                              Global Defined In Module
      -----  --------------------------------   ------------------------
     00008000  _background3_metatile_map          background3
     00008460  _background3_map                   background3
     0000846A  _background3_test_metatile_map     background3_test
     000088CA  _background3_test_map              background3_test
     000088D4  _field_metatile_map                field
     00008F9C  _field_map                         field
     00008FA6  _level_001_metatile_map            level_001
     00009866  _level_001_map                     level_001
     00009870  _waterfall_metatile_map            waterfall
     00009874  _waterfall_map                     waterfall

ASxxxx Linker V03.00/V05.40 + sdld,  page 31.
Hexadecimal  [32-Bits]

Area                                    Addr        Size        Decimal Bytes (Attributes)
--------------------------------        ----        ----        ------- ----- ------------
_BANK5                              00008000    000006E5 =        1765. bytes (REL,CON)

      Value  Global                              Global Defined In Module
      -----  --------------------------------   ------------------------
     00008000  _bulletTileData                    bullet
     00008040  _bulletFrame0SpriteStrips          bullet
     00008048  _bulletFrame0                      bullet
     0000804D  _bulletFrames                      bullet
     0000804F  _bullet                            bullet
     0000805B  _deliveryrobotTileData             deliveryrobot
     000084DB  _deliveryrobotFrame0SpriteStrips   deliveryrobot
     000084E7  _deliveryrobotFrame1SpriteStrips   deliveryrobot
     000084F3  _deliveryrobotFrame2SpriteStrips   deliveryrobot
     000084FF  _deliveryrobotFrame3SpriteStrips   deliveryrobot
     0000850B  _deliveryrobotFrame4SpriteStrips   deliveryrobot
     00008513  _deliveryrobotFrame5SpriteStrips   deliveryrobot
     0000851B  _deliveryrobotFrame0               deliveryrobot
     00008520  _deliveryrobotFrame1               deliveryrobot
     00008525  _deliveryrobotFrame2               deliveryrobot
     0000852A  _deliveryrobotFrame3               deliveryrobot
     0000852F  _deliveryrobotFrame4               deliveryrobot
     00008534  _deliveryrobotFrame5               deliveryrobot
     00008539  _deliveryrobotFrames               deliveryrobot
     00008545  _deliveryrobot                     deliveryrobot
     00008551  _shotgunTileData                   shotgun
     00008651  _shotgunFrame0SpriteStrips         shotgun
     00008659  _shotgunFrame1SpriteStrips         shotgun
     00008661  _shotgunFrame2SpriteStrips         shotgun
     00008669  _shotgunFrame0                     shotgun
     0000866E  _shotgunFrame1                     shotgun
     00008673  _shotgunFrame2                     shotgun
     00008678  _shotgunFrames                     shotgun
     0000867E  _shotgun                           shotgun
     0000868A  _shotgun_itemTileData              shotgun_item
     000086CA  _shotgun_itemFrame0SpriteStrips    shotgun_item
     000086D2  _shotgun_itemFrame0                shotgun_item
     000086D7  _shotgun_itemFrames                shotgun_item
     000086D9  _shotgun_item                      shotgun_item

ASxxxx Linker V03.00/V05.40 + sdld,  page 32.
Hexadecimal  [32-Bits]

Area                                    Addr        Size        Decimal Bytes (Attributes)
--------------------------------        ----        ----        ------- ----- ------------
_BANK6                              00008000    00001C54 =        7252. bytes (REL,CON)

      Value  Global                              Global Defined In Module
      -----  --------------------------------   ------------------------
     00008000  _robotrunnerTileData               robotrunner
     00008400  _robotrunnerFrame0SpriteStrips     robotrunner
     0000840C  _robotrunnerFrame1SpriteStrips     robotrunner
     00008418  _robotrunnerFrame2SpriteStrips     robotrunner
     00008424  _robotrunnerFrame3SpriteStrips     robotrunner
     00008430  _robotrunnerFrame0                 robotrunner
     00008435  _robotrunnerFrame1                 robotrunner
     0000843A  _robotrunnerFrame2                 robotrunner
     0000843F  _robotrunnerFrame3                 robotrunner
     00008444  _robotrunnerFrames                 robotrunner
     0000844C  _robotrunner                       robotrunner
     00008458  _robotspringTileData               robotspring
     00008658  _robotspringFrame0SpriteStrips     robotspring
     00008664  _robotspringFrame1SpriteStrips     robotspring
     00008670  _robotspringFrame2SpriteStrips     robotspring
     0000867C  _robotspringFrame0                 robotspring
     00008681  _robotspringFrame1                 robotspring
     00008686  _robotspringFrame2                 robotspring
     0000868B  _robotspringFrames                 robotspring
     00008691  _robotspring                       robotspring
     0000869D  _threeshotflyerTileData            threeshotflyer
     000088DD  _threeshotflyerFrame0SpriteStrip   threeshotflyer
     000088E9  _threeshotflyerFrame1SpriteStrip   threeshotflyer
     000088F5  _threeshotflyerFrame0              threeshotflyer
     000088FA  _threeshotflyerFrame1              threeshotflyer
     000088FF  _threeshotflyerFrames              threeshotflyer
     00008903  _threeshotflyer                    threeshotflyer
     0000890F  _walkerTileData                    walker
     00008A0F  _walkerFrame0SpriteStrips          walker
     00008A17  _walkerFrame1SpriteStrips          walker
     00008A1F  _walkerFrame0                      walker
     00008A24  _walkerFrame1                      walker
     00008A29  _walkerFrames                      walker
     00008A2D  _walker                            walker
     00008A39  _walker_bigTileData                walker_big
     00009239  _walker_bigFrame0SpriteStrips      walker_big
     00009245  _walker_bigFrame1SpriteStrips      walker_big
     00009251  _walker_bigFrame2SpriteStrips      walker_big
     0000925D  _walker_bigFrame3SpriteStrips      walker_big
     00009269  _walker_bigFrame4SpriteStrips      walker_big
     00009275  _walker_bigFrame5SpriteStrips      walker_big
     00009281  _walker_bigFrame6SpriteStrips      walker_big
     0000928D  _walker_bigFrame7SpriteStrips      walker_big
     00009299  _walker_bigFrame0                  walker_big
     0000929E  _walker_bigFrame1                  walker_big
     000092A3  _walker_bigFrame2                  walker_big
     000092A8  _walker_bigFrame3                  walker_big
     000092AD  _walker_bigFrame4                  walker_big
     000092B2  _walker_bigFrame5                  walker_big
     000092B7  _walker_bigFrame6                  walker_big
ASxxxx Linker V03.00/V05.40 + sdld,  page 33.
Hexadecimal  [32-Bits]

Area                                    Addr        Size        Decimal Bytes (Attributes)
--------------------------------        ----        ----        ------- ----- ------------
_BANK6                              00008000    00001C54 =        7252. bytes (REL,CON)

      Value  Global                              Global Defined In Module
      -----  --------------------------------   ------------------------
     000092BC  _walker_bigFrame7                  walker_big
     000092C1  _walker_bigFrames                  walker_big
     000092D1  _walker_big                        walker_big
     000092DD  _walker_smallTileData              walker_small
     0000935D  _walker_smallFrame0SpriteStrips    walker_small
     00009365  _walker_smallFrame1SpriteStrips    walker_small
     0000936D  _walker_smallFrame0                walker_small
     00009372  _walker_smallFrame1                walker_small
     00009377  _walker_smallFrames                walker_small
     0000937B  _walker_small                      walker_small
     00009387  _wheelerTileData                   wheeler
     00009B87  _wheelerFrame0SpriteStrips         wheeler
     00009B93  _wheelerFrame1SpriteStrips         wheeler
     00009B9F  _wheelerFrame2SpriteStrips         wheeler
     00009BAB  _wheelerFrame3SpriteStrips         wheeler
     00009BB7  _wheelerFrame4SpriteStrips         wheeler
     00009BC3  _wheelerFrame5SpriteStrips         wheeler
     00009BCF  _wheelerFrame6SpriteStrips         wheeler
     00009BDB  _wheelerFrame7SpriteStrips         wheeler
     00009BE3  _wheelerFrame8SpriteStrips         wheeler
     00009BEB  _wheelerFrame9SpriteStrips         wheeler
     00009BF3  _wheelerFrame10SpriteStrips        wheeler
     00009BFB  _wheelerFrame0                     wheeler
     00009C00  _wheelerFrame1                     wheeler
     00009C05  _wheelerFrame2                     wheeler
     00009C0A  _wheelerFrame3                     wheeler
     00009C0F  _wheelerFrame4                     wheeler
     00009C14  _wheelerFrame5                     wheeler
     00009C19  _wheelerFrame6                     wheeler
     00009C1E  _wheelerFrame7                     wheeler
     00009C23  _wheelerFrame8                     wheeler
     00009C28  _wheelerFrame9                     wheeler
     00009C2D  _wheelerFrame10                    wheeler
     00009C32  _wheelerFrames                     wheeler
     00009C48  _wheeler                           wheeler

ASxxxx Linker V03.00/V05.40 + sdld,  page 34.
Hexadecimal  [32-Bits]

Area                                    Addr        Size        Decimal Bytes (Attributes)
--------------------------------        ----        ----        ------- ----- ------------
_BANK7                              00008000    0000174C =        5964. bytes (REL,CON)

      Value  Global                              Global Defined In Module
      -----  --------------------------------   ------------------------
     00008000  _gun_girlTileData                  gun_girl
     00009400  _gun_girlFrame0SpriteStrips        gun_girl
     0000940C  _gun_girlFrame1SpriteStrips        gun_girl
     00009418  _gun_girlFrame2SpriteStrips        gun_girl
     00009424  _gun_girlFrame3SpriteStrips        gun_girl
     00009430  _gun_girlFrame4SpriteStrips        gun_girl
     0000943C  _gun_girlFrame5SpriteStrips        gun_girl
     00009448  _gun_girlFrame6SpriteStrips        gun_girl
     00009454  _gun_girlFrame7SpriteStrips        gun_girl
     00009460  _gun_girlFrame8SpriteStrips        gun_girl
     0000946C  _gun_girlFrame9SpriteStrips        gun_girl
     00009478  _gun_girlFrame10SpriteStrips       gun_girl
     00009484  _gun_girlFrame11SpriteStrips       gun_girl
     00009490  _gun_girlFrame12SpriteStrips       gun_girl
     0000949C  _gun_girlFrame13SpriteStrips       gun_girl
     000094AC  _gun_girlFrame14SpriteStrips       gun_girl
     000094B8  _gun_girlFrame15SpriteStrips       gun_girl
     000094C8  _gun_girlFrame16SpriteStrips       gun_girl
     000094D4  _gun_girlFrame17SpriteStrips       gun_girl
     000094E0  _gun_girlFrame18SpriteStrips       gun_girl
     000094EC  _gun_girlFrame19SpriteStrips       gun_girl
     000094F8  _gun_girlFrame20SpriteStrips       gun_girl
     00009504  _gun_girlFrame21SpriteStrips       gun_girl
     00009510  _gun_girlFrame22SpriteStrips       gun_girl
     00009520  _gun_girlFrame23SpriteStrips       gun_girl
     00009530  _gun_girlFrame24SpriteStrips       gun_girl
     00009540  _gun_girlFrame25SpriteStrips       gun_girl
     00009550  _gun_girlFrame26SpriteStrips       gun_girl
     00009560  _gun_girlFrame27SpriteStrips       gun_girl
     00009570  _gun_girlFrame28SpriteStrips       gun_girl
     00009580  _gun_girlFrame29SpriteStrips       gun_girl
     00009590  _gun_girlFrame30SpriteStrips       gun_girl
     000095A0  _gun_girlFrame31SpriteStrips       gun_girl
     000095B0  _gun_girlFrame32SpriteStrips       gun_girl
     000095C0  _gun_girlFrame33SpriteStrips       gun_girl
     000095D0  _gun_girlFrame34SpriteStrips       gun_girl
     000095E0  _gun_girlFrame35SpriteStrips       gun_girl
     000095F0  _gun_girlFrame36SpriteStrips       gun_girl
     00009600  _gun_girlFrame37SpriteStrips       gun_girl
     00009610  _gun_girlFrame38SpriteStrips       gun_girl
     0000961C  _gun_girlFrame39SpriteStrips       gun_girl
     00009628  _gun_girlFrame0                    gun_girl
     0000962D  _gun_girlFrame1                    gun_girl
     00009632  _gun_girlFrame2                    gun_girl
     00009637  _gun_girlFrame3                    gun_girl
     0000963C  _gun_girlFrame4                    gun_girl
     00009641  _gun_girlFrame5                    gun_girl
     00009646  _gun_girlFrame6                    gun_girl
     0000964B  _gun_girlFrame7                    gun_girl
     00009650  _gun_girlFrame8                    gun_girl
ASxxxx Linker V03.00/V05.40 + sdld,  page 35.
Hexadecimal  [32-Bits]

Area                                    Addr        Size        Decimal Bytes (Attributes)
--------------------------------        ----        ----        ------- ----- ------------
_BANK7                              00008000    0000174C =        5964. bytes (REL,CON)

      Value  Global                              Global Defined In Module
      -----  --------------------------------   ------------------------
     00009655  _gun_girlFrame9                    gun_girl
     0000965A  _gun_girlFrame10                   gun_girl
     0000965F  _gun_girlFrame11                   gun_girl
     00009664  _gun_girlFrame12                   gun_girl
     00009669  _gun_girlFrame13                   gun_girl
     0000966E  _gun_girlFrame14                   gun_girl
     00009673  _gun_girlFrame15                   gun_girl
     00009678  _gun_girlFrame16                   gun_girl
     0000967D  _gun_girlFrame17                   gun_girl
     00009682  _gun_girlFrame18                   gun_girl
     00009687  _gun_girlFrame19                   gun_girl
     0000968C  _gun_girlFrame20                   gun_girl
     00009691  _gun_girlFrame21                   gun_girl
     00009696  _gun_girlFrame22                   gun_girl
     0000969B  _gun_girlFrame23                   gun_girl
     000096A0  _gun_girlFrame24                   gun_girl
     000096A5  _gun_girlFrame25                   gun_girl
     000096AA  _gun_girlFrame26                   gun_girl
     000096AF  _gun_girlFrame27                   gun_girl
     000096B4  _gun_girlFrame28                   gun_girl
     000096B9  _gun_girlFrame29                   gun_girl
     000096BE  _gun_girlFrame30                   gun_girl
     000096C3  _gun_girlFrame31                   gun_girl
     000096C8  _gun_girlFrame32                   gun_girl
     000096CD  _gun_girlFrame33                   gun_girl
     000096D2  _gun_girlFrame34                   gun_girl
     000096D7  _gun_girlFrame35                   gun_girl
     000096DC  _gun_girlFrame36                   gun_girl
     000096E1  _gun_girlFrame37                   gun_girl
     000096E6  _gun_girlFrame38                   gun_girl
     000096EB  _gun_girlFrame39                   gun_girl
     000096F0  _gun_girlFrames                    gun_girl
     00009740  _gun_girl                          gun_girl

ASxxxx Linker V03.00/V05.40 + sdld,  page 36.

Files Linked                              [ module(s) ]

..\..\..\devkitSMS-master\/crt0/crt0_sms.rel
                                          [ crt0 ]
..\..\..\devkitSMS-master\/PSGlib//PSGlib.rel
                                          [ PSGlib ]
out\source\client\generated\gameobjecttemplates\bullet_template.rel
                                          [ bullet_template ]
out\source\client\generated\gameobjecttemplates\colortweaker_template.rel
                                          [ colortweaker_template ]
out\source\client\generated\gameobjecttemplates\commandrunner_rightscroll_template.rel
                                          [ commandrunner_rightscroll_templa ]
out\source\client\generated\gameobjecttemplates\deliveryrobot_template.rel
                                          [ deliveryrobot_template ]
out\source\client\generated\gameobjecttemplates\explosion_template.rel
                                          [ explosion_template ]
out\source\client\generated\gameobjecttemplates\gun_girl_template.rel
                                          [ gun_girl_template ]
out\source\client\generated\gameobjecttemplates\impact_template.rel
                                          [ impact_template ]
out\source\client\generated\gameobjecttemplates\kunai_template.rel
                                          [ kunai_template ]
out\source\client\generated\gameobjecttemplates\robotrunner_template.rel
                                          [ robotrunner_template ]
out\source\client\generated\gameobjecttemplates\robotspring_template.rel
                                          [ robotspring_template ]
out\source\client\generated\gameobjecttemplates\rock_particle_template.rel
                                          [ rock_particle_template ]
out\source\client\generated\gameobjecttemplates\shotgun_item_template.rel
                                          [ shotgun_item_template ]
out\source\client\generated\gameobjecttemplates\shotgun_template.rel
                                          [ shotgun_template ]
out\source\client\generated\gameobjecttemplates\test_block_template.rel
                                          [ test_block_template ]
out\source\client\generated\gameobjecttemplates\threeshotflyer_template.rel
                                          [ threeshotflyer_template ]
out\source\client\generated\gameobjecttemplates\walker_big_template.rel
                                          [ walker_big_template ]
out\source\client\generated\gameobjecttemplates\walker_small_template.rel
                                          [ walker_small_template ]
out\source\client\generated\gameobjecttemplates\walker_template.rel
                                          [ walker_template ]
out\source\client\generated\gameobjecttemplates\wheeler_template.rel
                                          [ wheeler_template ]
out\source\client\exported\scenes\scene003.rel
                                          [ scene003 ]
out\source\client\exported\palettes\globalPalette.rel
                                          [ globalPalette ]
out\source\client\main.rel                [ main ]
out\source\client\motion_sequence.rel     [ motion_sequence ]
out\source\client\tileset_functions.rel   [ tileset_functions ]
out\source\client\managers\physics_manager.rel
                                          [ physics_manager ]
out\source\client\managers\weapon_manager.rel
                                          [ weapon_manager ]
out\source\client\exported\sceneMasterTemp.rel
                                          [ sceneMasterTemp ]
out\source\client\generated\bank2.rel     [ bank2 ]
out\source\client\generated\resource_infos.rel
                                          [ resource_infos ]
out\source\client\objects\basic_effect.rel
                                          [ basic_effect ]
out\source\client\objects\bird.rel        [ bird ]
out\source\client\objects\bullet.rel      [ bullet ]
out\source\client\objects\color_tweaker.rel
                                          [ color_tweaker ]
out\source\client\objects\commandrunner_rightscroll.rel
                                          [ commandrunner_rightscroll ]
out\source\client\objects\deliveryrobot.rel
                                          [ deliveryrobot ]
out\source\client\objects\enemy.rel       [ enemy ]
out\source\client\objects\kunai.rel       [ kunai ]
out\source\client\objects\on_resource_loaded_callback.rel
                                          [ on_resource_loaded_callback ]
out\source\client\objects\particle_effect.rel
                                          [ particle_effect ]
out\source\client\objects\player.rel      [ player ]
out\source\client\objects\right_scroller.rel
                                          [ right_scroller ]
out\source\client\objects\shotgun.rel     [ shotgun ]
out\source\client\objects\shotgun_item.rel
                                          [ shotgun_item ]
out\source\client\objects\threeshotflyer.rel
                                          [ threeshotflyer ]
out\source\client\objects\tile_animator.rel
                                          [ tile_animator ]
out\source\client\objects\wheeler.rel     [ wheeler ]
out\source\engine\animation_utils.rel     [ animation_utils ]
out\source\engine\commandrunner_runall.rel
                                          [ commandrunner_runall ]
out\source\engine\command_manager.rel     [ command_manager ]
out\source\engine\command_types.rel       [ command_types ]
out\source\engine\draw_utils.rel          [ draw_utils ]
out\source\engine\joystick_manager.rel    [ joystick_manager ]
out\source\engine\map_load.rel            [ map_load ]
out\source\engine\map_manager.rel         [ map_manager ]
out\source\engine\map_types.rel           [ map_types ]
out\source\engine\object_manager.rel      [ object_manager ]
out\source\engine\object_utils.rel        [ object_utils ]
out\source\engine\resource_manager.rel    [ resource_manager ]
out\source\engine\scene_manager.rel       [ scene_manager ]
out\source\engine\scroll_manager.rel      [ scroll_manager ]
out\source\engine\scroll_utils.rel        [ scroll_utils ]
out\source\engine\terrain_manager.rel     [ terrain_manager ]
out\source\engine\vdptile_manager.rel     [ vdptile_manager ]
out\source\engine\commands\background_commands.rel
                                          [ background_commands ]
out\source\engine\commands\set_palette_commands.rel
                                          [ set_palette_commands ]
out\source\client\exported\animations\standard\colorTweaker.rel
                                          [ colorTweaker ]
out\source\client\exported\animations\standard\colorTweakerCursor.rel
                                          [ colorTweakerCursor ]
out\source\client\exported\animations\standard\explosion.rel
                                          [ explosion ]
out\source\client\exported\animations\standard\impact.rel
                                          [ impact ]
out\source\client\exported\animations\standard\kunai.rel
                                          [ kunai ]
out\source\client\exported\animations\standard\rock_particle.rel
                                          [ rock_particle ]
out\source\client\exported\animations\standard\test_block.rel
                                          [ test_block ]
out\source\client\exported\animations\animatedtilesets\waterfall.rel
                                          [ waterfall ]
out\source\client\generated\tilesets\background3_tileset.rel
                                          [ background3_tileset ]
out\source\client\generated\tilesets\breakable_rock_tileset.rel
                                          [ breakable_rock_tileset ]
out\source\client\generated\tilesets\field_tileset.rel
                                          [ field_tileset ]
out\source\client\generated\tilesets\waterfall_tileset.rel
                                          [ waterfall_tileset ]
out\source\client\exported\maps\background3.rel
                                          [ background3 ]
out\source\client\exported\maps\background3_test.rel
                                          [ background3_test ]
out\source\client\exported\maps\field.rel
                                          [ field ]
out\source\client\exported\maps\level_001.rel
                                          [ level_001 ]
out\source\client\exported\maps\waterfall.rel
                                          [ waterfall ]
out\source\client\exported\animations\weapons\bullet.rel
                                          [ bullet ]
out\source\client\exported\animations\weapons\deliveryrobot.rel
                                          [ deliveryrobot ]
out\source\client\exported\animations\weapons\shotgun.rel
                                          [ shotgun ]
out\source\client\exported\animations\weapons\shotgun_item.rel
                                          [ shotgun_item ]
out\source\client\exported\animations\enemies\robotrunner.rel
                                          [ robotrunner ]
out\source\client\exported\animations\enemies\robotspring.rel
                                          [ robotspring ]
out\source\client\exported\animations\enemies\threeshotflyer.rel
                                          [ threeshotflyer ]
out\source\client\exported\animations\enemies\walker.rel
                                          [ walker ]
out\source\client\exported\animations\enemies\walker_big.rel
                                          [ walker_big ]
out\source\client\exported\animations\enemies\walker_small.rel
                                          [ walker_small ]
out\source\client\exported\animations\enemies\wheeler.rel
                                          [ wheeler ]
out\source\client\exported\animations\streamed\gun_girl.rel
                                          [ gun_girl ]


Libraries Linked                          [ object file ]

..\..\..\devkitSMS-master\/SMSlib/SMSlib.lib
                                          [ SMSlib.rel ]
..\..\..\devkitSMS-master\/SMSlib/SMSlib.lib
                                          [ SMSlib_VRAMmemset.rel ]
..\..\..\devkitSMS-master\/SMSlib/SMSlib.lib
                                          [ SMSlib_sprite.rel ]
C:\Program Files\SDCC\bin\..\lib\z80/z80.lib
                                          [ mul.rel ]
C:\Program Files\SDCC\bin\..\lib\z80/z80.lib
                                          [ __sdcc_call_hl.rel ]
..\..\..\devkitSMS-master\/SMSlib/SMSlib.lib
                                          [ SMSlib_debug.rel ]
..\..\..\devkitSMS-master\/SMSlib/SMSlib.lib
                                          [ SMSlib_UNSAFE.rel ]
..\..\..\devkitSMS-master\/SMSlib/SMSlib.lib
                                          [ SMSlib_VRAMmemcpy.rel ]
C:\Program Files\SDCC\bin\..\lib\z80/z80.lib
                                          [ __sdcc_call_iy.rel ]
..\..\..\devkitSMS-master\/SMSlib/SMSlib.lib
                                          [ SMSlib_autotext.rel ]
..\..\..\devkitSMS-master\/SMSlib/SMSlib.lib
                                          [ SMSlib_loadTileMapColumn.rel ]
..\..\..\devkitSMS-master\/SMSlib/SMSlib.lib
                                          [ SMSlib_load1bppTiles.rel ]
..\..\..\devkitSMS-master\/SMSlib/SMSlib.lib
                                          [ SMSlib_textrenderer.rel ]

ASxxxx Linker V03.00/V05.40 + sdld,  page 37.

User Base Address Definitions

_CODE = 0x0200
_DATA = 0xc000
_BANK3=0x8000
_BANK7=0x8000
_BANK2=0x8000
_BANK6=0x8000
_BANK5=0x8000
_BANK4=0x8000

