ASxxxx Linker V03.00/V05.40 + sdld,  page 1.
Hexadecimal  [32-Bits]

Area                                    Addr        Size        Decimal Bytes (Attributes)
--------------------------------        ----        ----        ------- ----- ------------
.  .ABS.                            00000000    00000000 =           0. bytes (ABS,CON)

      Value  Global                              Global Defined In Module
      -----  --------------------------------   ------------------------
     00000000  .__.ABS.                           SMSlib_textrenderer
     00000000  l__BSEG                         
     00000000  l__BSS                          
     00000000  l__CABS                         
     00000000  l__DABS                         
     00000000  l__HEADER                       
     00000000  l__HEAP                         
     00000000  l__HOME                         
     00000000  s__CABS                         
     00000000  s__CABS0                        
     00000000  s__CABS1                        
     00000000  s__CABS2                        
     00000000  s__CABS3                        
     00000000  s__CABS4                        
     00000000  s__DABS                         
     00000000  s__HEADER                       
     00000000  s__HEADER0                      
     00000000  s__HEADER1                      
     00000000  s__HEADER2                      
     00000000  s__HEADER3                      
     00000000  s__HEADER4                      
     00000001  l__GSFINAL                      
     00000003  l__CABS1                        
     00000008  l__HEADER0                      
     00000009  l__HEADER1                      
     0000000F  l__GSINIT                       
     00000010  l__CABS0                        
     00000010  l__CABS2                        
     00000010  l__CABS4                        
     0000001F  l__HEADER2                      
     0000002B  l__CABS3                        
     0000002B  l__HEADER3                      
     000000A1  l__INITIALIZED                  
     000000A1  l__INITIALIZER                  
     00000104  l__HEADER4                      
     00000200  s__CODE                         
     00000478  l__BANK4                        
     000015E9  l__DATA                         
     000021CC  l__BANK3                        
     00003F9C  l__BANK2                        
     000047F5  l__CODE                         
     000049F5  s__HOME                         
     000049F5  s__INITIALIZER                  
     00004A96  s__GSINIT                       
     00004AA5  s__GSFINAL                      
     00008000  _SMS_SRAM                          SMSlib_textrenderer
     00008000  s__BANK2                        
     00008000  s__BANK3                        
     00008000  s__BANK4                        
     0000C000  s__DATA                         
ASxxxx Linker V03.00/V05.40 + sdld,  page 2.
Hexadecimal  [32-Bits]

Area                                    Addr        Size        Decimal Bytes (Attributes)
--------------------------------        ----        ----        ------- ----- ------------
.  .ABS.                            00000000    00000000 =           0. bytes (ABS,CON)

      Value  Global                              Global Defined In Module
      -----  --------------------------------   ------------------------
     0000D5E9  s__INITIALIZED                  
     0000D68A  s__BSEG                         
     0000D68A  s__BSS                          
     0000D68A  s__HEAP                         
     0000FFFC  _SRAM_bank_to_be_mapped_on_slot2   SMSlib_textrenderer
     0000FFFD  _ROM_bank_to_be_mapped_on_slot0    SMSlib_textrenderer
     0000FFFE  _ROM_bank_to_be_mapped_on_slot1    SMSlib_textrenderer
     0000FFFF  _ROM_bank_to_be_mapped_on_slot2    SMSlib_textrenderer

ASxxxx Linker V03.00/V05.40 + sdld,  page 3.
Hexadecimal  [32-Bits]

Area                                    Addr        Size        Decimal Bytes (Attributes)
--------------------------------        ----        ----        ------- ----- ------------
_CODE                               00000200    000047F5 =       18421. bytes (REL,CON)

      Value  Global                              Global Defined In Module
      -----  --------------------------------   ------------------------
     00000200  _PSGStop                           PSGlib
     00000227  _PSGResume                         PSGlib
     00000273  _PSGPlay                           PSGlib
     0000029E  _PSGPlayLoops                      PSGlib
     000002B5  _PSGCancelLoop                     PSGlib
     000002C0  _PSGPlayNoRepeat                   PSGlib
     000002CE  _PSGGetStatus                      PSGlib
     000002D2  _PSGSilenceChannels                PSGlib
     000002E3  _PSGRestoreVolumes                 PSGlib
     000003BC  _PSGSetMusicVolumeAttenuation      PSGlib
     00000496  _PSGSFXStop                        PSGlib
     00000559  _PSGSFXPlay                        PSGlib
     000005A9  _PSGSFXCancelLoop                  PSGlib
     000005AF  _PSGSFXGetStatus                   PSGlib
     000005B3  _PSGSFXPlayLoop                    PSGlib
     000005CE  _PSGFrame                          PSGlib
     000006F2  _PSGSFXFrame                       PSGlib
     00000778  _commandrunner_rightscroll_templ   commandrunner_rightscroll_te
     00000783  _explosion_template                explosion_template
     0000078E  _impact_template                   impact_template
     00000799  _kunai_template                    kunai_template
     000007A4  _ninja_girl_template               ninja_girl_template
     000007AF  _robotrunner_template              robotrunner_template
     000007BA  _robotspring_template              robotspring_template
     000007C5  _rock_particle_template            rock_particle_template
     000007D0  _walker_big_template               walker_big_template
     000007DB  _walker_small_template             walker_small_template
     000007E6  _walker_template                   walker_template
     000007F1  _globalPaletteValues               globalPalette
     00000801  _globalPalette                     globalPalette
     00000804  _PSGUpdate                         main
     0000080A  _main                              main
     000008D4  _breakable_rock_tileset_TilesetF   tileset_functions
     000009A7  _globalPaletteOld                  global_palette
     000009B7  _scene001_createInfoBootstrapper   scene001
     000009BF  _scene001_createInfo002            scene001
     000009C5  _scene001_createInfo003            scene001
     000009CB  _scene001_createInfo004            scene001
     000009D1  _scene001_createInfo005            scene001
     000009D7  _scene001_createInfo006            scene001
     000009DD  _scene001_createInfo007            scene001
     000009E3  _scene001_createInfo008            scene001
     000009EE  _scene001                          scene001
     000009F0  _scene003_createInfoBootstrapper   scene003
     000009F8  _scene003_createInfo2              scene003
     00000A00  _scene003_createInfo5              scene003
     00000A06  _scene003_createInfo6              scene003
     00000A0C  _scene003_createInfo7              scene003
     00000A12  _scene003_createInfo8              scene003
     00000A18  _scene003_createInfo9              scene003
ASxxxx Linker V03.00/V05.40 + sdld,  page 4.
Hexadecimal  [32-Bits]

Area                                    Addr        Size        Decimal Bytes (Attributes)
--------------------------------        ----        ----        ------- ----- ------------
_CODE                               00000200    000047F5 =       18421. bytes (REL,CON)

      Value  Global                              Global Defined In Module
      -----  --------------------------------   ------------------------
     00000A1E  _scene003_createInfo10             scene003
     00000A24  _scene003_createInfo11             scene003
     00000A2A  _scene003_createInfo12             scene003
     00000A30  _scene003_createInfo13             scene003
     00000A36  _setTilesetPropertiesParams        scene003
     00000A3B  _scene003_commands                 scene003
     00000ABF  _scene003                          scene003
     00000AC1  _explosion_psg                     bank2
     00000ADC  _throw_psg                         bank2
     00000AF2  _hit_psg                           bank2
     00000B03  _background3_tilesetResourceInfo   resource_infos
     00000B06  _breakable_rock_tilesetResourceI   resource_infos
     00000B09  _waterfall_tilesetResourceInfo     resource_infos
     00000B0C  _explosionResourceInfo             resource_infos
     00000B0F  _impactResourceInfo                resource_infos
     00000B12  _kunaiResourceInfo                 resource_infos
     00000B15  _ninja_girlResourceInfo            resource_infos
     00000B18  _robotrunnerResourceInfo           resource_infos
     00000B1B  _robotspringResourceInfo           resource_infos
     00000B1E  _rock_particleResourceInfo         resource_infos
     00000B21  _walkerResourceInfo                resource_infos
     00000B24  _walker_bigResourceInfo            resource_infos
     00000B27  _walker_smallResourceInfo          resource_infos
     00000B2A  _waterfallResourceInfo             resource_infos
     00000B2D  _globalPaletteResourceInfo         resource_infos
     00000B30  _background3_mapResourceInfo       resource_infos
     00000B33  _waterfall_mapResourceInfo         resource_infos
     00000B36  _BasicEffect_Init                  basic_effect
     00000B58  _BasicEffect_Update                basic_effect
     00000C0B  _BasicEffect_Draw                  basic_effect
     00000C62  _Bird_Init                         bird
     00000C99  _Bird_Update                       bird
     00000CDB  _Bird_Draw                         bird
     00000CDD  _CommandRunner_RightScroll_Init    commandrunner_rightscroll
     00000D77  _CommandRunner_RightScroll_Updat   commandrunner_rightscroll
     00000DFC  _Enemy_Init                        enemy
     00000E16  _Enemy_Update                      enemy
     00000E46  _Enemy_Draw                        enemy
     00000E9D  _Enemy_HandleCollision             enemy
     00000F2B  _Kunai_Init                        kunai
     00000F51  _EraseTiles                        kunai
     00000FF7  _Kunai_Update                      kunai
     00001381  _Kunai_Draw                        kunai
     000013D8  _Kunai_HandleCollision             kunai
     00001499  _OnResourceLoaded                  on_resource_loaded_callback
     000014AC  _ParticleEffect_Init               particle_effect
     000014E3  _ParticleEffect_Update             particle_effect
     000015E4  _ParticleEffect_Draw               particle_effect
     0000166C  _setPlayerAnimation                player
     00001744  _setPlayerState                    player
     00001762  _Player_Init                       player
ASxxxx Linker V03.00/V05.40 + sdld,  page 5.
Hexadecimal  [32-Bits]

Area                                    Addr        Size        Decimal Bytes (Attributes)
--------------------------------        ----        ----        ------- ----- ------------
_CODE                               00000200    000047F5 =       18421. bytes (REL,CON)

      Value  Global                              Global Defined In Module
      -----  --------------------------------   ------------------------
     000017A6  _Player_FireWeapon                 player
     00001866  _Player_UpdateX                    player
     00001ADE  _Player_UpdateY                    player
     00001CF9  _Player_Update                     player
     00001EC8  _Player_Draw                       player
     00001F1F  _RightScroller_Init                right_scroller
     00001F6A  _RightScroll_Update                right_scroller
     0000208D  _RightScroll_UpdateVDP             right_scroller
     000020BB  _TileAnimator_Init                 tile_animator
     000020E4  _UpdateTiles                       tile_animator
     00002147  _TileAnimator_Update               tile_animator
     00002164  _AnimationUtils_updateBatchedAni   animation_utils
     000021B1  _AnimationUtils_updateBatchedAni   animation_utils
     0000222B  _AnimationUtils_updateStreamedBa   animation_utils
     00002278  _AnimationUtils_updatePlaneAnima   animation_utils
     000022B9  _AnimationUtils_updateTileAnimat   animation_utils
     000022F8  _AnimationUtils_setBatchedAnimat   animation_utils
     0000233B  _Load_BatchedAnimationResource     animation_utils
     00002363  _Load_StreamedBatchedAnimationRe   animation_utils
     0000237C  _Load_PlaneAnimationResource       animation_utils
     000023A2  _Load_TileAnimationResource        animation_utils
     000023C8  _Setup_BatchedAnimationResource    animation_utils
     0000244B  _Setup_PlaneAnimationResource      animation_utils
     000024D1  _Setup_TileAnimationResource       animation_utils
     0000251C  _AnimationUtils_UpdateStreamedBa   animation_utils
     0000264D  _CommandRunner_RunAll_Init         commandrunner_runall
     000026C1  _commandrunner_runall_template     commandrunner_runall
     000026CC  _DrawUtils_addSprite               draw_utils
     000026EE  _DrawUtils_addTwoAdjoiningSprite   draw_utils
     00002724  _DrawUtils_addThreeAdjoiningSpri   draw_utils
     00002775  _DrawUtils_addFourAdjoiningSprit   draw_utils
     000027DC  _DrawUtils_DrawBatched             draw_utils
     0000285F  _DrawUtils_DrawStreamedBatched     draw_utils
     000028F2  _drawToPlane                       draw_utils
     00002BB3  _DrawUtils_DrawPlaneAnimationFra   draw_utils
     00002C3D  _Load_MapResource                  map_load
     00002CD3  _Load_TilesetResource              map_load
     00002DC2  _Load_AnimatedTilesetResource      map_load
     00002E79  _MapManager_SetTilesetProperties   map_manager
     00002ECD  _ObjectManager_Init                object_manager
     00002F4B  _ObjectManager_Update              object_manager
     000031A7  _ObjectManager_CreateObject        object_manager
     0000320E  _ApplyGameObjectTemplate           object_manager
     00003287  _ObjectManager_CreateObjectByTem   object_manager
     00003346  _FindFreeGameObject                object_manager
     000033BF  _ObjectManager_CreateObjectByCre   object_manager
     00003473  _ObjectManager_DestroyObject       object_manager
     0000348A  _ObjectManagerUtils_doProjectCol   object_manager
     00003625  _ObjectManager_QueueVDPDraw        object_manager
     00003655  _ObjectManager_VDPDraw             object_manager
     000036A4  _ObjectUtils_gameObjectDoNothing   object_utils
ASxxxx Linker V03.00/V05.40 + sdld,  page 6.
Hexadecimal  [32-Bits]

Area                                    Addr        Size        Decimal Bytes (Attributes)
--------------------------------        ----        ----        ------- ----- ------------
_CODE                               00000200    000047F5 =       18421. bytes (REL,CON)

      Value  Global                              Global Defined In Module
      -----  --------------------------------   ------------------------
     000036A5  _ObjectUtils_doNothing             object_utils
     000036A6  _ObjectUtils_twoGameObjectsDoNot   object_utils
     000036A7  _ObjectUtils_drawNothing           object_utils
     000036A9  _printResourceTypeName             resource_manager
     00003786  _ResourceManager_Init              resource_manager
     000037E9  _ResourceManager_LoadResource      resource_manager
     00003920  _ResourceManager_SetupResource     resource_manager
     00003A26  _ResourceManager_SetOnResourceLo   resource_manager
     00003A2A  _SceneManager_Init                 scene_manager
     00003A52  _ScrollUtils_buildColumn           scroll_utils
     00004093  _ScrollUtils_InitTilemap           scroll_utils
     000040FD  _TerrainManager_Init               terrain_manager
     00004129  _TerrainManager_UpdateTerrain      terrain_manager
     00004178  _VDPTileManager_Init               vdptile_manager
     00004183  _VDPTileManager_LoadSpriteTiles    vdptile_manager
     000041E5  _VDPTileManager_ReserveSpriteTil   vdptile_manager
     00004209  _VDPTileManager_LoadBackgroundTi   vdptile_manager
     00004254  _SetBackgroundPalette              set_palette_commands
     000042B4  _SetSpritePalette                  set_palette_commands
     00004310  _SMS_VRAMmemset_f                  SMSlib_VRAMmemset
     0000432C  _SMS_VRAMmemsetW                   SMSlib_VRAMmemset
     0000433F  _SMS_init                          SMSlib
     0000436B  _VDPReg_init                       SMSlib
     00004376  _SMS_VDPturnOnFeature              SMSlib
     0000438B  _SMS_VDPturnOffFeature             SMSlib
     000043A3  _SMS_setBGScrollX                  SMSlib
     000043AD  _SMS_setBGScrollY                  SMSlib
     000043B7  _SMS_setBackdropColor              SMSlib
     000043C1  _SMS_useFirstHalfTilesforSprites   SMSlib
     000043D7  _SMS_setSpriteMode                 SMSlib
     00004424  _SMS_setBGPaletteColor             SMSlib
     00004431  _SMS_setSpritePaletteColor         SMSlib
     0000443E  _SMS_loadBGPalette                 SMSlib
     00004452  _SMS_loadSpritePalette             SMSlib
     00004466  _SMS_setColor                      SMSlib
     0000446A  _SMS_waitForVBlank                 SMSlib
     00004477  _SMS_getKeysStatus                 SMSlib
     0000447C  _SMS_getKeysPressed                SMSlib
     00004491  _SMS_getKeysHeld                   SMSlib
     000044A4  _SMS_getKeysReleased               SMSlib
     000044BD  _SMS_queryPauseRequested           SMSlib
     000044C1  _SMS_resetPauseRequest             SMSlib
     000044C7  _SMS_setFrameInterruptHandler      SMSlib
     000044CB  _SMS_setLineInterruptHandler       SMSlib
     000044CF  _SMS_setLineCounter                SMSlib
     000044D9  _SMS_getVCount                     SMSlib
     000044DC  _SMS_getHCount                     SMSlib
     000044DF  _SMS_isr                           SMSlib
     00004527  _SMS_nmi_isr                       SMSlib
     00004530  _SMS_initSprites                   SMSlib_sprite
     00004536  _SMS_addSprite_f                   SMSlib_sprite
ASxxxx Linker V03.00/V05.40 + sdld,  page 7.
Hexadecimal  [32-Bits]

Area                                    Addr        Size        Decimal Bytes (Attributes)
--------------------------------        ----        ----        ------- ----- ------------
_CODE                               00000200    000047F5 =       18421. bytes (REL,CON)

      Value  Global                              Global Defined In Module
      -----  --------------------------------   ------------------------
     00004561  _SMS_copySpritestoSAT              SMSlib_sprite
     00004595  __mulint                           
     00004597  __mul16                            
     000045AC  ___sdcc_call_hl                    
     000045AD  _SMS_debugPrintf                   SMSlib_debug
     000045BD  _UNSAFE_SMS_copySpritestoSAT       SMSlib_UNSAFE
     00004604  _UNSAFE_SMS_VRAMmemcpy32           SMSlib_UNSAFE
     0000460D  _UNSAFE_SMS_VRAMmemcpy64           SMSlib_UNSAFE
     00004616  _UNSAFE_SMS_VRAMmemcpy128          SMSlib_UNSAFE
     0000461F  _SMS_VRAMmemcpy                    SMSlib_VRAMmemcpy
     00004636  ___sdcc_call_iy                    
     00004638  _SMS_autoSetUpTextRenderer         SMSlib_autotext
     00004667  _devkitSMS_font__tiles__1bpp       SMSlib_autotext
     00004967  _SMS_loadTileMapColumnatAddr       SMSlib_loadTileMapColumn
     00004987  _SMS_load1bppTiles                 SMSlib_load1bppTiles
     000049E9  _SMS_configureTextRenderer         SMSlib_textrenderer
     000049ED  _putchar                           SMSlib_textrenderer

ASxxxx Linker V03.00/V05.40 + sdld,  page 8.
Hexadecimal  [32-Bits]

Area                                    Addr        Size        Decimal Bytes (Attributes)
--------------------------------        ----        ----        ------- ----- ------------
_HEADER0                            00000000    00000008 =           8. bytes (ABS,CON)

      Value  Global                              Global Defined In Module
      -----  --------------------------------   ------------------------
ASxxxx Linker V03.00/V05.40 + sdld,  page 9.
Hexadecimal  [32-Bits]

Area                                    Addr        Size        Decimal Bytes (Attributes)
--------------------------------        ----        ----        ------- ----- ------------
_HEADER1                            00000000    00000009 =           9. bytes (ABS,CON)

      Value  Global                              Global Defined In Module
      -----  --------------------------------   ------------------------
     00000008  _SMS_crt0_RST08                    crt0

ASxxxx Linker V03.00/V05.40 + sdld,  page 10.
Hexadecimal  [32-Bits]

Area                                    Addr        Size        Decimal Bytes (Attributes)
--------------------------------        ----        ----        ------- ----- ------------
_HEADER2                            00000000    0000001F =          31. bytes (ABS,CON)

      Value  Global                              Global Defined In Module
      -----  --------------------------------   ------------------------
     00000018  _SMS_crt0_RST18                    crt0
     0000002F  get_bank                           crt0
     00000033  set_bank                           crt0
ASxxxx Linker V03.00/V05.40 + sdld,  page 11.
Hexadecimal  [32-Bits]

Area                                    Addr        Size        Decimal Bytes (Attributes)
--------------------------------        ----        ----        ------- ----- ------------
_HEADER3                            00000000    0000002B =          43. bytes (ABS,CON)

      Value  Global                              Global Defined In Module
      -----  --------------------------------   ------------------------
ASxxxx Linker V03.00/V05.40 + sdld,  page 12.
Hexadecimal  [32-Bits]

Area                                    Addr        Size        Decimal Bytes (Attributes)
--------------------------------        ----        ----        ------- ----- ------------
_HEADER4                            00000000    00000104 =         260. bytes (ABS,CON)

      Value  Global                              Global Defined In Module
      -----  --------------------------------   ------------------------
     00000069  _OUTI128                           crt0
     000000E9  _OUTI64                            crt0
     00000129  _OUTI32                            crt0
     00000169  _outi_block                        crt0

ASxxxx Linker V03.00/V05.40 + sdld,  page 13.
Hexadecimal  [32-Bits]

Area                                    Addr        Size        Decimal Bytes (Attributes)
--------------------------------        ----        ----        ------- ----- ------------
_INITIALIZER                        000049F5    000000A1 =         161. bytes (REL,CON)

      Value  Global                              Global Defined In Module
      -----  --------------------------------   ------------------------
ASxxxx Linker V03.00/V05.40 + sdld,  page 14.
Hexadecimal  [32-Bits]

Area                                    Addr        Size        Decimal Bytes (Attributes)
--------------------------------        ----        ----        ------- ----- ------------
_GSINIT                             00004A96    0000000F =          15. bytes (REL,CON)

      Value  Global                              Global Defined In Module
      -----  --------------------------------   ------------------------
     00004A96  gsinit                             crt0

ASxxxx Linker V03.00/V05.40 + sdld,  page 15.
Hexadecimal  [32-Bits]

Area                                    Addr        Size        Decimal Bytes (Attributes)
--------------------------------        ----        ----        ------- ----- ------------
_GSFINAL                            00004AA5    00000001 =           1. bytes (REL,CON)

      Value  Global                              Global Defined In Module
      -----  --------------------------------   ------------------------
ASxxxx Linker V03.00/V05.40 + sdld,  page 16.
Hexadecimal  [32-Bits]

Area                                    Addr        Size        Decimal Bytes (Attributes)
--------------------------------        ----        ----        ------- ----- ------------
_DATA                               0000C000    000015E9 =        5609. bytes (REL,CON)

      Value  Global                              Global Defined In Module
      -----  --------------------------------   ------------------------
     0000C000  _PSGMusicStatus                    PSGlib
     0000C001  _PSGMusicStart                     PSGlib
     0000C003  _PSGMusicPointer                   PSGlib
     0000C005  _PSGMusicLoopPoint                 PSGlib
     0000C007  _PSGMusicSkipFrames                PSGlib
     0000C008  _PSGLoopFlag                       PSGlib
     0000C009  _PSGLoopCounter                    PSGlib
     0000C00A  _PSGMusicLastLatch                 PSGlib
     0000C00B  _PSGMusicVolumeAttenuation         PSGlib
     0000C00C  _PSGMusicSubstringLen              PSGlib
     0000C00D  _PSGMusicSubstringRetAddr          PSGlib
     0000C00F  _PSGChan0Volume                    PSGlib
     0000C010  _PSGChan1Volume                    PSGlib
     0000C011  _PSGChan2Volume                    PSGlib
     0000C012  _PSGChan3Volume                    PSGlib
     0000C013  _PSGChan2LowTone                   PSGlib
     0000C014  _PSGChan2HighTone                  PSGlib
     0000C015  _PSGChan3LowTone                   PSGlib
     0000C016  _PSGChannel2SFX                    PSGlib
     0000C017  _PSGChannel3SFX                    PSGlib
     0000C018  _PSGSFXChan2Volume                 PSGlib
     0000C019  _PSGSFXChan3Volume                 PSGlib
     0000C01A  _PSGSFXStatus                      PSGlib
     0000C01B  _PSGSFXStart                       PSGlib
     0000C01D  _PSGSFXPointer                     PSGlib
     0000C01F  _PSGSFXLoopPoint                   PSGlib
     0000C021  _PSGSFXSkipFrames                  PSGlib
     0000C022  _PSGSFXLoopFlag                    PSGlib
     0000C023  _PSGSFXSubstringLen                PSGlib
     0000C024  _PSGSFXSubstringRetAddr            PSGlib
     0000C026  _playerX                           player
     0000C028  _playerY                           player
     0000C02A  _playerSpeedX                      player
     0000C02C  _playerSpeedY                      player
     0000C02E  _playerState                       player
     0000C02F  _isPlayerOnGround                  player
     0000C030  _isPlayerMoving                    player
     0000C031  _isPlayerShooting                  player
     0000C032  _stateChanged                      player
     0000C033  _animationChanged                  player
     0000C034  _buttonState                       player
     0000C036  _buttonsPressed                    player
     0000C038  _buttonsReleased                   player
     0000C03A  _columnToUpdate                    right_scroller
     0000C03C  _terrainColumnToUpdate             right_scroller
     0000C03D  _CommandManager_commandRunnerObj   command_manager
     0000C05F  _CommandManager_currentCommand     command_manager
     0000C061  _CommandRunner_counter             command_manager
     0000C063  _DrawUtils_spriteCounter           draw_utils
     0000C064  _DrawUtils_currentSpriteStrips     draw_utils
ASxxxx Linker V03.00/V05.40 + sdld,  page 17.
Hexadecimal  [32-Bits]

Area                                    Addr        Size        Decimal Bytes (Attributes)
--------------------------------        ----        ----        ------- ----- ------------
_DATA                               0000C000    000015E9 =        5609. bytes (REL,CON)

      Value  Global                              Global Defined In Module
      -----  --------------------------------   ------------------------
     0000C066  _DrawUtils_vdpTileIndex            draw_utils
     0000C067  _DrawUtils_screenX                 draw_utils
     0000C069  _DrawUtils_screenY                 draw_utils
     0000C06B  _DrawUtils_spritesDrawn            draw_utils
     0000C06C  _x                                 draw_utils
     0000C06D  _y                                 draw_utils
     0000C06E  _buffer                            draw_utils
     0000C070  _bufferWidth                       draw_utils
     0000C071  _bufferHeight                      draw_utils
     0000C072  _vdpOffset                         draw_utils
     0000C074  _MapManager_numTilesets            map_manager
     0000C075  _MapManager_metatileLuts           map_manager
     0000C085  _MapManager_metatileLutsData       map_manager
     0000D085  _MapManager_metatileLutsDataSize   map_manager
     0000D087  _MapManager_tilesets               map_manager
     0000D0E7  _MapManager_tilesetVdpLocations    map_manager
     0000D0F7  _MapManager_tilesetFunctions       map_manager
     0000D107  _MapManager_tilesetGameObjectTem   map_manager
     0000D117  _MapManager_mapWidth               map_manager
     0000D119  _MapManager_mapHeight              map_manager
     0000D11B  _MapManager_mapData                map_manager
     0000D11D  _MapManager_mapResourceInfo        map_manager
     0000D11F  _ObjectManager_player              object_manager
     0000D141  _ObjectManager_projectileSlots     object_manager
     0000D1A7  _ObjectManager_enemySlots          object_manager
     0000D2B7  _ObjectManager_effectSlots         object_manager
     0000D3C7  _ObjectManager_numEffects          object_manager
     0000D3C8  _ObjectManager_activeProjectiles   object_manager
     0000D3CE  _ObjectManager_activeProjectiles   object_manager
     0000D3CF  _ObjectManager_currentEnemyIndex   object_manager
     0000D3D0  _ObjectManager_vdpDrawGameObject   object_manager
     0000D3E0  _ObjectManager_vdpDrawFunctions    object_manager
     0000D3F0  _ObjectManager_numVdpDrawItems     object_manager
     0000D3F1  _ResourceManager_loadFunctions     resource_manager
     0000D401  _ResourceManager_setupFunctions    resource_manager
     0000D411  _ScrollManager_horizontalScrollL   scroll_manager
     0000D413  _ScrollManager_columnBuffer        scroll_manager
     0000D443  _ScrollUtils_mapColumnToBuild      scroll_utils
     0000D445  _TerrainManager_terrain            terrain_manager
     0000D505  _VDPTileManager_spriteTileLocati   vdptile_manager
     0000D507  _VDPTileManager_backgroundTileLo   vdptile_manager
     0000D509  _explosionVdpLocation              explosion
     0000D50A  _impactVdpLocation                 impact
     0000D50B  _kunaiVdpLocation                  kunai
     0000D50C  _ninja_girlVdpLocation             ninja_girl
     0000D50D  _robotrunnerVdpLocation            robotrunner
     0000D50E  _robotspringVdpLocation            robotspring
     0000D50F  _rock_particleVdpLocation          rock_particle
     0000D510  _walkerVdpLocation                 walker
     0000D511  _walker_bigVdpLocation             walker_big
     0000D512  _walker_smallVdpLocation           walker_small
ASxxxx Linker V03.00/V05.40 + sdld,  page 18.
Hexadecimal  [32-Bits]

Area                                    Addr        Size        Decimal Bytes (Attributes)
--------------------------------        ----        ----        ------- ----- ------------
_DATA                               0000C000    000015E9 =        5609. bytes (REL,CON)

      Value  Global                              Global Defined In Module
      -----  --------------------------------   ------------------------
     0000D513  _waterfallVdpLocation              waterfall
     0000D514  _background3_tilesetVdpLocation    background3_tileset
     0000D516  _breakable_rock_tilesetVdpLocati   breakable_rock_tileset
     0000D518  _waterfall_tilesetVdpLocation      waterfall_tileset
     0000D51A  _VDPBlank                          SMSlib
     0000D51B  _SMS_VDPFlags                      SMSlib
     0000D51C  _PauseRequested                    SMSlib
     0000D51D  _SMS_Port3EBIOSvalue               SMSlib
     0000D51E  _SMS_theFrameInterruptHandler      SMSlib
     0000D520  _KeysStatus                        SMSlib
     0000D522  _PreviousKeysStatus                SMSlib
     0000D524  _SMS_theLineInterruptHandler       SMSlib
     0000D526  _SpriteTableY                      SMSlib_sprite
     0000D566  _SpriteTableXN                     SMSlib_sprite
     0000D5E6  _SpriteNextFree                    SMSlib_sprite
     0000D5E7  _SMS_TextRenderer_offset           SMSlib_textrenderer
ASxxxx Linker V03.00/V05.40 + sdld,  page 19.
Hexadecimal  [32-Bits]

Area                                    Addr        Size        Decimal Bytes (Attributes)
--------------------------------        ----        ----        ------- ----- ------------
_INITIALIZED                        0000D5E9    000000A1 =         161. bytes (REL,CON)

      Value  Global                              Global Defined In Module
      -----  --------------------------------   ------------------------
     0000D5E9  _scene001_commands                 scene001
     0000D667  _drawSprite                        draw_utils
     0000D671  _ObjectManager_objectId            object_manager
     0000D672  _projectileFlicker                 object_manager
     0000D673  _ResourceManager_onResourceLoade   resource_manager
     0000D675  _ScrollManager_Update              scroll_manager
     0000D677  _ScrollManager_UpdateVDP           scroll_manager
     0000D679  _ScrollManager_speedX              scroll_manager
     0000D67A  _ScrollManager_speedY              scroll_manager
     0000D67B  _ScrollManager_horizontalScroll    scroll_manager
     0000D67D  _ScrollManager_vdpHorizontalScro   scroll_manager
     0000D67E  _ScrollManager_updateMapVDP        scroll_manager
     0000D67F  _background3_tilesetResourceInfo   background3
     0000D683  _waterfall_tilesetResourceInfos    waterfall
     0000D685  _VDPReg                            SMSlib
     0000D687  _spritesHeight                     SMSlib
     0000D688  _spritesWidth                      SMSlib
     0000D689  _spritesTileOffset                 SMSlib
ASxxxx Linker V03.00/V05.40 + sdld,  page 20.
Hexadecimal  [32-Bits]

Area                                    Addr        Size        Decimal Bytes (Attributes)
--------------------------------        ----        ----        ------- ----- ------------
_CABS0                              00000000    00000010 =          16. bytes (ABS,CON)

      Value  Global                              Global Defined In Module
      -----  --------------------------------   ------------------------
     00007FF0  ___SMS__SEGA_signature             main

ASxxxx Linker V03.00/V05.40 + sdld,  page 21.
Hexadecimal  [32-Bits]

Area                                    Addr        Size        Decimal Bytes (Attributes)
--------------------------------        ----        ----        ------- ----- ------------
_CABS1                              00000000    00000003 =           3. bytes (ABS,CON)

      Value  Global                              Global Defined In Module
      -----  --------------------------------   ------------------------
     00007FDD  ___SMS__SDSC_author                main

ASxxxx Linker V03.00/V05.40 + sdld,  page 22.
Hexadecimal  [32-Bits]

Area                                    Addr        Size        Decimal Bytes (Attributes)
--------------------------------        ----        ----        ------- ----- ------------
_CABS2                              00000000    00000010 =          16. bytes (ABS,CON)

      Value  Global                              Global Defined In Module
      -----  --------------------------------   ------------------------
     00007FCD  ___SMS__SDSC_name                  main

ASxxxx Linker V03.00/V05.40 + sdld,  page 23.
Hexadecimal  [32-Bits]

Area                                    Addr        Size        Decimal Bytes (Attributes)
--------------------------------        ----        ----        ------- ----- ------------
_CABS3                              00000000    0000002B =          43. bytes (ABS,CON)

      Value  Global                              Global Defined In Module
      -----  --------------------------------   ------------------------
     00007FA2  ___SMS__SDSC_descr                 main

ASxxxx Linker V03.00/V05.40 + sdld,  page 24.
Hexadecimal  [32-Bits]

Area                                    Addr        Size        Decimal Bytes (Attributes)
--------------------------------        ----        ----        ------- ----- ------------
_CABS4                              00000000    00000010 =          16. bytes (ABS,CON)

      Value  Global                              Global Defined In Module
      -----  --------------------------------   ------------------------
     00007FE0  ___SMS__SDSC_signature             main

ASxxxx Linker V03.00/V05.40 + sdld,  page 25.
Hexadecimal  [32-Bits]

Area                                    Addr        Size        Decimal Bytes (Attributes)
--------------------------------        ----        ----        ------- ----- ------------
_BANK2                              00008000    00003F9C =       16284. bytes (REL,CON)

      Value  Global                              Global Defined In Module
      -----  --------------------------------   ------------------------
     00008000  _explosionTileData                 explosion
     00008480  _explosionFrame0SpriteStrips       explosion
     00008488  _explosionFrame1SpriteStrips       explosion
     00008494  _explosionFrame2SpriteStrips       explosion
     000084A0  _explosionFrame0                   explosion
     000084A5  _explosionFrame1                   explosion
     000084AA  _explosionFrame2                   explosion
     000084AF  _explosionFrames                   explosion
     000084B5  _explosion                         explosion
     000084C1  _impactTileData                    impact
     000085C1  _impactFrame0SpriteStrips          impact
     000085C9  _impactFrame1SpriteStrips          impact
     000085D1  _impactFrame0                      impact
     000085D6  _impactFrame1                      impact
     000085DB  _impactFrames                      impact
     000085DF  _impact                            impact
     000085EB  _kunaiTileData                     kunai
     0000886B  _kunaiFrame0SpriteStrips           kunai
     00008873  _kunaiFrame1SpriteStrips           kunai
     0000887B  _kunaiFrame2SpriteStrips           kunai
     00008883  _kunaiFrame3SpriteStrips           kunai
     0000888B  _kunaiFrame4SpriteStrips           kunai
     00008893  _kunaiFrame5SpriteStrips           kunai
     0000889B  _kunaiFrame6SpriteStrips           kunai
     000088A3  _kunaiFrame7SpriteStrips           kunai
     000088AB  _kunaiFrame0                       kunai
     000088B0  _kunaiFrame1                       kunai
     000088B5  _kunaiFrame2                       kunai
     000088BA  _kunaiFrame3                       kunai
     000088BF  _kunaiFrame4                       kunai
     000088C4  _kunaiFrame5                       kunai
     000088C9  _kunaiFrame6                       kunai
     000088CE  _kunaiFrame7                       kunai
     000088D3  _kunaiFrames                       kunai
     000088E3  _kunai                             kunai
     000088EF  _ninja_girlTileData                ninja_girl
     0000A96F  _ninja_girlFrame0SpriteStrips      ninja_girl
     0000A97B  _ninja_girlFrame1SpriteStrips      ninja_girl
     0000A987  _ninja_girlFrame2SpriteStrips      ninja_girl
     0000A993  _ninja_girlFrame3SpriteStrips      ninja_girl
     0000A99F  _ninja_girlFrame4SpriteStrips      ninja_girl
     0000A9AB  _ninja_girlFrame5SpriteStrips      ninja_girl
     0000A9B7  _ninja_girlFrame6SpriteStrips      ninja_girl
     0000A9C3  _ninja_girlFrame7SpriteStrips      ninja_girl
     0000A9CF  _ninja_girlFrame8SpriteStrips      ninja_girl
     0000A9DB  _ninja_girlFrame9SpriteStrips      ninja_girl
     0000A9E7  _ninja_girlFrame10SpriteStrips     ninja_girl
     0000A9F3  _ninja_girlFrame11SpriteStrips     ninja_girl
     0000A9FF  _ninja_girlFrame12SpriteStrips     ninja_girl
     0000AA0B  _ninja_girlFrame13SpriteStrips     ninja_girl
ASxxxx Linker V03.00/V05.40 + sdld,  page 26.
Hexadecimal  [32-Bits]

Area                                    Addr        Size        Decimal Bytes (Attributes)
--------------------------------        ----        ----        ------- ----- ------------
_BANK2                              00008000    00003F9C =       16284. bytes (REL,CON)

      Value  Global                              Global Defined In Module
      -----  --------------------------------   ------------------------
     0000AA17  _ninja_girlFrame14SpriteStrips     ninja_girl
     0000AA23  _ninja_girlFrame15SpriteStrips     ninja_girl
     0000AA2F  _ninja_girlFrame16SpriteStrips     ninja_girl
     0000AA3B  _ninja_girlFrame17SpriteStrips     ninja_girl
     0000AA47  _ninja_girlFrame18SpriteStrips     ninja_girl
     0000AA53  _ninja_girlFrame19SpriteStrips     ninja_girl
     0000AA5F  _ninja_girlFrame20SpriteStrips     ninja_girl
     0000AA6B  _ninja_girlFrame21SpriteStrips     ninja_girl
     0000AA77  _ninja_girlFrame0                  ninja_girl
     0000AA7C  _ninja_girlFrame1                  ninja_girl
     0000AA81  _ninja_girlFrame2                  ninja_girl
     0000AA86  _ninja_girlFrame3                  ninja_girl
     0000AA8B  _ninja_girlFrame4                  ninja_girl
     0000AA90  _ninja_girlFrame5                  ninja_girl
     0000AA95  _ninja_girlFrame6                  ninja_girl
     0000AA9A  _ninja_girlFrame7                  ninja_girl
     0000AA9F  _ninja_girlFrame8                  ninja_girl
     0000AAA4  _ninja_girlFrame9                  ninja_girl
     0000AAA9  _ninja_girlFrame10                 ninja_girl
     0000AAAE  _ninja_girlFrame11                 ninja_girl
     0000AAB3  _ninja_girlFrame12                 ninja_girl
     0000AAB8  _ninja_girlFrame13                 ninja_girl
     0000AABD  _ninja_girlFrame14                 ninja_girl
     0000AAC2  _ninja_girlFrame15                 ninja_girl
     0000AAC7  _ninja_girlFrame16                 ninja_girl
     0000AACC  _ninja_girlFrame17                 ninja_girl
     0000AAD1  _ninja_girlFrame18                 ninja_girl
     0000AAD6  _ninja_girlFrame19                 ninja_girl
     0000AADB  _ninja_girlFrame20                 ninja_girl
     0000AAE0  _ninja_girlFrame21                 ninja_girl
     0000AAE5  _ninja_girlFrames                  ninja_girl
     0000AB11  _ninja_girl                        ninja_girl
     0000AB1D  _robotrunnerTileData               robotrunner
     0000AF1D  _robotrunnerFrame0SpriteStrips     robotrunner
     0000AF29  _robotrunnerFrame1SpriteStrips     robotrunner
     0000AF35  _robotrunnerFrame2SpriteStrips     robotrunner
     0000AF41  _robotrunnerFrame3SpriteStrips     robotrunner
     0000AF4D  _robotrunnerFrame0                 robotrunner
     0000AF52  _robotrunnerFrame1                 robotrunner
     0000AF57  _robotrunnerFrame2                 robotrunner
     0000AF5C  _robotrunnerFrame3                 robotrunner
     0000AF61  _robotrunnerFrames                 robotrunner
     0000AF69  _robotrunner                       robotrunner
     0000AF75  _robotspringTileData               robotspring
     0000B175  _robotspringFrame0SpriteStrips     robotspring
     0000B181  _robotspringFrame1SpriteStrips     robotspring
     0000B18D  _robotspringFrame2SpriteStrips     robotspring
     0000B199  _robotspringFrame0                 robotspring
     0000B19E  _robotspringFrame1                 robotspring
     0000B1A3  _robotspringFrame2                 robotspring
     0000B1A8  _robotspringFrames                 robotspring
ASxxxx Linker V03.00/V05.40 + sdld,  page 27.
Hexadecimal  [32-Bits]

Area                                    Addr        Size        Decimal Bytes (Attributes)
--------------------------------        ----        ----        ------- ----- ------------
_BANK2                              00008000    00003F9C =       16284. bytes (REL,CON)

      Value  Global                              Global Defined In Module
      -----  --------------------------------   ------------------------
     0000B1AE  _robotspring                       robotspring
     0000B1BA  _rock_particleTileData             rock_particle
     0000B2BA  _rock_particleFrame0SpriteStrips   rock_particle
     0000B2C2  _rock_particleFrame1SpriteStrips   rock_particle
     0000B2CA  _rock_particleFrame2SpriteStrips   rock_particle
     0000B2D2  _rock_particleFrame3SpriteStrips   rock_particle
     0000B2DA  _rock_particleFrame0               rock_particle
     0000B2DF  _rock_particleFrame1               rock_particle
     0000B2E4  _rock_particleFrame2               rock_particle
     0000B2E9  _rock_particleFrame3               rock_particle
     0000B2EE  _rock_particleFrames               rock_particle
     0000B2F6  _rock_particle                     rock_particle
     0000B302  _walkerTileData                    walker
     0000B402  _walkerFrame0SpriteStrips          walker
     0000B40A  _walkerFrame1SpriteStrips          walker
     0000B412  _walkerFrame0                      walker
     0000B417  _walkerFrame1                      walker
     0000B41C  _walkerFrames                      walker
     0000B420  _walker                            walker
     0000B42C  _walker_bigTileData                walker_big
     0000BC2C  _walker_bigFrame0SpriteStrips      walker_big
     0000BC38  _walker_bigFrame1SpriteStrips      walker_big
     0000BC44  _walker_bigFrame2SpriteStrips      walker_big
     0000BC50  _walker_bigFrame3SpriteStrips      walker_big
     0000BC5C  _walker_bigFrame4SpriteStrips      walker_big
     0000BC68  _walker_bigFrame5SpriteStrips      walker_big
     0000BC74  _walker_bigFrame6SpriteStrips      walker_big
     0000BC80  _walker_bigFrame7SpriteStrips      walker_big
     0000BC8C  _walker_bigFrame0                  walker_big
     0000BC91  _walker_bigFrame1                  walker_big
     0000BC96  _walker_bigFrame2                  walker_big
     0000BC9B  _walker_bigFrame3                  walker_big
     0000BCA0  _walker_bigFrame4                  walker_big
     0000BCA5  _walker_bigFrame5                  walker_big
     0000BCAA  _walker_bigFrame6                  walker_big
     0000BCAF  _walker_bigFrame7                  walker_big
     0000BCB4  _walker_bigFrames                  walker_big
     0000BCC4  _walker_big                        walker_big
     0000BCD0  _walker_smallTileData              walker_small
     0000BD50  _walker_smallFrame0SpriteStrips    walker_small
     0000BD58  _walker_smallFrame1SpriteStrips    walker_small
     0000BD60  _walker_smallFrame0                walker_small
     0000BD65  _walker_smallFrame1                walker_small
     0000BD6A  _walker_smallFrames                walker_small
     0000BD6E  _walker_small                      walker_small
     0000BD7A  _waterfallTileData                 waterfall
     0000BF7A  _waterfallFrame0                   waterfall
     0000BF7E  _waterfallFrame1                   waterfall
     0000BF82  _waterfallFrame2                   waterfall
     0000BF86  _waterfallFrame3                   waterfall
     0000BF8A  _waterfallFrames                   waterfall
ASxxxx Linker V03.00/V05.40 + sdld,  page 28.
Hexadecimal  [32-Bits]

Area                                    Addr        Size        Decimal Bytes (Attributes)
--------------------------------        ----        ----        ------- ----- ------------
_BANK2                              00008000    00003F9C =       16284. bytes (REL,CON)

      Value  Global                              Global Defined In Module
      -----  --------------------------------   ------------------------
     0000BF92  _waterfall                         waterfall
ASxxxx Linker V03.00/V05.40 + sdld,  page 29.
Hexadecimal  [32-Bits]

Area                                    Addr        Size        Decimal Bytes (Attributes)
--------------------------------        ----        ----        ------- ----- ------------
_BANK3                              00008000    000021CC =        8652. bytes (REL,CON)

      Value  Global                              Global Defined In Module
      -----  --------------------------------   ------------------------
     00008000  _background3_tileset_metatiles     background3_tileset
     00008410  _background3_tileset_tiles         background3_tileset
     0000A090  _background3_tileset               background3_tileset
     0000A09C  _breakable_rock_tileset_metatile   breakable_rock_tileset
     0000A0A4  _breakable_rock_tileset_tiles      breakable_rock_tileset
     0000A124  _breakable_rock_tileset            breakable_rock_tileset
     0000A130  _waterfall_tileset_metatiles       waterfall_tileset
     0000A140  _waterfall_tileset_tiles           waterfall_tileset
     0000A1C0  _waterfall_tileset                 waterfall_tileset
ASxxxx Linker V03.00/V05.40 + sdld,  page 30.
Hexadecimal  [32-Bits]

Area                                    Addr        Size        Decimal Bytes (Attributes)
--------------------------------        ----        ----        ------- ----- ------------
_BANK4                              00008000    00000478 =        1144. bytes (REL,CON)

      Value  Global                              Global Defined In Module
      -----  --------------------------------   ------------------------
     00008000  _background3_metatile_map          background3
     00008460  _background3_map                   background3
     0000846A  _waterfall_metatile_map            waterfall
     0000846E  _waterfall_map                     waterfall

ASxxxx Linker V03.00/V05.40 + sdld,  page 31.

Files Linked                              [ module(s) ]

..\..\..\devkitSMS-master\/crt0/crt0_sms.rel
                                          [ crt0 ]
..\..\..\devkitSMS-master\/PSGlib//PSGlib.rel
                                          [ PSGlib ]
out\source\client\generated\gameobjecttemplates\commandrunner_rightscroll_template.rel
                                          [ commandrunner_rightscroll_templa ]
out\source\client\generated\gameobjecttemplates\explosion_template.rel
                                          [ explosion_template ]
out\source\client\generated\gameobjecttemplates\impact_template.rel
                                          [ impact_template ]
out\source\client\generated\gameobjecttemplates\kunai_template.rel
                                          [ kunai_template ]
out\source\client\generated\gameobjecttemplates\ninja_girl_template.rel
                                          [ ninja_girl_template ]
out\source\client\generated\gameobjecttemplates\robotrunner_template.rel
                                          [ robotrunner_template ]
out\source\client\generated\gameobjecttemplates\robotspring_template.rel
                                          [ robotspring_template ]
out\source\client\generated\gameobjecttemplates\rock_particle_template.rel
                                          [ rock_particle_template ]
out\source\client\generated\gameobjecttemplates\walker_big_template.rel
                                          [ walker_big_template ]
out\source\client\generated\gameobjecttemplates\walker_small_template.rel
                                          [ walker_small_template ]
out\source\client\generated\gameobjecttemplates\walker_template.rel
                                          [ walker_template ]
out\source\client\exported\palettes\globalPalette.rel
                                          [ globalPalette ]
out\source\client\main.rel                [ main ]
out\source\client\tileset_functions.rel   [ tileset_functions ]
out\source\client\exported\global_palette.rel
                                          [ global_palette ]
out\source\client\exported\scene001.rel   [ scene001 ]
out\source\client\exported\scene003.rel   [ scene003 ]
out\source\client\generated\bank2.rel     [ bank2 ]
out\source\client\generated\resource_infos.rel
                                          [ resource_infos ]
out\source\client\objects\basic_effect.rel
                                          [ basic_effect ]
out\source\client\objects\bird.rel        [ bird ]
out\source\client\objects\commandrunner_rightscroll.rel
                                          [ commandrunner_rightscroll ]
out\source\client\objects\enemy.rel       [ enemy ]
out\source\client\objects\kunai.rel       [ kunai ]
out\source\client\objects\on_resource_loaded_callback.rel
                                          [ on_resource_loaded_callback ]
out\source\client\objects\particle_effect.rel
                                          [ particle_effect ]
out\source\client\objects\player.rel      [ player ]
out\source\client\objects\right_scroller.rel
                                          [ right_scroller ]
out\source\client\objects\tile_animator.rel
                                          [ tile_animator ]
out\source\engine\animation_utils.rel     [ animation_utils ]
out\source\engine\commandrunner_runall.rel
                                          [ commandrunner_runall ]
out\source\engine\command_manager.rel     [ command_manager ]
out\source\engine\command_types.rel       [ command_types ]
out\source\engine\draw_utils.rel          [ draw_utils ]
out\source\engine\map_load.rel            [ map_load ]
out\source\engine\map_manager.rel         [ map_manager ]
out\source\engine\map_types.rel           [ map_types ]
out\source\engine\object_manager.rel      [ object_manager ]
out\source\engine\object_utils.rel        [ object_utils ]
out\source\engine\resource_manager.rel    [ resource_manager ]
out\source\engine\scene_manager.rel       [ scene_manager ]
out\source\engine\scroll_manager.rel      [ scroll_manager ]
out\source\engine\scroll_utils.rel        [ scroll_utils ]
out\source\engine\terrain_manager.rel     [ terrain_manager ]
out\source\engine\vdptile_manager.rel     [ vdptile_manager ]
out\source\engine\commands\set_palette_commands.rel
                                          [ set_palette_commands ]
out\source\client\exported\animations\explosion.rel
                                          [ explosion ]
out\source\client\exported\animations\impact.rel
                                          [ impact ]
out\source\client\exported\animations\kunai.rel
                                          [ kunai ]
out\source\client\exported\animations\ninja_girl.rel
                                          [ ninja_girl ]
out\source\client\exported\animations\robotrunner.rel
                                          [ robotrunner ]
out\source\client\exported\animations\robotspring.rel
                                          [ robotspring ]
out\source\client\exported\animations\rock_particle.rel
                                          [ rock_particle ]
out\source\client\exported\animations\walker.rel
                                          [ walker ]
out\source\client\exported\animations\walker_big.rel
                                          [ walker_big ]
out\source\client\exported\animations\walker_small.rel
                                          [ walker_small ]
out\source\client\exported\animations\waterfall.rel
                                          [ waterfall ]
out\source\client\generated\tilesets\background3_tileset.rel
                                          [ background3_tileset ]
out\source\client\generated\tilesets\breakable_rock_tileset.rel
                                          [ breakable_rock_tileset ]
out\source\client\generated\tilesets\waterfall_tileset.rel
                                          [ waterfall_tileset ]
out\source\client\exported\maps\background3.rel
                                          [ background3 ]
out\source\client\exported\maps\waterfall.rel
                                          [ waterfall ]


Libraries Linked                          [ object file ]

..\..\..\devkitSMS-master\/SMSlib/SMSlib.lib
                                          [ SMSlib_VRAMmemset.rel ]
..\..\..\devkitSMS-master\/SMSlib/SMSlib.lib
                                          [ SMSlib.rel ]
..\..\..\devkitSMS-master\/SMSlib/SMSlib.lib
                                          [ SMSlib_sprite.rel ]
C:\Program Files\SDCC\bin\..\lib\z80/z80.lib
                                          [ mul.rel ]
C:\Program Files\SDCC\bin\..\lib\z80/z80.lib
                                          [ __sdcc_call_hl.rel ]
..\..\..\devkitSMS-master\/SMSlib/SMSlib.lib
                                          [ SMSlib_debug.rel ]
..\..\..\devkitSMS-master\/SMSlib/SMSlib.lib
                                          [ SMSlib_UNSAFE.rel ]
..\..\..\devkitSMS-master\/SMSlib/SMSlib.lib
                                          [ SMSlib_VRAMmemcpy.rel ]
C:\Program Files\SDCC\bin\..\lib\z80/z80.lib
                                          [ __sdcc_call_iy.rel ]
..\..\..\devkitSMS-master\/SMSlib/SMSlib.lib
                                          [ SMSlib_autotext.rel ]
..\..\..\devkitSMS-master\/SMSlib/SMSlib.lib
                                          [ SMSlib_loadTileMapColumn.rel ]
..\..\..\devkitSMS-master\/SMSlib/SMSlib.lib
                                          [ SMSlib_load1bppTiles.rel ]
..\..\..\devkitSMS-master\/SMSlib/SMSlib.lib
                                          [ SMSlib_textrenderer.rel ]

ASxxxx Linker V03.00/V05.40 + sdld,  page 32.

User Base Address Definitions

_CODE = 0x0200
_DATA = 0xc000
_BANK3=0x8000
_BANK2=0x8000
_BANK4=0x8000

