ASxxxx Linker V03.00/V05.40 + sdld,  page 1.
Hexadecimal  [32-Bits]

Area                                    Addr        Size        Decimal Bytes (Attributes)
--------------------------------        ----        ----        ------- ----- ------------
.  .ABS.                            00000000    00000000 =           0. bytes (ABS,CON)

      Value  Global                              Global Defined In Module
      -----  --------------------------------   ------------------------
     00000000  .__.ABS.                           SMSlib_textrenderer
     00000000  l__BSEG                         
     00000000  l__BSS                          
     00000000  l__CABS                         
     00000000  l__DABS                         
     00000000  l__HEADER                       
     00000000  l__HEAP                         
     00000000  l__HOME                         
     00000000  s__CABS                         
     00000000  s__CABS0                        
     00000000  s__CABS1                        
     00000000  s__CABS2                        
     00000000  s__CABS3                        
     00000000  s__CABS4                        
     00000000  s__DABS                         
     00000000  s__HEADER                       
     00000000  s__HEADER0                      
     00000000  s__HEADER1                      
     00000000  s__HEADER2                      
     00000000  s__HEADER3                      
     00000000  s__HEADER4                      
     00000001  l__GSFINAL                      
     00000003  l__CABS1                        
     00000008  l__HEADER0                      
     00000009  l__HEADER1                      
     0000000F  l__GSINIT                       
     00000010  l__CABS0                        
     00000010  l__CABS2                        
     00000010  l__CABS4                        
     0000001F  l__HEADER2                      
     0000002A  l__INITIALIZED                  
     0000002A  l__INITIALIZER                  
     0000002B  l__CABS3                        
     0000002B  l__HEADER3                      
     00000104  l__HEADER4                      
     00000200  s__CODE                         
     000008E2  l__BANK4                        
     00001642  l__DATA                         
     000021CC  l__BANK3                        
     00003353  l__BANK2                        
     000050B8  l__CODE                         
     000052B8  s__HOME                         
     000052B8  s__INITIALIZER                  
     000052E2  s__GSINIT                       
     000052F1  s__GSFINAL                      
     00008000  _SMS_SRAM                          SMSlib_textrenderer
     00008000  s__BANK2                        
     00008000  s__BANK3                        
     00008000  s__BANK4                        
     0000C000  s__DATA                         
ASxxxx Linker V03.00/V05.40 + sdld,  page 2.
Hexadecimal  [32-Bits]

Area                                    Addr        Size        Decimal Bytes (Attributes)
--------------------------------        ----        ----        ------- ----- ------------
.  .ABS.                            00000000    00000000 =           0. bytes (ABS,CON)

      Value  Global                              Global Defined In Module
      -----  --------------------------------   ------------------------
     0000D642  s__INITIALIZED                  
     0000D66C  s__BSEG                         
     0000D66C  s__BSS                          
     0000D66C  s__HEAP                         
     0000FFFC  _SRAM_bank_to_be_mapped_on_slot2   SMSlib_textrenderer
     0000FFFD  _ROM_bank_to_be_mapped_on_slot0    SMSlib_textrenderer
     0000FFFE  _ROM_bank_to_be_mapped_on_slot1    SMSlib_textrenderer
     0000FFFF  _ROM_bank_to_be_mapped_on_slot2    SMSlib_textrenderer

ASxxxx Linker V03.00/V05.40 + sdld,  page 3.
Hexadecimal  [32-Bits]

Area                                    Addr        Size        Decimal Bytes (Attributes)
--------------------------------        ----        ----        ------- ----- ------------
_CODE                               00000200    000050B8 =       20664. bytes (REL,CON)

      Value  Global                              Global Defined In Module
      -----  --------------------------------   ------------------------
     00000200  _PSGStop                           PSGlib
     00000227  _PSGResume                         PSGlib
     00000273  _PSGPlay                           PSGlib
     0000029E  _PSGPlayLoops                      PSGlib
     000002B5  _PSGCancelLoop                     PSGlib
     000002C0  _PSGPlayNoRepeat                   PSGlib
     000002CE  _PSGGetStatus                      PSGlib
     000002D2  _PSGSilenceChannels                PSGlib
     000002E3  _PSGRestoreVolumes                 PSGlib
     000003BC  _PSGSetMusicVolumeAttenuation      PSGlib
     00000496  _PSGSFXStop                        PSGlib
     00000559  _PSGSFXPlay                        PSGlib
     000005A9  _PSGSFXCancelLoop                  PSGlib
     000005AF  _PSGSFXGetStatus                   PSGlib
     000005B3  _PSGSFXPlayLoop                    PSGlib
     000005CE  _PSGFrame                          PSGlib
     000006F2  _PSGSFXFrame                       PSGlib
     00000778  _bullet_template                   bullet_template
     00000783  _colortweaker_template             colortweaker_template
     0000078E  _commandrunner_rightscroll_templ   commandrunner_rightscroll_te
     00000799  _explosion_template                explosion_template
     000007A4  _gun_girl_template                 gun_girl_template
     000007AF  _impact_template                   impact_template
     000007BA  _kunai_template                    kunai_template
     000007C5  _robotrunner_template              robotrunner_template
     000007D0  _robotspring_template              robotspring_template
     000007DB  _rock_particle_template            rock_particle_template
     000007E6  _test_block_template               test_block_template
     000007F1  _walker_big_template               walker_big_template
     000007FC  _walker_small_template             walker_small_template
     00000807  _walker_template                   walker_template
     00000812  _scene003_createInfoBootstrapper   scene003
     0000081A  _scene003_createInfo2              scene003
     00000822  _scene003_createInfo5              scene003
     00000828  _scene003_createInfo6              scene003
     0000082E  _scene003_createInfo7              scene003
     00000834  _scene003_createInfo8              scene003
     0000083A  _scene003_createInfo9              scene003
     00000840  _scene003_createInfo10             scene003
     00000846  _scene003_createInfo11             scene003
     0000084C  _scene003_createInfo12             scene003
     00000852  _scene003_createInfo13             scene003
     00000858  _scene003_createInfo14             scene003
     00000863  _scene003_commands                 scene003
     000008F3  _scene003                          scene003
     000008F5  _globalPaletteValues               globalPalette
     00000905  _globalPalette                     globalPalette
     00000908  _PSGUpdate                         main
     0000090E  _main                              main
     000009C4  _breakable_rock_tileset_TilesetF   tileset_functions
ASxxxx Linker V03.00/V05.40 + sdld,  page 4.
Hexadecimal  [32-Bits]

Area                                    Addr        Size        Decimal Bytes (Attributes)
--------------------------------        ----        ----        ------- ----- ------------
_CODE                               00000200    000050B8 =       20664. bytes (REL,CON)

      Value  Global                              Global Defined In Module
      -----  --------------------------------   ------------------------
     00000A97  _sceneMasterTemp_createInfoBoots   sceneMasterTemp
     00000A9F  _sceneMasterTemp_createInfo2       sceneMasterTemp
     00000AA7  _sceneMasterTemp_createInfo5       sceneMasterTemp
     00000AAD  _sceneMasterTemp_createInfo6       sceneMasterTemp
     00000AB3  _sceneMasterTemp_createInfo7       sceneMasterTemp
     00000AB9  _sceneMasterTemp_createInfo8       sceneMasterTemp
     00000ABF  _sceneMasterTemp_createInfo9       sceneMasterTemp
     00000AC5  _sceneMasterTemp_createInfo10      sceneMasterTemp
     00000ACB  _sceneMasterTemp_createInfo11      sceneMasterTemp
     00000AD1  _setTilesetPropertiesParams        sceneMasterTemp
     00000AD6  _sceneMasterTemp_commands          sceneMasterTemp
     00000B4E  _sceneMasterTemp                   sceneMasterTemp
     00000B50  _explosion_psg                     bank2
     00000B6B  _throw_psg                         bank2
     00000B81  _hit_psg                           bank2
     00000B92  _background3_tilesetResourceInfo   resource_infos
     00000B95  _breakable_rock_tilesetResourceI   resource_infos
     00000B98  _waterfall_tilesetResourceInfo     resource_infos
     00000B9B  _bulletResourceInfo                resource_infos
     00000B9E  _colorTweakerResourceInfo          resource_infos
     00000BA1  _explosionResourceInfo             resource_infos
     00000BA4  _gun_girlResourceInfo              resource_infos
     00000BA7  _impactResourceInfo                resource_infos
     00000BAA  _kunaiResourceInfo                 resource_infos
     00000BAD  _robotrunnerResourceInfo           resource_infos
     00000BB0  _robotspringResourceInfo           resource_infos
     00000BB3  _rock_particleResourceInfo         resource_infos
     00000BB6  _test_blockResourceInfo            resource_infos
     00000BB9  _walkerResourceInfo                resource_infos
     00000BBC  _walker_bigResourceInfo            resource_infos
     00000BBF  _walker_smallResourceInfo          resource_infos
     00000BC2  _waterfallResourceInfo             resource_infos
     00000BC5  _globalPaletteResourceInfo         resource_infos
     00000BC8  _background3_mapResourceInfo       resource_infos
     00000BCB  _background3_test_mapResourceInf   resource_infos
     00000BCE  _waterfall_mapResourceInfo         resource_infos
     00000BD1  _BasicEffect_Init                  basic_effect
     00000BF3  _BasicEffect_Update                basic_effect
     00000CA1  _BasicEffect_Draw                  basic_effect
     00000CF8  _Bird_Init                         bird
     00000D2F  _Bird_Update                       bird
     00000D6A  _Bird_Draw                         bird
     00000D6C  _Bullet_Init                       bullet
     00000E38  _Bullet_Update                     bullet
     000011CA  _Bullet_Draw                       bullet
     00001221  _Bullet_HandleCollision            bullet
     000012E2  _ColorTweaker_Init                 color_tweaker
     00001305  _ColorTweaker_Update               color_tweaker
     00001306  _ColorTweaker_Draw                 color_tweaker
     0000134F  _CommandRunner_RightScroll_Init    commandrunner_rightscroll
     000013EB  _CommandRunner_RightScroll_Updat   commandrunner_rightscroll
ASxxxx Linker V03.00/V05.40 + sdld,  page 5.
Hexadecimal  [32-Bits]

Area                                    Addr        Size        Decimal Bytes (Attributes)
--------------------------------        ----        ----        ------- ----- ------------
_CODE                               00000200    000050B8 =       20664. bytes (REL,CON)

      Value  Global                              Global Defined In Module
      -----  --------------------------------   ------------------------
     00001469  _Enemy_Init                        enemy
     00001483  _Enemy_Update                      enemy
     00001545  _Enemy_Draw                        enemy
     0000158E  _Enemy_HandleCollision             enemy
     0000161C  _Kunai_Init                        kunai
     00001642  _EraseTiles                        kunai
     000016E8  _Kunai_Update                      kunai
     00001A7A  _Kunai_Draw                        kunai
     00001AD1  _Kunai_HandleCollision             kunai
     00001B92  _OnResourceLoaded                  on_resource_loaded_callback
     00001BA5  _ParticleEffect_Init               particle_effect
     00001BDC  _ParticleEffect_Update             particle_effect
     00001CD7  _ParticleEffect_Draw               particle_effect
     00001D5F  _setPlayerAnimation                player
     00001DFD  _playerStateFunctions              player
     00001E09  _setPlayerState                    player
     00001E81  _Player_Init                       player
     00001ED3  _Player_FireWeapon                 player
     00001F77  _Player_UpdateX                    player
     0000219B  _Player_UpdateStand                player
     00002264  _Player_UpdateRun                  player
     00002349  _Player_UpdateFall                 player
     000024FF  _Player_UpdateJump                 player
     0000264B  _Player_UpdateDuck                 player
     00002702  _Player_Update                     player
     000027A9  _Player_Draw                       player
     00002800  _RightScroller_Init                right_scroller
     0000284B  _RightScroll_Update                right_scroller
     0000295D  _RightScroll_UpdateVDP             right_scroller
     0000298B  _TileAnimator_Init                 tile_animator
     000029B4  _UpdateTiles                       tile_animator
     00002A0C  _TileAnimator_Update               tile_animator
     00002A29  _AnimationUtils_updateBatchedAni   animation_utils
     00002A76  _AnimationUtils_updateBatchedAni   animation_utils
     00002AF0  _AnimationUtils_updateStreamedBa   animation_utils
     00002B3D  _AnimationUtils_updatePlaneAnima   animation_utils
     00002B7E  _AnimationUtils_updateTileAnimat   animation_utils
     00002BBD  _AnimationUtils_setBatchedAnimat   animation_utils
     00002C00  _Load_BatchedAnimationResource     animation_utils
     00002C28  _Load_StreamedBatchedAnimationRe   animation_utils
     00002C41  _Load_PlaneAnimationResource       animation_utils
     00002C67  _Load_TileAnimationResource        animation_utils
     00002C8D  _Setup_BatchedAnimationResource    animation_utils
     00002D10  _Setup_PlaneAnimationResource      animation_utils
     00002D96  _Setup_TileAnimationResource       animation_utils
     00002DE1  _AnimationUtils_UpdateStreamedBa   animation_utils
     00002F0C  _CommandRunner_RunAll_Init         commandrunner_runall
     00002F80  _commandrunner_runall_template     commandrunner_runall
     00002F8B  _DrawUtils_addSprite               draw_utils
     00002FAD  _DrawUtils_addTwoAdjoiningSprite   draw_utils
     00002FE3  _DrawUtils_addThreeAdjoiningSpri   draw_utils
ASxxxx Linker V03.00/V05.40 + sdld,  page 6.
Hexadecimal  [32-Bits]

Area                                    Addr        Size        Decimal Bytes (Attributes)
--------------------------------        ----        ----        ------- ----- ------------
_CODE                               00000200    000050B8 =       20664. bytes (REL,CON)

      Value  Global                              Global Defined In Module
      -----  --------------------------------   ------------------------
     00003034  _DrawUtils_addFourAdjoiningSprit   draw_utils
     0000309B  _DrawUtils_DrawBatched             draw_utils
     0000311E  _DrawUtils_DrawStreamedBatched     draw_utils
     000031B1  _drawToPlane                       draw_utils
     00003472  _DrawUtils_DrawPlaneAnimationFra   draw_utils
     000034FC  _Load_MapResource                  map_load
     00003592  _Load_TilesetResource              map_load
     00003681  _Load_AnimatedTilesetResource      map_load
     00003738  _MapManager_SetTilesetProperties   map_manager
     0000378C  _ObjectManager_Init                object_manager
     0000380A  _ObjectManager_Update              object_manager
     00003A67  _ObjectManager_CreateObject        object_manager
     00003ACF  _ApplyGameObjectTemplate           object_manager
     00003B48  _ObjectManager_CreateObjectByTem   object_manager
     00003C08  _FindFreeGameObject                object_manager
     00003C82  _ObjectManager_CreateObjectByCre   object_manager
     00003D36  _ObjectManager_DestroyObject       object_manager
     00003D4D  _ObjectManagerUtils_doProjectCol   object_manager
     00003EE8  _ObjectManager_QueueVDPDraw        object_manager
     00003F18  _ObjectManager_VDPDraw             object_manager
     00003F67  _ObjectUtils_gameObjectDoNothing   object_utils
     00003F68  _ObjectUtils_doNothing             object_utils
     00003F69  _ObjectUtils_twoGameObjectsDoNot   object_utils
     00003F6A  _ObjectUtils_drawNothing           object_utils
     00003F6C  _printResourceTypeName             resource_manager
     00004049  _ResourceManager_Init              resource_manager
     000040AC  _ResourceManager_LoadResource      resource_manager
     000041E3  _ResourceManager_SetupResource     resource_manager
     000042E9  _ResourceManager_SetOnResourceLo   resource_manager
     000042ED  _SceneManager_Init                 scene_manager
     00004315  _ScrollUtils_buildColumn           scroll_utils
     00004956  _ScrollUtils_InitTilemap           scroll_utils
     000049C0  _TerrainManager_Init               terrain_manager
     000049EC  _TerrainManager_UpdateTerrain      terrain_manager
     00004A3B  _VDPTileManager_Init               vdptile_manager
     00004A46  _VDPTileManager_LoadSpriteTiles    vdptile_manager
     00004AA8  _VDPTileManager_ReserveSpriteTil   vdptile_manager
     00004ACC  _VDPTileManager_LoadBackgroundTi   vdptile_manager
     00004B17  _SetBackgroundPalette              set_palette_commands
     00004B77  _SetSpritePalette                  set_palette_commands
     00004BD3  _SMS_VRAMmemset_f                  SMSlib_VRAMmemset
     00004BEF  _SMS_VRAMmemsetW                   SMSlib_VRAMmemset
     00004C02  _SMS_init                          SMSlib
     00004C2E  _VDPReg_init                       SMSlib
     00004C39  _SMS_VDPturnOnFeature              SMSlib
     00004C4E  _SMS_VDPturnOffFeature             SMSlib
     00004C66  _SMS_setBGScrollX                  SMSlib
     00004C70  _SMS_setBGScrollY                  SMSlib
     00004C7A  _SMS_setBackdropColor              SMSlib
     00004C84  _SMS_useFirstHalfTilesforSprites   SMSlib
     00004C9A  _SMS_setSpriteMode                 SMSlib
ASxxxx Linker V03.00/V05.40 + sdld,  page 7.
Hexadecimal  [32-Bits]

Area                                    Addr        Size        Decimal Bytes (Attributes)
--------------------------------        ----        ----        ------- ----- ------------
_CODE                               00000200    000050B8 =       20664. bytes (REL,CON)

      Value  Global                              Global Defined In Module
      -----  --------------------------------   ------------------------
     00004CE7  _SMS_setBGPaletteColor             SMSlib
     00004CF4  _SMS_setSpritePaletteColor         SMSlib
     00004D01  _SMS_loadBGPalette                 SMSlib
     00004D15  _SMS_loadSpritePalette             SMSlib
     00004D29  _SMS_setColor                      SMSlib
     00004D2D  _SMS_waitForVBlank                 SMSlib
     00004D3A  _SMS_getKeysStatus                 SMSlib
     00004D3F  _SMS_getKeysPressed                SMSlib
     00004D54  _SMS_getKeysHeld                   SMSlib
     00004D67  _SMS_getKeysReleased               SMSlib
     00004D80  _SMS_queryPauseRequested           SMSlib
     00004D84  _SMS_resetPauseRequest             SMSlib
     00004D8A  _SMS_setFrameInterruptHandler      SMSlib
     00004D8E  _SMS_setLineInterruptHandler       SMSlib
     00004D92  _SMS_setLineCounter                SMSlib
     00004D9C  _SMS_getVCount                     SMSlib
     00004D9F  _SMS_getHCount                     SMSlib
     00004DA2  _SMS_isr                           SMSlib
     00004DEA  _SMS_nmi_isr                       SMSlib
     00004DF3  _SMS_initSprites                   SMSlib_sprite
     00004DF9  _SMS_addSprite_f                   SMSlib_sprite
     00004E24  _SMS_copySpritestoSAT              SMSlib_sprite
     00004E58  __mulint                           
     00004E5A  __mul16                            
     00004E6F  ___sdcc_call_hl                    
     00004E70  _SMS_debugPrintf                   SMSlib_debug
     00004E80  _UNSAFE_SMS_copySpritestoSAT       SMSlib_UNSAFE
     00004EC7  _UNSAFE_SMS_VRAMmemcpy32           SMSlib_UNSAFE
     00004ED0  _UNSAFE_SMS_VRAMmemcpy64           SMSlib_UNSAFE
     00004ED9  _UNSAFE_SMS_VRAMmemcpy128          SMSlib_UNSAFE
     00004EE2  _SMS_VRAMmemcpy                    SMSlib_VRAMmemcpy
     00004EF9  ___sdcc_call_iy                    
     00004EFB  _SMS_autoSetUpTextRenderer         SMSlib_autotext
     00004F2A  _devkitSMS_font__tiles__1bpp       SMSlib_autotext
     0000522A  _SMS_loadTileMapColumnatAddr       SMSlib_loadTileMapColumn
     0000524A  _SMS_load1bppTiles                 SMSlib_load1bppTiles
     000052AC  _SMS_configureTextRenderer         SMSlib_textrenderer
     000052B0  _putchar                           SMSlib_textrenderer

ASxxxx Linker V03.00/V05.40 + sdld,  page 8.
Hexadecimal  [32-Bits]

Area                                    Addr        Size        Decimal Bytes (Attributes)
--------------------------------        ----        ----        ------- ----- ------------
_HEADER0                            00000000    00000008 =           8. bytes (ABS,CON)

      Value  Global                              Global Defined In Module
      -----  --------------------------------   ------------------------
ASxxxx Linker V03.00/V05.40 + sdld,  page 9.
Hexadecimal  [32-Bits]

Area                                    Addr        Size        Decimal Bytes (Attributes)
--------------------------------        ----        ----        ------- ----- ------------
_HEADER1                            00000000    00000009 =           9. bytes (ABS,CON)

      Value  Global                              Global Defined In Module
      -----  --------------------------------   ------------------------
     00000008  _SMS_crt0_RST08                    crt0

ASxxxx Linker V03.00/V05.40 + sdld,  page 10.
Hexadecimal  [32-Bits]

Area                                    Addr        Size        Decimal Bytes (Attributes)
--------------------------------        ----        ----        ------- ----- ------------
_HEADER2                            00000000    0000001F =          31. bytes (ABS,CON)

      Value  Global                              Global Defined In Module
      -----  --------------------------------   ------------------------
     00000018  _SMS_crt0_RST18                    crt0
     0000002F  get_bank                           crt0
     00000033  set_bank                           crt0
ASxxxx Linker V03.00/V05.40 + sdld,  page 11.
Hexadecimal  [32-Bits]

Area                                    Addr        Size        Decimal Bytes (Attributes)
--------------------------------        ----        ----        ------- ----- ------------
_HEADER3                            00000000    0000002B =          43. bytes (ABS,CON)

      Value  Global                              Global Defined In Module
      -----  --------------------------------   ------------------------
ASxxxx Linker V03.00/V05.40 + sdld,  page 12.
Hexadecimal  [32-Bits]

Area                                    Addr        Size        Decimal Bytes (Attributes)
--------------------------------        ----        ----        ------- ----- ------------
_HEADER4                            00000000    00000104 =         260. bytes (ABS,CON)

      Value  Global                              Global Defined In Module
      -----  --------------------------------   ------------------------
     00000069  _OUTI128                           crt0
     000000E9  _OUTI64                            crt0
     00000129  _OUTI32                            crt0
     00000169  _outi_block                        crt0

ASxxxx Linker V03.00/V05.40 + sdld,  page 13.
Hexadecimal  [32-Bits]

Area                                    Addr        Size        Decimal Bytes (Attributes)
--------------------------------        ----        ----        ------- ----- ------------
_INITIALIZER                        000052B8    0000002A =          42. bytes (REL,CON)

      Value  Global                              Global Defined In Module
      -----  --------------------------------   ------------------------
ASxxxx Linker V03.00/V05.40 + sdld,  page 14.
Hexadecimal  [32-Bits]

Area                                    Addr        Size        Decimal Bytes (Attributes)
--------------------------------        ----        ----        ------- ----- ------------
_GSINIT                             000052E2    0000000F =          15. bytes (REL,CON)

      Value  Global                              Global Defined In Module
      -----  --------------------------------   ------------------------
     000052E2  gsinit                             crt0

ASxxxx Linker V03.00/V05.40 + sdld,  page 15.
Hexadecimal  [32-Bits]

Area                                    Addr        Size        Decimal Bytes (Attributes)
--------------------------------        ----        ----        ------- ----- ------------
_GSFINAL                            000052F1    00000001 =           1. bytes (REL,CON)

      Value  Global                              Global Defined In Module
      -----  --------------------------------   ------------------------
ASxxxx Linker V03.00/V05.40 + sdld,  page 16.
Hexadecimal  [32-Bits]

Area                                    Addr        Size        Decimal Bytes (Attributes)
--------------------------------        ----        ----        ------- ----- ------------
_DATA                               0000C000    00001642 =        5698. bytes (REL,CON)

      Value  Global                              Global Defined In Module
      -----  --------------------------------   ------------------------
     0000C000  _PSGMusicStatus                    PSGlib
     0000C001  _PSGMusicStart                     PSGlib
     0000C003  _PSGMusicPointer                   PSGlib
     0000C005  _PSGMusicLoopPoint                 PSGlib
     0000C007  _PSGMusicSkipFrames                PSGlib
     0000C008  _PSGLoopFlag                       PSGlib
     0000C009  _PSGLoopCounter                    PSGlib
     0000C00A  _PSGMusicLastLatch                 PSGlib
     0000C00B  _PSGMusicVolumeAttenuation         PSGlib
     0000C00C  _PSGMusicSubstringLen              PSGlib
     0000C00D  _PSGMusicSubstringRetAddr          PSGlib
     0000C00F  _PSGChan0Volume                    PSGlib
     0000C010  _PSGChan1Volume                    PSGlib
     0000C011  _PSGChan2Volume                    PSGlib
     0000C012  _PSGChan3Volume                    PSGlib
     0000C013  _PSGChan2LowTone                   PSGlib
     0000C014  _PSGChan2HighTone                  PSGlib
     0000C015  _PSGChan3LowTone                   PSGlib
     0000C016  _PSGChannel2SFX                    PSGlib
     0000C017  _PSGChannel3SFX                    PSGlib
     0000C018  _PSGSFXChan2Volume                 PSGlib
     0000C019  _PSGSFXChan3Volume                 PSGlib
     0000C01A  _PSGSFXStatus                      PSGlib
     0000C01B  _PSGSFXStart                       PSGlib
     0000C01D  _PSGSFXPointer                     PSGlib
     0000C01F  _PSGSFXLoopPoint                   PSGlib
     0000C021  _PSGSFXSkipFrames                  PSGlib
     0000C022  _PSGSFXLoopFlag                    PSGlib
     0000C023  _PSGSFXSubstringLen                PSGlib
     0000C024  _PSGSFXSubstringRetAddr            PSGlib
     0000C026  _playerX                           player
     0000C028  _playerY                           player
     0000C02A  _playerSpeedX                      player
     0000C02C  _playerSpeedY                      player
     0000C02E  _playerState                       player
     0000C02F  _jumpPressCounter                  player
     0000C031  _jumpWhenLanding                   player
     0000C032  _canStillJumpFrames                player
     0000C033  _isPlayerShooting                  player
     0000C034  _player_SubUpdate                  player
     0000C036  _buttonState                       player
     0000C038  _buttonsPressed                    player
     0000C03A  _buttonsReleased                   player
     0000C03C  _columnToUpdate                    right_scroller
     0000C03E  _terrainColumnToUpdate             right_scroller
     0000C03F  _CommandManager_commandRunnerObj   command_manager
     0000C065  _CommandManager_currentCommand     command_manager
     0000C067  _CommandRunner_counter             command_manager
     0000C069  _DrawUtils_spriteCounter           draw_utils
     0000C06A  _DrawUtils_currentSpriteStrips     draw_utils
ASxxxx Linker V03.00/V05.40 + sdld,  page 17.
Hexadecimal  [32-Bits]

Area                                    Addr        Size        Decimal Bytes (Attributes)
--------------------------------        ----        ----        ------- ----- ------------
_DATA                               0000C000    00001642 =        5698. bytes (REL,CON)

      Value  Global                              Global Defined In Module
      -----  --------------------------------   ------------------------
     0000C06C  _DrawUtils_vdpTileIndex            draw_utils
     0000C06D  _DrawUtils_screenX                 draw_utils
     0000C06F  _DrawUtils_screenY                 draw_utils
     0000C071  _DrawUtils_spritesDrawn            draw_utils
     0000C072  _x                                 draw_utils
     0000C073  _y                                 draw_utils
     0000C074  _buffer                            draw_utils
     0000C076  _bufferWidth                       draw_utils
     0000C077  _bufferHeight                      draw_utils
     0000C078  _vdpOffset                         draw_utils
     0000C07A  _MapManager_numTilesets            map_manager
     0000C07B  _MapManager_metatileLuts           map_manager
     0000C08B  _MapManager_metatileLutsData       map_manager
     0000D08B  _MapManager_metatileLutsDataSize   map_manager
     0000D08D  _MapManager_tilesets               map_manager
     0000D0ED  _MapManager_tilesetVdpLocations    map_manager
     0000D0FD  _MapManager_tilesetFunctions       map_manager
     0000D10D  _MapManager_tilesetGameObjectTem   map_manager
     0000D11D  _MapManager_mapWidth               map_manager
     0000D11F  _MapManager_mapHeight              map_manager
     0000D121  _MapManager_mapData                map_manager
     0000D123  _MapManager_mapResourceInfo        map_manager
     0000D125  _ObjectManager_player              object_manager
     0000D14B  _ObjectManager_projectileSlots     object_manager
     0000D1BD  _ObjectManager_enemySlots          object_manager
     0000D2ED  _ObjectManager_effectSlots         object_manager
     0000D41D  _ObjectManager_numEffects          object_manager
     0000D41E  _ObjectManager_activeProjectiles   object_manager
     0000D424  _ObjectManager_activeProjectiles   object_manager
     0000D425  _ObjectManager_currentEnemyIndex   object_manager
     0000D426  _ObjectManager_vdpDrawGameObject   object_manager
     0000D436  _ObjectManager_vdpDrawFunctions    object_manager
     0000D446  _ObjectManager_numVdpDrawItems     object_manager
     0000D447  _ResourceManager_loadFunctions     resource_manager
     0000D457  _ResourceManager_setupFunctions    resource_manager
     0000D467  _ScrollManager_horizontalScrollL   scroll_manager
     0000D469  _ScrollManager_columnBuffer        scroll_manager
     0000D499  _ScrollUtils_mapColumnToBuild      scroll_utils
     0000D49B  _TerrainManager_terrain            terrain_manager
     0000D55B  _VDPTileManager_spriteTileLocati   vdptile_manager
     0000D55D  _VDPTileManager_backgroundTileLo   vdptile_manager
     0000D55F  _bulletVdpLocation                 bullet
     0000D560  _colorTweakerVdpLocation           colorTweaker
     0000D561  _explosionVdpLocation              explosion
     0000D562  _gun_girlVdpLocation               gun_girl
     0000D563  _impactVdpLocation                 impact
     0000D564  _kunaiVdpLocation                  kunai
     0000D565  _robotrunnerVdpLocation            robotrunner
     0000D566  _robotspringVdpLocation            robotspring
     0000D567  _rock_particleVdpLocation          rock_particle
     0000D568  _test_blockVdpLocation             test_block
ASxxxx Linker V03.00/V05.40 + sdld,  page 18.
Hexadecimal  [32-Bits]

Area                                    Addr        Size        Decimal Bytes (Attributes)
--------------------------------        ----        ----        ------- ----- ------------
_DATA                               0000C000    00001642 =        5698. bytes (REL,CON)

      Value  Global                              Global Defined In Module
      -----  --------------------------------   ------------------------
     0000D569  _walkerVdpLocation                 walker
     0000D56A  _walker_bigVdpLocation             walker_big
     0000D56B  _walker_smallVdpLocation           walker_small
     0000D56C  _waterfallVdpLocation              waterfall
     0000D56D  _background3_tilesetVdpLocation    background3_tileset
     0000D56F  _breakable_rock_tilesetVdpLocati   breakable_rock_tileset
     0000D571  _waterfall_tilesetVdpLocation      waterfall_tileset
     0000D573  _VDPBlank                          SMSlib
     0000D574  _SMS_VDPFlags                      SMSlib
     0000D575  _PauseRequested                    SMSlib
     0000D576  _SMS_Port3EBIOSvalue               SMSlib
     0000D577  _SMS_theFrameInterruptHandler      SMSlib
     0000D579  _KeysStatus                        SMSlib
     0000D57B  _PreviousKeysStatus                SMSlib
     0000D57D  _SMS_theLineInterruptHandler       SMSlib
     0000D57F  _SpriteTableY                      SMSlib_sprite
     0000D5BF  _SpriteTableXN                     SMSlib_sprite
     0000D63F  _SpriteNextFree                    SMSlib_sprite
     0000D640  _SMS_TextRenderer_offset           SMSlib_textrenderer
ASxxxx Linker V03.00/V05.40 + sdld,  page 19.
Hexadecimal  [32-Bits]

Area                                    Addr        Size        Decimal Bytes (Attributes)
--------------------------------        ----        ----        ------- ----- ------------
_INITIALIZED                        0000D642    0000002A =          42. bytes (REL,CON)

      Value  Global                              Global Defined In Module
      -----  --------------------------------   ------------------------
     0000D642  _updateAnimationStream             player
     0000D643  _oldBottomTileTypeLeft             player
     0000D645  _oldBottomTileTypeRight            player
     0000D647  _oldBlockY                         player
     0000D649  _drawSprite                        draw_utils
     0000D653  _ObjectManager_objectId            object_manager
     0000D654  _projectileFlicker                 object_manager
     0000D655  _ResourceManager_onResourceLoade   resource_manager
     0000D657  _ScrollManager_Update              scroll_manager
     0000D659  _ScrollManager_UpdateVDP           scroll_manager
     0000D65B  _ScrollManager_horizontalScroll    scroll_manager
     0000D65D  _ScrollManager_vdpHorizontalScro   scroll_manager
     0000D65E  _ScrollManager_verticalScroll      scroll_manager
     0000D660  _ScrollManager_updateMapVDP        scroll_manager
     0000D661  _background3_tilesetResourceInfo   background3
     0000D663  _background3_test_tilesetResourc   background3_test
     0000D665  _waterfall_tilesetResourceInfos    waterfall
     0000D667  _VDPReg                            SMSlib
     0000D669  _spritesHeight                     SMSlib
     0000D66A  _spritesWidth                      SMSlib
     0000D66B  _spritesTileOffset                 SMSlib
ASxxxx Linker V03.00/V05.40 + sdld,  page 20.
Hexadecimal  [32-Bits]

Area                                    Addr        Size        Decimal Bytes (Attributes)
--------------------------------        ----        ----        ------- ----- ------------
_CABS0                              00000000    00000010 =          16. bytes (ABS,CON)

      Value  Global                              Global Defined In Module
      -----  --------------------------------   ------------------------
     00007FF0  ___SMS__SEGA_signature             main

ASxxxx Linker V03.00/V05.40 + sdld,  page 21.
Hexadecimal  [32-Bits]

Area                                    Addr        Size        Decimal Bytes (Attributes)
--------------------------------        ----        ----        ------- ----- ------------
_CABS1                              00000000    00000003 =           3. bytes (ABS,CON)

      Value  Global                              Global Defined In Module
      -----  --------------------------------   ------------------------
     00007FDD  ___SMS__SDSC_author                main

ASxxxx Linker V03.00/V05.40 + sdld,  page 22.
Hexadecimal  [32-Bits]

Area                                    Addr        Size        Decimal Bytes (Attributes)
--------------------------------        ----        ----        ------- ----- ------------
_CABS2                              00000000    00000010 =          16. bytes (ABS,CON)

      Value  Global                              Global Defined In Module
      -----  --------------------------------   ------------------------
     00007FCD  ___SMS__SDSC_name                  main

ASxxxx Linker V03.00/V05.40 + sdld,  page 23.
Hexadecimal  [32-Bits]

Area                                    Addr        Size        Decimal Bytes (Attributes)
--------------------------------        ----        ----        ------- ----- ------------
_CABS3                              00000000    0000002B =          43. bytes (ABS,CON)

      Value  Global                              Global Defined In Module
      -----  --------------------------------   ------------------------
     00007FA2  ___SMS__SDSC_descr                 main

ASxxxx Linker V03.00/V05.40 + sdld,  page 24.
Hexadecimal  [32-Bits]

Area                                    Addr        Size        Decimal Bytes (Attributes)
--------------------------------        ----        ----        ------- ----- ------------
_CABS4                              00000000    00000010 =          16. bytes (ABS,CON)

      Value  Global                              Global Defined In Module
      -----  --------------------------------   ------------------------
     00007FE0  ___SMS__SDSC_signature             main

ASxxxx Linker V03.00/V05.40 + sdld,  page 25.
Hexadecimal  [32-Bits]

Area                                    Addr        Size        Decimal Bytes (Attributes)
--------------------------------        ----        ----        ------- ----- ------------
_BANK2                              00008000    00003353 =       13139. bytes (REL,CON)

      Value  Global                              Global Defined In Module
      -----  --------------------------------   ------------------------
     00008000  _bulletTileData                    bullet
     00008040  _bulletFrame0SpriteStrips          bullet
     00008048  _bulletFrame0                      bullet
     0000804D  _bulletFrames                      bullet
     0000804F  _bullet                            bullet
     0000805B  _colorTweakerTileData              colorTweaker
     000084DB  _colorTweakerFrame0SpriteStrips    colorTweaker
     000084EB  _colorTweakerFrame1SpriteStrips    colorTweaker
     000084FB  _colorTweakerFrame2SpriteStrips    colorTweaker
     0000850B  _colorTweakerFrame3SpriteStrips    colorTweaker
     0000851B  _colorTweakerFrame4SpriteStrips    colorTweaker
     0000852B  _colorTweakerFrame5SpriteStrips    colorTweaker
     0000853B  _colorTweakerFrame6SpriteStrips    colorTweaker
     0000854B  _colorTweakerFrame7SpriteStrips    colorTweaker
     0000855B  _colorTweakerFrame8SpriteStrips    colorTweaker
     0000856B  _colorTweakerFrame9SpriteStrips    colorTweaker
     0000857B  _colorTweakerFrame10SpriteStrips   colorTweaker
     0000858B  _colorTweakerFrame11SpriteStrips   colorTweaker
     0000859B  _colorTweakerFrame12SpriteStrips   colorTweaker
     000085AB  _colorTweakerFrame13SpriteStrips   colorTweaker
     000085BB  _colorTweakerFrame14SpriteStrips   colorTweaker
     000085CB  _colorTweakerFrame15SpriteStrips   colorTweaker
     000085DB  _colorTweakerFrame0                colorTweaker
     000085E0  _colorTweakerFrame1                colorTweaker
     000085E5  _colorTweakerFrame2                colorTweaker
     000085EA  _colorTweakerFrame3                colorTweaker
     000085EF  _colorTweakerFrame4                colorTweaker
     000085F4  _colorTweakerFrame5                colorTweaker
     000085F9  _colorTweakerFrame6                colorTweaker
     000085FE  _colorTweakerFrame7                colorTweaker
     00008603  _colorTweakerFrame8                colorTweaker
     00008608  _colorTweakerFrame9                colorTweaker
     0000860D  _colorTweakerFrame10               colorTweaker
     00008612  _colorTweakerFrame11               colorTweaker
     00008617  _colorTweakerFrame12               colorTweaker
     0000861C  _colorTweakerFrame13               colorTweaker
     00008621  _colorTweakerFrame14               colorTweaker
     00008626  _colorTweakerFrame15               colorTweaker
     0000862B  _colorTweakerFrames                colorTweaker
     0000864B  _colorTweaker                      colorTweaker
     00008657  _explosionTileData                 explosion
     00008AD7  _explosionFrame0SpriteStrips       explosion
     00008ADF  _explosionFrame1SpriteStrips       explosion
     00008AEB  _explosionFrame2SpriteStrips       explosion
     00008AF7  _explosionFrame0                   explosion
     00008AFC  _explosionFrame1                   explosion
     00008B01  _explosionFrame2                   explosion
     00008B06  _explosionFrames                   explosion
     00008B0C  _explosion                         explosion
     00008B18  _gun_girlTileData                  gun_girl
ASxxxx Linker V03.00/V05.40 + sdld,  page 26.
Hexadecimal  [32-Bits]

Area                                    Addr        Size        Decimal Bytes (Attributes)
--------------------------------        ----        ----        ------- ----- ------------
_BANK2                              00008000    00003353 =       13139. bytes (REL,CON)

      Value  Global                              Global Defined In Module
      -----  --------------------------------   ------------------------
     00009718  _gun_girlFrame0SpriteStrips        gun_girl
     00009724  _gun_girlFrame1SpriteStrips        gun_girl
     00009730  _gun_girlFrame2SpriteStrips        gun_girl
     0000973C  _gun_girlFrame3SpriteStrips        gun_girl
     00009748  _gun_girlFrame4SpriteStrips        gun_girl
     00009754  _gun_girlFrame5SpriteStrips        gun_girl
     00009760  _gun_girlFrame6SpriteStrips        gun_girl
     0000976C  _gun_girlFrame7SpriteStrips        gun_girl
     00009778  _gun_girlFrame8SpriteStrips        gun_girl
     00009784  _gun_girlFrame9SpriteStrips        gun_girl
     00009790  _gun_girlFrame10SpriteStrips       gun_girl
     0000979C  _gun_girlFrame11SpriteStrips       gun_girl
     000097A8  _gun_girlFrame12SpriteStrips       gun_girl
     000097B4  _gun_girlFrame13SpriteStrips       gun_girl
     000097C0  _gun_girlFrame14SpriteStrips       gun_girl
     000097CC  _gun_girlFrame15SpriteStrips       gun_girl
     000097D8  _gun_girlFrame16SpriteStrips       gun_girl
     000097E4  _gun_girlFrame17SpriteStrips       gun_girl
     000097F0  _gun_girlFrame18SpriteStrips       gun_girl
     000097FC  _gun_girlFrame19SpriteStrips       gun_girl
     00009808  _gun_girlFrame20SpriteStrips       gun_girl
     00009814  _gun_girlFrame21SpriteStrips       gun_girl
     00009820  _gun_girlFrame22SpriteStrips       gun_girl
     0000982C  _gun_girlFrame23SpriteStrips       gun_girl
     00009838  _gun_girlFrame24SpriteStrips       gun_girl
     00009844  _gun_girlFrame25SpriteStrips       gun_girl
     00009850  _gun_girlFrame26SpriteStrips       gun_girl
     0000985C  _gun_girlFrame27SpriteStrips       gun_girl
     00009868  _gun_girlFrame0                    gun_girl
     0000986D  _gun_girlFrame1                    gun_girl
     00009872  _gun_girlFrame2                    gun_girl
     00009877  _gun_girlFrame3                    gun_girl
     0000987C  _gun_girlFrame4                    gun_girl
     00009881  _gun_girlFrame5                    gun_girl
     00009886  _gun_girlFrame6                    gun_girl
     0000988B  _gun_girlFrame7                    gun_girl
     00009890  _gun_girlFrame8                    gun_girl
     00009895  _gun_girlFrame9                    gun_girl
     0000989A  _gun_girlFrame10                   gun_girl
     0000989F  _gun_girlFrame11                   gun_girl
     000098A4  _gun_girlFrame12                   gun_girl
     000098A9  _gun_girlFrame13                   gun_girl
     000098AE  _gun_girlFrame14                   gun_girl
     000098B3  _gun_girlFrame15                   gun_girl
     000098B8  _gun_girlFrame16                   gun_girl
     000098BD  _gun_girlFrame17                   gun_girl
     000098C2  _gun_girlFrame18                   gun_girl
     000098C7  _gun_girlFrame19                   gun_girl
     000098CC  _gun_girlFrame20                   gun_girl
     000098D1  _gun_girlFrame21                   gun_girl
     000098D6  _gun_girlFrame22                   gun_girl
ASxxxx Linker V03.00/V05.40 + sdld,  page 27.
Hexadecimal  [32-Bits]

Area                                    Addr        Size        Decimal Bytes (Attributes)
--------------------------------        ----        ----        ------- ----- ------------
_BANK2                              00008000    00003353 =       13139. bytes (REL,CON)

      Value  Global                              Global Defined In Module
      -----  --------------------------------   ------------------------
     000098DB  _gun_girlFrame23                   gun_girl
     000098E0  _gun_girlFrame24                   gun_girl
     000098E5  _gun_girlFrame25                   gun_girl
     000098EA  _gun_girlFrame26                   gun_girl
     000098EF  _gun_girlFrame27                   gun_girl
     000098F4  _gun_girlFrames                    gun_girl
     0000992C  _gun_girl                          gun_girl
     00009938  _impactTileData                    impact
     00009A78  _impactFrame0SpriteStrips          impact
     00009A80  _impactFrame1SpriteStrips          impact
     00009A88  _impactFrame2SpriteStrips          impact
     00009A90  _impactFrame0                      impact
     00009A95  _impactFrame1                      impact
     00009A9A  _impactFrame2                      impact
     00009A9F  _impactFrames                      impact
     00009AA5  _impact                            impact
     00009AB1  _kunaiTileData                     kunai
     00009D31  _kunaiFrame0SpriteStrips           kunai
     00009D39  _kunaiFrame1SpriteStrips           kunai
     00009D41  _kunaiFrame2SpriteStrips           kunai
     00009D49  _kunaiFrame3SpriteStrips           kunai
     00009D51  _kunaiFrame4SpriteStrips           kunai
     00009D59  _kunaiFrame5SpriteStrips           kunai
     00009D61  _kunaiFrame6SpriteStrips           kunai
     00009D69  _kunaiFrame7SpriteStrips           kunai
     00009D71  _kunaiFrame0                       kunai
     00009D76  _kunaiFrame1                       kunai
     00009D7B  _kunaiFrame2                       kunai
     00009D80  _kunaiFrame3                       kunai
     00009D85  _kunaiFrame4                       kunai
     00009D8A  _kunaiFrame5                       kunai
     00009D8F  _kunaiFrame6                       kunai
     00009D94  _kunaiFrame7                       kunai
     00009D99  _kunaiFrames                       kunai
     00009DA9  _kunai                             kunai
     00009DB5  _robotrunnerTileData               robotrunner
     0000A1B5  _robotrunnerFrame0SpriteStrips     robotrunner
     0000A1C1  _robotrunnerFrame1SpriteStrips     robotrunner
     0000A1CD  _robotrunnerFrame2SpriteStrips     robotrunner
     0000A1D9  _robotrunnerFrame3SpriteStrips     robotrunner
     0000A1E5  _robotrunnerFrame0                 robotrunner
     0000A1EA  _robotrunnerFrame1                 robotrunner
     0000A1EF  _robotrunnerFrame2                 robotrunner
     0000A1F4  _robotrunnerFrame3                 robotrunner
     0000A1F9  _robotrunnerFrames                 robotrunner
     0000A201  _robotrunner                       robotrunner
     0000A20D  _robotspringTileData               robotspring
     0000A40D  _robotspringFrame0SpriteStrips     robotspring
     0000A419  _robotspringFrame1SpriteStrips     robotspring
     0000A425  _robotspringFrame2SpriteStrips     robotspring
     0000A431  _robotspringFrame0                 robotspring
ASxxxx Linker V03.00/V05.40 + sdld,  page 28.
Hexadecimal  [32-Bits]

Area                                    Addr        Size        Decimal Bytes (Attributes)
--------------------------------        ----        ----        ------- ----- ------------
_BANK2                              00008000    00003353 =       13139. bytes (REL,CON)

      Value  Global                              Global Defined In Module
      -----  --------------------------------   ------------------------
     0000A436  _robotspringFrame1                 robotspring
     0000A43B  _robotspringFrame2                 robotspring
     0000A440  _robotspringFrames                 robotspring
     0000A446  _robotspring                       robotspring
     0000A452  _rock_particleTileData             rock_particle
     0000A552  _rock_particleFrame0SpriteStrips   rock_particle
     0000A55A  _rock_particleFrame1SpriteStrips   rock_particle
     0000A562  _rock_particleFrame2SpriteStrips   rock_particle
     0000A56A  _rock_particleFrame3SpriteStrips   rock_particle
     0000A572  _rock_particleFrame0               rock_particle
     0000A577  _rock_particleFrame1               rock_particle
     0000A57C  _rock_particleFrame2               rock_particle
     0000A581  _rock_particleFrame3               rock_particle
     0000A586  _rock_particleFrames               rock_particle
     0000A58E  _rock_particle                     rock_particle
     0000A59A  _test_blockTileData                test_block
     0000A69A  _test_blockFrame0SpriteStrips      test_block
     0000A6A6  _test_blockFrame0                  test_block
     0000A6AB  _test_blockFrames                  test_block
     0000A6AD  _test_block                        test_block
     0000A6B9  _walkerTileData                    walker
     0000A7B9  _walkerFrame0SpriteStrips          walker
     0000A7C1  _walkerFrame1SpriteStrips          walker
     0000A7C9  _walkerFrame0                      walker
     0000A7CE  _walkerFrame1                      walker
     0000A7D3  _walkerFrames                      walker
     0000A7D7  _walker                            walker
     0000A7E3  _walker_bigTileData                walker_big
     0000AFE3  _walker_bigFrame0SpriteStrips      walker_big
     0000AFEF  _walker_bigFrame1SpriteStrips      walker_big
     0000AFFB  _walker_bigFrame2SpriteStrips      walker_big
     0000B007  _walker_bigFrame3SpriteStrips      walker_big
     0000B013  _walker_bigFrame4SpriteStrips      walker_big
     0000B01F  _walker_bigFrame5SpriteStrips      walker_big
     0000B02B  _walker_bigFrame6SpriteStrips      walker_big
     0000B037  _walker_bigFrame7SpriteStrips      walker_big
     0000B043  _walker_bigFrame0                  walker_big
     0000B048  _walker_bigFrame1                  walker_big
     0000B04D  _walker_bigFrame2                  walker_big
     0000B052  _walker_bigFrame3                  walker_big
     0000B057  _walker_bigFrame4                  walker_big
     0000B05C  _walker_bigFrame5                  walker_big
     0000B061  _walker_bigFrame6                  walker_big
     0000B066  _walker_bigFrame7                  walker_big
     0000B06B  _walker_bigFrames                  walker_big
     0000B07B  _walker_big                        walker_big
     0000B087  _walker_smallTileData              walker_small
     0000B107  _walker_smallFrame0SpriteStrips    walker_small
     0000B10F  _walker_smallFrame1SpriteStrips    walker_small
     0000B117  _walker_smallFrame0                walker_small
     0000B11C  _walker_smallFrame1                walker_small
ASxxxx Linker V03.00/V05.40 + sdld,  page 29.
Hexadecimal  [32-Bits]

Area                                    Addr        Size        Decimal Bytes (Attributes)
--------------------------------        ----        ----        ------- ----- ------------
_BANK2                              00008000    00003353 =       13139. bytes (REL,CON)

      Value  Global                              Global Defined In Module
      -----  --------------------------------   ------------------------
     0000B121  _walker_smallFrames                walker_small
     0000B125  _walker_small                      walker_small
     0000B131  _waterfallTileData                 waterfall
     0000B331  _waterfallFrame0                   waterfall
     0000B335  _waterfallFrame1                   waterfall
     0000B339  _waterfallFrame2                   waterfall
     0000B33D  _waterfallFrame3                   waterfall
     0000B341  _waterfallFrames                   waterfall
     0000B349  _waterfall                         waterfall

ASxxxx Linker V03.00/V05.40 + sdld,  page 30.
Hexadecimal  [32-Bits]

Area                                    Addr        Size        Decimal Bytes (Attributes)
--------------------------------        ----        ----        ------- ----- ------------
_BANK3                              00008000    000021CC =        8652. bytes (REL,CON)

      Value  Global                              Global Defined In Module
      -----  --------------------------------   ------------------------
     00008000  _background3_tileset_metatiles     background3_tileset
     00008410  _background3_tileset_tiles         background3_tileset
     0000A090  _background3_tileset               background3_tileset
     0000A09C  _breakable_rock_tileset_metatile   breakable_rock_tileset
     0000A0A4  _breakable_rock_tileset_tiles      breakable_rock_tileset
     0000A124  _breakable_rock_tileset            breakable_rock_tileset
     0000A130  _waterfall_tileset_metatiles       waterfall_tileset
     0000A140  _waterfall_tileset_tiles           waterfall_tileset
     0000A1C0  _waterfall_tileset                 waterfall_tileset
ASxxxx Linker V03.00/V05.40 + sdld,  page 31.
Hexadecimal  [32-Bits]

Area                                    Addr        Size        Decimal Bytes (Attributes)
--------------------------------        ----        ----        ------- ----- ------------
_BANK4                              00008000    000008E2 =        2274. bytes (REL,CON)

      Value  Global                              Global Defined In Module
      -----  --------------------------------   ------------------------
     00008000  _background3_metatile_map          background3
     00008460  _background3_map                   background3
     0000846A  _background3_test_metatile_map     background3_test
     000088CA  _background3_test_map              background3_test
     000088D4  _waterfall_metatile_map            waterfall
     000088D8  _waterfall_map                     waterfall
ASxxxx Linker V03.00/V05.40 + sdld,  page 32.

Files Linked                              [ module(s) ]

..\..\..\devkitSMS-master\/crt0/crt0_sms.rel
                                          [ crt0 ]
..\..\..\devkitSMS-master\/PSGlib//PSGlib.rel
                                          [ PSGlib ]
out\source\client\generated\gameobjecttemplates\bullet_template.rel
                                          [ bullet_template ]
out\source\client\generated\gameobjecttemplates\colortweaker_template.rel
                                          [ colortweaker_template ]
out\source\client\generated\gameobjecttemplates\commandrunner_rightscroll_template.rel
                                          [ commandrunner_rightscroll_templa ]
out\source\client\generated\gameobjecttemplates\explosion_template.rel
                                          [ explosion_template ]
out\source\client\generated\gameobjecttemplates\gun_girl_template.rel
                                          [ gun_girl_template ]
out\source\client\generated\gameobjecttemplates\impact_template.rel
                                          [ impact_template ]
out\source\client\generated\gameobjecttemplates\kunai_template.rel
                                          [ kunai_template ]
out\source\client\generated\gameobjecttemplates\robotrunner_template.rel
                                          [ robotrunner_template ]
out\source\client\generated\gameobjecttemplates\robotspring_template.rel
                                          [ robotspring_template ]
out\source\client\generated\gameobjecttemplates\rock_particle_template.rel
                                          [ rock_particle_template ]
out\source\client\generated\gameobjecttemplates\test_block_template.rel
                                          [ test_block_template ]
out\source\client\generated\gameobjecttemplates\walker_big_template.rel
                                          [ walker_big_template ]
out\source\client\generated\gameobjecttemplates\walker_small_template.rel
                                          [ walker_small_template ]
out\source\client\generated\gameobjecttemplates\walker_template.rel
                                          [ walker_template ]
out\source\client\exported\scenes\scene003.rel
                                          [ scene003 ]
out\source\client\exported\palettes\globalPalette.rel
                                          [ globalPalette ]
out\source\client\main.rel                [ main ]
out\source\client\tileset_functions.rel   [ tileset_functions ]
out\source\client\exported\sceneMasterTemp.rel
                                          [ sceneMasterTemp ]
out\source\client\generated\bank2.rel     [ bank2 ]
out\source\client\generated\resource_infos.rel
                                          [ resource_infos ]
out\source\client\objects\basic_effect.rel
                                          [ basic_effect ]
out\source\client\objects\bird.rel        [ bird ]
out\source\client\objects\bullet.rel      [ bullet ]
out\source\client\objects\color_tweaker.rel
                                          [ color_tweaker ]
out\source\client\objects\commandrunner_rightscroll.rel
                                          [ commandrunner_rightscroll ]
out\source\client\objects\enemy.rel       [ enemy ]
out\source\client\objects\kunai.rel       [ kunai ]
out\source\client\objects\on_resource_loaded_callback.rel
                                          [ on_resource_loaded_callback ]
out\source\client\objects\particle_effect.rel
                                          [ particle_effect ]
out\source\client\objects\player.rel      [ player ]
out\source\client\objects\right_scroller.rel
                                          [ right_scroller ]
out\source\client\objects\tile_animator.rel
                                          [ tile_animator ]
out\source\engine\animation_utils.rel     [ animation_utils ]
out\source\engine\commandrunner_runall.rel
                                          [ commandrunner_runall ]
out\source\engine\command_manager.rel     [ command_manager ]
out\source\engine\command_types.rel       [ command_types ]
out\source\engine\draw_utils.rel          [ draw_utils ]
out\source\engine\map_load.rel            [ map_load ]
out\source\engine\map_manager.rel         [ map_manager ]
out\source\engine\map_types.rel           [ map_types ]
out\source\engine\object_manager.rel      [ object_manager ]
out\source\engine\object_utils.rel        [ object_utils ]
out\source\engine\resource_manager.rel    [ resource_manager ]
out\source\engine\scene_manager.rel       [ scene_manager ]
out\source\engine\scroll_manager.rel      [ scroll_manager ]
out\source\engine\scroll_utils.rel        [ scroll_utils ]
out\source\engine\terrain_manager.rel     [ terrain_manager ]
out\source\engine\vdptile_manager.rel     [ vdptile_manager ]
out\source\engine\commands\set_palette_commands.rel
                                          [ set_palette_commands ]
out\source\client\exported\animations\bullet.rel
                                          [ bullet ]
out\source\client\exported\animations\colorTweaker.rel
                                          [ colorTweaker ]
out\source\client\exported\animations\explosion.rel
                                          [ explosion ]
out\source\client\exported\animations\gun_girl.rel
                                          [ gun_girl ]
out\source\client\exported\animations\impact.rel
                                          [ impact ]
out\source\client\exported\animations\kunai.rel
                                          [ kunai ]
out\source\client\exported\animations\robotrunner.rel
                                          [ robotrunner ]
out\source\client\exported\animations\robotspring.rel
                                          [ robotspring ]
out\source\client\exported\animations\rock_particle.rel
                                          [ rock_particle ]
out\source\client\exported\animations\test_block.rel
                                          [ test_block ]
out\source\client\exported\animations\walker.rel
                                          [ walker ]
out\source\client\exported\animations\walker_big.rel
                                          [ walker_big ]
out\source\client\exported\animations\walker_small.rel
                                          [ walker_small ]
out\source\client\exported\animations\waterfall.rel
                                          [ waterfall ]
out\source\client\generated\tilesets\background3_tileset.rel
                                          [ background3_tileset ]
out\source\client\generated\tilesets\breakable_rock_tileset.rel
                                          [ breakable_rock_tileset ]
out\source\client\generated\tilesets\waterfall_tileset.rel
                                          [ waterfall_tileset ]
out\source\client\exported\maps\background3.rel
                                          [ background3 ]
out\source\client\exported\maps\background3_test.rel
                                          [ background3_test ]
out\source\client\exported\maps\waterfall.rel
                                          [ waterfall ]


Libraries Linked                          [ object file ]

..\..\..\devkitSMS-master\/SMSlib/SMSlib.lib
                                          [ SMSlib_VRAMmemset.rel ]
..\..\..\devkitSMS-master\/SMSlib/SMSlib.lib
                                          [ SMSlib.rel ]
..\..\..\devkitSMS-master\/SMSlib/SMSlib.lib
                                          [ SMSlib_sprite.rel ]
C:\Program Files\SDCC\bin\..\lib\z80/z80.lib
                                          [ mul.rel ]
C:\Program Files\SDCC\bin\..\lib\z80/z80.lib
                                          [ __sdcc_call_hl.rel ]
..\..\..\devkitSMS-master\/SMSlib/SMSlib.lib
                                          [ SMSlib_debug.rel ]
..\..\..\devkitSMS-master\/SMSlib/SMSlib.lib
                                          [ SMSlib_UNSAFE.rel ]
..\..\..\devkitSMS-master\/SMSlib/SMSlib.lib
                                          [ SMSlib_VRAMmemcpy.rel ]
C:\Program Files\SDCC\bin\..\lib\z80/z80.lib
                                          [ __sdcc_call_iy.rel ]
..\..\..\devkitSMS-master\/SMSlib/SMSlib.lib
                                          [ SMSlib_autotext.rel ]
..\..\..\devkitSMS-master\/SMSlib/SMSlib.lib
                                          [ SMSlib_loadTileMapColumn.rel ]
..\..\..\devkitSMS-master\/SMSlib/SMSlib.lib
                                          [ SMSlib_load1bppTiles.rel ]
..\..\..\devkitSMS-master\/SMSlib/SMSlib.lib
                                          [ SMSlib_textrenderer.rel ]

ASxxxx Linker V03.00/V05.40 + sdld,  page 33.

User Base Address Definitions

_CODE = 0x0200
_DATA = 0xc000
_BANK3=0x8000
_BANK2=0x8000
_BANK4=0x8000

